ERROR 1698 (28000): Access denied for user 'root'@'localhost'
shtlp0064@shtlp0064:~$ sudo mysql
[sudo] password for shtlp0064: 
Welcome to the MySQL monitor.  Commands end with ; or \g.
Your MySQL connection id is 16
Server version: 8.0.31-0ubuntu0.22.04.1 (Ubuntu)

Copyright (c) 2000, 2022, Oracle and/or its affiliates.

Oracle is a registered trademark of Oracle Corporation and/or its
affiliates. Other names may be trademarks of their respective
owners.

Type 'help;' or '\h' for help. Type '\c' to clear the current input statement.

mysql> show databases;
+--------------------+
| Database           |
+--------------------+
| information_schema |
| mysql              |
| performance_schema |
| sys                |
+--------------------+
4 rows in set (0.00 sec)

mysql> ALTER USER 'root'@'localhost' IDENTIFIED WITH mysql_native_password BY 'Pa55w0rd';
ERROR 1819 (HY000): Your password does not satisfy the current policy requirements
mysql> ALTER USER 'root'@'localhost' IDENTIFIED WITH mysql_native_password BY 'Passw0rd!';
Query OK, 0 rows affected (0.00 sec)

mysql> exit
Bye
shtlp0064@shtlp0064:~$ mysql -u root -p
Enter password: 
Welcome to the MySQL monitor.  Commands end with ; or \g.
Your MySQL connection id is 17
Server version: 8.0.31-0ubuntu0.22.04.1 (Ubuntu)

Copyright (c) 2000, 2022, Oracle and/or its affiliates.

Oracle is a registered trademark of Oracle Corporation and/or its
affiliates. Other names may be trademarks of their respective
owners.

Type 'help;' or '\h' for help. Type '\c' to clear the current input statement.

mysql> exit
Bye
shtlp0064@shtlp0064:~$ clear

shtlp0064@shtlp0064:~$ mysql -u root -p
Enter password: 
Welcome to the MySQL monitor.  Commands end with ; or \g.
Your MySQL connection id is 18
Server version: 8.0.31-0ubuntu0.22.04.1 (Ubuntu)

Copyright (c) 2000, 2022, Oracle and/or its affiliates.

Oracle is a registered trademark of Oracle Corporation and/or its
affiliates. Other names may be trademarks of their respective
owners.

Type 'help;' or '\h' for help. Type '\c' to clear the current input statement.

mysql> SHOW DATABASES;
+--------------------+
| Database           |
+--------------------+
| information_schema |
| mysql              |
| performance_schema |
| sys                |
+--------------------+
4 rows in set (0.01 sec)

mysql> USE mysql;
Reading table information for completion of table and column names
You can turn off this feature to get a quicker startup with -A

Database changed
mysql> SHOW CREATE DATABASE mysql;
+----------+---------------------------------------------------------------------------------------------------------------------------------+
| Database | Create Database                                                                                                                 |
+----------+---------------------------------------------------------------------------------------------------------------------------------+
| mysql    | CREATE DATABASE `mysql` /*!40100 DEFAULT CHARACTER SET utf8mb4 COLLATE utf8mb4_0900_ai_ci */ /*!80016 DEFAULT ENCRYPTION='N' */ |
+----------+---------------------------------------------------------------------------------------------------------------------------------+
1 row in set (0.01 sec)

mysql> SHOW TABLES;
+------------------------------------------------------+
| Tables_in_mysql                                      |
+------------------------------------------------------+
| columns_priv                                         |
| component                                            |
| db                                                   |
| default_roles                                        |
| engine_cost                                          |
| func                                                 |
| general_log                                          |
| global_grants                                        |
| gtid_executed                                        |
| help_category                                        |
| help_keyword                                         |
| help_relation                                        |
| help_topic                                           |
| innodb_index_stats                                   |
| innodb_table_stats                                   |
| password_history                                     |
| plugin                                               |
| procs_priv                                           |
| proxies_priv                                         |
| replication_asynchronous_connection_failover         |
| replication_asynchronous_connection_failover_managed |
| replication_group_configuration_version              |
| replication_group_member_actions                     |
| role_edges                                           |
| server_cost                                          |
| servers                                              |
| slave_master_info                                    |
| slave_relay_log_info                                 |
| slave_worker_info                                    |
| slow_log                                             |
| tables_priv                                          |
| time_zone                                            |
| time_zone_leap_second                                |
| time_zone_name                                       |
| time_zone_transition                                 |
| time_zone_transition_type                            |
| user                                                 |
+------------------------------------------------------+
37 rows in set (0.00 sec)

mysql> DESC user;
+--------------------------+-----------------------------------+------+-----+-----------------------+-------+
| Field                    | Type                              | Null | Key | Default               | Extra |
+--------------------------+-----------------------------------+------+-----+-----------------------+-------+
| Host                     | char(255)                         | NO   | PRI |                       |       |
| User                     | char(32)                          | NO   | PRI |                       |       |
| Select_priv              | enum('N','Y')                     | NO   |     | N                     |       |
| Insert_priv              | enum('N','Y')                     | NO   |     | N                     |       |
| Update_priv              | enum('N','Y')                     | NO   |     | N                     |       |
| Delete_priv              | enum('N','Y')                     | NO   |     | N                     |       |
| Create_priv              | enum('N','Y')                     | NO   |     | N                     |       |
| Drop_priv                | enum('N','Y')                     | NO   |     | N                     |       |
| Reload_priv              | enum('N','Y')                     | NO   |     | N                     |       |
| Shutdown_priv            | enum('N','Y')                     | NO   |     | N                     |       |
| Process_priv             | enum('N','Y')                     | NO   |     | N                     |       |
| File_priv                | enum('N','Y')                     | NO   |     | N                     |       |
| Grant_priv               | enum('N','Y')                     | NO   |     | N                     |       |
| References_priv          | enum('N','Y')                     | NO   |     | N                     |       |
| Index_priv               | enum('N','Y')                     | NO   |     | N                     |       |
| Alter_priv               | enum('N','Y')                     | NO   |     | N                     |       |
| Show_db_priv             | enum('N','Y')                     | NO   |     | N                     |       |
| Super_priv               | enum('N','Y')                     | NO   |     | N                     |       |
| Create_tmp_table_priv    | enum('N','Y')                     | NO   |     | N                     |       |
| Lock_tables_priv         | enum('N','Y')                     | NO   |     | N                     |       |
| Execute_priv             | enum('N','Y')                     | NO   |     | N                     |       |
| Repl_slave_priv          | enum('N','Y')                     | NO   |     | N                     |       |
| Repl_client_priv         | enum('N','Y')                     | NO   |     | N                     |       |
| Create_view_priv         | enum('N','Y')                     | NO   |     | N                     |       |
| Show_view_priv           | enum('N','Y')                     | NO   |     | N                     |       |
| Create_routine_priv      | enum('N','Y')                     | NO   |     | N                     |       |
| Alter_routine_priv       | enum('N','Y')                     | NO   |     | N                     |       |
| Create_user_priv         | enum('N','Y')                     | NO   |     | N                     |       |
| Event_priv               | enum('N','Y')                     | NO   |     | N                     |       |
| Trigger_priv             | enum('N','Y')                     | NO   |     | N                     |       |
| Create_tablespace_priv   | enum('N','Y')                     | NO   |     | N                     |       |
| ssl_type                 | enum('','ANY','X509','SPECIFIED') | NO   |     |                       |       |
| ssl_cipher               | blob                              | NO   |     | NULL                  |       |
| x509_issuer              | blob                              | NO   |     | NULL                  |       |
| x509_subject             | blob                              | NO   |     | NULL                  |       |
| max_questions            | int unsigned                      | NO   |     | 0                     |       |
| max_updates              | int unsigned                      | NO   |     | 0                     |       |
| max_connections          | int unsigned                      | NO   |     | 0                     |       |
| max_user_connections     | int unsigned                      | NO   |     | 0                     |       |
| plugin                   | char(64)                          | NO   |     | caching_sha2_password |       |
| authentication_string    | text                              | YES  |     | NULL                  |       |
| password_expired         | enum('N','Y')                     | NO   |     | N                     |       |
| password_last_changed    | timestamp                         | YES  |     | NULL                  |       |
| password_lifetime        | smallint unsigned                 | YES  |     | NULL                  |       |
| account_locked           | enum('N','Y')                     | NO   |     | N                     |       |
| Create_role_priv         | enum('N','Y')                     | NO   |     | N                     |       |
| Drop_role_priv           | enum('N','Y')                     | NO   |     | N                     |       |
| Password_reuse_history   | smallint unsigned                 | YES  |     | NULL                  |       |
| Password_reuse_time      | smallint unsigned                 | YES  |     | NULL                  |       |
| Password_require_current | enum('N','Y')                     | YES  |     | NULL                  |       |
| User_attributes          | json                              | YES  |     | NULL                  |       |
+--------------------------+-----------------------------------+------+-----+-----------------------+-------+
51 rows in set (0.01 sec)

mysql> SHOW CREATE DATABASE servers;
ERROR 1049 (42000): Unknown database 'servers'
mysql> SHOW CREATE TABLE servers;
+---------+---------------------------------------------------------------------------------------------------------------------------------------------------------------------------------------------------------------------------------------------------------------------------------------------------------------------------------------------------------------------------------------------------------------------------------------------------------------------------------------------------------------------------------------------------------------------------------------------------------------------------------------+
| Table   | Create Table                                                                                                                                                                                                                                                                                                                                                                                                                                                                                                                                                                                                                          |
+---------+---------------------------------------------------------------------------------------------------------------------------------------------------------------------------------------------------------------------------------------------------------------------------------------------------------------------------------------------------------------------------------------------------------------------------------------------------------------------------------------------------------------------------------------------------------------------------------------------------------------------------------------+
| servers | CREATE TABLE `servers` (
  `Server_name` char(64) NOT NULL DEFAULT '',
  `Host` char(255) CHARACTER SET ascii COLLATE ascii_general_ci NOT NULL DEFAULT '',
  `Db` char(64) NOT NULL DEFAULT '',
  `Username` char(64) NOT NULL DEFAULT '',
  `Password` char(64) NOT NULL DEFAULT '',
  `Port` int NOT NULL DEFAULT '0',
  `Socket` char(64) NOT NULL DEFAULT '',
  `Wrapper` char(64) NOT NULL DEFAULT '',
  `Owner` char(64) NOT NULL DEFAULT '',
  PRIMARY KEY (`Server_name`)
) /*!50100 TABLESPACE `mysql` */ ENGINE=InnoDB DEFAULT CHARSET=utf8mb3 STATS_PERSISTENT=0 ROW_FORMAT=DYNAMIC COMMENT='MySQL Foreign Servers table' |
+---------+---------------------------------------------------------------------------------------------------------------------------------------------------------------------------------------------------------------------------------------------------------------------------------------------------------------------------------------------------------------------------------------------------------------------------------------------------------------------------------------------------------------------------------------------------------------------------------------------------------------------------------------+
1 row in set (0.00 sec)

mysql> SHOW COLUMNS FROM servers;
+-------------+-----------+------+-----+---------+-------+
| Field       | Type      | Null | Key | Default | Extra |
+-------------+-----------+------+-----+---------+-------+
| Server_name | char(64)  | NO   | PRI |         |       |
| Host        | char(255) | NO   |     |         |       |
| Db          | char(64)  | NO   |     |         |       |
| Username    | char(64)  | NO   |     |         |       |
| Password    | char(64)  | NO   |     |         |       |
| Port        | int       | NO   |     | 0       |       |
| Socket      | char(64)  | NO   |     |         |       |
| Wrapper     | char(64)  | NO   |     |         |       |
| Owner       | char(64)  | NO   |     |         |       |
+-------------+-----------+------+-----+---------+-------+
9 rows in set (0.01 sec)

mysql> CREATE DATABASE MovieIndustry;
Query OK, 1 row affected (0.01 sec)

mysql> SHOW DATABASES;
+--------------------+
| Database           |
+--------------------+
| MovieIndustry      |
| information_schema |
| mysql              |
| performance_schema |
| sys                |
+--------------------+
5 rows in set (0.00 sec)

mysql> CREATE DATABASE IF NOT EXISTS MovieIndustry;
Query OK, 1 row affected, 1 warning (0.01 sec)

mysql> SHOW DATABASES;
+--------------------+
| Database           |
+--------------------+
| MovieIndustry      |
| information_schema |
| mysql              |
| performance_schema |
| sys                |
+--------------------+
5 rows in set (0.00 sec)

mysql> USE MovieIndustry;
Database changed
mysql> SHOW DATABASES;
+--------------------+
| Database           |
+--------------------+
| MovieIndustry      |
| information_schema |
| mysql              |
| performance_schema |
| sys                |
+--------------------+
5 rows in set (0.00 sec)

mysql> DROP DATABASE MovieIndustry;
Query OK, 0 rows affected (0.02 sec)

mysql> SHOW DATABASES;
+--------------------+
| Database           |
+--------------------+
| information_schema |
| mysql              |
| performance_schema |
| sys                |
+--------------------+
4 rows in set (0.01 sec)

mysql> CREATE TABLE Actors (
    -> FirstName VARCHAR(20),
    -> SecondName VARCHAR(20),
    -> DoB DATE,
    -> Gender ENUM('Male','Female','Other'),
    -> MaritalStatus ENUM('Married', 'Divorced', 'Single'),
    -> NetWorthInMillions DECIMAL);
ERROR 1046 (3D000): No database selected
mysql> CREATE DATABASE IF NOT EXISTS MovieIndustry;
Query OK, 1 row affected (0.00 sec)

mysql> SHOW DATABASES;
+--------------------+
| Database           |
+--------------------+
| MovieIndustry      |
| information_schema |
| mysql              |
| performance_schema |
| sys                |
+--------------------+
5 rows in set (0.00 sec)

mysql> USE MovieIndustry;
Database changed
mysql> CREATE TABLE Actors ( FirstName VARCHAR(20), SecondName VARCHAR(20), DoB DATE, Gender ENUM('Male','Female','Other'), MaritalStatus ENUM('Married', 'Divorced', 'Single'), NetWorthInMillions DECIMAL);
Query OK, 0 rows affected (0.03 sec)

mysql> SHOW TABLES;
+-------------------------+
| Tables_in_MovieIndustry |
+-------------------------+
| Actors                  |
+-------------------------+
1 row in set (0.00 sec)

mysql> DESC Actors;
+--------------------+-------------------------------------+------+-----+---------+-------+
| Field              | Type                                | Null | Key | Default | Extra |
+--------------------+-------------------------------------+------+-----+---------+-------+
| FirstName          | varchar(20)                         | YES  |     | NULL    |       |
| SecondName         | varchar(20)                         | YES  |     | NULL    |       |
| DoB                | date                                | YES  |     | NULL    |       |
| Gender             | enum('Male','Female','Other')       | YES  |     | NULL    |       |
| MaritalStatus      | enum('Married','Divorced','Single') | YES  |     | NULL    |       |
| NetWorthInMillions | decimal(10,0)                       | YES  |     | NULL    |       |
+--------------------+-------------------------------------+------+-----+---------+-------+
6 rows in set (0.00 sec)

mysql> CREATE TABLE IF NOT EXISTS Actors (
    -> Id INT AUTO_INCREMENT,
    -> FirstName VARCHAR(20) NOT NULL,
    -> SecondName VARCHAR(20) NOT NULL,
    -> DoB DATE NOT NULL,
    -> Gender ENUM('Male','Female','Other') NOT NULL,
    -> MaritalStatus ENUM('Married', 'Divorced', 'Single', 'Unknown') DEFAULT "Unknown",
    -> NetWorthInMillions DECIMAL NOT NULL,
    -> PRIMARY KEY (Id));
Query OK, 0 rows affected, 1 warning (0.01 sec)

mysql> DESC Actors;
+--------------------+-------------------------------------+------+-----+---------+-------+
| Field              | Type                                | Null | Key | Default | Extra |
+--------------------+-------------------------------------+------+-----+---------+-------+
| FirstName          | varchar(20)                         | YES  |     | NULL    |       |
| SecondName         | varchar(20)                         | YES  |     | NULL    |       |
| DoB                | date                                | YES  |     | NULL    |       |
| Gender             | enum('Male','Female','Other')       | YES  |     | NULL    |       |
| MaritalStatus      | enum('Married','Divorced','Single') | YES  |     | NULL    |       |
| NetWorthInMillions | decimal(10,0)                       | YES  |     | NULL    |       |
+--------------------+-------------------------------------+------+-----+---------+-------+
6 rows in set (0.00 sec)

mysql> DROP TABLE Actors;
Query OK, 0 rows affected (0.02 sec)

mysql> SHOW TABLES;
Empty set (0.00 sec)

mysql> DESC Actors;
ERROR 1146 (42S02): Table 'MovieIndustry.Actors' doesn't exist
mysql> CREATE TABLE IF NOT EXISTS Actors (
    -> Id INT AUTO_INCREMENT,
    -> FirstName VARCHAR(20) NOT NULL,
    -> SecondName VARCHAR(20) NOT NULL,
    -> DoB DATE NOT NULL,
    -> Gender ENUM('Male','Female','Other') NOT NULL,
    -> MaritalStatus ENUM('Married', 'Divorced', 'Single', 'Unknown') DEFAULT "Unknown",
    -> NetWorthInMillions DECIMAL NOT NULL,
    -> PRIMARY KEY (Id));
Query OK, 0 rows affected (0.03 sec)

mysql> SHOW TABLES;
+-------------------------+
| Tables_in_MovieIndustry |
+-------------------------+
| Actors                  |
+-------------------------+
1 row in set (0.00 sec)

mysql> DESC Actors;
+--------------------+-----------------------------------------------+------+-----+---------+----------------+
| Field              | Type                                          | Null | Key | Default | Extra          |
+--------------------+-----------------------------------------------+------+-----+---------+----------------+
| Id                 | int                                           | NO   | PRI | NULL    | auto_increment |
| FirstName          | varchar(20)                                   | NO   |     | NULL    |                |
| SecondName         | varchar(20)                                   | NO   |     | NULL    |                |
| DoB                | date                                          | NO   |     | NULL    |                |
| Gender             | enum('Male','Female','Other')                 | NO   |     | NULL    |                |
| MaritalStatus      | enum('Married','Divorced','Single','Unknown') | YES  |     | Unknown |                |
| NetWorthInMillions | decimal(10,0)                                 | NO   |     | NULL    |                |
+--------------------+-----------------------------------------------+------+-----+---------+----------------+
7 rows in set (0.00 sec)

mysql> SHOW TABLES;
+-------------------------+
| Tables_in_MovieIndustry |
+-------------------------+
| Actors                  |
+-------------------------+
1 row in set (0.00 sec)

mysql> CREATE TEMPORARY TABLE ActorNames (FirstName CHAR(20));
Query OK, 0 rows affected (0.00 sec)

mysql> SHOW TABLES;
+-------------------------+
| Tables_in_MovieIndustry |
+-------------------------+
| Actors                  |
+-------------------------+
1 row in set (0.00 sec)

mysql> DESC Actors;
+--------------------+-----------------------------------------------+------+-----+---------+----------------+
| Field              | Type                                          | Null | Key | Default | Extra          |
+--------------------+-----------------------------------------------+------+-----+---------+----------------+
| Id                 | int                                           | NO   | PRI | NULL    | auto_increment |
| FirstName          | varchar(20)                                   | NO   |     | NULL    |                |
| SecondName         | varchar(20)                                   | NO   |     | NULL    |                |
| DoB                | date                                          | NO   |     | NULL    |                |
| Gender             | enum('Male','Female','Other')                 | NO   |     | NULL    |                |
| MaritalStatus      | enum('Married','Divorced','Single','Unknown') | YES  |     | Unknown |                |
| NetWorthInMillions | decimal(10,0)                                 | NO   |     | NULL    |                |
+--------------------+-----------------------------------------------+------+-----+---------+----------------+
7 rows in set (0.00 sec)

mysql> SHOW TABLES;
+-------------------------+
| Tables_in_MovieIndustry |
+-------------------------+
| Actors                  |
+-------------------------+
1 row in set (0.00 sec)

mysql> DESC ActorsNames;
ERROR 1146 (42S02): Table 'MovieIndustry.ActorsNames' doesn't exist
mysql> SHOW TABLES;
+-------------------------+
| Tables_in_MovieIndustry |
+-------------------------+
| Actors                  |
+-------------------------+
1 row in set (0.01 sec)

mysql> CREATE TEMPORARY TABLE ActorNames (FirstName CHAR(20));
ERROR 1050 (42S01): Table 'ActorNames' already exists
mysql> DESC ActorNames;
+-----------+----------+------+-----+---------+-------+
| Field     | Type     | Null | Key | Default | Extra |
+-----------+----------+------+-----+---------+-------+
| FirstName | char(20) | YES  |     | NULL    | NULL  |
+-----------+----------+------+-----+---------+-------+
1 row in set (0.00 sec)

mysql> exit
Bye
shtlp0064@shtlp0064:~$ mysql -u root -p
Enter password: 
ERROR 1045 (28000): Access denied for user 'root'@'localhost' (using password: YES)
shtlp0064@shtlp0064:~$ mysql -u root -p
Enter password: 
ERROR 1045 (28000): Access denied for user 'root'@'localhost' (using password: YES)
shtlp0064@shtlp0064:~$ sudo mysql
[sudo] password for shtlp0064: 
ERROR 1045 (28000): Access denied for user 'root'@'localhost' (using password: NO)
shtlp0064@shtlp0064:~$ sudo mysql
ERROR 1045 (28000): Access denied for user 'root'@'localhost' (using password: NO)
shtlp0064@shtlp0064:~$ mysql -u root -p
Enter password: 
ERROR 1045 (28000): Access denied for user 'root'@'localhost' (using password: YES)
shtlp0064@shtlp0064:~$ sudo mysql
ERROR 1045 (28000): Access denied for user 'root'@'localhost' (using password: NO)
shtlp0064@shtlp0064:~$ mysql -u root -p
Enter password: 
Welcome to the MySQL monitor.  Commands end with ; or \g.
Your MySQL connection id is 25
Server version: 8.0.31-0ubuntu0.22.04.1 (Ubuntu)

Copyright (c) 2000, 2022, Oracle and/or its affiliates.

Oracle is a registered trademark of Oracle Corporation and/or its
affiliates. Other names may be trademarks of their respective
owners.

Type 'help;' or '\h' for help. Type '\c' to clear the current input statement.

mysql> SHOW DATABASES;
+--------------------+
| Database           |
+--------------------+
| MovieIndustry      |
| information_schema |
| mysql              |
| performance_schema |
| sys                |
+--------------------+
5 rows in set (0.00 sec)

mysql> USE MovieIndustry;
Reading table information for completion of table and column names
You can turn off this feature to get a quicker startup with -A

Database changed
mysql> SHOW TABLES;
+-------------------------+
| Tables_in_MovieIndustry |
+-------------------------+
| Actors                  |
+-------------------------+
1 row in set (0.00 sec)

mysql> DESC Actors;
+--------------------+-----------------------------------------------+------+-----+---------+----------------+
| Field              | Type                                          | Null | Key | Default | Extra          |
+--------------------+-----------------------------------------------+------+-----+---------+----------------+
| Id                 | int                                           | NO   | PRI | NULL    | auto_increment |
| FirstName          | varchar(20)                                   | NO   |     | NULL    |                |
| SecondName         | varchar(20)                                   | NO   |     | NULL    |                |
| DoB                | date                                          | NO   |     | NULL    |                |
| Gender             | enum('Male','Female','Other')                 | NO   |     | NULL    |                |
| MaritalStatus      | enum('Married','Divorced','Single','Unknown') | YES  |     | Unknown |                |
| NetWorthInMillions | decimal(10,0)                                 | NO   |     | NULL    |                |
+--------------------+-----------------------------------------------+------+-----+---------+----------------+
7 rows in set (0.00 sec)

mysql> CREATE TEMPORARY TABLE ActorNames (FirstName CHAR(20));
Query OK, 0 rows affected (0.00 sec)

mysql> SHOW TABLES;
+-------------------------+
| Tables_in_MovieIndustry |
+-------------------------+
| Actors                  |
+-------------------------+
1 row in set (0.00 sec)

mysql> DESC ActorsNames;
ERROR 1146 (42S02): Table 'MovieIndustry.ActorsNames' doesn't exist
mysql> exit
Bye
shtlp0064@shtlp0064:~$ mysql -u root -p
Enter password: 
Welcome to the MySQL monitor.  Commands end with ; or \g.
Your MySQL connection id is 26
Server version: 8.0.31-0ubuntu0.22.04.1 (Ubuntu)

Copyright (c) 2000, 2022, Oracle and/or its affiliates.

Oracle is a registered trademark of Oracle Corporation and/or its
affiliates. Other names may be trademarks of their respective
owners.

Type 'help;' or '\h' for help. Type '\c' to clear the current input statement.

mysql> SHOW DATABASES;
+--------------------+
| Database           |
+--------------------+
| MovieIndustry      |
| information_schema |
| mysql              |
| performance_schema |
| sys                |
+--------------------+
5 rows in set (0.01 sec)

mysql> USE MovieIndustry;
Reading table information for completion of table and column names
You can turn off this feature to get a quicker startup with -A

Database changed
mysql> SHOW TABLES;
+-------------------------+
| Tables_in_MovieIndustry |
+-------------------------+
| Actors                  |
+-------------------------+
1 row in set (0.01 sec)

mysql> DESC Actors;
+--------------------+-----------------------------------------------+------+-----+---------+----------------+
| Field              | Type                                          | Null | Key | Default | Extra          |
+--------------------+-----------------------------------------------+------+-----+---------+----------------+
| Id                 | int                                           | NO   | PRI | NULL    | auto_increment |
| FirstName          | varchar(20)                                   | NO   |     | NULL    |                |
| SecondName         | varchar(20)                                   | NO   |     | NULL    |                |
| DoB                | date                                          | NO   |     | NULL    |                |
| Gender             | enum('Male','Female','Other')                 | NO   |     | NULL    |                |
| MaritalStatus      | enum('Married','Divorced','Single','Unknown') | YES  |     | Unknown |                |
| NetWorthInMillions | decimal(10,0)                                 | NO   |     | NULL    |                |
+--------------------+-----------------------------------------------+------+-----+---------+----------------+
7 rows in set (0.01 sec)

mysql> CREATE TEMPORARY TABLE ActorNames (FirstName CHAR(20));
Query OK, 0 rows affected (0.00 sec)

mysql> SHOW TABLES;
+-------------------------+
| Tables_in_MovieIndustry |
+-------------------------+
| Actors                  |
+-------------------------+
1 row in set (0.00 sec)

mysql> DESC ActorNames;
+-----------+----------+------+-----+---------+-------+
| Field     | Type     | Null | Key | Default | Extra |
+-----------+----------+------+-----+---------+-------+
| FirstName | char(20) | YES  |     | NULL    | NULL  |
+-----------+----------+------+-----+---------+-------+
1 row in set (0.01 sec)

mysql> exit
Bye
shtlp0064@shtlp0064:~$ mysql -u root -p
Enter password: 
Welcome to the MySQL monitor.  Commands end with ; or \g.
Your MySQL connection id is 27
Server version: 8.0.31-0ubuntu0.22.04.1 (Ubuntu)

Copyright (c) 2000, 2022, Oracle and/or its affiliates.

Oracle is a registered trademark of Oracle Corporation and/or its
affiliates. Other names may be trademarks of their respective
owners.

Type 'help;' or '\h' for help. Type '\c' to clear the current input statement.

mysql> SHOW DATABASES;
+--------------------+
| Database           |
+--------------------+
| MovieIndustry      |
| information_schema |
| mysql              |
| performance_schema |
| sys                |
+--------------------+
5 rows in set (0.00 sec)

mysql> USE MovieIndustry;
Reading table information for completion of table and column names
You can turn off this feature to get a quicker startup with -A

Database changed
mysql> DESC ActorNames;
ERROR 1146 (42S02): Table 'MovieIndustry.ActorNames' doesn't exist
mysql> SHOW CHARACTER SET;
+----------+---------------------------------+---------------------+--------+
| Charset  | Description                     | Default collation   | Maxlen |
+----------+---------------------------------+---------------------+--------+
| armscii8 | ARMSCII-8 Armenian              | armscii8_general_ci |      1 |
| ascii    | US ASCII                        | ascii_general_ci    |      1 |
| big5     | Big5 Traditional Chinese        | big5_chinese_ci     |      2 |
| binary   | Binary pseudo charset           | binary              |      1 |
| cp1250   | Windows Central European        | cp1250_general_ci   |      1 |
| cp1251   | Windows Cyrillic                | cp1251_general_ci   |      1 |
| cp1256   | Windows Arabic                  | cp1256_general_ci   |      1 |
| cp1257   | Windows Baltic                  | cp1257_general_ci   |      1 |
| cp850    | DOS West European               | cp850_general_ci    |      1 |
| cp852    | DOS Central European            | cp852_general_ci    |      1 |
| cp866    | DOS Russian                     | cp866_general_ci    |      1 |
| cp932    | SJIS for Windows Japanese       | cp932_japanese_ci   |      2 |
| dec8     | DEC West European               | dec8_swedish_ci     |      1 |
| eucjpms  | UJIS for Windows Japanese       | eucjpms_japanese_ci |      3 |
| euckr    | EUC-KR Korean                   | euckr_korean_ci     |      2 |
| gb18030  | China National Standard GB18030 | gb18030_chinese_ci  |      4 |
| gb2312   | GB2312 Simplified Chinese       | gb2312_chinese_ci   |      2 |
| gbk      | GBK Simplified Chinese          | gbk_chinese_ci      |      2 |
| geostd8  | GEOSTD8 Georgian                | geostd8_general_ci  |      1 |
| greek    | ISO 8859-7 Greek                | greek_general_ci    |      1 |
| hebrew   | ISO 8859-8 Hebrew               | hebrew_general_ci   |      1 |
| hp8      | HP West European                | hp8_english_ci      |      1 |
| keybcs2  | DOS Kamenicky Czech-Slovak      | keybcs2_general_ci  |      1 |
| koi8r    | KOI8-R Relcom Russian           | koi8r_general_ci    |      1 |
| koi8u    | KOI8-U Ukrainian                | koi8u_general_ci    |      1 |
| latin1   | cp1252 West European            | latin1_swedish_ci   |      1 |
| latin2   | ISO 8859-2 Central European     | latin2_general_ci   |      1 |
| latin5   | ISO 8859-9 Turkish              | latin5_turkish_ci   |      1 |
| latin7   | ISO 8859-13 Baltic              | latin7_general_ci   |      1 |
| macce    | Mac Central European            | macce_general_ci    |      1 |
| macroman | Mac West European               | macroman_general_ci |      1 |
| sjis     | Shift-JIS Japanese              | sjis_japanese_ci    |      2 |
| swe7     | 7bit Swedish                    | swe7_swedish_ci     |      1 |
| tis620   | TIS620 Thai                     | tis620_thai_ci      |      1 |
| ucs2     | UCS-2 Unicode                   | ucs2_general_ci     |      2 |
| ujis     | EUC-JP Japanese                 | ujis_japanese_ci    |      3 |
| utf16    | UTF-16 Unicode                  | utf16_general_ci    |      4 |
| utf16le  | UTF-16LE Unicode                | utf16le_general_ci  |      4 |
| utf32    | UTF-32 Unicode                  | utf32_general_ci    |      4 |
| utf8mb3  | UTF-8 Unicode                   | utf8mb3_general_ci  |      3 |
| utf8mb4  | UTF-8 Unicode                   | utf8mb4_0900_ai_ci  |      4 |
+----------+---------------------------------+---------------------+--------+
41 rows in set (0.01 sec)

mysql> SHOW COLLATION;
+-----------------------------+----------+-----+---------+----------+---------+---------------+
| Collation                   | Charset  | Id  | Default | Compiled | Sortlen | Pad_attribute |
+-----------------------------+----------+-----+---------+----------+---------+---------------+
| armscii8_bin                | armscii8 |  64 |         | Yes      |       1 | PAD SPACE     |
| armscii8_general_ci         | armscii8 |  32 | Yes     | Yes      |       1 | PAD SPACE     |
| ascii_bin                   | ascii    |  65 |         | Yes      |       1 | PAD SPACE     |
| ascii_general_ci            | ascii    |  11 | Yes     | Yes      |       1 | PAD SPACE     |
| big5_bin                    | big5     |  84 |         | Yes      |       1 | PAD SPACE     |
| big5_chinese_ci             | big5     |   1 | Yes     | Yes      |       1 | PAD SPACE     |
| binary                      | binary   |  63 | Yes     | Yes      |       1 | NO PAD        |
| cp1250_bin                  | cp1250   |  66 |         | Yes      |       1 | PAD SPACE     |
| cp1250_croatian_ci          | cp1250   |  44 |         | Yes      |       1 | PAD SPACE     |
| cp1250_czech_cs             | cp1250   |  34 |         | Yes      |       2 | PAD SPACE     |
| cp1250_general_ci           | cp1250   |  26 | Yes     | Yes      |       1 | PAD SPACE     |
| cp1250_polish_ci            | cp1250   |  99 |         | Yes      |       1 | PAD SPACE     |
| cp1251_bin                  | cp1251   |  50 |         | Yes      |       1 | PAD SPACE     |
| cp1251_bulgarian_ci         | cp1251   |  14 |         | Yes      |       1 | PAD SPACE     |
| cp1251_general_ci           | cp1251   |  51 | Yes     | Yes      |       1 | PAD SPACE     |
| cp1251_general_cs           | cp1251   |  52 |         | Yes      |       1 | PAD SPACE     |
| cp1251_ukrainian_ci         | cp1251   |  23 |         | Yes      |       1 | PAD SPACE     |
| cp1256_bin                  | cp1256   |  67 |         | Yes      |       1 | PAD SPACE     |
| cp1256_general_ci           | cp1256   |  57 | Yes     | Yes      |       1 | PAD SPACE     |
| cp1257_bin                  | cp1257   |  58 |         | Yes      |       1 | PAD SPACE     |
| cp1257_general_ci           | cp1257   |  59 | Yes     | Yes      |       1 | PAD SPACE     |
| cp1257_lithuanian_ci        | cp1257   |  29 |         | Yes      |       1 | PAD SPACE     |
| cp850_bin                   | cp850    |  80 |         | Yes      |       1 | PAD SPACE     |
| cp850_general_ci            | cp850    |   4 | Yes     | Yes      |       1 | PAD SPACE     |
| cp852_bin                   | cp852    |  81 |         | Yes      |       1 | PAD SPACE     |
| cp852_general_ci            | cp852    |  40 | Yes     | Yes      |       1 | PAD SPACE     |
| cp866_bin                   | cp866    |  68 |         | Yes      |       1 | PAD SPACE     |
| cp866_general_ci            | cp866    |  36 | Yes     | Yes      |       1 | PAD SPACE     |
| cp932_bin                   | cp932    |  96 |         | Yes      |       1 | PAD SPACE     |
| cp932_japanese_ci           | cp932    |  95 | Yes     | Yes      |       1 | PAD SPACE     |
| dec8_bin                    | dec8     |  69 |         | Yes      |       1 | PAD SPACE     |
| dec8_swedish_ci             | dec8     |   3 | Yes     | Yes      |       1 | PAD SPACE     |
| eucjpms_bin                 | eucjpms  |  98 |         | Yes      |       1 | PAD SPACE     |
| eucjpms_japanese_ci         | eucjpms  |  97 | Yes     | Yes      |       1 | PAD SPACE     |
| euckr_bin                   | euckr    |  85 |         | Yes      |       1 | PAD SPACE     |
| euckr_korean_ci             | euckr    |  19 | Yes     | Yes      |       1 | PAD SPACE     |
| gb18030_bin                 | gb18030  | 249 |         | Yes      |       1 | PAD SPACE     |
| gb18030_chinese_ci          | gb18030  | 248 | Yes     | Yes      |       2 | PAD SPACE     |
| gb18030_unicode_520_ci      | gb18030  | 250 |         | Yes      |       8 | PAD SPACE     |
| gb2312_bin                  | gb2312   |  86 |         | Yes      |       1 | PAD SPACE     |
| gb2312_chinese_ci           | gb2312   |  24 | Yes     | Yes      |       1 | PAD SPACE     |
| gbk_bin                     | gbk      |  87 |         | Yes      |       1 | PAD SPACE     |
| gbk_chinese_ci              | gbk      |  28 | Yes     | Yes      |       1 | PAD SPACE     |
| geostd8_bin                 | geostd8  |  93 |         | Yes      |       1 | PAD SPACE     |
| geostd8_general_ci          | geostd8  |  92 | Yes     | Yes      |       1 | PAD SPACE     |
| greek_bin                   | greek    |  70 |         | Yes      |       1 | PAD SPACE     |
| greek_general_ci            | greek    |  25 | Yes     | Yes      |       1 | PAD SPACE     |
| hebrew_bin                  | hebrew   |  71 |         | Yes      |       1 | PAD SPACE     |
| hebrew_general_ci           | hebrew   |  16 | Yes     | Yes      |       1 | PAD SPACE     |
| hp8_bin                     | hp8      |  72 |         | Yes      |       1 | PAD SPACE     |
| hp8_english_ci              | hp8      |   6 | Yes     | Yes      |       1 | PAD SPACE     |
| keybcs2_bin                 | keybcs2  |  73 |         | Yes      |       1 | PAD SPACE     |
| keybcs2_general_ci          | keybcs2  |  37 | Yes     | Yes      |       1 | PAD SPACE     |
| koi8r_bin                   | koi8r    |  74 |         | Yes      |       1 | PAD SPACE     |
| koi8r_general_ci            | koi8r    |   7 | Yes     | Yes      |       1 | PAD SPACE     |
| koi8u_bin                   | koi8u    |  75 |         | Yes      |       1 | PAD SPACE     |
| koi8u_general_ci            | koi8u    |  22 | Yes     | Yes      |       1 | PAD SPACE     |
| latin1_bin                  | latin1   |  47 |         | Yes      |       1 | PAD SPACE     |
| latin1_danish_ci            | latin1   |  15 |         | Yes      |       1 | PAD SPACE     |
| latin1_general_ci           | latin1   |  48 |         | Yes      |       1 | PAD SPACE     |
| latin1_general_cs           | latin1   |  49 |         | Yes      |       1 | PAD SPACE     |
| latin1_german1_ci           | latin1   |   5 |         | Yes      |       1 | PAD SPACE     |
| latin1_german2_ci           | latin1   |  31 |         | Yes      |       2 | PAD SPACE     |
| latin1_spanish_ci           | latin1   |  94 |         | Yes      |       1 | PAD SPACE     |
| latin1_swedish_ci           | latin1   |   8 | Yes     | Yes      |       1 | PAD SPACE     |
| latin2_bin                  | latin2   |  77 |         | Yes      |       1 | PAD SPACE     |
| latin2_croatian_ci          | latin2   |  27 |         | Yes      |       1 | PAD SPACE     |
| latin2_czech_cs             | latin2   |   2 |         | Yes      |       4 | PAD SPACE     |
| latin2_general_ci           | latin2   |   9 | Yes     | Yes      |       1 | PAD SPACE     |
| latin2_hungarian_ci         | latin2   |  21 |         | Yes      |       1 | PAD SPACE     |
| latin5_bin                  | latin5   |  78 |         | Yes      |       1 | PAD SPACE     |
| latin5_turkish_ci           | latin5   |  30 | Yes     | Yes      |       1 | PAD SPACE     |
| latin7_bin                  | latin7   |  79 |         | Yes      |       1 | PAD SPACE     |
| latin7_estonian_cs          | latin7   |  20 |         | Yes      |       1 | PAD SPACE     |
| latin7_general_ci           | latin7   |  41 | Yes     | Yes      |       1 | PAD SPACE     |
| latin7_general_cs           | latin7   |  42 |         | Yes      |       1 | PAD SPACE     |
| macce_bin                   | macce    |  43 |         | Yes      |       1 | PAD SPACE     |
| macce_general_ci            | macce    |  38 | Yes     | Yes      |       1 | PAD SPACE     |
| macroman_bin                | macroman |  53 |         | Yes      |       1 | PAD SPACE     |
| macroman_general_ci         | macroman |  39 | Yes     | Yes      |       1 | PAD SPACE     |
| sjis_bin                    | sjis     |  88 |         | Yes      |       1 | PAD SPACE     |
| sjis_japanese_ci            | sjis     |  13 | Yes     | Yes      |       1 | PAD SPACE     |
| swe7_bin                    | swe7     |  82 |         | Yes      |       1 | PAD SPACE     |
| swe7_swedish_ci             | swe7     |  10 | Yes     | Yes      |       1 | PAD SPACE     |
| tis620_bin                  | tis620   |  89 |         | Yes      |       1 | PAD SPACE     |
| tis620_thai_ci              | tis620   |  18 | Yes     | Yes      |       4 | PAD SPACE     |
| ucs2_bin                    | ucs2     |  90 |         | Yes      |       1 | PAD SPACE     |
| ucs2_croatian_ci            | ucs2     | 149 |         | Yes      |       8 | PAD SPACE     |
| ucs2_czech_ci               | ucs2     | 138 |         | Yes      |       8 | PAD SPACE     |
| ucs2_danish_ci              | ucs2     | 139 |         | Yes      |       8 | PAD SPACE     |
| ucs2_esperanto_ci           | ucs2     | 145 |         | Yes      |       8 | PAD SPACE     |
| ucs2_estonian_ci            | ucs2     | 134 |         | Yes      |       8 | PAD SPACE     |
| ucs2_general_ci             | ucs2     |  35 | Yes     | Yes      |       1 | PAD SPACE     |
| ucs2_general_mysql500_ci    | ucs2     | 159 |         | Yes      |       1 | PAD SPACE     |
| ucs2_german2_ci             | ucs2     | 148 |         | Yes      |       8 | PAD SPACE     |
| ucs2_hungarian_ci           | ucs2     | 146 |         | Yes      |       8 | PAD SPACE     |
| ucs2_icelandic_ci           | ucs2     | 129 |         | Yes      |       8 | PAD SPACE     |
| ucs2_latvian_ci             | ucs2     | 130 |         | Yes      |       8 | PAD SPACE     |
| ucs2_lithuanian_ci          | ucs2     | 140 |         | Yes      |       8 | PAD SPACE     |
| ucs2_persian_ci             | ucs2     | 144 |         | Yes      |       8 | PAD SPACE     |
| ucs2_polish_ci              | ucs2     | 133 |         | Yes      |       8 | PAD SPACE     |
| ucs2_romanian_ci            | ucs2     | 131 |         | Yes      |       8 | PAD SPACE     |
| ucs2_roman_ci               | ucs2     | 143 |         | Yes      |       8 | PAD SPACE     |
| ucs2_sinhala_ci             | ucs2     | 147 |         | Yes      |       8 | PAD SPACE     |
| ucs2_slovak_ci              | ucs2     | 141 |         | Yes      |       8 | PAD SPACE     |
| ucs2_slovenian_ci           | ucs2     | 132 |         | Yes      |       8 | PAD SPACE     |
| ucs2_spanish2_ci            | ucs2     | 142 |         | Yes      |       8 | PAD SPACE     |
| ucs2_spanish_ci             | ucs2     | 135 |         | Yes      |       8 | PAD SPACE     |
| ucs2_swedish_ci             | ucs2     | 136 |         | Yes      |       8 | PAD SPACE     |
| ucs2_turkish_ci             | ucs2     | 137 |         | Yes      |       8 | PAD SPACE     |
| ucs2_unicode_520_ci         | ucs2     | 150 |         | Yes      |       8 | PAD SPACE     |
| ucs2_unicode_ci             | ucs2     | 128 |         | Yes      |       8 | PAD SPACE     |
| ucs2_vietnamese_ci          | ucs2     | 151 |         | Yes      |       8 | PAD SPACE     |
| ujis_bin                    | ujis     |  91 |         | Yes      |       1 | PAD SPACE     |
| ujis_japanese_ci            | ujis     |  12 | Yes     | Yes      |       1 | PAD SPACE     |
| utf16le_bin                 | utf16le  |  62 |         | Yes      |       1 | PAD SPACE     |
| utf16le_general_ci          | utf16le  |  56 | Yes     | Yes      |       1 | PAD SPACE     |
| utf16_bin                   | utf16    |  55 |         | Yes      |       1 | PAD SPACE     |
| utf16_croatian_ci           | utf16    | 122 |         | Yes      |       8 | PAD SPACE     |
| utf16_czech_ci              | utf16    | 111 |         | Yes      |       8 | PAD SPACE     |
| utf16_danish_ci             | utf16    | 112 |         | Yes      |       8 | PAD SPACE     |
| utf16_esperanto_ci          | utf16    | 118 |         | Yes      |       8 | PAD SPACE     |
| utf16_estonian_ci           | utf16    | 107 |         | Yes      |       8 | PAD SPACE     |
| utf16_general_ci            | utf16    |  54 | Yes     | Yes      |       1 | PAD SPACE     |
| utf16_german2_ci            | utf16    | 121 |         | Yes      |       8 | PAD SPACE     |
| utf16_hungarian_ci          | utf16    | 119 |         | Yes      |       8 | PAD SPACE     |
| utf16_icelandic_ci          | utf16    | 102 |         | Yes      |       8 | PAD SPACE     |
| utf16_latvian_ci            | utf16    | 103 |         | Yes      |       8 | PAD SPACE     |
| utf16_lithuanian_ci         | utf16    | 113 |         | Yes      |       8 | PAD SPACE     |
| utf16_persian_ci            | utf16    | 117 |         | Yes      |       8 | PAD SPACE     |
| utf16_polish_ci             | utf16    | 106 |         | Yes      |       8 | PAD SPACE     |
| utf16_romanian_ci           | utf16    | 104 |         | Yes      |       8 | PAD SPACE     |
| utf16_roman_ci              | utf16    | 116 |         | Yes      |       8 | PAD SPACE     |
| utf16_sinhala_ci            | utf16    | 120 |         | Yes      |       8 | PAD SPACE     |
| utf16_slovak_ci             | utf16    | 114 |         | Yes      |       8 | PAD SPACE     |
| utf16_slovenian_ci          | utf16    | 105 |         | Yes      |       8 | PAD SPACE     |
| utf16_spanish2_ci           | utf16    | 115 |         | Yes      |       8 | PAD SPACE     |
| utf16_spanish_ci            | utf16    | 108 |         | Yes      |       8 | PAD SPACE     |
| utf16_swedish_ci            | utf16    | 109 |         | Yes      |       8 | PAD SPACE     |
| utf16_turkish_ci            | utf16    | 110 |         | Yes      |       8 | PAD SPACE     |
| utf16_unicode_520_ci        | utf16    | 123 |         | Yes      |       8 | PAD SPACE     |
| utf16_unicode_ci            | utf16    | 101 |         | Yes      |       8 | PAD SPACE     |
| utf16_vietnamese_ci         | utf16    | 124 |         | Yes      |       8 | PAD SPACE     |
| utf32_bin                   | utf32    |  61 |         | Yes      |       1 | PAD SPACE     |
| utf32_croatian_ci           | utf32    | 181 |         | Yes      |       8 | PAD SPACE     |
| utf32_czech_ci              | utf32    | 170 |         | Yes      |       8 | PAD SPACE     |
| utf32_danish_ci             | utf32    | 171 |         | Yes      |       8 | PAD SPACE     |
| utf32_esperanto_ci          | utf32    | 177 |         | Yes      |       8 | PAD SPACE     |
| utf32_estonian_ci           | utf32    | 166 |         | Yes      |       8 | PAD SPACE     |
| utf32_general_ci            | utf32    |  60 | Yes     | Yes      |       1 | PAD SPACE     |
| utf32_german2_ci            | utf32    | 180 |         | Yes      |       8 | PAD SPACE     |
| utf32_hungarian_ci          | utf32    | 178 |         | Yes      |       8 | PAD SPACE     |
| utf32_icelandic_ci          | utf32    | 161 |         | Yes      |       8 | PAD SPACE     |
| utf32_latvian_ci            | utf32    | 162 |         | Yes      |       8 | PAD SPACE     |
| utf32_lithuanian_ci         | utf32    | 172 |         | Yes      |       8 | PAD SPACE     |
| utf32_persian_ci            | utf32    | 176 |         | Yes      |       8 | PAD SPACE     |
| utf32_polish_ci             | utf32    | 165 |         | Yes      |       8 | PAD SPACE     |
| utf32_romanian_ci           | utf32    | 163 |         | Yes      |       8 | PAD SPACE     |
| utf32_roman_ci              | utf32    | 175 |         | Yes      |       8 | PAD SPACE     |
| utf32_sinhala_ci            | utf32    | 179 |         | Yes      |       8 | PAD SPACE     |
| utf32_slovak_ci             | utf32    | 173 |         | Yes      |       8 | PAD SPACE     |
| utf32_slovenian_ci          | utf32    | 164 |         | Yes      |       8 | PAD SPACE     |
| utf32_spanish2_ci           | utf32    | 174 |         | Yes      |       8 | PAD SPACE     |
| utf32_spanish_ci            | utf32    | 167 |         | Yes      |       8 | PAD SPACE     |
| utf32_swedish_ci            | utf32    | 168 |         | Yes      |       8 | PAD SPACE     |
| utf32_turkish_ci            | utf32    | 169 |         | Yes      |       8 | PAD SPACE     |
| utf32_unicode_520_ci        | utf32    | 182 |         | Yes      |       8 | PAD SPACE     |
| utf32_unicode_ci            | utf32    | 160 |         | Yes      |       8 | PAD SPACE     |
| utf32_vietnamese_ci         | utf32    | 183 |         | Yes      |       8 | PAD SPACE     |
| utf8mb3_bin                 | utf8mb3  |  83 |         | Yes      |       1 | PAD SPACE     |
| utf8mb3_croatian_ci         | utf8mb3  | 213 |         | Yes      |       8 | PAD SPACE     |
| utf8mb3_czech_ci            | utf8mb3  | 202 |         | Yes      |       8 | PAD SPACE     |
| utf8mb3_danish_ci           | utf8mb3  | 203 |         | Yes      |       8 | PAD SPACE     |
| utf8mb3_esperanto_ci        | utf8mb3  | 209 |         | Yes      |       8 | PAD SPACE     |
| utf8mb3_estonian_ci         | utf8mb3  | 198 |         | Yes      |       8 | PAD SPACE     |
| utf8mb3_general_ci          | utf8mb3  |  33 | Yes     | Yes      |       1 | PAD SPACE     |
| utf8mb3_general_mysql500_ci | utf8mb3  | 223 |         | Yes      |       1 | PAD SPACE     |
| utf8mb3_german2_ci          | utf8mb3  | 212 |         | Yes      |       8 | PAD SPACE     |
| utf8mb3_hungarian_ci        | utf8mb3  | 210 |         | Yes      |       8 | PAD SPACE     |
| utf8mb3_icelandic_ci        | utf8mb3  | 193 |         | Yes      |       8 | PAD SPACE     |
| utf8mb3_latvian_ci          | utf8mb3  | 194 |         | Yes      |       8 | PAD SPACE     |
| utf8mb3_lithuanian_ci       | utf8mb3  | 204 |         | Yes      |       8 | PAD SPACE     |
| utf8mb3_persian_ci          | utf8mb3  | 208 |         | Yes      |       8 | PAD SPACE     |
| utf8mb3_polish_ci           | utf8mb3  | 197 |         | Yes      |       8 | PAD SPACE     |
| utf8mb3_romanian_ci         | utf8mb3  | 195 |         | Yes      |       8 | PAD SPACE     |
| utf8mb3_roman_ci            | utf8mb3  | 207 |         | Yes      |       8 | PAD SPACE     |
| utf8mb3_sinhala_ci          | utf8mb3  | 211 |         | Yes      |       8 | PAD SPACE     |
| utf8mb3_slovak_ci           | utf8mb3  | 205 |         | Yes      |       8 | PAD SPACE     |
| utf8mb3_slovenian_ci        | utf8mb3  | 196 |         | Yes      |       8 | PAD SPACE     |
| utf8mb3_spanish2_ci         | utf8mb3  | 206 |         | Yes      |       8 | PAD SPACE     |
| utf8mb3_spanish_ci          | utf8mb3  | 199 |         | Yes      |       8 | PAD SPACE     |
| utf8mb3_swedish_ci          | utf8mb3  | 200 |         | Yes      |       8 | PAD SPACE     |
| utf8mb3_tolower_ci          | utf8mb3  |  76 |         | Yes      |       1 | PAD SPACE     |
| utf8mb3_turkish_ci          | utf8mb3  | 201 |         | Yes      |       8 | PAD SPACE     |
| utf8mb3_unicode_520_ci      | utf8mb3  | 214 |         | Yes      |       8 | PAD SPACE     |
| utf8mb3_unicode_ci          | utf8mb3  | 192 |         | Yes      |       8 | PAD SPACE     |
| utf8mb3_vietnamese_ci       | utf8mb3  | 215 |         | Yes      |       8 | PAD SPACE     |
| utf8mb4_0900_ai_ci          | utf8mb4  | 255 | Yes     | Yes      |       0 | NO PAD        |
| utf8mb4_0900_as_ci          | utf8mb4  | 305 |         | Yes      |       0 | NO PAD        |
| utf8mb4_0900_as_cs          | utf8mb4  | 278 |         | Yes      |       0 | NO PAD        |
| utf8mb4_0900_bin            | utf8mb4  | 309 |         | Yes      |       1 | NO PAD        |
| utf8mb4_bg_0900_ai_ci       | utf8mb4  | 318 |         | Yes      |       0 | NO PAD        |
| utf8mb4_bg_0900_as_cs       | utf8mb4  | 319 |         | Yes      |       0 | NO PAD        |
| utf8mb4_bin                 | utf8mb4  |  46 |         | Yes      |       1 | PAD SPACE     |
| utf8mb4_bs_0900_ai_ci       | utf8mb4  | 316 |         | Yes      |       0 | NO PAD        |
| utf8mb4_bs_0900_as_cs       | utf8mb4  | 317 |         | Yes      |       0 | NO PAD        |
| utf8mb4_croatian_ci         | utf8mb4  | 245 |         | Yes      |       8 | PAD SPACE     |
| utf8mb4_cs_0900_ai_ci       | utf8mb4  | 266 |         | Yes      |       0 | NO PAD        |
| utf8mb4_cs_0900_as_cs       | utf8mb4  | 289 |         | Yes      |       0 | NO PAD        |
| utf8mb4_czech_ci            | utf8mb4  | 234 |         | Yes      |       8 | PAD SPACE     |
| utf8mb4_danish_ci           | utf8mb4  | 235 |         | Yes      |       8 | PAD SPACE     |
| utf8mb4_da_0900_ai_ci       | utf8mb4  | 267 |         | Yes      |       0 | NO PAD        |
| utf8mb4_da_0900_as_cs       | utf8mb4  | 290 |         | Yes      |       0 | NO PAD        |
| utf8mb4_de_pb_0900_ai_ci    | utf8mb4  | 256 |         | Yes      |       0 | NO PAD        |
| utf8mb4_de_pb_0900_as_cs    | utf8mb4  | 279 |         | Yes      |       0 | NO PAD        |
| utf8mb4_eo_0900_ai_ci       | utf8mb4  | 273 |         | Yes      |       0 | NO PAD        |
| utf8mb4_eo_0900_as_cs       | utf8mb4  | 296 |         | Yes      |       0 | NO PAD        |
| utf8mb4_esperanto_ci        | utf8mb4  | 241 |         | Yes      |       8 | PAD SPACE     |
| utf8mb4_estonian_ci         | utf8mb4  | 230 |         | Yes      |       8 | PAD SPACE     |
| utf8mb4_es_0900_ai_ci       | utf8mb4  | 263 |         | Yes      |       0 | NO PAD        |
| utf8mb4_es_0900_as_cs       | utf8mb4  | 286 |         | Yes      |       0 | NO PAD        |
| utf8mb4_es_trad_0900_ai_ci  | utf8mb4  | 270 |         | Yes      |       0 | NO PAD        |
| utf8mb4_es_trad_0900_as_cs  | utf8mb4  | 293 |         | Yes      |       0 | NO PAD        |
| utf8mb4_et_0900_ai_ci       | utf8mb4  | 262 |         | Yes      |       0 | NO PAD        |
| utf8mb4_et_0900_as_cs       | utf8mb4  | 285 |         | Yes      |       0 | NO PAD        |
| utf8mb4_general_ci          | utf8mb4  |  45 |         | Yes      |       1 | PAD SPACE     |
| utf8mb4_german2_ci          | utf8mb4  | 244 |         | Yes      |       8 | PAD SPACE     |
| utf8mb4_gl_0900_ai_ci       | utf8mb4  | 320 |         | Yes      |       0 | NO PAD        |
| utf8mb4_gl_0900_as_cs       | utf8mb4  | 321 |         | Yes      |       0 | NO PAD        |
| utf8mb4_hr_0900_ai_ci       | utf8mb4  | 275 |         | Yes      |       0 | NO PAD        |
| utf8mb4_hr_0900_as_cs       | utf8mb4  | 298 |         | Yes      |       0 | NO PAD        |
| utf8mb4_hungarian_ci        | utf8mb4  | 242 |         | Yes      |       8 | PAD SPACE     |
| utf8mb4_hu_0900_ai_ci       | utf8mb4  | 274 |         | Yes      |       0 | NO PAD        |
| utf8mb4_hu_0900_as_cs       | utf8mb4  | 297 |         | Yes      |       0 | NO PAD        |
| utf8mb4_icelandic_ci        | utf8mb4  | 225 |         | Yes      |       8 | PAD SPACE     |
| utf8mb4_is_0900_ai_ci       | utf8mb4  | 257 |         | Yes      |       0 | NO PAD        |
| utf8mb4_is_0900_as_cs       | utf8mb4  | 280 |         | Yes      |       0 | NO PAD        |
| utf8mb4_ja_0900_as_cs       | utf8mb4  | 303 |         | Yes      |       0 | NO PAD        |
| utf8mb4_ja_0900_as_cs_ks    | utf8mb4  | 304 |         | Yes      |      24 | NO PAD        |
| utf8mb4_latvian_ci          | utf8mb4  | 226 |         | Yes      |       8 | PAD SPACE     |
| utf8mb4_la_0900_ai_ci       | utf8mb4  | 271 |         | Yes      |       0 | NO PAD        |
| utf8mb4_la_0900_as_cs       | utf8mb4  | 294 |         | Yes      |       0 | NO PAD        |
| utf8mb4_lithuanian_ci       | utf8mb4  | 236 |         | Yes      |       8 | PAD SPACE     |
| utf8mb4_lt_0900_ai_ci       | utf8mb4  | 268 |         | Yes      |       0 | NO PAD        |
| utf8mb4_lt_0900_as_cs       | utf8mb4  | 291 |         | Yes      |       0 | NO PAD        |
| utf8mb4_lv_0900_ai_ci       | utf8mb4  | 258 |         | Yes      |       0 | NO PAD        |
| utf8mb4_lv_0900_as_cs       | utf8mb4  | 281 |         | Yes      |       0 | NO PAD        |
| utf8mb4_mn_cyrl_0900_ai_ci  | utf8mb4  | 322 |         | Yes      |       0 | NO PAD        |
| utf8mb4_mn_cyrl_0900_as_cs  | utf8mb4  | 323 |         | Yes      |       0 | NO PAD        |
| utf8mb4_nb_0900_ai_ci       | utf8mb4  | 310 |         | Yes      |       0 | NO PAD        |
| utf8mb4_nb_0900_as_cs       | utf8mb4  | 311 |         | Yes      |       0 | NO PAD        |
| utf8mb4_nn_0900_ai_ci       | utf8mb4  | 312 |         | Yes      |       0 | NO PAD        |
| utf8mb4_nn_0900_as_cs       | utf8mb4  | 313 |         | Yes      |       0 | NO PAD        |
| utf8mb4_persian_ci          | utf8mb4  | 240 |         | Yes      |       8 | PAD SPACE     |
| utf8mb4_pl_0900_ai_ci       | utf8mb4  | 261 |         | Yes      |       0 | NO PAD        |
| utf8mb4_pl_0900_as_cs       | utf8mb4  | 284 |         | Yes      |       0 | NO PAD        |
| utf8mb4_polish_ci           | utf8mb4  | 229 |         | Yes      |       8 | PAD SPACE     |
| utf8mb4_romanian_ci         | utf8mb4  | 227 |         | Yes      |       8 | PAD SPACE     |
| utf8mb4_roman_ci            | utf8mb4  | 239 |         | Yes      |       8 | PAD SPACE     |
| utf8mb4_ro_0900_ai_ci       | utf8mb4  | 259 |         | Yes      |       0 | NO PAD        |
| utf8mb4_ro_0900_as_cs       | utf8mb4  | 282 |         | Yes      |       0 | NO PAD        |
| utf8mb4_ru_0900_ai_ci       | utf8mb4  | 306 |         | Yes      |       0 | NO PAD        |
| utf8mb4_ru_0900_as_cs       | utf8mb4  | 307 |         | Yes      |       0 | NO PAD        |
| utf8mb4_sinhala_ci          | utf8mb4  | 243 |         | Yes      |       8 | PAD SPACE     |
| utf8mb4_sk_0900_ai_ci       | utf8mb4  | 269 |         | Yes      |       0 | NO PAD        |
| utf8mb4_sk_0900_as_cs       | utf8mb4  | 292 |         | Yes      |       0 | NO PAD        |
| utf8mb4_slovak_ci           | utf8mb4  | 237 |         | Yes      |       8 | PAD SPACE     |
| utf8mb4_slovenian_ci        | utf8mb4  | 228 |         | Yes      |       8 | PAD SPACE     |
| utf8mb4_sl_0900_ai_ci       | utf8mb4  | 260 |         | Yes      |       0 | NO PAD        |
| utf8mb4_sl_0900_as_cs       | utf8mb4  | 283 |         | Yes      |       0 | NO PAD        |
| utf8mb4_spanish2_ci         | utf8mb4  | 238 |         | Yes      |       8 | PAD SPACE     |
| utf8mb4_spanish_ci          | utf8mb4  | 231 |         | Yes      |       8 | PAD SPACE     |
| utf8mb4_sr_latn_0900_ai_ci  | utf8mb4  | 314 |         | Yes      |       0 | NO PAD        |
| utf8mb4_sr_latn_0900_as_cs  | utf8mb4  | 315 |         | Yes      |       0 | NO PAD        |
| utf8mb4_sv_0900_ai_ci       | utf8mb4  | 264 |         | Yes      |       0 | NO PAD        |
| utf8mb4_sv_0900_as_cs       | utf8mb4  | 287 |         | Yes      |       0 | NO PAD        |
| utf8mb4_swedish_ci          | utf8mb4  | 232 |         | Yes      |       8 | PAD SPACE     |
| utf8mb4_tr_0900_ai_ci       | utf8mb4  | 265 |         | Yes      |       0 | NO PAD        |
| utf8mb4_tr_0900_as_cs       | utf8mb4  | 288 |         | Yes      |       0 | NO PAD        |
| utf8mb4_turkish_ci          | utf8mb4  | 233 |         | Yes      |       8 | PAD SPACE     |
| utf8mb4_unicode_520_ci      | utf8mb4  | 246 |         | Yes      |       8 | PAD SPACE     |
| utf8mb4_unicode_ci          | utf8mb4  | 224 |         | Yes      |       8 | PAD SPACE     |
| utf8mb4_vietnamese_ci       | utf8mb4  | 247 |         | Yes      |       8 | PAD SPACE     |
| utf8mb4_vi_0900_ai_ci       | utf8mb4  | 277 |         | Yes      |       0 | NO PAD        |
| utf8mb4_vi_0900_as_cs       | utf8mb4  | 300 |         | Yes      |       0 | NO PAD        |
| utf8mb4_zh_0900_as_cs       | utf8mb4  | 308 |         | Yes      |       0 | NO PAD        |
+-----------------------------+----------+-----+---------+----------+---------+---------------+
286 rows in set (0.00 sec)

mysql> SHOW VARIABLES LIKE "c%";
+----------------------------------------------+----------------------------+
| Variable_name                                | Value                      |
+----------------------------------------------+----------------------------+
| caching_sha2_password_auto_generate_rsa_keys | ON                         |
| caching_sha2_password_digest_rounds          | 5000                       |
| caching_sha2_password_private_key_path       | private_key.pem            |
| caching_sha2_password_public_key_path        | public_key.pem             |
| character_set_client                         | utf8mb4                    |
| character_set_connection                     | utf8mb4                    |
| character_set_database                       | utf8mb4                    |
| character_set_filesystem                     | binary                     |
| character_set_results                        | utf8mb4                    |
| character_set_server                         | utf8mb4                    |
| character_set_system                         | utf8mb3                    |
| character_sets_dir                           | /usr/share/mysql/charsets/ |
| check_proxy_users                            | OFF                        |
| collation_connection                         | utf8mb4_0900_ai_ci         |
| collation_database                           | utf8mb4_0900_ai_ci         |
| collation_server                             | utf8mb4_0900_ai_ci         |
| completion_type                              | NO_CHAIN                   |
| concurrent_insert                            | AUTO                       |
| connect_timeout                              | 10                         |
| connection_memory_chunk_size                 | 8912                       |
| connection_memory_limit                      | 18446744073709551615       |
| core_file                                    | OFF                        |
| create_admin_listener_thread                 | OFF                        |
| cte_max_recursion_depth                      | 1000                       |
+----------------------------------------------+----------------------------+
24 rows in set (0.00 sec)

mysql> INSERT INTO Actors ( 
    -> FirstName, SecondName, DoB, Gender, MaritalStatus, NetworthInMillions) 
    -> VALUES ("Brad", "Pitt", "1963-12-18", "Male", "Single", 240.00);
Query OK, 1 row affected (0.01 sec)

mysql> SELECT * FROM Actors;
+----+-----------+------------+------------+--------+---------------+--------------------+
| Id | FirstName | SecondName | DoB        | Gender | MaritalStatus | NetWorthInMillions |
+----+-----------+------------+------------+--------+---------------+--------------------+
|  1 | Brad      | Pitt       | 1963-12-18 | Male   | Single        |                240 |
+----+-----------+------------+------------+--------+---------------+--------------------+
1 row in set (0.00 sec)

mysql> INSERT INTO Actors ( 
    -> FirstName, SecondName, DoB, Gender, MaritalStatus, NetworthInMillions) 
    -> 
    -> VALUES 
    -> 
    -> ("Jennifer", "Aniston", "1969-11-02", "Female", "Single", 240.00),
    -> 
    -> ("Angelina", "Jolie", "1975-06-04", "Female", "Single", 100.00),
    -> 
    -> ("Johnny", "Depp", "1963-06-09", "Male", "Single", 200.00);
Query OK, 3 rows affected (0.01 sec)
Records: 3  Duplicates: 0  Warnings: 0

mysql> SELECT * FROM Actors;
+----+-----------+------------+------------+--------+---------------+--------------------+
| Id | FirstName | SecondName | DoB        | Gender | MaritalStatus | NetWorthInMillions |
+----+-----------+------------+------------+--------+---------------+--------------------+
|  1 | Brad      | Pitt       | 1963-12-18 | Male   | Single        |                240 |
|  2 | Jennifer  | Aniston    | 1969-11-02 | Female | Single        |                240 |
|  3 | Angelina  | Jolie      | 1975-06-04 | Female | Single        |                100 |
|  4 | Johnny    | Depp       | 1963-06-09 | Male   | Single        |                200 |
+----+-----------+------------+------------+--------+---------------+--------------------+
4 rows in set (0.00 sec)

mysql> INSERT INTO Actors 
    -> VALUES (DEFAULT, "Dream", "Actress", "9999-01-01", "Female", "Single", 000.00);
Query OK, 1 row affected (0.01 sec)

mysql> SELECT * FROM Actors;
+----+-----------+------------+------------+--------+---------------+--------------------+
| Id | FirstName | SecondName | DoB        | Gender | MaritalStatus | NetWorthInMillions |
+----+-----------+------------+------------+--------+---------------+--------------------+
|  1 | Brad      | Pitt       | 1963-12-18 | Male   | Single        |                240 |
|  2 | Jennifer  | Aniston    | 1969-11-02 | Female | Single        |                240 |
|  3 | Angelina  | Jolie      | 1975-06-04 | Female | Single        |                100 |
|  4 | Johnny    | Depp       | 1963-06-09 | Male   | Single        |                200 |
|  5 | Dream     | Actress    | 9999-01-01 | Female | Single        |                  0 |
+----+-----------+------------+------------+--------+---------------+--------------------+
5 rows in set (0.00 sec)

mysql> INSERT INTO Actors VALUES (NULL, "Reclusive", "Actor", "1980-01-01", "Male", "Single", DEFAULT);
ERROR 1364 (HY000): Field 'NetWorthInMillions' doesn't have a default value
mysql> DESC Actors;
+--------------------+-----------------------------------------------+------+-----+---------+----------------+
| Field              | Type                                          | Null | Key | Default | Extra          |
+--------------------+-----------------------------------------------+------+-----+---------+----------------+
| Id                 | int                                           | NO   | PRI | NULL    | auto_increment |
| FirstName          | varchar(20)                                   | NO   |     | NULL    |                |
| SecondName         | varchar(20)                                   | NO   |     | NULL    |                |
| DoB                | date                                          | NO   |     | NULL    |                |
| Gender             | enum('Male','Female','Other')                 | NO   |     | NULL    |                |
| MaritalStatus      | enum('Married','Divorced','Single','Unknown') | YES  |     | Unknown |                |
| NetWorthInMillions | decimal(10,0)                                 | NO   |     | NULL    |                |
+--------------------+-----------------------------------------------+------+-----+---------+----------------+
7 rows in set (0.00 sec)

mysql> INSERT INTO Actors VALUES (NULL, "Reclusive", "Actor", "1980-01-01", "Male", "Single", DEFAULT);
ERROR 1364 (HY000): Field 'NetWorthInMillions' doesn't have a default value
mysql> Drop table Actors;
Query OK, 0 rows affected (0.02 sec)

mysql> CREATE TABLE Actors (
    -> FirstName VARCHAR(20),
    -> SecondName VARCHAR(20),
    -> DoB DATE,
    -> Gender ENUM('Male','Female','Other'),
    -> MaritalStatus ENUM('Married', 'Divorced', 'Single'),
    -> NetWorthInMillions DECIMAL);
Query OK, 0 rows affected (0.04 sec)

mysql> DESC Actors;
+--------------------+-------------------------------------+------+-----+---------+-------+
| Field              | Type                                | Null | Key | Default | Extra |
+--------------------+-------------------------------------+------+-----+---------+-------+
| FirstName          | varchar(20)                         | YES  |     | NULL    |       |
| SecondName         | varchar(20)                         | YES  |     | NULL    |       |
| DoB                | date                                | YES  |     | NULL    |       |
| Gender             | enum('Male','Female','Other')       | YES  |     | NULL    |       |
| MaritalStatus      | enum('Married','Divorced','Single') | YES  |     | NULL    |       |
| NetWorthInMillions | decimal(10,0)                       | YES  |     | NULL    |       |
+--------------------+-------------------------------------+------+-----+---------+-------+
6 rows in set (0.00 sec)

mysql> Drop table Actors;
Query OK, 0 rows affected (0.02 sec)

mysql> CREATE TABLE IF NOT EXISTS Actors (
    -> Id INT AUTO_INCREMENT,
    -> FirstName VARCHAR(20) NOT NULL,
    -> SecondName VARCHAR(20) NOT NULL,
    -> DoB DATE NOT NULL,
    -> Gender ENUM('Male','Female','Other') NOT NULL,
    -> MaritalStatus ENUM('Married', 'Divorced', 'Single', 'Unknown') DEFAULT "Unknown",
    -> NetWorthInMillions DECIMAL NOT NULL,
    -> PRIMARY KEY (Id));
Query OK, 0 rows affected (0.02 sec)

mysql> Drop table Actors;
Query OK, 0 rows affected (0.02 sec)

mysql> CREATE TABLE IF NOT EXISTS Actors (
    -> Id INT AUTO_INCREMENT,
    -> FirstName VARCHAR(20) NOT NULL,
    -> SecondName VARCHAR(20) NOT NULL,
    -> DoB DATE NOT NULL,
    -> Gender ENUM('Male','Female','Other') NOT NULL,
    -> MaritalStatus ENUM('Married', 'Divorced', 'Single', 'Unknown'),
    -> NetWorthInMillions DECIMAL NOT NULL,
    -> PRIMARY KEY (Id));
Query OK, 0 rows affected (0.03 sec)

mysql> DESC Actors;
+--------------------+-----------------------------------------------+------+-----+---------+----------------+
| Field              | Type                                          | Null | Key | Default | Extra          |
+--------------------+-----------------------------------------------+------+-----+---------+----------------+
| Id                 | int                                           | NO   | PRI | NULL    | auto_increment |
| FirstName          | varchar(20)                                   | NO   |     | NULL    |                |
| SecondName         | varchar(20)                                   | NO   |     | NULL    |                |
| DoB                | date                                          | NO   |     | NULL    |                |
| Gender             | enum('Male','Female','Other')                 | NO   |     | NULL    |                |
| MaritalStatus      | enum('Married','Divorced','Single','Unknown') | YES  |     | NULL    |                |
| NetWorthInMillions | decimal(10,0)                                 | NO   |     | NULL    |                |
+--------------------+-----------------------------------------------+------+-----+---------+----------------+
7 rows in set (0.00 sec)

mysql> INSERT INTO Actors ( 
    -> FirstName, SecondName, DoB, Gender, MaritalStatus, NetworthInMillions) 
    -> VALUES ("Brad", "Pitt", "1963-12-18", "Male", "Single", 240.00);
Query OK, 1 row affected (0.01 sec)

mysql> SELECT * FROM Actors;
+----+-----------+------------+------------+--------+---------------+--------------------+
| Id | FirstName | SecondName | DoB        | Gender | MaritalStatus | NetWorthInMillions |
+----+-----------+------------+------------+--------+---------------+--------------------+
|  1 | Brad      | Pitt       | 1963-12-18 | Male   | Single        |                240 |
+----+-----------+------------+------------+--------+---------------+--------------------+
1 row in set (0.00 sec)

mysql> INSERT INTO Actors ( 
    -> FirstName, SecondName, DoB, Gender, MaritalStatus, NetworthInMillions) 
    -> VALUES 
    -> ("Jennifer", "Aniston", "1969-11-02", "Female", "Single", 240.00),
    -> ("Angelina", "Jolie", "1975-06-04", "Female", "Single", 100.00),
    -> ("Johnny", "Depp", "1963-06-09", "Male", "Single", 200.00);
Query OK, 3 rows affected (0.01 sec)
Records: 3  Duplicates: 0  Warnings: 0

mysql> SELECT * FROM Actors;
+----+-----------+------------+------------+--------+---------------+--------------------+
| Id | FirstName | SecondName | DoB        | Gender | MaritalStatus | NetWorthInMillions |
+----+-----------+------------+------------+--------+---------------+--------------------+
|  1 | Brad      | Pitt       | 1963-12-18 | Male   | Single        |                240 |
|  2 | Jennifer  | Aniston    | 1969-11-02 | Female | Single        |                240 |
|  3 | Angelina  | Jolie      | 1975-06-04 | Female | Single        |                100 |
|  4 | Johnny    | Depp       | 1963-06-09 | Male   | Single        |                200 |
+----+-----------+------------+------------+--------+---------------+--------------------+
4 rows in set (0.00 sec)

mysql> INSERT INTO Actors 
    -> VALUES (DEFAULT, "Dream", "Actress", "9999-01-01", "Female", "Single", 000.00);
Query OK, 1 row affected (0.01 sec)

mysql> SELECT * FROM Actors;
+----+-----------+------------+------------+--------+---------------+--------------------+
| Id | FirstName | SecondName | DoB        | Gender | MaritalStatus | NetWorthInMillions |
+----+-----------+------------+------------+--------+---------------+--------------------+
|  1 | Brad      | Pitt       | 1963-12-18 | Male   | Single        |                240 |
|  2 | Jennifer  | Aniston    | 1969-11-02 | Female | Single        |                240 |
|  3 | Angelina  | Jolie      | 1975-06-04 | Female | Single        |                100 |
|  4 | Johnny    | Depp       | 1963-06-09 | Male   | Single        |                200 |
|  5 | Dream     | Actress    | 9999-01-01 | Female | Single        |                  0 |
+----+-----------+------------+------------+--------+---------------+--------------------+
5 rows in set (0.00 sec)

mysql> INSERT INTO Actors VALUES (NULL, "Reclusive", "Actor", "1980-01-01", "Male", "Single", DEFAULT);
ERROR 1364 (HY000): Field 'NetWorthInMillions' doesn't have a default value
mysql> DESC Actors;
+--------------------+-----------------------------------------------+------+-----+---------+----------------+
| Field              | Type                                          | Null | Key | Default | Extra          |
+--------------------+-----------------------------------------------+------+-----+---------+----------------+
| Id                 | int                                           | NO   | PRI | NULL    | auto_increment |
| FirstName          | varchar(20)                                   | NO   |     | NULL    |                |
| SecondName         | varchar(20)                                   | NO   |     | NULL    |                |
| DoB                | date                                          | NO   |     | NULL    |                |
| Gender             | enum('Male','Female','Other')                 | NO   |     | NULL    |                |
| MaritalStatus      | enum('Married','Divorced','Single','Unknown') | YES  |     | NULL    |                |
| NetWorthInMillions | decimal(10,0)                                 | NO   |     | NULL    |                |
+--------------------+-----------------------------------------------+------+-----+---------+----------------+
7 rows in set (0.00 sec)

mysql> INSERT INTO Actors VALUES (NULL, "Reclusive", "Actor", "1980-01-01", "Male", "Single", DEFAULT);
ERROR 1364 (HY000): Field 'NetWorthInMillions' doesn't have a default value
mysql> INSERT INTO Actors () VALUES ();
ERROR 1364 (HY000): Field 'FirstName' doesn't have a default value
mysql> INSERT INTO Actors SET DoB="1950-12-12", FirstName="Rajnikanth", SecondName="",  Gender="Male", NetWorthInMillions=50,  MaritalStatus="Married";
Query OK, 1 row affected (0.00 sec)

mysql> SELECT * FROM Actors;
+----+------------+------------+------------+--------+---------------+--------------------+
| Id | FirstName  | SecondName | DoB        | Gender | MaritalStatus | NetWorthInMillions |
+----+------------+------------+------------+--------+---------------+--------------------+
|  1 | Brad       | Pitt       | 1963-12-18 | Male   | Single        |                240 |
|  2 | Jennifer   | Aniston    | 1969-11-02 | Female | Single        |                240 |
|  3 | Angelina   | Jolie      | 1975-06-04 | Female | Single        |                100 |
|  4 | Johnny     | Depp       | 1963-06-09 | Male   | Single        |                200 |
|  5 | Dream      | Actress    | 9999-01-01 | Female | Single        |                  0 |
|  6 | Rajnikanth |            | 1950-12-12 | Male   | Married       |                 50 |
+----+------------+------------+------------+--------+---------------+--------------------+
6 rows in set (0.00 sec)

mysql> SELECT FirstName, SecondName from Actors;
+------------+------------+
| FirstName  | SecondName |
+------------+------------+
| Brad       | Pitt       |
| Jennifer   | Aniston    |
| Angelina   | Jolie      |
| Johnny     | Depp       |
| Dream      | Actress    |
| Rajnikanth |            |
+------------+------------+
6 rows in set (0.00 sec)

mysql> SELECT FirstName, SecondName from Actors WHERE FirstName="Travolta";
Empty set (0.00 sec)

mysql> SELECT FirstName, SecondName from Actors WHERE FirstName="Dream";
+-----------+------------+
| FirstName | SecondName |
+-----------+------------+
| Dream     | Actress    |
+-----------+------------+
1 row in set (0.00 sec)

mysql> SELECT FirstName, SecondName from Actors WHERE NetWorthInMillions > 500;
Empty set (0.00 sec)

mysql> SELECT FirstName, SecondName from Actors WHERE NetWorthInMillions > 200;
+-----------+------------+
| FirstName | SecondName |
+-----------+------------+
| Brad      | Pitt       |
| Jennifer  | Aniston    |
+-----------+------------+
2 rows in set (0.00 sec)

mysql> SELECT * from Actors WHERE FirstName LIKE "Jen%";
+----+-----------+------------+------------+--------+---------------+--------------------+
| Id | FirstName | SecondName | DoB        | Gender | MaritalStatus | NetWorthInMillions |
+----+-----------+------------+------------+--------+---------------+--------------------+
|  2 | Jennifer  | Aniston    | 1969-11-02 | Female | Single        |                240 |
+----+-----------+------------+------------+--------+---------------+--------------------+
1 row in set (0.00 sec)

mysql> SELECT * from Actors where FirstName LIKE "Jennifer%";
+----+-----------+------------+------------+--------+---------------+--------------------+
| Id | FirstName | SecondName | DoB        | Gender | MaritalStatus | NetWorthInMillions |
+----+-----------+------------+------------+--------+---------------+--------------------+
|  2 | Jennifer  | Aniston    | 1969-11-02 | Female | Single        |                240 |
+----+-----------+------------+------------+--------+---------------+--------------------+
1 row in set (0.00 sec)

mysql> SELECT * from Actors where FirstName LIKE "%";
+----+------------+------------+------------+--------+---------------+--------------------+
| Id | FirstName  | SecondName | DoB        | Gender | MaritalStatus | NetWorthInMillions |
+----+------------+------------+------------+--------+---------------+--------------------+
|  1 | Brad       | Pitt       | 1963-12-18 | Male   | Single        |                240 |
|  2 | Jennifer   | Aniston    | 1969-11-02 | Female | Single        |                240 |
|  3 | Angelina   | Jolie      | 1975-06-04 | Female | Single        |                100 |
|  4 | Johnny     | Depp       | 1963-06-09 | Male   | Single        |                200 |
|  5 | Dream      | Actress    | 9999-01-01 | Female | Single        |                  0 |
|  6 | Rajnikanth |            | 1950-12-12 | Male   | Married       |                 50 |
+----+------------+------------+------------+--------+---------------+--------------------+
6 rows in set (0.00 sec)

mysql> SELECT * from Actors WHERE FirstName LIKE "_enn%";
+----+-----------+------------+------------+--------+---------------+--------------------+
| Id | FirstName | SecondName | DoB        | Gender | MaritalStatus | NetWorthInMillions |
+----+-----------+------------+------------+--------+---------------+--------------------+
|  2 | Jennifer  | Aniston    | 1969-11-02 | Female | Single        |                240 |
+----+-----------+------------+------------+--------+---------------+--------------------+
1 row in set (0.00 sec)

mysql> SHOW DATABASES LIKE "M%";
+---------------+
| Database (M%) |
+---------------+
| MovieIndustry |
+---------------+
1 row in set (0.00 sec)

mysql> SHOW TABLES LIKE "A%";
+------------------------------+
| Tables_in_MovieIndustry (A%) |
+------------------------------+
| Actors                       |
+------------------------------+
1 row in set (0.00 sec)

mysql> SELECT * FROM Actors WHERE FirstName > "B" AND NetWorthInMillions > 200;
+----+-----------+------------+------------+--------+---------------+--------------------+
| Id | FirstName | SecondName | DoB        | Gender | MaritalStatus | NetWorthInMillions |
+----+-----------+------------+------------+--------+---------------+--------------------+
|  1 | Brad      | Pitt       | 1963-12-18 | Male   | Single        |                240 |
|  2 | Jennifer  | Aniston    | 1969-11-02 | Female | Single        |                240 |
+----+-----------+------------+------------+--------+---------------+--------------------+
2 rows in set (0.00 sec)

mysql> SELECT * FROM Actors WHERE FirstName > "B" AND NetWorthInMillions >= 200;
+----+-----------+------------+------------+--------+---------------+--------------------+
| Id | FirstName | SecondName | DoB        | Gender | MaritalStatus | NetWorthInMillions |
+----+-----------+------------+------------+--------+---------------+--------------------+
|  1 | Brad      | Pitt       | 1963-12-18 | Male   | Single        |                240 |
|  2 | Jennifer  | Aniston    | 1969-11-02 | Female | Single        |                240 |
|  4 | Johnny    | Depp       | 1963-06-09 | Male   | Single        |                200 |
+----+-----------+------------+------------+--------+---------------+--------------------+
3 rows in set (0.00 sec)

mysql> SELECT * FROM Actors WHERE FirstName > "B" OR NetWorthInMillions > 200;
+----+------------+------------+------------+--------+---------------+--------------------+
| Id | FirstName  | SecondName | DoB        | Gender | MaritalStatus | NetWorthInMillions |
+----+------------+------------+------------+--------+---------------+--------------------+
|  1 | Brad       | Pitt       | 1963-12-18 | Male   | Single        |                240 |
|  2 | Jennifer   | Aniston    | 1969-11-02 | Female | Single        |                240 |
|  4 | Johnny     | Depp       | 1963-06-09 | Male   | Single        |                200 |
|  5 | Dream      | Actress    | 9999-01-01 | Female | Single        |                  0 |
|  6 | Rajnikanth |            | 1950-12-12 | Male   | Married       |                 50 |
+----+------------+------------+------------+--------+---------------+--------------------+
5 rows in set (0.00 sec)

mysql> SELECT * FROM Actors WHERE (FirstName > 'B' AND FirstName < 'J') OR (SecondName >'I' AND SecondName < 'K');
+----+-----------+------------+------------+--------+---------------+--------------------+
| Id | FirstName | SecondName | DoB        | Gender | MaritalStatus | NetWorthInMillions |
+----+-----------+------------+------------+--------+---------------+--------------------+
|  1 | Brad      | Pitt       | 1963-12-18 | Male   | Single        |                240 |
|  3 | Angelina  | Jolie      | 1975-06-04 | Female | Single        |                100 |
|  5 | Dream     | Actress    | 9999-01-01 | Female | Single        |                  0 |
+----+-----------+------------+------------+--------+---------------+--------------------+
3 rows in set (0.00 sec)

mysql> SELECT * FROM Actors WHERE NOT(FirstName > "B" OR NetWorthInMillions > 200);
+----+-----------+------------+------------+--------+---------------+--------------------+
| Id | FirstName | SecondName | DoB        | Gender | MaritalStatus | NetWorthInMillions |
+----+-----------+------------+------------+--------+---------------+--------------------+
|  3 | Angelina  | Jolie      | 1975-06-04 | Female | Single        |                100 |
+----+-----------+------------+------------+--------+---------------+--------------------+
1 row in set (0.00 sec)

mysql> SELECT * FROM Actors WHERE NOT NetWorthInMillions = 200;
+----+------------+------------+------------+--------+---------------+--------------------+
| Id | FirstName  | SecondName | DoB        | Gender | MaritalStatus | NetWorthInMillions |
+----+------------+------------+------------+--------+---------------+--------------------+
|  1 | Brad       | Pitt       | 1963-12-18 | Male   | Single        |                240 |
|  2 | Jennifer   | Aniston    | 1969-11-02 | Female | Single        |                240 |
|  3 | Angelina   | Jolie      | 1975-06-04 | Female | Single        |                100 |
|  5 | Dream      | Actress    | 9999-01-01 | Female | Single        |                  0 |
|  6 | Rajnikanth |            | 1950-12-12 | Male   | Married       |                 50 |
+----+------------+------------+------------+--------+---------------+--------------------+
5 rows in set (0.00 sec)

mysql> SELECT * FROM Actors WHERE NOT NetWorthInMillions = 100;
+----+------------+------------+------------+--------+---------------+--------------------+
| Id | FirstName  | SecondName | DoB        | Gender | MaritalStatus | NetWorthInMillions |
+----+------------+------------+------------+--------+---------------+--------------------+
|  1 | Brad       | Pitt       | 1963-12-18 | Male   | Single        |                240 |
|  2 | Jennifer   | Aniston    | 1969-11-02 | Female | Single        |                240 |
|  4 | Johnny     | Depp       | 1963-06-09 | Male   | Single        |                200 |
|  5 | Dream      | Actress    | 9999-01-01 | Female | Single        |                  0 |
|  6 | Rajnikanth |            | 1950-12-12 | Male   | Married       |                 50 |
+----+------------+------------+------------+--------+---------------+--------------------+
5 rows in set (0.00 sec)

mysql> SELECT * FROM Actors WHERE (NOT NetWorthInMillions) = 200;
Empty set (0.00 sec)

mysql> SELECT * FROM Actors WHERE (NOT NetWorthInMillions) = 100;
Empty set (0.00 sec)

mysql> SELECT * FROM Actors WHERE FirstName > "B" XOR NetWorthInMillions > 200;
+----+------------+------------+------------+--------+---------------+--------------------+
| Id | FirstName  | SecondName | DoB        | Gender | MaritalStatus | NetWorthInMillions |
+----+------------+------------+------------+--------+---------------+--------------------+
|  4 | Johnny     | Depp       | 1963-06-09 | Male   | Single        |                200 |
|  5 | Dream      | Actress    | 9999-01-01 | Female | Single        |                  0 |
|  6 | Rajnikanth |            | 1950-12-12 | Male   | Married       |                 50 |
+----+------------+------------+------------+--------+---------------+--------------------+
3 rows in set (0.00 sec)

mysql> SELECT * FROM Actors ORDER BY FirstName;
+----+------------+------------+------------+--------+---------------+--------------------+
| Id | FirstName  | SecondName | DoB        | Gender | MaritalStatus | NetWorthInMillions |
+----+------------+------------+------------+--------+---------------+--------------------+
|  3 | Angelina   | Jolie      | 1975-06-04 | Female | Single        |                100 |
|  1 | Brad       | Pitt       | 1963-12-18 | Male   | Single        |                240 |
|  5 | Dream      | Actress    | 9999-01-01 | Female | Single        |                  0 |
|  2 | Jennifer   | Aniston    | 1969-11-02 | Female | Single        |                240 |
|  4 | Johnny     | Depp       | 1963-06-09 | Male   | Single        |                200 |
|  6 | Rajnikanth |            | 1950-12-12 | Male   | Married       |                 50 |
+----+------------+------------+------------+--------+---------------+--------------------+
6 rows in set (0.00 sec)

mysql> SELECT * FROM Actors ORDER BY FirstName DESC;
+----+------------+------------+------------+--------+---------------+--------------------+
| Id | FirstName  | SecondName | DoB        | Gender | MaritalStatus | NetWorthInMillions |
+----+------------+------------+------------+--------+---------------+--------------------+
|  6 | Rajnikanth |            | 1950-12-12 | Male   | Married       |                 50 |
|  4 | Johnny     | Depp       | 1963-06-09 | Male   | Single        |                200 |
|  2 | Jennifer   | Aniston    | 1969-11-02 | Female | Single        |                240 |
|  5 | Dream      | Actress    | 9999-01-01 | Female | Single        |                  0 |
|  1 | Brad       | Pitt       | 1963-12-18 | Male   | Single        |                240 |
|  3 | Angelina   | Jolie      | 1975-06-04 | Female | Single        |                100 |
+----+------------+------------+------------+--------+---------------+--------------------+
6 rows in set (0.00 sec)

mysql> SELECT * FROM Actors ORDER BY NetWorthInMillions, FirstName;
+----+------------+------------+------------+--------+---------------+--------------------+
| Id | FirstName  | SecondName | DoB        | Gender | MaritalStatus | NetWorthInMillions |
+----+------------+------------+------------+--------+---------------+--------------------+
|  5 | Dream      | Actress    | 9999-01-01 | Female | Single        |                  0 |
|  6 | Rajnikanth |            | 1950-12-12 | Male   | Married       |                 50 |
|  3 | Angelina   | Jolie      | 1975-06-04 | Female | Single        |                100 |
|  4 | Johnny     | Depp       | 1963-06-09 | Male   | Single        |                200 |
|  1 | Brad       | Pitt       | 1963-12-18 | Male   | Single        |                240 |
|  2 | Jennifer   | Aniston    | 1969-11-02 | Female | Single        |                240 |
+----+------------+------------+------------+--------+---------------+--------------------+
6 rows in set (0.00 sec)

mysql> SELECT * FROM Actors ORDER BY NetWorthInMillions, SecondName;
+----+------------+------------+------------+--------+---------------+--------------------+
| Id | FirstName  | SecondName | DoB        | Gender | MaritalStatus | NetWorthInMillions |
+----+------------+------------+------------+--------+---------------+--------------------+
|  5 | Dream      | Actress    | 9999-01-01 | Female | Single        |                  0 |
|  6 | Rajnikanth |            | 1950-12-12 | Male   | Married       |                 50 |
|  3 | Angelina   | Jolie      | 1975-06-04 | Female | Single        |                100 |
|  4 | Johnny     | Depp       | 1963-06-09 | Male   | Single        |                200 |
|  2 | Jennifer   | Aniston    | 1969-11-02 | Female | Single        |                240 |
|  1 | Brad       | Pitt       | 1963-12-18 | Male   | Single        |                240 |
+----+------------+------------+------------+--------+---------------+--------------------+
6 rows in set (0.00 sec)

mysql> SELECT * FROM Actors ORDER BY NetWorthInMillions DESC, FirstName ASC;
+----+------------+------------+------------+--------+---------------+--------------------+
| Id | FirstName  | SecondName | DoB        | Gender | MaritalStatus | NetWorthInMillions |
+----+------------+------------+------------+--------+---------------+--------------------+
|  1 | Brad       | Pitt       | 1963-12-18 | Male   | Single        |                240 |
|  2 | Jennifer   | Aniston    | 1969-11-02 | Female | Single        |                240 |
|  4 | Johnny     | Depp       | 1963-06-09 | Male   | Single        |                200 |
|  3 | Angelina   | Jolie      | 1975-06-04 | Female | Single        |                100 |
|  6 | Rajnikanth |            | 1950-12-12 | Male   | Married       |                 50 |
|  5 | Dream      | Actress    | 9999-01-01 | Female | Single        |                  0 |
+----+------------+------------+------------+--------+---------------+--------------------+
6 rows in set (0.00 sec)

mysql> SELECT * FROM Actors ORDER BY BINARY FirstName;
+----+------------+------------+------------+--------+---------------+--------------------+
| Id | FirstName  | SecondName | DoB        | Gender | MaritalStatus | NetWorthInMillions |
+----+------------+------------+------------+--------+---------------+--------------------+
|  3 | Angelina   | Jolie      | 1975-06-04 | Female | Single        |                100 |
|  1 | Brad       | Pitt       | 1963-12-18 | Male   | Single        |                240 |
|  5 | Dream      | Actress    | 9999-01-01 | Female | Single        |                  0 |
|  2 | Jennifer   | Aniston    | 1969-11-02 | Female | Single        |                240 |
|  4 | Johnny     | Depp       | 1963-06-09 | Male   | Single        |                200 |
|  6 | Rajnikanth |            | 1950-12-12 | Male   | Married       |                 50 |
+----+------------+------------+------------+--------+---------------+--------------------+
6 rows in set, 1 warning (0.01 sec)

mysql> SELECT * FROM Actors ORDER BY NetWorthInMillions;
+----+------------+------------+------------+--------+---------------+--------------------+
| Id | FirstName  | SecondName | DoB        | Gender | MaritalStatus | NetWorthInMillions |
+----+------------+------------+------------+--------+---------------+--------------------+
|  5 | Dream      | Actress    | 9999-01-01 | Female | Single        |                  0 |
|  6 | Rajnikanth |            | 1950-12-12 | Male   | Married       |                 50 |
|  3 | Angelina   | Jolie      | 1975-06-04 | Female | Single        |                100 |
|  4 | Johnny     | Depp       | 1963-06-09 | Male   | Single        |                200 |
|  1 | Brad       | Pitt       | 1963-12-18 | Male   | Single        |                240 |
|  2 | Jennifer   | Aniston    | 1969-11-02 | Female | Single        |                240 |
+----+------------+------------+------------+--------+---------------+--------------------+
6 rows in set (0.00 sec)

mysql> SELECT * FROM Actors ORDER BY CAST(NetWorthInMillions AS CHAR);
+----+------------+------------+------------+--------+---------------+--------------------+
| Id | FirstName  | SecondName | DoB        | Gender | MaritalStatus | NetWorthInMillions |
+----+------------+------------+------------+--------+---------------+--------------------+
|  5 | Dream      | Actress    | 9999-01-01 | Female | Single        |                  0 |
|  3 | Angelina   | Jolie      | 1975-06-04 | Female | Single        |                100 |
|  4 | Johnny     | Depp       | 1963-06-09 | Male   | Single        |                200 |
|  1 | Brad       | Pitt       | 1963-12-18 | Male   | Single        |                240 |
|  2 | Jennifer   | Aniston    | 1969-11-02 | Female | Single        |                240 |
|  6 | Rajnikanth |            | 1950-12-12 | Male   | Married       |                 50 |
+----+------------+------------+------------+--------+---------------+--------------------+
6 rows in set (0.00 sec)

mysql> SELECT FirstName, SecondName from Actors ORDER BY NetWorthInMillions DESC LIMIT 3;
+-----------+------------+
| FirstName | SecondName |
+-----------+------------+
| Brad      | Pitt       |
| Jennifer  | Aniston    |
| Johnny    | Depp       |
+-----------+------------+
3 rows in set (0.00 sec)

mysql> SELECT FirstName, SecondName from Actors ORDER BY NetWorthInMillions DESC LIMIT 4 OFFSET 3;
+------------+------------+
| FirstName  | SecondName |
+------------+------------+
| Angelina   | Jolie      |
| Rajnikanth |            |
| Dream      | Actress    |
+------------+------------+
3 rows in set (0.00 sec)

mysql> SELECT FirstName, SecondName from Actors ORDER BY NetWorthInMillions DESC LIMIT 3,4;
+------------+------------+
| FirstName  | SecondName |
+------------+------------+
| Angelina   | Jolie      |
| Rajnikanth |            |
| Dream      | Actress    |
+------------+------------+
3 rows in set (0.00 sec)

mysql> SELECT FirstName, SecondName from Actors ORDER BY NetWorthInMillions DESC LIMIT 18446744073709551616;
ERROR 1064 (42000): You have an error in your SQL syntax; check the manual that corresponds to your MySQL server version for the right syntax to use near '18446744073709551616' at line 1
mysql> SELECT FirstName, SecondName from Actors ORDER BY NetWorthInMillions DESC LIMIT 18446744;
+------------+------------+
| FirstName  | SecondName |
+------------+------------+
| Brad       | Pitt       |
| Jennifer   | Aniston    |
| Johnny     | Depp       |
| Angelina   | Jolie      |
| Rajnikanth |            |
| Dream      | Actress    |
+------------+------------+
6 rows in set (0.00 sec)

mysql> SELECT FirstName, SecondName from Actors ORDER BY NetWorthInMillions DESC LIMIT 18;
+------------+------------+
| FirstName  | SecondName |
+------------+------------+
| Brad       | Pitt       |
| Jennifer   | Aniston    |
| Johnny     | Depp       |
| Angelina   | Jolie      |
| Rajnikanth |            |
| Dream      | Actress    |
+------------+------------+
6 rows in set (0.00 sec)

mysql> SELECT FirstName, SecondName from Actors ORDER BY NetWorthInMillions DESC LIMIT 2;
+-----------+------------+
| FirstName | SecondName |
+-----------+------------+
| Jennifer  | Aniston    |
| Brad      | Pitt       |
+-----------+------------+
2 rows in set (0.00 sec)

mysql> select * from Actors;
+----+------------+------------+------------+--------+---------------+--------------------+
| Id | FirstName  | SecondName | DoB        | Gender | MaritalStatus | NetWorthInMillions |
+----+------------+------------+------------+--------+---------------+--------------------+
|  1 | Brad       | Pitt       | 1963-12-18 | Male   | Single        |                240 |
|  2 | Jennifer   | Aniston    | 1969-11-02 | Female | Single        |                240 |
|  3 | Angelina   | Jolie      | 1975-06-04 | Female | Single        |                100 |
|  4 | Johnny     | Depp       | 1963-06-09 | Male   | Single        |                200 |
|  5 | Dream      | Actress    | 9999-01-01 | Female | Single        |                  0 |
|  6 | Rajnikanth |            | 1950-12-12 | Male   | Married       |                 50 |
+----+------------+------------+------------+--------+---------------+--------------------+
6 rows in set (0.00 sec)

mysql> DELETE FROM Actors WHERE FirstName="Dream";
Query OK, 1 row affected (0.01 sec)

mysql> select * from Actors;
+----+------------+------------+------------+--------+---------------+--------------------+
| Id | FirstName  | SecondName | DoB        | Gender | MaritalStatus | NetWorthInMillions |
+----+------------+------------+------------+--------+---------------+--------------------+
|  1 | Brad       | Pitt       | 1963-12-18 | Male   | Single        |                240 |
|  2 | Jennifer   | Aniston    | 1969-11-02 | Female | Single        |                240 |
|  3 | Angelina   | Jolie      | 1975-06-04 | Female | Single        |                100 |
|  4 | Johnny     | Depp       | 1963-06-09 | Male   | Single        |                200 |
|  6 | Rajnikanth |            | 1950-12-12 | Male   | Married       |                 50 |
+----+------------+------------+------------+--------+---------------+--------------------+
5 rows in set (0.00 sec)

mysql> DELETE FROM Actors ORDER BY NetWorthInMillions DESC LIMIT 2;
Query OK, 2 rows affected (0.02 sec)

mysql> select * from Actors;
+----+------------+------------+------------+--------+---------------+--------------------+
| Id | FirstName  | SecondName | DoB        | Gender | MaritalStatus | NetWorthInMillions |
+----+------------+------------+------------+--------+---------------+--------------------+
|  3 | Angelina   | Jolie      | 1975-06-04 | Female | Single        |                100 |
|  4 | Johnny     | Depp       | 1963-06-09 | Male   | Single        |                200 |
|  6 | Rajnikanth |            | 1950-12-12 | Male   | Married       |                 50 |
+----+------------+------------+------------+--------+---------------+--------------------+
3 rows in set (0.00 sec)

mysql> DELETE FROM Actors WHERE Gender="Female";
Query OK, 1 row affected (0.01 sec)

mysql> select * from Actors;
+----+------------+------------+------------+--------+---------------+--------------------+
| Id | FirstName  | SecondName | DoB        | Gender | MaritalStatus | NetWorthInMillions |
+----+------------+------------+------------+--------+---------------+--------------------+
|  4 | Johnny     | Depp       | 1963-06-09 | Male   | Single        |                200 |
|  6 | Rajnikanth |            | 1950-12-12 | Male   | Married       |                 50 |
+----+------------+------------+------------+--------+---------------+--------------------+
2 rows in set (0.00 sec)

mysql> DELETE FROM Actors;
Query OK, 2 rows affected (0.00 sec)

mysql> select * from Actors;
Empty set (0.00 sec)

mysql> INSERT INTO Actors ( 
    -> FirstName, SecondName, DoB, Gender, MaritalStatus, NetworthInMillions) 
    -> VALUES ("Brad", "Pitt", "1963-12-18", "Male", "Single", 240.00);
Query OK, 1 row affected (0.01 sec)

mysql> 
mysql> -- Query 2
mysql> INSERT INTO Actors ( 
    -> FirstName, SecondName, DoB, Gender, MaritalStatus, NetworthInMillions) 
    -> VALUES 
    -> ("Jennifer", "Aniston", "1969-11-02", "Female", "Single", 240.00),
    -> ("Angelina", "Jolie", "1975-06-04", "Female", "Single", 100.00),
    -> ("Johnny", "Depp", "1963-06-09", "Male", "Single", 200.00);INSERT INTO Actors ( 
Query OK, 3 rows affected (0.01 sec)
Records: 3  Duplicates: 0  Warnings: 0

    -> FirstName, SecondName, DoB, Gender, MaritalStatus, NetworthInMillions) 
    -> VALUES ("Brad", "Pitt", "1963-12-18", "Male", "Single", 240.00);
Query OK, 1 row affected (0.00 sec)

mysql> 
mysql> -- Query 2
mysql> INSERT INTO Actors ( 
    -> FirstName, SecondName, DoB, Gender, MaritalStatus, NetworthInMillions) 
    -> VALUES 
    -> ("Jennifer", "Aniston", "1969-11-02", "Female", "Single", 240.00),
    -> ("Angelina", "Jolie", "1975-06-04", "Female", "Single", 100.00),
    -> FirstName, SecondName, DoB, Gender, MaritalStatus, NetworthInMillions);
ERROR 1064 (42000): You have an error in your SQL syntax; check the manual that corresponds to your MySQL server version for the right syntax to use near 'FirstName, SecondName, DoB, Gender, MaritalStatus, NetworthInMillions)' at line 6
mysql> select * from Actors;
+----+-----------+------------+------------+--------+---------------+--------------------+
| Id | FirstName | SecondName | DoB        | Gender | MaritalStatus | NetWorthInMillions |
+----+-----------+------------+------------+--------+---------------+--------------------+
|  7 | Brad      | Pitt       | 1963-12-18 | Male   | Single        |                240 |
|  8 | Jennifer  | Aniston    | 1969-11-02 | Female | Single        |                240 |
|  9 | Angelina  | Jolie      | 1975-06-04 | Female | Single        |                100 |
| 10 | Johnny    | Depp       | 1963-06-09 | Male   | Single        |                200 |
| 11 | Brad      | Pitt       | 1963-12-18 | Male   | Single        |                240 |
+----+-----------+------------+------------+--------+---------------+--------------------+
5 rows in set (0.00 sec)

mysql> INSERT INTO Actors ( 
    -> FirstName, SecondName, DoB, Gender, MaritalStatus, NetworthInMillions) 
    -> VALUES 
    -> VALUES (DEFAULT, "Dream", "Actress", "9999-01-01", "Female", "Single", 000.00);
ERROR 1064 (42000): You have an error in your SQL syntax; check the manual that corresponds to your MySQL server version for the right syntax to use near 'VALUES (DEFAULT, "Dream", "Actress", "9999-01-01", "Female", "Single", 000.00)' at line 4
mysql> truncate Actors;
Query OK, 0 rows affected (0.05 sec)

mysql> select * from Actors;
Empty set (0.00 sec)

mysql> INSERT INTO Actors ( 
    -> FirstName, SecondName, DoB, Gender, MaritalStatus, NetworthInMillions) 
    -> VALUES ("Brad", "Pitt", "1963-12-18", "Male", "Single", 240.00);
Query OK, 1 row affected (0.01 sec)

mysql> INSERT INTO Actors ( 
    -> FirstName, SecondName, DoB, Gender, MaritalStatus, NetworthInMillions) 
    -> VALUES 
    -> ("Jennifer", "Aniston", "1969-11-02", "Female", "Single", 240.00),
    -> ("Angelina", "Jolie", "1975-06-04", "Female", "Single", 100.00),
    -> ("Johnny", "Depp", "1963-06-09", "Male", "Single", 200.00);
Query OK, 3 rows affected (0.01 sec)
Records: 3  Duplicates: 0  Warnings: 0

mysql> INSERT INTO Actors 
    -> VALUES (DEFAULT, "Dream", "Actress", "9999-01-01", "Female", "Single", 000.00);
Query OK, 1 row affected (0.01 sec)

mysql> INSERT INTO Actors VALUES ("Reclusive", "Actor", "1980-01-01", "Male", "Single",150.00);
ERROR 1136 (21S01): Column count doesn't match value count at row 1
mysql> INSERT INTO Actors VALUES (NULL,"Reclusive", "Actor", "1980-01-01", "Male", "Single",150.00);
Query OK, 1 row affected (0.01 sec)

mysql> select * from Actors;
+----+-----------+------------+------------+--------+---------------+--------------------+
| Id | FirstName | SecondName | DoB        | Gender | MaritalStatus | NetWorthInMillions |
+----+-----------+------------+------------+--------+---------------+--------------------+
|  1 | Brad      | Pitt       | 1963-12-18 | Male   | Single        |                240 |
|  2 | Jennifer  | Aniston    | 1969-11-02 | Female | Single        |                240 |
|  3 | Angelina  | Jolie      | 1975-06-04 | Female | Single        |                100 |
|  4 | Johnny    | Depp       | 1963-06-09 | Male   | Single        |                200 |
|  5 | Dream     | Actress    | 9999-01-01 | Female | Single        |                  0 |
|  6 | Reclusive | Actor      | 1980-01-01 | Male   | Single        |                150 |
+----+-----------+------------+------------+--------+---------------+--------------------+
6 rows in set (0.00 sec)

mysql> INSERT INTO Actors SET DoB="1950-12-12", FirstName="Rajnikanth", SecondName="",  Gender="Male", NetWorthInMillions=50,  MaritalStatus="Married";
Query OK, 1 row affected (0.00 sec)

mysql> select * from Actors;
+----+------------+------------+------------+--------+---------------+--------------------+
| Id | FirstName  | SecondName | DoB        | Gender | MaritalStatus | NetWorthInMillions |
+----+------------+------------+------------+--------+---------------+--------------------+
|  1 | Brad       | Pitt       | 1963-12-18 | Male   | Single        |                240 |
|  2 | Jennifer   | Aniston    | 1969-11-02 | Female | Single        |                240 |
|  3 | Angelina   | Jolie      | 1975-06-04 | Female | Single        |                100 |
|  4 | Johnny     | Depp       | 1963-06-09 | Male   | Single        |                200 |
|  5 | Dream      | Actress    | 9999-01-01 | Female | Single        |                  0 |
|  6 | Reclusive  | Actor      | 1980-01-01 | Male   | Single        |                150 |
|  7 | Rajnikanth |            | 1950-12-12 | Male   | Married       |                 50 |
+----+------------+------------+------------+--------+---------------+--------------------+
7 rows in set (0.00 sec)

mysql> INSERT INTO Actors SET DoB="1950-02-22", FirstName="Rishi", SecondName="Kapoor",  Gender="Male", NetWorthInMillions=250,  MaritalStatus="Married";
Query OK, 1 row affected (0.03 sec)

mysql> select * from Actors;
+----+------------+------------+------------+--------+---------------+--------------------+
| Id | FirstName  | SecondName | DoB        | Gender | MaritalStatus | NetWorthInMillions |
+----+------------+------------+------------+--------+---------------+--------------------+
|  1 | Brad       | Pitt       | 1963-12-18 | Male   | Single        |                240 |
|  2 | Jennifer   | Aniston    | 1969-11-02 | Female | Single        |                240 |
|  3 | Angelina   | Jolie      | 1975-06-04 | Female | Single        |                100 |
|  4 | Johnny     | Depp       | 1963-06-09 | Male   | Single        |                200 |
|  5 | Dream      | Actress    | 9999-01-01 | Female | Single        |                  0 |
|  6 | Reclusive  | Actor      | 1980-01-01 | Male   | Single        |                150 |
|  7 | Rajnikanth |            | 1950-12-12 | Male   | Married       |                 50 |
|  8 | Rishi      | Kapoor     | 1950-02-22 | Male   | Married       |                250 |
+----+------------+------------+------------+--------+---------------+--------------------+
8 rows in set (0.00 sec)

mysql> INSERT INTO Actors SET DoB="1950-02-22", FirstName="Hritik", SecondName="Roshan",  Gender="Male", NetWorthInMillions=220,  MaritalStatus="Married";
Query OK, 1 row affected (0.01 sec)

mysql> select * from Actors;
+----+------------+------------+------------+--------+---------------+--------------------+
| Id | FirstName  | SecondName | DoB        | Gender | MaritalStatus | NetWorthInMillions |
+----+------------+------------+------------+--------+---------------+--------------------+
|  1 | Brad       | Pitt       | 1963-12-18 | Male   | Single        |                240 |
|  2 | Jennifer   | Aniston    | 1969-11-02 | Female | Single        |                240 |
|  3 | Angelina   | Jolie      | 1975-06-04 | Female | Single        |                100 |
|  4 | Johnny     | Depp       | 1963-06-09 | Male   | Single        |                200 |
|  5 | Dream      | Actress    | 9999-01-01 | Female | Single        |                  0 |
|  6 | Reclusive  | Actor      | 1980-01-01 | Male   | Single        |                150 |
|  7 | Rajnikanth |            | 1950-12-12 | Male   | Married       |                 50 |
|  8 | Rishi      | Kapoor     | 1950-02-22 | Male   | Married       |                250 |
|  9 | Hritik     | Roshan     | 1950-02-22 | Male   | Married       |                220 |
+----+------------+------------+------------+--------+---------------+--------------------+
9 rows in set (0.00 sec)

mysql> INSERT INTO Actors SET DoB="1958-06-11", FirstName="Madhuri", SecondName="Dixit",  Gender="Female", NetWorthInMillions=180,  MaritalStatus="Married";
Query OK, 1 row affected (0.01 sec)

mysql> select * from Actors;
+----+------------+------------+------------+--------+---------------+--------------------+
| Id | FirstName  | SecondName | DoB        | Gender | MaritalStatus | NetWorthInMillions |
+----+------------+------------+------------+--------+---------------+--------------------+
|  1 | Brad       | Pitt       | 1963-12-18 | Male   | Single        |                240 |
|  2 | Jennifer   | Aniston    | 1969-11-02 | Female | Single        |                240 |
|  3 | Angelina   | Jolie      | 1975-06-04 | Female | Single        |                100 |
|  4 | Johnny     | Depp       | 1963-06-09 | Male   | Single        |                200 |
|  5 | Dream      | Actress    | 9999-01-01 | Female | Single        |                  0 |
|  6 | Reclusive  | Actor      | 1980-01-01 | Male   | Single        |                150 |
|  7 | Rajnikanth |            | 1950-12-12 | Male   | Married       |                 50 |
|  8 | Rishi      | Kapoor     | 1950-02-22 | Male   | Married       |                250 |
|  9 | Hritik     | Roshan     | 1950-02-22 | Male   | Married       |                220 |
| 10 | Madhuri    | Dixit      | 1958-06-11 | Female | Married       |                180 |
+----+------------+------------+------------+--------+---------------+--------------------+
10 rows in set (0.00 sec)

mysql> UPDATE Actors SET NetWorthInMillions=1;
Query OK, 10 rows affected (0.00 sec)
Rows matched: 10  Changed: 10  Warnings: 0

mysql> select * from Actors;
+----+------------+------------+------------+--------+---------------+--------------------+
| Id | FirstName  | SecondName | DoB        | Gender | MaritalStatus | NetWorthInMillions |
+----+------------+------------+------------+--------+---------------+--------------------+
|  1 | Brad       | Pitt       | 1963-12-18 | Male   | Single        |                  1 |
|  2 | Jennifer   | Aniston    | 1969-11-02 | Female | Single        |                  1 |
|  3 | Angelina   | Jolie      | 1975-06-04 | Female | Single        |                  1 |
|  4 | Johnny     | Depp       | 1963-06-09 | Male   | Single        |                  1 |
|  5 | Dream      | Actress    | 9999-01-01 | Female | Single        |                  1 |
|  6 | Reclusive  | Actor      | 1980-01-01 | Male   | Single        |                  1 |
|  7 | Rajnikanth |            | 1950-12-12 | Male   | Married       |                  1 |
|  8 | Rishi      | Kapoor     | 1950-02-22 | Male   | Married       |                  1 |
|  9 | Hritik     | Roshan     | 1950-02-22 | Male   | Married       |                  1 |
| 10 | Madhuri    | Dixit      | 1958-06-11 | Female | Married       |                  1 |
+----+------------+------------+------------+--------+---------------+--------------------+
10 rows in set (0.00 sec)

mysql> UPDATE Actors SET NetWorthInMillions=50 ORDER BY FirstName LIMIT 3;
Query OK, 3 rows affected (0.01 sec)
Rows matched: 3  Changed: 3  Warnings: 0

mysql> select * from Actors;
+----+------------+------------+------------+--------+---------------+--------------------+
| Id | FirstName  | SecondName | DoB        | Gender | MaritalStatus | NetWorthInMillions |
+----+------------+------------+------------+--------+---------------+--------------------+
|  1 | Brad       | Pitt       | 1963-12-18 | Male   | Single        |                 50 |
|  2 | Jennifer   | Aniston    | 1969-11-02 | Female | Single        |                  1 |
|  3 | Angelina   | Jolie      | 1975-06-04 | Female | Single        |                 50 |
|  4 | Johnny     | Depp       | 1963-06-09 | Male   | Single        |                  1 |
|  5 | Dream      | Actress    | 9999-01-01 | Female | Single        |                 50 |
|  6 | Reclusive  | Actor      | 1980-01-01 | Male   | Single        |                  1 |
|  7 | Rajnikanth |            | 1950-12-12 | Male   | Married       |                  1 |
|  8 | Rishi      | Kapoor     | 1950-02-22 | Male   | Married       |                  1 |
|  9 | Hritik     | Roshan     | 1950-02-22 | Male   | Married       |                  1 |
| 10 | Madhuri    | Dixit      | 1958-06-11 | Female | Married       |                  1 |
+----+------------+------------+------------+--------+---------------+--------------------+
10 rows in set (0.00 sec)

mysql> UPDATE Actors SET NetWorthInMillions=100, MaritalStatus="Single";
Query OK, 10 rows affected (0.00 sec)
Rows matched: 10  Changed: 10  Warnings: 0

mysql> select * from Actors;
+----+------------+------------+------------+--------+---------------+--------------------+
| Id | FirstName  | SecondName | DoB        | Gender | MaritalStatus | NetWorthInMillions |
+----+------------+------------+------------+--------+---------------+--------------------+
|  1 | Brad       | Pitt       | 1963-12-18 | Male   | Single        |                100 |
|  2 | Jennifer   | Aniston    | 1969-11-02 | Female | Single        |                100 |
|  3 | Angelina   | Jolie      | 1975-06-04 | Female | Single        |                100 |
|  4 | Johnny     | Depp       | 1963-06-09 | Male   | Single        |                100 |
|  5 | Dream      | Actress    | 9999-01-01 | Female | Single        |                100 |
|  6 | Reclusive  | Actor      | 1980-01-01 | Male   | Single        |                100 |
|  7 | Rajnikanth |            | 1950-12-12 | Male   | Single        |                100 |
|  8 | Rishi      | Kapoor     | 1950-02-22 | Male   | Single        |                100 |
|  9 | Hritik     | Roshan     | 1950-02-22 | Male   | Single        |                100 |
| 10 | Madhuri    | Dixit      | 1958-06-11 | Female | Single        |                100 |
+----+------------+------------+------------+--------+---------------+--------------------+
10 rows in set (0.01 sec)

mysql> SHOW INDEX FROM Actors;
+--------+------------+----------+--------------+-------------+-----------+-------------+----------+--------+------+------------+---------+---------------+---------+------------+
| Table  | Non_unique | Key_name | Seq_in_index | Column_name | Collation | Cardinality | Sub_part | Packed | Null | Index_type | Comment | Index_comment | Visible | Expression |
+--------+------------+----------+--------------+-------------+-----------+-------------+----------+--------+------+------------+---------+---------------+---------+------------+
| Actors |          0 | PRIMARY  |            1 | Id          | A         |           8 |     NULL |   NULL |      | BTREE      |         |               | YES     | NULL       |
+--------+------------+----------+--------------+-------------+-----------+-------------+----------+--------+------+------------+---------+---------------+---------+------------+
1 row in set (0.02 sec)

mysql> ANALYZE TABLE Actors;
+----------------------+---------+----------+----------+
| Table                | Op      | Msg_type | Msg_text |
+----------------------+---------+----------+----------+
| MovieIndustry.Actors | analyze | status   | OK       |
+----------------------+---------+----------+----------+
1 row in set (0.02 sec)

mysql> SHOW INDEX FROM Actors;
+--------+------------+----------+--------------+-------------+-----------+-------------+----------+--------+------+------------+---------+---------------+---------+------------+
| Table  | Non_unique | Key_name | Seq_in_index | Column_name | Collation | Cardinality | Sub_part | Packed | Null | Index_type | Comment | Index_comment | Visible | Expression |
+--------+------------+----------+--------------+-------------+-----------+-------------+----------+--------+------+------------+---------+---------------+---------+------------+
| Actors |          0 | PRIMARY  |            1 | Id          | A         |          10 |     NULL |   NULL |      | BTREE      |         |               | YES     | NULL       |
+--------+------------+----------+--------------+-------------+-----------+-------------+----------+--------+------+------------+---------+---------------+---------+------------+
1 row in set (0.00 sec)

mysql> select * from Actors;
+----+------------+------------+------------+--------+---------------+--------------------+
| Id | FirstName  | SecondName | DoB        | Gender | MaritalStatus | NetWorthInMillions |
+----+------------+------------+------------+--------+---------------+--------------------+
|  1 | Brad       | Pitt       | 1963-12-18 | Male   | Single        |                100 |
|  2 | Jennifer   | Aniston    | 1969-11-02 | Female | Single        |                100 |
|  3 | Angelina   | Jolie      | 1975-06-04 | Female | Single        |                100 |
|  4 | Johnny     | Depp       | 1963-06-09 | Male   | Single        |                100 |
|  5 | Dream      | Actress    | 9999-01-01 | Female | Single        |                100 |
|  6 | Reclusive  | Actor      | 1980-01-01 | Male   | Single        |                100 |
|  7 | Rajnikanth |            | 1950-12-12 | Male   | Single        |                100 |
|  8 | Rishi      | Kapoor     | 1950-02-22 | Male   | Single        |                100 |
|  9 | Hritik     | Roshan     | 1950-02-22 | Male   | Single        |                100 |
| 10 | Madhuri    | Dixit      | 1958-06-11 | Female | Single        |                100 |
+----+------------+------------+------------+--------+---------------+--------------------+
10 rows in set (0.00 sec)

mysql> INSERT INTO Actors (Id, FirstName, SecondName,DoB, Gender, MaritalStatus, NetWorthInMillions) VALUES (15, "First","Row", "1999-01-01", "Male", "Single",0.00);
Query OK, 1 row affected (0.01 sec)

mysql> INSERT INTO Actors (Id, FirstName, SecondName,DoB, Gender, MaritalStatus, NetWorthInMillions) VALUES (13, "Second","Row", "1999-01-01", "Male", "Single",0.00);
Query OK, 1 row affected (0.01 sec)

mysql> INSERT INTO Actors (Id, FirstName, SecondName,DoB, Gender, MaritalStatus, NetWorthInMillions) VALUES (12, "Third","Row", "1999-01-01", "Male", "Single",0.00);
Query OK, 1 row affected (0.01 sec)

mysql> select * from Actors;
+----+------------+------------+------------+--------+---------------+--------------------+
| Id | FirstName  | SecondName | DoB        | Gender | MaritalStatus | NetWorthInMillions |
+----+------------+------------+------------+--------+---------------+--------------------+
|  1 | Brad       | Pitt       | 1963-12-18 | Male   | Single        |                100 |
|  2 | Jennifer   | Aniston    | 1969-11-02 | Female | Single        |                100 |
|  3 | Angelina   | Jolie      | 1975-06-04 | Female | Single        |                100 |
|  4 | Johnny     | Depp       | 1963-06-09 | Male   | Single        |                100 |
|  5 | Dream      | Actress    | 9999-01-01 | Female | Single        |                100 |
|  6 | Reclusive  | Actor      | 1980-01-01 | Male   | Single        |                100 |
|  7 | Rajnikanth |            | 1950-12-12 | Male   | Single        |                100 |
|  8 | Rishi      | Kapoor     | 1950-02-22 | Male   | Single        |                100 |
|  9 | Hritik     | Roshan     | 1950-02-22 | Male   | Single        |                100 |
| 10 | Madhuri    | Dixit      | 1958-06-11 | Female | Single        |                100 |
| 12 | Third      | Row        | 1999-01-01 | Male   | Single        |                  0 |
| 13 | Second     | Row        | 1999-01-01 | Male   | Single        |                  0 |
| 15 | First      | Row        | 1999-01-01 | Male   | Single        |                  0 |
+----+------------+------------+------------+--------+---------------+--------------------+
13 rows in set (0.00 sec)

mysql> INSERT INTO Actors (Id, FirstName, SecondName,DoB, Gender, MaritalStatus, NetWorthInMillions) VALUES (11, "Fourth","Row", "1999-01-01", "Male", "Single",0.00);
Query OK, 1 row affected (0.02 sec)

mysql> select * from Actors;
+----+------------+------------+------------+--------+---------------+--------------------+
| Id | FirstName  | SecondName | DoB        | Gender | MaritalStatus | NetWorthInMillions |
+----+------------+------------+------------+--------+---------------+--------------------+
|  1 | Brad       | Pitt       | 1963-12-18 | Male   | Single        |                100 |
|  2 | Jennifer   | Aniston    | 1969-11-02 | Female | Single        |                100 |
|  3 | Angelina   | Jolie      | 1975-06-04 | Female | Single        |                100 |
|  4 | Johnny     | Depp       | 1963-06-09 | Male   | Single        |                100 |
|  5 | Dream      | Actress    | 9999-01-01 | Female | Single        |                100 |
|  6 | Reclusive  | Actor      | 1980-01-01 | Male   | Single        |                100 |
|  7 | Rajnikanth |            | 1950-12-12 | Male   | Single        |                100 |
|  8 | Rishi      | Kapoor     | 1950-02-22 | Male   | Single        |                100 |
|  9 | Hritik     | Roshan     | 1950-02-22 | Male   | Single        |                100 |
| 10 | Madhuri    | Dixit      | 1958-06-11 | Female | Single        |                100 |
| 11 | Fourth     | Row        | 1999-01-01 | Male   | Single        |                  0 |
| 12 | Third      | Row        | 1999-01-01 | Male   | Single        |                  0 |
| 13 | Second     | Row        | 1999-01-01 | Male   | Single        |                  0 |
| 15 | First      | Row        | 1999-01-01 | Male   | Single        |                  0 |
+----+------------+------------+------------+--------+---------------+--------------------+
14 rows in set (0.00 sec)

mysql> SHOW ENGINES;
+--------------------+---------+----------------------------------------------------------------+--------------+------+------------+
| Engine             | Support | Comment                                                        | Transactions | XA   | Savepoints |
+--------------------+---------+----------------------------------------------------------------+--------------+------+------------+
| ARCHIVE            | YES     | Archive storage engine                                         | NO           | NO   | NO         |
| BLACKHOLE          | YES     | /dev/null storage engine (anything you write to it disappears) | NO           | NO   | NO         |
| MRG_MYISAM         | YES     | Collection of identical MyISAM tables                          | NO           | NO   | NO         |
| FEDERATED          | NO      | Federated MySQL storage engine                                 | NULL         | NULL | NULL       |
| MyISAM             | YES     | MyISAM storage engine                                          | NO           | NO   | NO         |
| PERFORMANCE_SCHEMA | YES     | Performance Schema                                             | NO           | NO   | NO         |
| InnoDB             | DEFAULT | Supports transactions, row-level locking, and foreign keys     | YES          | YES  | YES        |
| MEMORY             | YES     | Hash based, stored in memory, useful for temporary tables      | NO           | NO   | NO         |
| CSV                | YES     | CSV storage engine                                             | NO           | NO   | NO         |
+--------------------+---------+----------------------------------------------------------------+--------------+------+------------+
9 rows in set (0.00 sec)

mysql> DESC Actors;
+--------------------+-----------------------------------------------+------+-----+---------+----------------+
| Field              | Type                                          | Null | Key | Default | Extra          |
+--------------------+-----------------------------------------------+------+-----+---------+----------------+
| Id                 | int                                           | NO   | PRI | NULL    | auto_increment |
| FirstName          | varchar(20)                                   | NO   |     | NULL    |                |
| SecondName         | varchar(20)                                   | NO   |     | NULL    |                |
| DoB                | date                                          | NO   |     | NULL    |                |
| Gender             | enum('Male','Female','Other')                 | NO   |     | NULL    |                |
| MaritalStatus      | enum('Married','Divorced','Single','Unknown') | YES  |     | NULL    |                |
| NetWorthInMillions | decimal(10,0)                                 | NO   |     | NULL    |                |
+--------------------+-----------------------------------------------+------+-----+---------+----------------+
7 rows in set (0.00 sec)

mysql> ALTER TABLE Actors CHANGE FirstName First_Name varchar(120);
Query OK, 14 rows affected (0.05 sec)
Records: 14  Duplicates: 0  Warnings: 0

mysql> DESC Actors;
+--------------------+-----------------------------------------------+------+-----+---------+----------------+
| Field              | Type                                          | Null | Key | Default | Extra          |
+--------------------+-----------------------------------------------+------+-----+---------+----------------+
| Id                 | int                                           | NO   | PRI | NULL    | auto_increment |
| First_Name         | varchar(120)                                  | YES  |     | NULL    |                |
| SecondName         | varchar(20)                                   | NO   |     | NULL    |                |
| DoB                | date                                          | NO   |     | NULL    |                |
| Gender             | enum('Male','Female','Other')                 | NO   |     | NULL    |                |
| MaritalStatus      | enum('Married','Divorced','Single','Unknown') | YES  |     | NULL    |                |
| NetWorthInMillions | decimal(10,0)                                 | NO   |     | NULL    |                |
+--------------------+-----------------------------------------------+------+-----+---------+----------------+
7 rows in set (0.00 sec)

mysql> ALTER TABLE Actors MODIFY First_Name varchar(20) DEFAULT "Anonymous";
Query OK, 14 rows affected (0.07 sec)
Records: 14  Duplicates: 0  Warnings: 0

mysql> DESC Actors;
+--------------------+-----------------------------------------------+------+-----+-----------+----------------+
| Field              | Type                                          | Null | Key | Default   | Extra          |
+--------------------+-----------------------------------------------+------+-----+-----------+----------------+
| Id                 | int                                           | NO   | PRI | NULL      | auto_increment |
| First_Name         | varchar(20)                                   | YES  |     | Anonymous |                |
| SecondName         | varchar(20)                                   | NO   |     | NULL      |                |
| DoB                | date                                          | NO   |     | NULL      |                |
| Gender             | enum('Male','Female','Other')                 | NO   |     | NULL      |                |
| MaritalStatus      | enum('Married','Divorced','Single','Unknown') | YES  |     | NULL      |                |
| NetWorthInMillions | decimal(10,0)                                 | NO   |     | NULL      |                |
+--------------------+-----------------------------------------------+------+-----+-----------+----------------+
7 rows in set (0.00 sec)

mysql> ALTER TABLE Actors MODIFY First_Name varchar(300);
Query OK, 14 rows affected (0.05 sec)
Records: 14  Duplicates: 0  Warnings: 0

mysql> DESC Actors;
+--------------------+-----------------------------------------------+------+-----+---------+----------------+
| Field              | Type                                          | Null | Key | Default | Extra          |
+--------------------+-----------------------------------------------+------+-----+---------+----------------+
| Id                 | int                                           | NO   | PRI | NULL    | auto_increment |
| First_Name         | varchar(300)                                  | YES  |     | NULL    |                |
| SecondName         | varchar(20)                                   | NO   |     | NULL    |                |
| DoB                | date                                          | NO   |     | NULL    |                |
| Gender             | enum('Male','Female','Other')                 | NO   |     | NULL    |                |
| MaritalStatus      | enum('Married','Divorced','Single','Unknown') | YES  |     | NULL    |                |
| NetWorthInMillions | decimal(10,0)                                 | NO   |     | NULL    |                |
+--------------------+-----------------------------------------------+------+-----+---------+----------------+
7 rows in set (0.00 sec)

mysql> ALTER TABLE Actors ADD MiddleName varchar(100);
Query OK, 0 rows affected (0.01 sec)
Records: 0  Duplicates: 0  Warnings: 0

mysql> DESC Actors;
+--------------------+-----------------------------------------------+------+-----+---------+----------------+
| Field              | Type                                          | Null | Key | Default | Extra          |
+--------------------+-----------------------------------------------+------+-----+---------+----------------+
| Id                 | int                                           | NO   | PRI | NULL    | auto_increment |
| First_Name         | varchar(300)                                  | YES  |     | NULL    |                |
| SecondName         | varchar(20)                                   | NO   |     | NULL    |                |
| DoB                | date                                          | NO   |     | NULL    |                |
| Gender             | enum('Male','Female','Other')                 | NO   |     | NULL    |                |
| MaritalStatus      | enum('Married','Divorced','Single','Unknown') | YES  |     | NULL    |                |
| NetWorthInMillions | decimal(10,0)                                 | NO   |     | NULL    |                |
| MiddleName         | varchar(100)                                  | YES  |     | NULL    |                |
+--------------------+-----------------------------------------------+------+-----+---------+----------------+
8 rows in set (0.00 sec)

mysql> select * from Actors;
+----+------------+------------+------------+--------+---------------+--------------------+------------+
| Id | First_Name | SecondName | DoB        | Gender | MaritalStatus | NetWorthInMillions | MiddleName |
+----+------------+------------+------------+--------+---------------+--------------------+------------+
|  1 | Brad       | Pitt       | 1963-12-18 | Male   | Single        |                100 | NULL       |
|  2 | Jennifer   | Aniston    | 1969-11-02 | Female | Single        |                100 | NULL       |
|  3 | Angelina   | Jolie      | 1975-06-04 | Female | Single        |                100 | NULL       |
|  4 | Johnny     | Depp       | 1963-06-09 | Male   | Single        |                100 | NULL       |
|  5 | Dream      | Actress    | 9999-01-01 | Female | Single        |                100 | NULL       |
|  6 | Reclusive  | Actor      | 1980-01-01 | Male   | Single        |                100 | NULL       |
|  7 | Rajnikanth |            | 1950-12-12 | Male   | Single        |                100 | NULL       |
|  8 | Rishi      | Kapoor     | 1950-02-22 | Male   | Single        |                100 | NULL       |
|  9 | Hritik     | Roshan     | 1950-02-22 | Male   | Single        |                100 | NULL       |
| 10 | Madhuri    | Dixit      | 1958-06-11 | Female | Single        |                100 | NULL       |
| 11 | Fourth     | Row        | 1999-01-01 | Male   | Single        |                  0 | NULL       |
| 12 | Third      | Row        | 1999-01-01 | Male   | Single        |                  0 | NULL       |
| 13 | Second     | Row        | 1999-01-01 | Male   | Single        |                  0 | NULL       |
| 15 | First      | Row        | 1999-01-01 | Male   | Single        |                  0 | NULL       |
+----+------------+------------+------------+--------+---------------+--------------------+------------+
14 rows in set (0.00 sec)

mysql> ALTER TABLE Actors DROP MiddleName;
Query OK, 0 rows affected (0.02 sec)
Records: 0  Duplicates: 0  Warnings: 0

mysql> select * from Actors;
+----+------------+------------+------------+--------+---------------+--------------------+
| Id | First_Name | SecondName | DoB        | Gender | MaritalStatus | NetWorthInMillions |
+----+------------+------------+------------+--------+---------------+--------------------+
|  1 | Brad       | Pitt       | 1963-12-18 | Male   | Single        |                100 |
|  2 | Jennifer   | Aniston    | 1969-11-02 | Female | Single        |                100 |
|  3 | Angelina   | Jolie      | 1975-06-04 | Female | Single        |                100 |
|  4 | Johnny     | Depp       | 1963-06-09 | Male   | Single        |                100 |
|  5 | Dream      | Actress    | 9999-01-01 | Female | Single        |                100 |
|  6 | Reclusive  | Actor      | 1980-01-01 | Male   | Single        |                100 |
|  7 | Rajnikanth |            | 1950-12-12 | Male   | Single        |                100 |
|  8 | Rishi      | Kapoor     | 1950-02-22 | Male   | Single        |                100 |
|  9 | Hritik     | Roshan     | 1950-02-22 | Male   | Single        |                100 |
| 10 | Madhuri    | Dixit      | 1958-06-11 | Female | Single        |                100 |
| 11 | Fourth     | Row        | 1999-01-01 | Male   | Single        |                  0 |
| 12 | Third      | Row        | 1999-01-01 | Male   | Single        |                  0 |
| 13 | Second     | Row        | 1999-01-01 | Male   | Single        |                  0 |
| 15 | First      | Row        | 1999-01-01 | Male   | Single        |                  0 |
+----+------------+------------+------------+--------+---------------+--------------------+
14 rows in set (0.00 sec)

mysql> DESC Actors;
+--------------------+-----------------------------------------------+------+-----+---------+----------------+
| Field              | Type                                          | Null | Key | Default | Extra          |
+--------------------+-----------------------------------------------+------+-----+---------+----------------+
| Id                 | int                                           | NO   | PRI | NULL    | auto_increment |
| First_Name         | varchar(300)                                  | YES  |     | NULL    |                |
| SecondName         | varchar(20)                                   | NO   |     | NULL    |                |
| DoB                | date                                          | NO   |     | NULL    |                |
| Gender             | enum('Male','Female','Other')                 | NO   |     | NULL    |                |
| MaritalStatus      | enum('Married','Divorced','Single','Unknown') | YES  |     | NULL    |                |
| NetWorthInMillions | decimal(10,0)                                 | NO   |     | NULL    |                |
+--------------------+-----------------------------------------------+------+-----+---------+----------------+
7 rows in set (0.00 sec)

mysql> ALTER TABLE Actors ADD MiddleName varchar(100) FIRST;
Query OK, 0 rows affected (0.02 sec)
Records: 0  Duplicates: 0  Warnings: 0

mysql> DESC Actors;
+--------------------+-----------------------------------------------+------+-----+---------+----------------+
| Field              | Type                                          | Null | Key | Default | Extra          |
+--------------------+-----------------------------------------------+------+-----+---------+----------------+
| MiddleName         | varchar(100)                                  | YES  |     | NULL    |                |
| Id                 | int                                           | NO   | PRI | NULL    | auto_increment |
| First_Name         | varchar(300)                                  | YES  |     | NULL    |                |
| SecondName         | varchar(20)                                   | NO   |     | NULL    |                |
| DoB                | date                                          | NO   |     | NULL    |                |
| Gender             | enum('Male','Female','Other')                 | NO   |     | NULL    |                |
| MaritalStatus      | enum('Married','Divorced','Single','Unknown') | YES  |     | NULL    |                |
| NetWorthInMillions | decimal(10,0)                                 | NO   |     | NULL    |                |
+--------------------+-----------------------------------------------+------+-----+---------+----------------+
8 rows in set (0.00 sec)

mysql> select * from Actors;
+------------+----+------------+------------+------------+--------+---------------+--------------------+
| MiddleName | Id | First_Name | SecondName | DoB        | Gender | MaritalStatus | NetWorthInMillions |
+------------+----+------------+------------+------------+--------+---------------+--------------------+
| NULL       |  1 | Brad       | Pitt       | 1963-12-18 | Male   | Single        |                100 |
| NULL       |  2 | Jennifer   | Aniston    | 1969-11-02 | Female | Single        |                100 |
| NULL       |  3 | Angelina   | Jolie      | 1975-06-04 | Female | Single        |                100 |
| NULL       |  4 | Johnny     | Depp       | 1963-06-09 | Male   | Single        |                100 |
| NULL       |  5 | Dream      | Actress    | 9999-01-01 | Female | Single        |                100 |
| NULL       |  6 | Reclusive  | Actor      | 1980-01-01 | Male   | Single        |                100 |
| NULL       |  7 | Rajnikanth |            | 1950-12-12 | Male   | Single        |                100 |
| NULL       |  8 | Rishi      | Kapoor     | 1950-02-22 | Male   | Single        |                100 |
| NULL       |  9 | Hritik     | Roshan     | 1950-02-22 | Male   | Single        |                100 |
| NULL       | 10 | Madhuri    | Dixit      | 1958-06-11 | Female | Single        |                100 |
| NULL       | 11 | Fourth     | Row        | 1999-01-01 | Male   | Single        |                  0 |
| NULL       | 12 | Third      | Row        | 1999-01-01 | Male   | Single        |                  0 |
| NULL       | 13 | Second     | Row        | 1999-01-01 | Male   | Single        |                  0 |
| NULL       | 15 | First      | Row        | 1999-01-01 | Male   | Single        |                  0 |
+------------+----+------------+------------+------------+--------+---------------+--------------------+
14 rows in set (0.00 sec)

mysql> ALTER TABLE Actors DROP MiddleName;
Query OK, 0 rows affected (0.01 sec)
Records: 0  Duplicates: 0  Warnings: 0

mysql> select * from Actors;
+----+------------+------------+------------+--------+---------------+--------------------+
| Id | First_Name | SecondName | DoB        | Gender | MaritalStatus | NetWorthInMillions |
+----+------------+------------+------------+--------+---------------+--------------------+
|  1 | Brad       | Pitt       | 1963-12-18 | Male   | Single        |                100 |
|  2 | Jennifer   | Aniston    | 1969-11-02 | Female | Single        |                100 |
|  3 | Angelina   | Jolie      | 1975-06-04 | Female | Single        |                100 |
|  4 | Johnny     | Depp       | 1963-06-09 | Male   | Single        |                100 |
|  5 | Dream      | Actress    | 9999-01-01 | Female | Single        |                100 |
|  6 | Reclusive  | Actor      | 1980-01-01 | Male   | Single        |                100 |
|  7 | Rajnikanth |            | 1950-12-12 | Male   | Single        |                100 |
|  8 | Rishi      | Kapoor     | 1950-02-22 | Male   | Single        |                100 |
|  9 | Hritik     | Roshan     | 1950-02-22 | Male   | Single        |                100 |
| 10 | Madhuri    | Dixit      | 1958-06-11 | Female | Single        |                100 |
| 11 | Fourth     | Row        | 1999-01-01 | Male   | Single        |                  0 |
| 12 | Third      | Row        | 1999-01-01 | Male   | Single        |                  0 |
| 13 | Second     | Row        | 1999-01-01 | Male   | Single        |                  0 |
| 15 | First      | Row        | 1999-01-01 | Male   | Single        |                  0 |
+----+------------+------------+------------+--------+---------------+--------------------+
14 rows in set (0.00 sec)

mysql> DESC Actors;
+--------------------+-----------------------------------------------+------+-----+---------+----------------+
| Field              | Type                                          | Null | Key | Default | Extra          |
+--------------------+-----------------------------------------------+------+-----+---------+----------------+
| Id                 | int                                           | NO   | PRI | NULL    | auto_increment |
| First_Name         | varchar(300)                                  | YES  |     | NULL    |                |
| SecondName         | varchar(20)                                   | NO   |     | NULL    |                |
| DoB                | date                                          | NO   |     | NULL    |                |
| Gender             | enum('Male','Female','Other')                 | NO   |     | NULL    |                |
| MaritalStatus      | enum('Married','Divorced','Single','Unknown') | YES  |     | NULL    |                |
| NetWorthInMillions | decimal(10,0)                                 | NO   |     | NULL    |                |
+--------------------+-----------------------------------------------+------+-----+---------+----------------+
7 rows in set (0.00 sec)

mysql> ALTER TABLE Actors ADD MiddleName varchar(100) AFTER DoB;
Query OK, 0 rows affected (0.02 sec)
Records: 0  Duplicates: 0  Warnings: 0

mysql> DESC Actors;
+--------------------+-----------------------------------------------+------+-----+---------+----------------+
| Field              | Type                                          | Null | Key | Default | Extra          |
+--------------------+-----------------------------------------------+------+-----+---------+----------------+
| Id                 | int                                           | NO   | PRI | NULL    | auto_increment |
| First_Name         | varchar(300)                                  | YES  |     | NULL    |                |
| SecondName         | varchar(20)                                   | NO   |     | NULL    |                |
| DoB                | date                                          | NO   |     | NULL    |                |
| MiddleName         | varchar(100)                                  | YES  |     | NULL    |                |
| Gender             | enum('Male','Female','Other')                 | NO   |     | NULL    |                |
| MaritalStatus      | enum('Married','Divorced','Single','Unknown') | YES  |     | NULL    |                |
| NetWorthInMillions | decimal(10,0)                                 | NO   |     | NULL    |                |
+--------------------+-----------------------------------------------+------+-----+---------+----------------+
8 rows in set (0.00 sec)

mysql> ALTER TABLE Actors DROP MiddleName, ADD Middle_Name AFTER SecondName varchar(100);
ERROR 1064 (42000): You have an error in your SQL syntax; check the manual that corresponds to your MySQL server version for the right syntax to use near 'AFTER SecondName varchar(100)' at line 1
mysql> ALTER TABLE Actors DROP MiddleName, ADD Middle_Name varchar(100);
Query OK, 0 rows affected (0.02 sec)
Records: 0  Duplicates: 0  Warnings: 0

mysql> DESC Actors;
+--------------------+-----------------------------------------------+------+-----+---------+----------------+
| Field              | Type                                          | Null | Key | Default | Extra          |
+--------------------+-----------------------------------------------+------+-----+---------+----------------+
| Id                 | int                                           | NO   | PRI | NULL    | auto_increment |
| First_Name         | varchar(300)                                  | YES  |     | NULL    |                |
| SecondName         | varchar(20)                                   | NO   |     | NULL    |                |
| DoB                | date                                          | NO   |     | NULL    |                |
| Gender             | enum('Male','Female','Other')                 | NO   |     | NULL    |                |
| MaritalStatus      | enum('Married','Divorced','Single','Unknown') | YES  |     | NULL    |                |
| NetWorthInMillions | decimal(10,0)                                 | NO   |     | NULL    |                |
| Middle_Name        | varchar(100)                                  | YES  |     | NULL    |                |
+--------------------+-----------------------------------------------+------+-----+---------+----------------+
8 rows in set (0.01 sec)

mysql> ALTER TABLE Actors DROP MiddleName, ADD Middle_Name varchar(100) AFTER SecondName;
ERROR 1091 (42000): Can't DROP 'MiddleName'; check that column/key exists
mysql> ALTER TABLE Actors DROP Middle_Name, ADD MiddleName varchar(100) AFTER SecondName;
Query OK, 0 rows affected (0.04 sec)
Records: 0  Duplicates: 0  Warnings: 0

mysql> DESC Actors;
+--------------------+-----------------------------------------------+------+-----+---------+----------------+
| Field              | Type                                          | Null | Key | Default | Extra          |
+--------------------+-----------------------------------------------+------+-----+---------+----------------+
| Id                 | int                                           | NO   | PRI | NULL    | auto_increment |
| First_Name         | varchar(300)                                  | YES  |     | NULL    |                |
| SecondName         | varchar(20)                                   | NO   |     | NULL    |                |
| MiddleName         | varchar(100)                                  | YES  |     | NULL    |                |
| DoB                | date                                          | NO   |     | NULL    |                |
| Gender             | enum('Male','Female','Other')                 | NO   |     | NULL    |                |
| MaritalStatus      | enum('Married','Divorced','Single','Unknown') | YES  |     | NULL    |                |
| NetWorthInMillions | decimal(10,0)                                 | NO   |     | NULL    |                |
+--------------------+-----------------------------------------------+------+-----+---------+----------------+
8 rows in set (0.00 sec)

mysql> ALTER TABLE Actors DROP SecondName, ADD LastName varchar(100) AFTER SecondName;
ERROR 1054 (42S22): Unknown column 'SecondName' in 'Actors'
mysql> ALTER TABLE Actors DROP SecondName, ADD LastName varchar(100) BEFORE DoB;
ERROR 1064 (42000): You have an error in your SQL syntax; check the manual that corresponds to your MySQL server version for the right syntax to use near 'BEFORE DoB' at line 1
mysql> DESC Actors;
+--------------------+-----------------------------------------------+------+-----+---------+----------------+
| Field              | Type                                          | Null | Key | Default | Extra          |
+--------------------+-----------------------------------------------+------+-----+---------+----------------+
| Id                 | int                                           | NO   | PRI | NULL    | auto_increment |
| First_Name         | varchar(300)                                  | YES  |     | NULL    |                |
| SecondName         | varchar(20)                                   | NO   |     | NULL    |                |
| MiddleName         | varchar(100)                                  | YES  |     | NULL    |                |
| DoB                | date                                          | NO   |     | NULL    |                |
| Gender             | enum('Male','Female','Other')                 | NO   |     | NULL    |                |
| MaritalStatus      | enum('Married','Divorced','Single','Unknown') | YES  |     | NULL    |                |
| NetWorthInMillions | decimal(10,0)                                 | NO   |     | NULL    |                |
+--------------------+-----------------------------------------------+------+-----+---------+----------------+
8 rows in set (0.01 sec)

mysql> ALTER TABLE Actors DROP SecondName;
Query OK, 0 rows affected (0.04 sec)
Records: 0  Duplicates: 0  Warnings: 0

mysql> DESC Actors;
+--------------------+-----------------------------------------------+------+-----+---------+----------------+
| Field              | Type                                          | Null | Key | Default | Extra          |
+--------------------+-----------------------------------------------+------+-----+---------+----------------+
| Id                 | int                                           | NO   | PRI | NULL    | auto_increment |
| First_Name         | varchar(300)                                  | YES  |     | NULL    |                |
| MiddleName         | varchar(100)                                  | YES  |     | NULL    |                |
| DoB                | date                                          | NO   |     | NULL    |                |
| Gender             | enum('Male','Female','Other')                 | NO   |     | NULL    |                |
| MaritalStatus      | enum('Married','Divorced','Single','Unknown') | YES  |     | NULL    |                |
| NetWorthInMillions | decimal(10,0)                                 | NO   |     | NULL    |                |
+--------------------+-----------------------------------------------+------+-----+---------+----------------+
7 rows in set (0.00 sec)

mysql> ALTER TABLE Actors ADD LastName varchar(20) AFTER MiddleName;
Query OK, 0 rows affected (0.02 sec)
Records: 0  Duplicates: 0  Warnings: 0

mysql> DESC Actors;
+--------------------+-----------------------------------------------+------+-----+---------+----------------+
| Field              | Type                                          | Null | Key | Default | Extra          |
+--------------------+-----------------------------------------------+------+-----+---------+----------------+
| Id                 | int                                           | NO   | PRI | NULL    | auto_increment |
| First_Name         | varchar(300)                                  | YES  |     | NULL    |                |
| MiddleName         | varchar(100)                                  | YES  |     | NULL    |                |
| LastName           | varchar(20)                                   | YES  |     | NULL    |                |
| DoB                | date                                          | NO   |     | NULL    |                |
| Gender             | enum('Male','Female','Other')                 | NO   |     | NULL    |                |
| MaritalStatus      | enum('Married','Divorced','Single','Unknown') | YES  |     | NULL    |                |
| NetWorthInMillions | decimal(10,0)                                 | NO   |     | NULL    |                |
+--------------------+-----------------------------------------------+------+-----+---------+----------------+
8 rows in set (0.00 sec)

mysql> select * from Actors;
+----+------------+------------+----------+------------+--------+---------------+--------------------+
| Id | First_Name | MiddleName | LastName | DoB        | Gender | MaritalStatus | NetWorthInMillions |
+----+------------+------------+----------+------------+--------+---------------+--------------------+
|  1 | Brad       | NULL       | NULL     | 1963-12-18 | Male   | Single        |                100 |
|  2 | Jennifer   | NULL       | NULL     | 1969-11-02 | Female | Single        |                100 |
|  3 | Angelina   | NULL       | NULL     | 1975-06-04 | Female | Single        |                100 |
|  4 | Johnny     | NULL       | NULL     | 1963-06-09 | Male   | Single        |                100 |
|  5 | Dream      | NULL       | NULL     | 9999-01-01 | Female | Single        |                100 |
|  6 | Reclusive  | NULL       | NULL     | 1980-01-01 | Male   | Single        |                100 |
|  7 | Rajnikanth | NULL       | NULL     | 1950-12-12 | Male   | Single        |                100 |
|  8 | Rishi      | NULL       | NULL     | 1950-02-22 | Male   | Single        |                100 |
|  9 | Hritik     | NULL       | NULL     | 1950-02-22 | Male   | Single        |                100 |
| 10 | Madhuri    | NULL       | NULL     | 1958-06-11 | Female | Single        |                100 |
| 11 | Fourth     | NULL       | NULL     | 1999-01-01 | Male   | Single        |                  0 |
| 12 | Third      | NULL       | NULL     | 1999-01-01 | Male   | Single        |                  0 |
| 13 | Second     | NULL       | NULL     | 1999-01-01 | Male   | Single        |                  0 |
| 15 | First      | NULL       | NULL     | 1999-01-01 | Male   | Single        |                  0 |
+----+------------+------------+----------+------------+--------+---------------+--------------------+
14 rows in set (0.00 sec)

mysql> ALTER TABLE Actors ADD INDEX nameIndex (FirstName);
ERROR 1072 (42000): Key column 'FirstName' doesn't exist in table
mysql> ALTER TABLE Actors ADD INDEX nameIndex (First_Name);
Query OK, 0 rows affected (0.03 sec)
Records: 0  Duplicates: 0  Warnings: 0

mysql> select * from Actors;
+----+------------+------------+----------+------------+--------+---------------+--------------------+
| Id | First_Name | MiddleName | LastName | DoB        | Gender | MaritalStatus | NetWorthInMillions |
+----+------------+------------+----------+------------+--------+---------------+--------------------+
|  1 | Brad       | NULL       | NULL     | 1963-12-18 | Male   | Single        |                100 |
|  2 | Jennifer   | NULL       | NULL     | 1969-11-02 | Female | Single        |                100 |
|  3 | Angelina   | NULL       | NULL     | 1975-06-04 | Female | Single        |                100 |
|  4 | Johnny     | NULL       | NULL     | 1963-06-09 | Male   | Single        |                100 |
|  5 | Dream      | NULL       | NULL     | 9999-01-01 | Female | Single        |                100 |
|  6 | Reclusive  | NULL       | NULL     | 1980-01-01 | Male   | Single        |                100 |
|  7 | Rajnikanth | NULL       | NULL     | 1950-12-12 | Male   | Single        |                100 |
|  8 | Rishi      | NULL       | NULL     | 1950-02-22 | Male   | Single        |                100 |
|  9 | Hritik     | NULL       | NULL     | 1950-02-22 | Male   | Single        |                100 |
| 10 | Madhuri    | NULL       | NULL     | 1958-06-11 | Female | Single        |                100 |
| 11 | Fourth     | NULL       | NULL     | 1999-01-01 | Male   | Single        |                  0 |
| 12 | Third      | NULL       | NULL     | 1999-01-01 | Male   | Single        |                  0 |
| 13 | Second     | NULL       | NULL     | 1999-01-01 | Male   | Single        |                  0 |
| 15 | First      | NULL       | NULL     | 1999-01-01 | Male   | Single        |                  0 |
+----+------------+------------+----------+------------+--------+---------------+--------------------+
14 rows in set (0.00 sec)

mysql> ALTER TABLE Actors DROP INDEX nameIndex;
Query OK, 0 rows affected (0.01 sec)
Records: 0  Duplicates: 0  Warnings: 0

mysql> select * from Actors;
+----+------------+------------+----------+------------+--------+---------------+--------------------+
| Id | First_Name | MiddleName | LastName | DoB        | Gender | MaritalStatus | NetWorthInMillions |
+----+------------+------------+----------+------------+--------+---------------+--------------------+
|  1 | Brad       | NULL       | NULL     | 1963-12-18 | Male   | Single        |                100 |
|  2 | Jennifer   | NULL       | NULL     | 1969-11-02 | Female | Single        |                100 |
|  3 | Angelina   | NULL       | NULL     | 1975-06-04 | Female | Single        |                100 |
|  4 | Johnny     | NULL       | NULL     | 1963-06-09 | Male   | Single        |                100 |
|  5 | Dream      | NULL       | NULL     | 9999-01-01 | Female | Single        |                100 |
|  6 | Reclusive  | NULL       | NULL     | 1980-01-01 | Male   | Single        |                100 |
|  7 | Rajnikanth | NULL       | NULL     | 1950-12-12 | Male   | Single        |                100 |
|  8 | Rishi      | NULL       | NULL     | 1950-02-22 | Male   | Single        |                100 |
|  9 | Hritik     | NULL       | NULL     | 1950-02-22 | Male   | Single        |                100 |
| 10 | Madhuri    | NULL       | NULL     | 1958-06-11 | Female | Single        |                100 |
| 11 | Fourth     | NULL       | NULL     | 1999-01-01 | Male   | Single        |                  0 |
| 12 | Third      | NULL       | NULL     | 1999-01-01 | Male   | Single        |                  0 |
| 13 | Second     | NULL       | NULL     | 1999-01-01 | Male   | Single        |                  0 |
| 15 | First      | NULL       | NULL     | 1999-01-01 | Male   | Single        |                  0 |
+----+------------+------------+----------+------------+--------+---------------+--------------------+
14 rows in set (0.00 sec)

mysql> Desc Actors;
+--------------------+-----------------------------------------------+------+-----+---------+----------------+
| Field              | Type                                          | Null | Key | Default | Extra          |
+--------------------+-----------------------------------------------+------+-----+---------+----------------+
| Id                 | int                                           | NO   | PRI | NULL    | auto_increment |
| First_Name         | varchar(300)                                  | YES  |     | NULL    |                |
| MiddleName         | varchar(100)                                  | YES  |     | NULL    |                |
| LastName           | varchar(20)                                   | YES  |     | NULL    |                |
| DoB                | date                                          | NO   |     | NULL    |                |
| Gender             | enum('Male','Female','Other')                 | NO   |     | NULL    |                |
| MaritalStatus      | enum('Married','Divorced','Single','Unknown') | YES  |     | NULL    |                |
| NetWorthInMillions | decimal(10,0)                                 | NO   |     | NULL    |                |
+--------------------+-----------------------------------------------+------+-----+---------+----------------+
8 rows in set (0.00 sec)

mysql> ALTER TABLE Actors DROP PRIMARY KEY;
ERROR 1075 (42000): Incorrect table definition; there can be only one auto column and it must be defined as a key
mysql> 
mysql> 
mysql> CREATE TABLE Movies (Name VARCHAR(100), Released DATE, PRIMARY KEY (Name));
Query OK, 0 rows affected (0.03 sec)

mysql> Desc Movies;
+----------+--------------+------+-----+---------+-------+
| Field    | Type         | Null | Key | Default | Extra |
+----------+--------------+------+-----+---------+-------+
| Name     | varchar(100) | NO   | PRI | NULL    |       |
| Released | date         | YES  |     | NULL    |       |
+----------+--------------+------+-----+---------+-------+
2 rows in set (0.00 sec)

mysql> ALTER TABLE Movies DROP PRIMARY KEY;
Query OK, 0 rows affected (0.04 sec)
Records: 0  Duplicates: 0  Warnings: 0

mysql> Desc Movies;
+----------+--------------+------+-----+---------+-------+
| Field    | Type         | Null | Key | Default | Extra |
+----------+--------------+------+-----+---------+-------+
| Name     | varchar(100) | NO   |     | NULL    |       |
| Released | date         | YES  |     | NULL    |       |
+----------+--------------+------+-----+---------+-------+
2 rows in set (0.00 sec)

mysql> ALTER TABLE Movies ADD PRIMARY KEY (Released);
Query OK, 0 rows affected (0.04 sec)
Records: 0  Duplicates: 0  Warnings: 0

mysql> Desc Movies;
+----------+--------------+------+-----+---------+-------+
| Field    | Type         | Null | Key | Default | Extra |
+----------+--------------+------+-----+---------+-------+
| Name     | varchar(100) | NO   |     | NULL    |       |
| Released | date         | NO   | PRI | NULL    |       |
+----------+--------------+------+-----+---------+-------+
2 rows in set (0.00 sec)

mysql> ALTER TABLE Actors RENAME ActorsTable;
Query OK, 0 rows affected (0.03 sec)

mysql> Desc Actors;
ERROR 1146 (42S02): Table 'MovieIndustry.Actors' doesn't exist
mysql> 
mysql> 
mysql> Desc ActorsTable;
+--------------------+-----------------------------------------------+------+-----+---------+----------------+
| Field              | Type                                          | Null | Key | Default | Extra          |
+--------------------+-----------------------------------------------+------+-----+---------+----------------+
| Id                 | int                                           | NO   | PRI | NULL    | auto_increment |
| First_Name         | varchar(300)                                  | YES  |     | NULL    |                |
| MiddleName         | varchar(100)                                  | YES  |     | NULL    |                |
| LastName           | varchar(20)                                   | YES  |     | NULL    |                |
| DoB                | date                                          | NO   |     | NULL    |                |
| Gender             | enum('Male','Female','Other')                 | NO   |     | NULL    |                |
| MaritalStatus      | enum('Married','Divorced','Single','Unknown') | YES  |     | NULL    |                |
| NetWorthInMillions | decimal(10,0)                                 | NO   |     | NULL    |                |
+--------------------+-----------------------------------------------+------+-----+---------+----------------+
8 rows in set (0.01 sec)

mysql> DROP TABLE IF EXISTS Movies;
Query OK, 0 rows affected (0.02 sec)

mysql> Desc Movies;
ERROR 1146 (42S02): Table 'MovieIndustry.Movies' doesn't exist
mysql> 
mysql> SELECT First_Name AS PopularName from Actors;
ERROR 1146 (42S02): Table 'MovieIndustry.Actors' doesn't exist
mysql> ALTER TABLE ActorsTable RENAME Actors;
Query OK, 0 rows affected (0.02 sec)

mysql> SELECT First_Name AS PopularName from Actors;
+-------------+
| PopularName |
+-------------+
| Brad        |
| Jennifer    |
| Angelina    |
| Johnny      |
| Dream       |
| Reclusive   |
| Rajnikanth  |
| Rishi       |
| Hritik      |
| Madhuri     |
| Fourth      |
| Third       |
| Second      |
| First       |
+-------------+
14 rows in set (0.00 sec)

mysql> SELECT CONCAT(FirstName,' ', SecondName) AS FullName FROM Actors;
ERROR 1054 (42S22): Unknown column 'FirstName' in 'field list'
mysql> SELECT CONCAT(First_Name,' ', SecondName) AS FullName FROM Actors;
ERROR 1054 (42S22): Unknown column 'SecondName' in 'field list'
mysql> SELECT CONCAT(First_Name,' ', MiddleName,' ', LastName) AS FullName FROM Actors;
+----------+
| FullName |
+----------+
| NULL     |
| NULL     |
| NULL     |
| NULL     |
| NULL     |
| NULL     |
| NULL     |
| NULL     |
| NULL     |
| NULL     |
| NULL     |
| NULL     |
| NULL     |
| NULL     |
+----------+
14 rows in set (0.00 sec)

mysql> Desc Actors
    -> ;
+--------------------+-----------------------------------------------+------+-----+---------+----------------+
| Field              | Type                                          | Null | Key | Default | Extra          |
+--------------------+-----------------------------------------------+------+-----+---------+----------------+
| Id                 | int                                           | NO   | PRI | NULL    | auto_increment |
| First_Name         | varchar(300)                                  | YES  |     | NULL    |                |
| MiddleName         | varchar(100)                                  | YES  |     | NULL    |                |
| LastName           | varchar(20)                                   | YES  |     | NULL    |                |
| DoB                | date                                          | NO   |     | NULL    |                |
| Gender             | enum('Male','Female','Other')                 | NO   |     | NULL    |                |
| MaritalStatus      | enum('Married','Divorced','Single','Unknown') | YES  |     | NULL    |                |
| NetWorthInMillions | decimal(10,0)                                 | NO   |     | NULL    |                |
+--------------------+-----------------------------------------------+------+-----+---------+----------------+
8 rows in set (0.00 sec)

mysql> SELECT CONCAT(First_Name,' ', MiddleName) AS FullName FROM Actors;
+----------+
| FullName |
+----------+
| NULL     |
| NULL     |
| NULL     |
| NULL     |
| NULL     |
| NULL     |
| NULL     |
| NULL     |
| NULL     |
| NULL     |
| NULL     |
| NULL     |
| NULL     |
| NULL     |
+----------+
14 rows in set (0.00 sec)

mysql> select * from Actors;
+----+------------+------------+----------+------------+--------+---------------+--------------------+
| Id | First_Name | MiddleName | LastName | DoB        | Gender | MaritalStatus | NetWorthInMillions |
+----+------------+------------+----------+------------+--------+---------------+--------------------+
|  1 | Brad       | NULL       | NULL     | 1963-12-18 | Male   | Single        |                100 |
|  2 | Jennifer   | NULL       | NULL     | 1969-11-02 | Female | Single        |                100 |
|  3 | Angelina   | NULL       | NULL     | 1975-06-04 | Female | Single        |                100 |
|  4 | Johnny     | NULL       | NULL     | 1963-06-09 | Male   | Single        |                100 |
|  5 | Dream      | NULL       | NULL     | 9999-01-01 | Female | Single        |                100 |
|  6 | Reclusive  | NULL       | NULL     | 1980-01-01 | Male   | Single        |                100 |
|  7 | Rajnikanth | NULL       | NULL     | 1950-12-12 | Male   | Single        |                100 |
|  8 | Rishi      | NULL       | NULL     | 1950-02-22 | Male   | Single        |                100 |
|  9 | Hritik     | NULL       | NULL     | 1950-02-22 | Male   | Single        |                100 |
| 10 | Madhuri    | NULL       | NULL     | 1958-06-11 | Female | Single        |                100 |
| 11 | Fourth     | NULL       | NULL     | 1999-01-01 | Male   | Single        |                  0 |
| 12 | Third      | NULL       | NULL     | 1999-01-01 | Male   | Single        |                  0 |
| 13 | Second     | NULL       | NULL     | 1999-01-01 | Male   | Single        |                  0 |
| 15 | First      | NULL       | NULL     | 1999-01-01 | Male   | Single        |                  0 |
+----+------------+------------+----------+------------+--------+---------------+--------------------+
14 rows in set (0.00 sec)

mysql> Alter Table Actors DROP MiddleName;
Query OK, 0 rows affected (0.04 sec)
Records: 0  Duplicates: 0  Warnings: 0

mysql> select * from Actors;
+----+------------+----------+------------+--------+---------------+--------------------+
| Id | First_Name | LastName | DoB        | Gender | MaritalStatus | NetWorthInMillions |
+----+------------+----------+------------+--------+---------------+--------------------+
|  1 | Brad       | NULL     | 1963-12-18 | Male   | Single        |                100 |
|  2 | Jennifer   | NULL     | 1969-11-02 | Female | Single        |                100 |
|  3 | Angelina   | NULL     | 1975-06-04 | Female | Single        |                100 |
|  4 | Johnny     | NULL     | 1963-06-09 | Male   | Single        |                100 |
|  5 | Dream      | NULL     | 9999-01-01 | Female | Single        |                100 |
|  6 | Reclusive  | NULL     | 1980-01-01 | Male   | Single        |                100 |
|  7 | Rajnikanth | NULL     | 1950-12-12 | Male   | Single        |                100 |
|  8 | Rishi      | NULL     | 1950-02-22 | Male   | Single        |                100 |
|  9 | Hritik     | NULL     | 1950-02-22 | Male   | Single        |                100 |
| 10 | Madhuri    | NULL     | 1958-06-11 | Female | Single        |                100 |
| 11 | Fourth     | NULL     | 1999-01-01 | Male   | Single        |                  0 |
| 12 | Third      | NULL     | 1999-01-01 | Male   | Single        |                  0 |
| 13 | Second     | NULL     | 1999-01-01 | Male   | Single        |                  0 |
| 15 | First      | NULL     | 1999-01-01 | Male   | Single        |                  0 |
+----+------------+----------+------------+--------+---------------+--------------------+
14 rows in set (0.00 sec)

mysql> Alter Table Actors SET LastName = 'Kumari' WHERE Gender = 'Female';
ERROR 1064 (42000): You have an error in your SQL syntax; check the manual that corresponds to your MySQL server version for the right syntax to use near 'SET LastName = 'Kumari' WHERE Gender = 'Female'' at line 1
mysql> Alter table Actor CHANGE MaritalStatus = "Married" Where Gender = "Female"
    -> ;
ERROR 1064 (42000): You have an error in your SQL syntax; check the manual that corresponds to your MySQL server version for the right syntax to use near '= "Married" Where Gender = "Female"' at line 1
mysql> Alter table Actor CHANGE MaritalStatus is "Married" Where Gender is "Female";
ERROR 1064 (42000): You have an error in your SQL syntax; check the manual that corresponds to your MySQL server version for the right syntax to use near 'is "Married" Where Gender is "Female"' at line 1
mysql> Alter table Actor CHANGE MaritalStatus == "Married" Where Gender == "Female";
ERROR 1064 (42000): You have an error in your SQL syntax; check the manual that corresponds to your MySQL server version for the right syntax to use near '== "Married" Where Gender == "Female"' at line 1
mysql> UPDATE Actors SET MaritalStatus="Married" Where Gender="Female";
Query OK, 4 rows affected (0.00 sec)
Rows matched: 4  Changed: 4  Warnings: 0

mysql> select * from Actors;
+----+------------+----------+------------+--------+---------------+--------------------+
| Id | First_Name | LastName | DoB        | Gender | MaritalStatus | NetWorthInMillions |
+----+------------+----------+------------+--------+---------------+--------------------+
|  1 | Brad       | NULL     | 1963-12-18 | Male   | Single        |                100 |
|  2 | Jennifer   | NULL     | 1969-11-02 | Female | Married       |                100 |
|  3 | Angelina   | NULL     | 1975-06-04 | Female | Married       |                100 |
|  4 | Johnny     | NULL     | 1963-06-09 | Male   | Single        |                100 |
|  5 | Dream      | NULL     | 9999-01-01 | Female | Married       |                100 |
|  6 | Reclusive  | NULL     | 1980-01-01 | Male   | Single        |                100 |
|  7 | Rajnikanth | NULL     | 1950-12-12 | Male   | Single        |                100 |
|  8 | Rishi      | NULL     | 1950-02-22 | Male   | Single        |                100 |
|  9 | Hritik     | NULL     | 1950-02-22 | Male   | Single        |                100 |
| 10 | Madhuri    | NULL     | 1958-06-11 | Female | Married       |                100 |
| 11 | Fourth     | NULL     | 1999-01-01 | Male   | Single        |                  0 |
| 12 | Third      | NULL     | 1999-01-01 | Male   | Single        |                  0 |
| 13 | Second     | NULL     | 1999-01-01 | Male   | Single        |                  0 |
| 15 | First      | NULL     | 1999-01-01 | Male   | Single        |                  0 |
+----+------------+----------+------------+--------+---------------+--------------------+
14 rows in set (0.00 sec)

mysql> UPDATE Actors SET NetWorthInMillions=100, MaritalStatus="Married";
Query OK, 10 rows affected (0.01 sec)
Rows matched: 14  Changed: 10  Warnings: 0

mysql> select * from Actors;
+----+------------+----------+------------+--------+---------------+--------------------+
| Id | First_Name | LastName | DoB        | Gender | MaritalStatus | NetWorthInMillions |
+----+------------+----------+------------+--------+---------------+--------------------+
|  1 | Brad       | NULL     | 1963-12-18 | Male   | Married       |                100 |
|  2 | Jennifer   | NULL     | 1969-11-02 | Female | Married       |                100 |
|  3 | Angelina   | NULL     | 1975-06-04 | Female | Married       |                100 |
|  4 | Johnny     | NULL     | 1963-06-09 | Male   | Married       |                100 |
|  5 | Dream      | NULL     | 9999-01-01 | Female | Married       |                100 |
|  6 | Reclusive  | NULL     | 1980-01-01 | Male   | Married       |                100 |
|  7 | Rajnikanth | NULL     | 1950-12-12 | Male   | Married       |                100 |
|  8 | Rishi      | NULL     | 1950-02-22 | Male   | Married       |                100 |
|  9 | Hritik     | NULL     | 1950-02-22 | Male   | Married       |                100 |
| 10 | Madhuri    | NULL     | 1958-06-11 | Female | Married       |                100 |
| 11 | Fourth     | NULL     | 1999-01-01 | Male   | Married       |                100 |
| 12 | Third      | NULL     | 1999-01-01 | Male   | Married       |                100 |
| 13 | Second     | NULL     | 1999-01-01 | Male   | Married       |                100 |
| 15 | First      | NULL     | 1999-01-01 | Male   | Married       |                100 |
+----+------------+----------+------------+--------+---------------+--------------------+
14 rows in set (0.00 sec)

mysql> UPDATE Actors SET MaritalStatus="Single" NetWorthMillions=200 Where Gender="Female";
ERROR 1064 (42000): You have an error in your SQL syntax; check the manual that corresponds to your MySQL server version for the right syntax to use near 'NetWorthMillions=200 Where Gender="Female"' at line 1
mysql> UPDATE Actors SET (MaritalStatus="Single" NetWorthMillions=200) Where Gender="Female";
ERROR 1064 (42000): You have an error in your SQL syntax; check the manual that corresponds to your MySQL server version for the right syntax to use near '(MaritalStatus="Single" NetWorthMillions=200) Where Gender="Female"' at line 1
mysql> UPDATE Actors SET NetWorthInMillions=200 WHERE Gender="Female";
Query OK, 4 rows affected (0.00 sec)
Rows matched: 4  Changed: 4  Warnings: 0

mysql> select * from Actors;
+----+------------+----------+------------+--------+---------------+--------------------+
| Id | First_Name | LastName | DoB        | Gender | MaritalStatus | NetWorthInMillions |
+----+------------+----------+------------+--------+---------------+--------------------+
|  1 | Brad       | NULL     | 1963-12-18 | Male   | Married       |                100 |
|  2 | Jennifer   | NULL     | 1969-11-02 | Female | Married       |                200 |
|  3 | Angelina   | NULL     | 1975-06-04 | Female | Married       |                200 |
|  4 | Johnny     | NULL     | 1963-06-09 | Male   | Married       |                100 |
|  5 | Dream      | NULL     | 9999-01-01 | Female | Married       |                200 |
|  6 | Reclusive  | NULL     | 1980-01-01 | Male   | Married       |                100 |
|  7 | Rajnikanth | NULL     | 1950-12-12 | Male   | Married       |                100 |
|  8 | Rishi      | NULL     | 1950-02-22 | Male   | Married       |                100 |
|  9 | Hritik     | NULL     | 1950-02-22 | Male   | Married       |                100 |
| 10 | Madhuri    | NULL     | 1958-06-11 | Female | Married       |                200 |
| 11 | Fourth     | NULL     | 1999-01-01 | Male   | Married       |                100 |
| 12 | Third      | NULL     | 1999-01-01 | Male   | Married       |                100 |
| 13 | Second     | NULL     | 1999-01-01 | Male   | Married       |                100 |
| 15 | First      | NULL     | 1999-01-01 | Male   | Married       |                100 |
+----+------------+----------+------------+--------+---------------+--------------------+
14 rows in set (0.00 sec)

mysql> select DISTINCT MaritalStatus from Actors;
+---------------+
| MaritalStatus |
+---------------+
| Married       |
+---------------+
1 row in set (0.00 sec)

mysql> UPDATE Actors SET MaritalStatus="Single" WHERE Gender="Female";
Query OK, 4 rows affected (0.01 sec)
Rows matched: 4  Changed: 4  Warnings: 0

mysql> select * from Actors;
+----+------------+----------+------------+--------+---------------+--------------------+
| Id | First_Name | LastName | DoB        | Gender | MaritalStatus | NetWorthInMillions |
+----+------------+----------+------------+--------+---------------+--------------------+
|  1 | Brad       | NULL     | 1963-12-18 | Male   | Married       |                100 |
|  2 | Jennifer   | NULL     | 1969-11-02 | Female | Single        |                200 |
|  3 | Angelina   | NULL     | 1975-06-04 | Female | Single        |                200 |
|  4 | Johnny     | NULL     | 1963-06-09 | Male   | Married       |                100 |
|  5 | Dream      | NULL     | 9999-01-01 | Female | Single        |                200 |
|  6 | Reclusive  | NULL     | 1980-01-01 | Male   | Married       |                100 |
|  7 | Rajnikanth | NULL     | 1950-12-12 | Male   | Married       |                100 |
|  8 | Rishi      | NULL     | 1950-02-22 | Male   | Married       |                100 |
|  9 | Hritik     | NULL     | 1950-02-22 | Male   | Married       |                100 |
| 10 | Madhuri    | NULL     | 1958-06-11 | Female | Single        |                200 |
| 11 | Fourth     | NULL     | 1999-01-01 | Male   | Married       |                100 |
| 12 | Third      | NULL     | 1999-01-01 | Male   | Married       |                100 |
| 13 | Second     | NULL     | 1999-01-01 | Male   | Married       |                100 |
| 15 | First      | NULL     | 1999-01-01 | Male   | Married       |                100 |
+----+------------+----------+------------+--------+---------------+--------------------+
14 rows in set (0.01 sec)

mysql> select DISTINCT MaritalStatus from Actors;
+---------------+
| MaritalStatus |
+---------------+
| Married       |
| Single        |
+---------------+
2 rows in set (0.00 sec)

mysql> -- The lesson queries are reproduced below for convenient copy/paste into the terminal. 
mysql> 
mysql> -- Query 1
mysql> SELECT COUNT(*) FROM Actors;
+----------+
| COUNT(*) |
+----------+
|       14 |
+----------+
1 row in set (0.00 sec)

mysql> 
mysql> -- Query 2
mysql> SELECT SUM(NetworthInMillions) FROM Actors;
+-------------------------+
| SUM(NetworthInMillions) |
+-------------------------+
|                    1800 |
+-------------------------+
1 row in set (0.00 sec)

mysql> 
mysql> -- Query 3
mysql> SELECT AVG(NetWorthInMillions) FROM Actors;
+-------------------------+
| AVG(NetWorthInMillions) |
+-------------------------+
|                128.5714 |
+-------------------------+
1 row in set (0.00 sec)

mysql> 
mysql> -- Query 4
mysql> SELECT MIN(NetWorthInMillions) FROM Actors;
+-------------------------+
| MIN(NetWorthInMillions) |
+-------------------------+
|                     100 |
+-------------------------+
1 row in set (0.00 sec)

mysql> 
mysql> -- Query 5
mysql> SELECT MAX(NetWorthInMillions) FROM Actors;
+-------------------------+
| MAX(NetWorthInMillions) |
+-------------------------+
|                     200 |
+-------------------------+
1 row in set (0.00 sec)

mysql> 
mysql> -- Query 6
mysql> SELECT STDDEV(NetWorthInMillions) FROM Actors;
+----------------------------+
| STDDEV(NetWorthInMillions) |
+----------------------------+
|          45.17539514526257 |
+----------------------------+
1 row in set (0.00 sec)

mysql> SELECT FirstName FROM Actors GROUP BY FirstName;
ERROR 1054 (42S22): Unknown column 'FirstName' in 'field list'
mysql> SELECT FirstName FROM Actors GROUP BY MaritalStatus;
ERROR 1054 (42S22): Unknown column 'FirstName' in 'field list'
mysql> SELECT First_Name FROM Actors GROUP BY MaritalStatus;
ERROR 1055 (42000): Expression #1 of SELECT list is not in GROUP BY clause and contains nonaggregated column 'MovieIndustry.Actors.First_Name' which is not functionally dependent on columns in GROUP BY clause; this is incompatible with sql_mode=only_full_group_by
mysql> SELECT * FROM Actors GROUP BY MaritalStatus;
ERROR 1055 (42000): Expression #1 of SELECT list is not in GROUP BY clause and contains nonaggregated column 'MovieIndustry.Actors.Id' which is not functionally dependent on columns in GROUP BY clause; this is incompatible with sql_mode=only_full_group_by
mysql> select * from Actors;
+----+------------+----------+------------+--------+---------------+--------------------+
| Id | First_Name | LastName | DoB        | Gender | MaritalStatus | NetWorthInMillions |
+----+------------+----------+------------+--------+---------------+--------------------+
|  1 | Brad       | NULL     | 1963-12-18 | Male   | Married       |                100 |
|  2 | Jennifer   | NULL     | 1969-11-02 | Female | Single        |                200 |
|  3 | Angelina   | NULL     | 1975-06-04 | Female | Single        |                200 |
|  4 | Johnny     | NULL     | 1963-06-09 | Male   | Married       |                100 |
|  5 | Dream      | NULL     | 9999-01-01 | Female | Single        |                200 |
|  6 | Reclusive  | NULL     | 1980-01-01 | Male   | Married       |                100 |
|  7 | Rajnikanth | NULL     | 1950-12-12 | Male   | Married       |                100 |
|  8 | Rishi      | NULL     | 1950-02-22 | Male   | Married       |                100 |
|  9 | Hritik     | NULL     | 1950-02-22 | Male   | Married       |                100 |
| 10 | Madhuri    | NULL     | 1958-06-11 | Female | Single        |                200 |
| 11 | Fourth     | NULL     | 1999-01-01 | Male   | Married       |                100 |
| 12 | Third      | NULL     | 1999-01-01 | Male   | Married       |                100 |
| 13 | Second     | NULL     | 1999-01-01 | Male   | Married       |                100 |
| 15 | First      | NULL     | 1999-01-01 | Male   | Married       |                100 |
+----+------------+----------+------------+--------+---------------+--------------------+
14 rows in set (0.00 sec)

mysql> SELECT * FROM Actors GROUP BY Gender;
ERROR 1055 (42000): Expression #1 of SELECT list is not in GROUP BY clause and contains nonaggregated column 'MovieIndustry.Actors.Id' which is not functionally dependent on columns in GROUP BY clause; this is incompatible with sql_mode=only_full_group_by
mysql> SELECT * FROM Actors GROUP BY First_Name;
ERROR 1055 (42000): Expression #1 of SELECT list is not in GROUP BY clause and contains nonaggregated column 'MovieIndustry.Actors.Id' which is not functionally dependent on columns in GROUP BY clause; this is incompatible with sql_mode=only_full_group_by
mysql> SELECT * FROM Actors GROUP BY First_Name;
ERROR 1055 (42000): Expression #1 of SELECT list is not in GROUP BY clause and contains nonaggregated column 'MovieIndustry.Actors.Id' which is not functionally dependent on columns in GROUP BY clause; this is incompatible with sql_mode=only_full_group_by
mysql> 
mysql> 
mysql> 
mysql> 
mysql> 
mysql> 
mysql> SELECT Gender, COUNT(*) FROM Actors GROUP BY Gender;
+--------+----------+
| Gender | COUNT(*) |
+--------+----------+
| Male   |       10 |
| Female |        4 |
+--------+----------+
2 rows in set (0.00 sec)

mysql> 
mysql> SELECT Gender FROM Actors GROUP BY Gender;
+--------+
| Gender |
+--------+
| Male   |
| Female |
+--------+
2 rows in set (0.00 sec)

mysql> SELECT MaritalStatus, AVG(NetworthInMillions) FROM Actors GROUP BY MaritalStatus ORDER BY MaritalStatus ASC;
+---------------+-------------------------+
| MaritalStatus | AVG(NetworthInMillions) |
+---------------+-------------------------+
| Married       |                100.0000 |
| Single        |                200.0000 |
+---------------+-------------------------+
2 rows in set (0.00 sec)

mysql> SELECT MaritalStatus, AVG(NetworthInMillions) AS NetWorth 
    -> FROM Actors 
    -> GROUP BY MaritalStatus 
    -> HAVING NetWorth > 150 OR NetWorth < 250;
+---------------+----------+
| MaritalStatus | NetWorth |
+---------------+----------+
| Married       | 100.0000 |
| Single        | 200.0000 |
+---------------+----------+
2 rows in set (0.00 sec)

mysql> SELECT MaritalStatus, AVG(NetworthInMillions) AS NetWorth 
    -> FROM Actors 
    -> GROUP BY MaritalStatus 
    -> HAVING MaritalStatus='Married';
+---------------+----------+
| MaritalStatus | NetWorth |
+---------------+----------+
| Married       | 100.0000 |
+---------------+----------+
1 row in set (0.00 sec)

mysql> SELECT MaritalStatus, AVG(NetworthInMillions) AS NetWorth FROM Actors WHERE MaritalStatus='Married' GROUP BY MaritalStatus;
+---------------+----------+
| MaritalStatus | NetWorth |
+---------------+----------+
| Married       | 100.0000 |
+---------------+----------+
1 row in set (0.00 sec)

--------------------------------------------- DAY 2 -----------------------------------------------------------------------


mysql> --------------------------------------------------DAY 2 ---------------------------------------------------
    -> ;
ERROR 1064 (42000): You have an error in your SQL syntax; check the manual that corresponds to your MySQL server version for the right syntax to use near '--------------------------------------------------DAY 2 ------------------------' at line 1
mysql> 
mysql> show tables;
+-------------------------+
| Tables_in_MovieIndustry |
+-------------------------+
| Actors                  |
+-------------------------+
1 row in set (0.00 sec)

mysql> select * from Actors;
+----+------------+----------+------------+--------+---------------+--------------------+
| Id | First_Name | LastName | DoB        | Gender | MaritalStatus | NetWorthInMillions |
+----+------------+----------+------------+--------+---------------+--------------------+
|  1 | Brad       | NULL     | 1963-12-18 | Male   | Married       |                100 |
|  2 | Jennifer   | NULL     | 1969-11-02 | Female | Single        |                200 |
|  3 | Angelina   | NULL     | 1975-06-04 | Female | Single        |                200 |
|  4 | Johnny     | NULL     | 1963-06-09 | Male   | Married       |                100 |
|  5 | Dream      | NULL     | 9999-01-01 | Female | Single        |                200 |
|  6 | Reclusive  | NULL     | 1980-01-01 | Male   | Married       |                100 |
|  7 | Rajnikanth | NULL     | 1950-12-12 | Male   | Married       |                100 |
|  8 | Rishi      | NULL     | 1950-02-22 | Male   | Married       |                100 |
|  9 | Hritik     | NULL     | 1950-02-22 | Male   | Married       |                100 |
| 10 | Madhuri    | NULL     | 1958-06-11 | Female | Single        |                200 |
| 11 | Fourth     | NULL     | 1999-01-01 | Male   | Married       |                100 |
| 12 | Third      | NULL     | 1999-01-01 | Male   | Married       |                100 |
| 13 | Second     | NULL     | 1999-01-01 | Male   | Married       |                100 |
| 15 | First      | NULL     | 1999-01-01 | Male   | Married       |                100 |
+----+------------+----------+------------+--------+---------------+--------------------+
14 rows in set (0.01 sec)

mysql> update table Actors set LastName="pitt" where First_Name="Brad";
ERROR 1064 (42000): You have an error in your SQL syntax; check the manual that corresponds to your MySQL server version for the right syntax to use near 'table Actors set LastName="pitt" where First_Name="Brad"' at line 1
mysql> update Actors set LastName="pitt" where First_Name="Brad";
Query OK, 1 row affected (0.01 sec)
Rows matched: 1  Changed: 1  Warnings: 0

mysql> select * from Actors;
+----+------------+----------+------------+--------+---------------+--------------------+
| Id | First_Name | LastName | DoB        | Gender | MaritalStatus | NetWorthInMillions |
+----+------------+----------+------------+--------+---------------+--------------------+
|  1 | Brad       | pitt     | 1963-12-18 | Male   | Married       |                100 |
|  2 | Jennifer   | NULL     | 1969-11-02 | Female | Single        |                200 |
|  3 | Angelina   | NULL     | 1975-06-04 | Female | Single        |                200 |
|  4 | Johnny     | NULL     | 1963-06-09 | Male   | Married       |                100 |
|  5 | Dream      | NULL     | 9999-01-01 | Female | Single        |                200 |
|  6 | Reclusive  | NULL     | 1980-01-01 | Male   | Married       |                100 |
|  7 | Rajnikanth | NULL     | 1950-12-12 | Male   | Married       |                100 |
|  8 | Rishi      | NULL     | 1950-02-22 | Male   | Married       |                100 |
|  9 | Hritik     | NULL     | 1950-02-22 | Male   | Married       |                100 |
| 10 | Madhuri    | NULL     | 1958-06-11 | Female | Single        |                200 |
| 11 | Fourth     | NULL     | 1999-01-01 | Male   | Married       |                100 |
| 12 | Third      | NULL     | 1999-01-01 | Male   | Married       |                100 |
| 13 | Second     | NULL     | 1999-01-01 | Male   | Married       |                100 |
| 15 | First      | NULL     | 1999-01-01 | Male   | Married       |                100 |
+----+------------+----------+------------+--------+---------------+--------------------+
14 rows in set (0.01 sec)

mysql> update Actors set LastName="Lopez" where First_Name="Jennifer";
Query OK, 1 row affected (0.01 sec)
Rows matched: 1  Changed: 1  Warnings: 0

mysql> select * from Actors;
+----+------------+----------+------------+--------+---------------+--------------------+
| Id | First_Name | LastName | DoB        | Gender | MaritalStatus | NetWorthInMillions |
+----+------------+----------+------------+--------+---------------+--------------------+
|  1 | Brad       | pitt     | 1963-12-18 | Male   | Married       |                100 |
|  2 | Jennifer   | Lopez    | 1969-11-02 | Female | Single        |                200 |
|  3 | Angelina   | NULL     | 1975-06-04 | Female | Single        |                200 |
|  4 | Johnny     | NULL     | 1963-06-09 | Male   | Married       |                100 |
|  5 | Dream      | NULL     | 9999-01-01 | Female | Single        |                200 |
|  6 | Reclusive  | NULL     | 1980-01-01 | Male   | Married       |                100 |
|  7 | Rajnikanth | NULL     | 1950-12-12 | Male   | Married       |                100 |
|  8 | Rishi      | NULL     | 1950-02-22 | Male   | Married       |                100 |
|  9 | Hritik     | NULL     | 1950-02-22 | Male   | Married       |                100 |
| 10 | Madhuri    | NULL     | 1958-06-11 | Female | Single        |                200 |
| 11 | Fourth     | NULL     | 1999-01-01 | Male   | Married       |                100 |
| 12 | Third      | NULL     | 1999-01-01 | Male   | Married       |                100 |
| 13 | Second     | NULL     | 1999-01-01 | Male   | Married       |                100 |
| 15 | First      | NULL     | 1999-01-01 | Male   | Married       |                100 |
+----+------------+----------+------------+--------+---------------+--------------------+
14 rows in set (0.00 sec)

mysql> update Actors set LastName="Jolly" where First_Name="Angelina";
Query OK, 1 row affected (0.00 sec)
Rows matched: 1  Changed: 1  Warnings: 0

mysql> update Actors set LastName="Depp" where First_Name="Jonny";
Query OK, 0 rows affected (0.01 sec)
Rows matched: 0  Changed: 0  Warnings: 0

mysql> update Actors set LastName="smith" where First_Name="Dream";
Query OK, 1 row affected (0.00 sec)
Rows matched: 1  Changed: 1  Warnings: 0

mysql> select * from Actors;
+----+------------+----------+------------+--------+---------------+--------------------+
| Id | First_Name | LastName | DoB        | Gender | MaritalStatus | NetWorthInMillions |
+----+------------+----------+------------+--------+---------------+--------------------+
|  1 | Brad       | pitt     | 1963-12-18 | Male   | Married       |                100 |
|  2 | Jennifer   | Lopez    | 1969-11-02 | Female | Single        |                200 |
|  3 | Angelina   | Jolly    | 1975-06-04 | Female | Single        |                200 |
|  4 | Johnny     | NULL     | 1963-06-09 | Male   | Married       |                100 |
|  5 | Dream      | smith    | 9999-01-01 | Female | Single        |                200 |
|  6 | Reclusive  | NULL     | 1980-01-01 | Male   | Married       |                100 |
|  7 | Rajnikanth | NULL     | 1950-12-12 | Male   | Married       |                100 |
|  8 | Rishi      | NULL     | 1950-02-22 | Male   | Married       |                100 |
|  9 | Hritik     | NULL     | 1950-02-22 | Male   | Married       |                100 |
| 10 | Madhuri    | NULL     | 1958-06-11 | Female | Single        |                200 |
| 11 | Fourth     | NULL     | 1999-01-01 | Male   | Married       |                100 |
| 12 | Third      | NULL     | 1999-01-01 | Male   | Married       |                100 |
| 13 | Second     | NULL     | 1999-01-01 | Male   | Married       |                100 |
| 15 | First      | NULL     | 1999-01-01 | Male   | Married       |                100 |
+----+------------+----------+------------+--------+---------------+--------------------+
14 rows in set (0.00 sec)

mysql> update Actors set LastName="Depp" where First_Name="Johny";
Query OK, 0 rows affected (0.00 sec)
Rows matched: 0  Changed: 0  Warnings: 0

mysql> update Actors set LastName="Depp" where First_Name="Johnny";
Query OK, 1 row affected (0.03 sec)
Rows matched: 1  Changed: 1  Warnings: 0

mysql> select * from Actors;
+----+------------+----------+------------+--------+---------------+--------------------+
| Id | First_Name | LastName | DoB        | Gender | MaritalStatus | NetWorthInMillions |
+----+------------+----------+------------+--------+---------------+--------------------+
|  1 | Brad       | pitt     | 1963-12-18 | Male   | Married       |                100 |
|  2 | Jennifer   | Lopez    | 1969-11-02 | Female | Single        |                200 |
|  3 | Angelina   | Jolly    | 1975-06-04 | Female | Single        |                200 |
|  4 | Johnny     | Depp     | 1963-06-09 | Male   | Married       |                100 |
|  5 | Dream      | smith    | 9999-01-01 | Female | Single        |                200 |
|  6 | Reclusive  | NULL     | 1980-01-01 | Male   | Married       |                100 |
|  7 | Rajnikanth | NULL     | 1950-12-12 | Male   | Married       |                100 |
|  8 | Rishi      | NULL     | 1950-02-22 | Male   | Married       |                100 |
|  9 | Hritik     | NULL     | 1950-02-22 | Male   | Married       |                100 |
| 10 | Madhuri    | NULL     | 1958-06-11 | Female | Single        |                200 |
| 11 | Fourth     | NULL     | 1999-01-01 | Male   | Married       |                100 |
| 12 | Third      | NULL     | 1999-01-01 | Male   | Married       |                100 |
| 13 | Second     | NULL     | 1999-01-01 | Male   | Married       |                100 |
| 15 | First      | NULL     | 1999-01-01 | Male   | Married       |                100 |
+----+------------+----------+------------+--------+---------------+--------------------+
14 rows in set (0.00 sec)

mysql> select * from Actors;
+----+------------+----------+------------+--------+---------------+--------------------+
| Id | First_Name | LastName | DoB        | Gender | MaritalStatus | NetWorthInMillions |
+----+------------+----------+------------+--------+---------------+--------------------+
|  1 | Brad       | pitt     | 1963-12-18 | Male   | Married       |                100 |
|  2 | Jennifer   | Lopez    | 1969-11-02 | Female | Single        |                200 |
|  3 | Angelina   | Jolly    | 1975-06-04 | Female | Single        |                200 |
|  4 | Johnny     | Depp     | 1963-06-09 | Male   | Married       |                100 |
|  5 | Dream      | smith    | 9999-01-01 | Female | Single        |                200 |
|  6 | Reclusive  | NULL     | 1980-01-01 | Male   | Married       |                100 |
|  7 | Rajnikanth | NULL     | 1950-12-12 | Male   | Married       |                100 |
|  8 | Rishi      | NULL     | 1950-02-22 | Male   | Married       |                100 |
|  9 | Hritik     | NULL     | 1950-02-22 | Male   | Married       |                100 |
| 10 | Madhuri    | NULL     | 1958-06-11 | Female | Single        |                200 |
| 11 | Fourth     | NULL     | 1999-01-01 | Male   | Married       |                100 |
| 12 | Third      | NULL     | 1999-01-01 | Male   | Married       |                100 |
| 13 | Second     | NULL     | 1999-01-01 | Male   | Married       |                100 |
| 15 | First      | NULL     | 1999-01-01 | Male   | Married       |                100 |
+----+------------+----------+------------+--------+---------------+--------------------+
14 rows in set (0.01 sec)

mysql> update Actors set LastName="Murugan", NetWorthMillions=90  where First_Name="Rajnikant";
ERROR 1054 (42S22): Unknown column 'NetWorthMillions' in 'field list'
mysql> update Actors set LastName="Murugan", NetWorthInMillions=90  where First_Name="Rajnikant";
Query OK, 0 rows affected (0.00 sec)
Rows matched: 0  Changed: 0  Warnings: 0

mysql> select * from Actors;
+----+------------+----------+------------+--------+---------------+--------------------+
| Id | First_Name | LastName | DoB        | Gender | MaritalStatus | NetWorthInMillions |
+----+------------+----------+------------+--------+---------------+--------------------+
|  1 | Brad       | pitt     | 1963-12-18 | Male   | Married       |                100 |
|  2 | Jennifer   | Lopez    | 1969-11-02 | Female | Single        |                200 |
|  3 | Angelina   | Jolly    | 1975-06-04 | Female | Single        |                200 |
|  4 | Johnny     | Depp     | 1963-06-09 | Male   | Married       |                100 |
|  5 | Dream      | smith    | 9999-01-01 | Female | Single        |                200 |
|  6 | Reclusive  | NULL     | 1980-01-01 | Male   | Married       |                100 |
|  7 | Rajnikanth | NULL     | 1950-12-12 | Male   | Married       |                100 |
|  8 | Rishi      | NULL     | 1950-02-22 | Male   | Married       |                100 |
|  9 | Hritik     | NULL     | 1950-02-22 | Male   | Married       |                100 |
| 10 | Madhuri    | NULL     | 1958-06-11 | Female | Single        |                200 |
| 11 | Fourth     | NULL     | 1999-01-01 | Male   | Married       |                100 |
| 12 | Third      | NULL     | 1999-01-01 | Male   | Married       |                100 |
| 13 | Second     | NULL     | 1999-01-01 | Male   | Married       |                100 |
| 15 | First      | NULL     | 1999-01-01 | Male   | Married       |                100 |
+----+------------+----------+------------+--------+---------------+--------------------+
14 rows in set (0.00 sec)

mysql> update Actors set LastName="Murugan" NetWorthInMillions=90  where First_Name="Rajnikant";
ERROR 1064 (42000): You have an error in your SQL syntax; check the manual that corresponds to your MySQL server version for the right syntax to use near 'NetWorthInMillions=90  where First_Name="Rajnikant"' at line 1
mysql> update Actors set LastName="Murugan", NetWorthInMillions=90  where First_Name="Rajnikant";
Query OK, 0 rows affected (0.00 sec)
Rows matched: 0  Changed: 0  Warnings: 0

mysql> update Actors set LastName="Murugan", NetWorthInMillions=90  where First_Name="Rajnikanth";
Query OK, 1 row affected (0.01 sec)
Rows matched: 1  Changed: 1  Warnings: 0

mysql> select * from Actors;
+----+------------+----------+------------+--------+---------------+--------------------+
| Id | First_Name | LastName | DoB        | Gender | MaritalStatus | NetWorthInMillions |
+----+------------+----------+------------+--------+---------------+--------------------+
|  1 | Brad       | pitt     | 1963-12-18 | Male   | Married       |                100 |
|  2 | Jennifer   | Lopez    | 1969-11-02 | Female | Single        |                200 |
|  3 | Angelina   | Jolly    | 1975-06-04 | Female | Single        |                200 |
|  4 | Johnny     | Depp     | 1963-06-09 | Male   | Married       |                100 |
|  5 | Dream      | smith    | 9999-01-01 | Female | Single        |                200 |
|  6 | Reclusive  | NULL     | 1980-01-01 | Male   | Married       |                100 |
|  7 | Rajnikanth | Murugan  | 1950-12-12 | Male   | Married       |                 90 |
|  8 | Rishi      | NULL     | 1950-02-22 | Male   | Married       |                100 |
|  9 | Hritik     | NULL     | 1950-02-22 | Male   | Married       |                100 |
| 10 | Madhuri    | NULL     | 1958-06-11 | Female | Single        |                200 |
| 11 | Fourth     | NULL     | 1999-01-01 | Male   | Married       |                100 |
| 12 | Third      | NULL     | 1999-01-01 | Male   | Married       |                100 |
| 13 | Second     | NULL     | 1999-01-01 | Male   | Married       |                100 |
| 15 | First      | NULL     | 1999-01-01 | Male   | Married       |                100 |
+----+------------+----------+------------+--------+---------------+--------------------+
14 rows in set (0.00 sec)

mysql> select * from Actors;
+----+------------+----------+------------+--------+---------------+--------------------+
| Id | First_Name | LastName | DoB        | Gender | MaritalStatus | NetWorthInMillions |
+----+------------+----------+------------+--------+---------------+--------------------+
|  1 | Brad       | pitt     | 1963-12-18 | Male   | Married       |                100 |
|  2 | Jennifer   | Lopez    | 1969-11-02 | Female | Single        |                200 |
|  3 | Angelina   | Jolly    | 1975-06-04 | Female | Single        |                200 |
|  4 | Johnny     | Depp     | 1963-06-09 | Male   | Married       |                100 |
|  5 | Dream      | smith    | 9999-01-01 | Female | Single        |                200 |
|  6 | Reclusive  | NULL     | 1980-01-01 | Male   | Married       |                100 |
|  7 | Rajnikanth | Murugan  | 1950-12-12 | Male   | Married       |                 90 |
|  8 | Rishi      | NULL     | 1950-02-22 | Male   | Married       |                100 |
|  9 | Hritik     | NULL     | 1950-02-22 | Male   | Married       |                100 |
| 10 | Madhuri    | NULL     | 1958-06-11 | Female | Single        |                200 |
| 11 | Fourth     | NULL     | 1999-01-01 | Male   | Married       |                100 |
| 12 | Third      | NULL     | 1999-01-01 | Male   | Married       |                100 |
| 13 | Second     | NULL     | 1999-01-01 | Male   | Married       |                100 |
| 15 | First      | NULL     | 1999-01-01 | Male   | Married       |                100 |
+----+------------+----------+------------+--------+---------------+--------------------+
14 rows in set (0.00 sec)

mysql> update Actors set LastName="Azure", NetWorthInMillions=80 where First_Name="Reculsive";
Query OK, 0 rows affected (0.00 sec)
Rows matched: 0  Changed: 0  Warnings: 0

mysql> update Actors set LastName="Kapoor", NetWorthInMillions=70  where First_Name="Rishi";
Query OK, 1 row affected (0.00 sec)
Rows matched: 1  Changed: 1  Warnings: 0

mysql> update Actors set LastName="Roshan", NetWorthInMillions=50  where First_Name="Hritik";
Query OK, 1 row affected (0.01 sec)
Rows matched: 1  Changed: 1  Warnings: 0

mysql> update Actors set LastName="Dixit", NetWorthInMillions=110  where First_Name="Madhuri";
Query OK, 1 row affected (0.01 sec)
Rows matched: 1  Changed: 1  Warnings: 0

mysql> select * from Actors;
+----+------------+----------+------------+--------+---------------+--------------------+
| Id | First_Name | LastName | DoB        | Gender | MaritalStatus | NetWorthInMillions |
+----+------------+----------+------------+--------+---------------+--------------------+
|  1 | Brad       | pitt     | 1963-12-18 | Male   | Married       |                100 |
|  2 | Jennifer   | Lopez    | 1969-11-02 | Female | Single        |                200 |
|  3 | Angelina   | Jolly    | 1975-06-04 | Female | Single        |                200 |
|  4 | Johnny     | Depp     | 1963-06-09 | Male   | Married       |                100 |
|  5 | Dream      | smith    | 9999-01-01 | Female | Single        |                200 |
|  6 | Reclusive  | NULL     | 1980-01-01 | Male   | Married       |                100 |
|  7 | Rajnikanth | Murugan  | 1950-12-12 | Male   | Married       |                 90 |
|  8 | Rishi      | Kapoor   | 1950-02-22 | Male   | Married       |                 70 |
|  9 | Hritik     | Roshan   | 1950-02-22 | Male   | Married       |                 50 |
| 10 | Madhuri    | Dixit    | 1958-06-11 | Female | Single        |                110 |
| 11 | Fourth     | NULL     | 1999-01-01 | Male   | Married       |                100 |
| 12 | Third      | NULL     | 1999-01-01 | Male   | Married       |                100 |
| 13 | Second     | NULL     | 1999-01-01 | Male   | Married       |                100 |
| 15 | First      | NULL     | 1999-01-01 | Male   | Married       |                100 |
+----+------------+----------+------------+--------+---------------+--------------------+
14 rows in set (0.01 sec)

mysql> update Actors set NetWorthInMillions=130  where First_Name="Angelina";
Query OK, 1 row affected (0.02 sec)
Rows matched: 1  Changed: 1  Warnings: 0

mysql> select * from Actors;
+----+------------+----------+------------+--------+---------------+--------------------+
| Id | First_Name | LastName | DoB        | Gender | MaritalStatus | NetWorthInMillions |
+----+------------+----------+------------+--------+---------------+--------------------+
|  1 | Brad       | pitt     | 1963-12-18 | Male   | Married       |                100 |
|  2 | Jennifer   | Lopez    | 1969-11-02 | Female | Single        |                200 |
|  3 | Angelina   | Jolly    | 1975-06-04 | Female | Single        |                130 |
|  4 | Johnny     | Depp     | 1963-06-09 | Male   | Married       |                100 |
|  5 | Dream      | smith    | 9999-01-01 | Female | Single        |                200 |
|  6 | Reclusive  | NULL     | 1980-01-01 | Male   | Married       |                100 |
|  7 | Rajnikanth | Murugan  | 1950-12-12 | Male   | Married       |                 90 |
|  8 | Rishi      | Kapoor   | 1950-02-22 | Male   | Married       |                 70 |
|  9 | Hritik     | Roshan   | 1950-02-22 | Male   | Married       |                 50 |
| 10 | Madhuri    | Dixit    | 1958-06-11 | Female | Single        |                110 |
| 11 | Fourth     | NULL     | 1999-01-01 | Male   | Married       |                100 |
| 12 | Third      | NULL     | 1999-01-01 | Male   | Married       |                100 |
| 13 | Second     | NULL     | 1999-01-01 | Male   | Married       |                100 |
| 15 | First      | NULL     | 1999-01-01 | Male   | Married       |                100 |
+----+------------+----------+------------+--------+---------------+--------------------+
14 rows in set (0.00 sec)

mysql> update Actors set NetWorthInMillions=150  where First_Name="Brad";
Query OK, 1 row affected (0.01 sec)
Rows matched: 1  Changed: 1  Warnings: 0

mysql> select * from Actors;
+----+------------+----------+------------+--------+---------------+--------------------+
| Id | First_Name | LastName | DoB        | Gender | MaritalStatus | NetWorthInMillions |
+----+------------+----------+------------+--------+---------------+--------------------+
|  1 | Brad       | pitt     | 1963-12-18 | Male   | Married       |                150 |
|  2 | Jennifer   | Lopez    | 1969-11-02 | Female | Single        |                200 |
|  3 | Angelina   | Jolly    | 1975-06-04 | Female | Single        |                130 |
|  4 | Johnny     | Depp     | 1963-06-09 | Male   | Married       |                100 |
|  5 | Dream      | smith    | 9999-01-01 | Female | Single        |                200 |
|  6 | Reclusive  | NULL     | 1980-01-01 | Male   | Married       |                100 |
|  7 | Rajnikanth | Murugan  | 1950-12-12 | Male   | Married       |                 90 |
|  8 | Rishi      | Kapoor   | 1950-02-22 | Male   | Married       |                 70 |
|  9 | Hritik     | Roshan   | 1950-02-22 | Male   | Married       |                 50 |
| 10 | Madhuri    | Dixit    | 1958-06-11 | Female | Single        |                110 |
| 11 | Fourth     | NULL     | 1999-01-01 | Male   | Married       |                100 |
| 12 | Third      | NULL     | 1999-01-01 | Male   | Married       |                100 |
| 13 | Second     | NULL     | 1999-01-01 | Male   | Married       |                100 |
| 15 | First      | NULL     | 1999-01-01 | Male   | Married       |                100 |
+----+------------+----------+------------+--------+---------------+--------------------+
14 rows in set (0.00 sec)

mysql> Delete from Actors where LastName='NULL';
Query OK, 0 rows affected (0.00 sec)

mysql> select * from Actors;
+----+------------+----------+------------+--------+---------------+--------------------+
| Id | First_Name | LastName | DoB        | Gender | MaritalStatus | NetWorthInMillions |
+----+------------+----------+------------+--------+---------------+--------------------+
|  1 | Brad       | pitt     | 1963-12-18 | Male   | Married       |                150 |
|  2 | Jennifer   | Lopez    | 1969-11-02 | Female | Single        |                200 |
|  3 | Angelina   | Jolly    | 1975-06-04 | Female | Single        |                130 |
|  4 | Johnny     | Depp     | 1963-06-09 | Male   | Married       |                100 |
|  5 | Dream      | smith    | 9999-01-01 | Female | Single        |                200 |
|  6 | Reclusive  | NULL     | 1980-01-01 | Male   | Married       |                100 |
|  7 | Rajnikanth | Murugan  | 1950-12-12 | Male   | Married       |                 90 |
|  8 | Rishi      | Kapoor   | 1950-02-22 | Male   | Married       |                 70 |
|  9 | Hritik     | Roshan   | 1950-02-22 | Male   | Married       |                 50 |
| 10 | Madhuri    | Dixit    | 1958-06-11 | Female | Single        |                110 |
| 11 | Fourth     | NULL     | 1999-01-01 | Male   | Married       |                100 |
| 12 | Third      | NULL     | 1999-01-01 | Male   | Married       |                100 |
| 13 | Second     | NULL     | 1999-01-01 | Male   | Married       |                100 |
| 15 | First      | NULL     | 1999-01-01 | Male   | Married       |                100 |
+----+------------+----------+------------+--------+---------------+--------------------+
14 rows in set (0.00 sec)

mysql> Delete from Actors where LastName="NULL";
Query OK, 0 rows affected (0.00 sec)

mysql> select * from Actors;
+----+------------+----------+------------+--------+---------------+--------------------+
| Id | First_Name | LastName | DoB        | Gender | MaritalStatus | NetWorthInMillions |
+----+------------+----------+------------+--------+---------------+--------------------+
|  1 | Brad       | pitt     | 1963-12-18 | Male   | Married       |                150 |
|  2 | Jennifer   | Lopez    | 1969-11-02 | Female | Single        |                200 |
|  3 | Angelina   | Jolly    | 1975-06-04 | Female | Single        |                130 |
|  4 | Johnny     | Depp     | 1963-06-09 | Male   | Married       |                100 |
|  5 | Dream      | smith    | 9999-01-01 | Female | Single        |                200 |
|  6 | Reclusive  | NULL     | 1980-01-01 | Male   | Married       |                100 |
|  7 | Rajnikanth | Murugan  | 1950-12-12 | Male   | Married       |                 90 |
|  8 | Rishi      | Kapoor   | 1950-02-22 | Male   | Married       |                 70 |
|  9 | Hritik     | Roshan   | 1950-02-22 | Male   | Married       |                 50 |
| 10 | Madhuri    | Dixit    | 1958-06-11 | Female | Single        |                110 |
| 11 | Fourth     | NULL     | 1999-01-01 | Male   | Married       |                100 |
| 12 | Third      | NULL     | 1999-01-01 | Male   | Married       |                100 |
| 13 | Second     | NULL     | 1999-01-01 | Male   | Married       |                100 |
| 15 | First      | NULL     | 1999-01-01 | Male   | Married       |                100 |
+----+------------+----------+------------+--------+---------------+--------------------+
14 rows in set (0.00 sec)

mysql> Delete from Actors where LastName=NULL;
Query OK, 0 rows affected (0.00 sec)

mysql> select * from Actors;
+----+------------+----------+------------+--------+---------------+--------------------+
| Id | First_Name | LastName | DoB        | Gender | MaritalStatus | NetWorthInMillions |
+----+------------+----------+------------+--------+---------------+--------------------+
|  1 | Brad       | pitt     | 1963-12-18 | Male   | Married       |                150 |
|  2 | Jennifer   | Lopez    | 1969-11-02 | Female | Single        |                200 |
|  3 | Angelina   | Jolly    | 1975-06-04 | Female | Single        |                130 |
|  4 | Johnny     | Depp     | 1963-06-09 | Male   | Married       |                100 |
|  5 | Dream      | smith    | 9999-01-01 | Female | Single        |                200 |
|  6 | Reclusive  | NULL     | 1980-01-01 | Male   | Married       |                100 |
|  7 | Rajnikanth | Murugan  | 1950-12-12 | Male   | Married       |                 90 |
|  8 | Rishi      | Kapoor   | 1950-02-22 | Male   | Married       |                 70 |
|  9 | Hritik     | Roshan   | 1950-02-22 | Male   | Married       |                 50 |
| 10 | Madhuri    | Dixit    | 1958-06-11 | Female | Single        |                110 |
| 11 | Fourth     | NULL     | 1999-01-01 | Male   | Married       |                100 |
| 12 | Third      | NULL     | 1999-01-01 | Male   | Married       |                100 |
| 13 | Second     | NULL     | 1999-01-01 | Male   | Married       |                100 |
| 15 | First      | NULL     | 1999-01-01 | Male   | Married       |                100 |
+----+------------+----------+------------+--------+---------------+--------------------+
14 rows in set (0.00 sec)

mysql> desc Actors;
+--------------------+-----------------------------------------------+------+-----+---------+----------------+
| Field              | Type                                          | Null | Key | Default | Extra          |
+--------------------+-----------------------------------------------+------+-----+---------+----------------+
| Id                 | int                                           | NO   | PRI | NULL    | auto_increment |
| First_Name         | varchar(300)                                  | YES  |     | NULL    |                |
| LastName           | varchar(20)                                   | YES  |     | NULL    |                |
| DoB                | date                                          | NO   |     | NULL    |                |
| Gender             | enum('Male','Female','Other')                 | NO   |     | NULL    |                |
| MaritalStatus      | enum('Married','Divorced','Single','Unknown') | YES  |     | NULL    |                |
| NetWorthInMillions | decimal(10,0)                                 | NO   |     | NULL    |                |
+--------------------+-----------------------------------------------+------+-----+---------+----------------+
7 rows in set (0.00 sec)

mysql> Delete from Actors where LastName="NULL";
Query OK, 0 rows affected (0.00 sec)

mysql> Delete from Actors where First_Name="First";
Query OK, 1 row affected (0.02 sec)

mysql> Delete from Actors where First_Name="Second";
Query OK, 1 row affected (0.01 sec)

mysql> Delete from Actors where First_Name="Third";
Query OK, 1 row affected (0.01 sec)

mysql> Delete from Actors where First_Name="Fourth";
Query OK, 1 row affected (0.00 sec)

mysql> select * from Actors;
+----+------------+----------+------------+--------+---------------+--------------------+
| Id | First_Name | LastName | DoB        | Gender | MaritalStatus | NetWorthInMillions |
+----+------------+----------+------------+--------+---------------+--------------------+
|  1 | Brad       | pitt     | 1963-12-18 | Male   | Married       |                150 |
|  2 | Jennifer   | Lopez    | 1969-11-02 | Female | Single        |                200 |
|  3 | Angelina   | Jolly    | 1975-06-04 | Female | Single        |                130 |
|  4 | Johnny     | Depp     | 1963-06-09 | Male   | Married       |                100 |
|  5 | Dream      | smith    | 9999-01-01 | Female | Single        |                200 |
|  6 | Reclusive  | NULL     | 1980-01-01 | Male   | Married       |                100 |
|  7 | Rajnikanth | Murugan  | 1950-12-12 | Male   | Married       |                 90 |
|  8 | Rishi      | Kapoor   | 1950-02-22 | Male   | Married       |                 70 |
|  9 | Hritik     | Roshan   | 1950-02-22 | Male   | Married       |                 50 |
| 10 | Madhuri    | Dixit    | 1958-06-11 | Female | Single        |                110 |
+----+------------+----------+------------+--------+---------------+--------------------+
10 rows in set (0.00 sec)

mysql> update Actors set MaritalStatus="Divorced", LastName="Martin"  where First_Name="Reclusive";
Query OK, 1 row affected (0.01 sec)
Rows matched: 1  Changed: 1  Warnings: 0

mysql> select * from Actors;
+----+------------+----------+------------+--------+---------------+--------------------+
| Id | First_Name | LastName | DoB        | Gender | MaritalStatus | NetWorthInMillions |
+----+------------+----------+------------+--------+---------------+--------------------+
|  1 | Brad       | pitt     | 1963-12-18 | Male   | Married       |                150 |
|  2 | Jennifer   | Lopez    | 1969-11-02 | Female | Single        |                200 |
|  3 | Angelina   | Jolly    | 1975-06-04 | Female | Single        |                130 |
|  4 | Johnny     | Depp     | 1963-06-09 | Male   | Married       |                100 |
|  5 | Dream      | smith    | 9999-01-01 | Female | Single        |                200 |
|  6 | Reclusive  | Martin   | 1980-01-01 | Male   | Divorced      |                100 |
|  7 | Rajnikanth | Murugan  | 1950-12-12 | Male   | Married       |                 90 |
|  8 | Rishi      | Kapoor   | 1950-02-22 | Male   | Married       |                 70 |
|  9 | Hritik     | Roshan   | 1950-02-22 | Male   | Married       |                 50 |
| 10 | Madhuri    | Dixit    | 1958-06-11 | Female | Single        |                110 |
+----+------------+----------+------------+--------+---------------+--------------------+
10 rows in set (0.00 sec)

mysql> update Actors set MaritalStatus="Married"  where First_Name="Madhuri";
Query OK, 1 row affected (0.01 sec)
Rows matched: 1  Changed: 1  Warnings: 0

mysql> update Actors set MaritalStatus="Single"  where First_Name="Hritik";
Query OK, 1 row affected (0.01 sec)
Rows matched: 1  Changed: 1  Warnings: 0

mysql> select * from Actors;
+----+------------+----------+------------+--------+---------------+--------------------+
| Id | First_Name | LastName | DoB        | Gender | MaritalStatus | NetWorthInMillions |
+----+------------+----------+------------+--------+---------------+--------------------+
|  1 | Brad       | pitt     | 1963-12-18 | Male   | Married       |                150 |
|  2 | Jennifer   | Lopez    | 1969-11-02 | Female | Single        |                200 |
|  3 | Angelina   | Jolly    | 1975-06-04 | Female | Single        |                130 |
|  4 | Johnny     | Depp     | 1963-06-09 | Male   | Married       |                100 |
|  5 | Dream      | smith    | 9999-01-01 | Female | Single        |                200 |
|  6 | Reclusive  | Martin   | 1980-01-01 | Male   | Divorced      |                100 |
|  7 | Rajnikanth | Murugan  | 1950-12-12 | Male   | Married       |                 90 |
|  8 | Rishi      | Kapoor   | 1950-02-22 | Male   | Married       |                 70 |
|  9 | Hritik     | Roshan   | 1950-02-22 | Male   | Single        |                 50 |
| 10 | Madhuri    | Dixit    | 1958-06-11 | Female | Married       |                110 |
+----+------------+----------+------------+--------+---------------+--------------------+
10 rows in set (0.00 sec)

mysql> update Actors set DoB="1985-07-17"  where First_Name="Hritik";
Query OK, 1 row affected (0.01 sec)
Rows matched: 1  Changed: 1  Warnings: 0

mysql> select * from Actors;
+----+------------+----------+------------+--------+---------------+--------------------+
| Id | First_Name | LastName | DoB        | Gender | MaritalStatus | NetWorthInMillions |
+----+------------+----------+------------+--------+---------------+--------------------+
|  1 | Brad       | pitt     | 1963-12-18 | Male   | Married       |                150 |
|  2 | Jennifer   | Lopez    | 1969-11-02 | Female | Single        |                200 |
|  3 | Angelina   | Jolly    | 1975-06-04 | Female | Single        |                130 |
|  4 | Johnny     | Depp     | 1963-06-09 | Male   | Married       |                100 |
|  5 | Dream      | smith    | 9999-01-01 | Female | Single        |                200 |
|  6 | Reclusive  | Martin   | 1980-01-01 | Male   | Divorced      |                100 |
|  7 | Rajnikanth | Murugan  | 1950-12-12 | Male   | Married       |                 90 |
|  8 | Rishi      | Kapoor   | 1950-02-22 | Male   | Married       |                 70 |
|  9 | Hritik     | Roshan   | 1985-07-17 | Male   | Single        |                 50 |
| 10 | Madhuri    | Dixit    | 1958-06-11 | Female | Married       |                110 |
+----+------------+----------+------------+--------+---------------+--------------------+
10 rows in set (0.00 sec)

mysql> update Actors set NetWorthInMillions=125  where First_Name="Rajnikanth";
Query OK, 1 row affected (0.02 sec)
Rows matched: 1  Changed: 1  Warnings: 0

mysql> select * from Actors;
+----+------------+----------+------------+--------+---------------+--------------------+
| Id | First_Name | LastName | DoB        | Gender | MaritalStatus | NetWorthInMillions |
+----+------------+----------+------------+--------+---------------+--------------------+
|  1 | Brad       | pitt     | 1963-12-18 | Male   | Married       |                150 |
|  2 | Jennifer   | Lopez    | 1969-11-02 | Female | Single        |                200 |
|  3 | Angelina   | Jolly    | 1975-06-04 | Female | Single        |                130 |
|  4 | Johnny     | Depp     | 1963-06-09 | Male   | Married       |                100 |
|  5 | Dream      | smith    | 9999-01-01 | Female | Single        |                200 |
|  6 | Reclusive  | Martin   | 1980-01-01 | Male   | Divorced      |                100 |
|  7 | Rajnikanth | Murugan  | 1950-12-12 | Male   | Married       |                125 |
|  8 | Rishi      | Kapoor   | 1950-02-22 | Male   | Married       |                 70 |
|  9 | Hritik     | Roshan   | 1985-07-17 | Male   | Single        |                 50 |
| 10 | Madhuri    | Dixit    | 1958-06-11 | Female | Married       |                110 |
+----+------------+----------+------------+--------+---------------+--------------------+
10 rows in set (0.00 sec)

mysql> ALTER TABLE Actors CHANGE First_Name FirstName varchar(30);
Query OK, 10 rows affected (0.05 sec)
Records: 10  Duplicates: 0  Warnings: 0

mysql> select * from Actors;
+----+------------+----------+------------+--------+---------------+--------------------+
| Id | FirstName  | LastName | DoB        | Gender | MaritalStatus | NetWorthInMillions |
+----+------------+----------+------------+--------+---------------+--------------------+
|  1 | Brad       | pitt     | 1963-12-18 | Male   | Married       |                150 |
|  2 | Jennifer   | Lopez    | 1969-11-02 | Female | Single        |                200 |
|  3 | Angelina   | Jolly    | 1975-06-04 | Female | Single        |                130 |
|  4 | Johnny     | Depp     | 1963-06-09 | Male   | Married       |                100 |
|  5 | Dream      | smith    | 9999-01-01 | Female | Single        |                200 |
|  6 | Reclusive  | Martin   | 1980-01-01 | Male   | Divorced      |                100 |
|  7 | Rajnikanth | Murugan  | 1950-12-12 | Male   | Married       |                125 |
|  8 | Rishi      | Kapoor   | 1950-02-22 | Male   | Married       |                 70 |
|  9 | Hritik     | Roshan   | 1985-07-17 | Male   | Single        |                 50 |
| 10 | Madhuri    | Dixit    | 1958-06-11 | Female | Married       |                110 |
+----+------------+----------+------------+--------+---------------+--------------------+
10 rows in set (0.00 sec)

mysql> ----------------------------- TABLE DATA READY FOR OPERATIONS -------------------------;
    -> ;
ERROR 1064 (42000): You have an error in your SQL syntax; check the manual that corresponds to your MySQL server version for the right syntax to use near '---------------------------' at line 1
mysql> 
mysql> 
mysql> SELECT * FROM Actors a INNER JOIN Actors b;
+----+------------+----------+------------+--------+---------------+--------------------+----+------------+----------+------------+--------+---------------+--------------------+
| Id | FirstName  | LastName | DoB        | Gender | MaritalStatus | NetWorthInMillions | Id | FirstName  | LastName | DoB        | Gender | MaritalStatus | NetWorthInMillions |
+----+------------+----------+------------+--------+---------------+--------------------+----+------------+----------+------------+--------+---------------+--------------------+
| 10 | Madhuri    | Dixit    | 1958-06-11 | Female | Married       |                110 |  1 | Brad       | pitt     | 1963-12-18 | Male   | Married       |                150 |
|  9 | Hritik     | Roshan   | 1985-07-17 | Male   | Single        |                 50 |  1 | Brad       | pitt     | 1963-12-18 | Male   | Married       |                150 |
|  8 | Rishi      | Kapoor   | 1950-02-22 | Male   | Married       |                 70 |  1 | Brad       | pitt     | 1963-12-18 | Male   | Married       |                150 |
|  7 | Rajnikanth | Murugan  | 1950-12-12 | Male   | Married       |                125 |  1 | Brad       | pitt     | 1963-12-18 | Male   | Married       |                150 |
|  6 | Reclusive  | Martin   | 1980-01-01 | Male   | Divorced      |                100 |  1 | Brad       | pitt     | 1963-12-18 | Male   | Married       |                150 |
|  5 | Dream      | smith    | 9999-01-01 | Female | Single        |                200 |  1 | Brad       | pitt     | 1963-12-18 | Male   | Married       |                150 |
|  4 | Johnny     | Depp     | 1963-06-09 | Male   | Married       |                100 |  1 | Brad       | pitt     | 1963-12-18 | Male   | Married       |                150 |
|  3 | Angelina   | Jolly    | 1975-06-04 | Female | Single        |                130 |  1 | Brad       | pitt     | 1963-12-18 | Male   | Married       |                150 |
|  2 | Jennifer   | Lopez    | 1969-11-02 | Female | Single        |                200 |  1 | Brad       | pitt     | 1963-12-18 | Male   | Married       |                150 |
|  1 | Brad       | pitt     | 1963-12-18 | Male   | Married       |                150 |  1 | Brad       | pitt     | 1963-12-18 | Male   | Married       |                150 |
| 10 | Madhuri    | Dixit    | 1958-06-11 | Female | Married       |                110 |  2 | Jennifer   | Lopez    | 1969-11-02 | Female | Single        |                200 |
|  9 | Hritik     | Roshan   | 1985-07-17 | Male   | Single        |                 50 |  2 | Jennifer   | Lopez    | 1969-11-02 | Female | Single        |                200 |
|  8 | Rishi      | Kapoor   | 1950-02-22 | Male   | Married       |                 70 |  2 | Jennifer   | Lopez    | 1969-11-02 | Female | Single        |                200 |
|  7 | Rajnikanth | Murugan  | 1950-12-12 | Male   | Married       |                125 |  2 | Jennifer   | Lopez    | 1969-11-02 | Female | Single        |                200 |
|  6 | Reclusive  | Martin   | 1980-01-01 | Male   | Divorced      |                100 |  2 | Jennifer   | Lopez    | 1969-11-02 | Female | Single        |                200 |
|  5 | Dream      | smith    | 9999-01-01 | Female | Single        |                200 |  2 | Jennifer   | Lopez    | 1969-11-02 | Female | Single        |                200 |
|  4 | Johnny     | Depp     | 1963-06-09 | Male   | Married       |                100 |  2 | Jennifer   | Lopez    | 1969-11-02 | Female | Single        |                200 |
|  3 | Angelina   | Jolly    | 1975-06-04 | Female | Single        |                130 |  2 | Jennifer   | Lopez    | 1969-11-02 | Female | Single        |                200 |
|  2 | Jennifer   | Lopez    | 1969-11-02 | Female | Single        |                200 |  2 | Jennifer   | Lopez    | 1969-11-02 | Female | Single        |                200 |
|  1 | Brad       | pitt     | 1963-12-18 | Male   | Married       |                150 |  2 | Jennifer   | Lopez    | 1969-11-02 | Female | Single        |                200 |
| 10 | Madhuri    | Dixit    | 1958-06-11 | Female | Married       |                110 |  3 | Angelina   | Jolly    | 1975-06-04 | Female | Single        |                130 |
|  9 | Hritik     | Roshan   | 1985-07-17 | Male   | Single        |                 50 |  3 | Angelina   | Jolly    | 1975-06-04 | Female | Single        |                130 |
|  8 | Rishi      | Kapoor   | 1950-02-22 | Male   | Married       |                 70 |  3 | Angelina   | Jolly    | 1975-06-04 | Female | Single        |                130 |
|  7 | Rajnikanth | Murugan  | 1950-12-12 | Male   | Married       |                125 |  3 | Angelina   | Jolly    | 1975-06-04 | Female | Single        |                130 |
|  6 | Reclusive  | Martin   | 1980-01-01 | Male   | Divorced      |                100 |  3 | Angelina   | Jolly    | 1975-06-04 | Female | Single        |                130 |
|  5 | Dream      | smith    | 9999-01-01 | Female | Single        |                200 |  3 | Angelina   | Jolly    | 1975-06-04 | Female | Single        |                130 |
|  4 | Johnny     | Depp     | 1963-06-09 | Male   | Married       |                100 |  3 | Angelina   | Jolly    | 1975-06-04 | Female | Single        |                130 |
|  3 | Angelina   | Jolly    | 1975-06-04 | Female | Single        |                130 |  3 | Angelina   | Jolly    | 1975-06-04 | Female | Single        |                130 |
|  2 | Jennifer   | Lopez    | 1969-11-02 | Female | Single        |                200 |  3 | Angelina   | Jolly    | 1975-06-04 | Female | Single        |                130 |
|  1 | Brad       | pitt     | 1963-12-18 | Male   | Married       |                150 |  3 | Angelina   | Jolly    | 1975-06-04 | Female | Single        |                130 |
| 10 | Madhuri    | Dixit    | 1958-06-11 | Female | Married       |                110 |  4 | Johnny     | Depp     | 1963-06-09 | Male   | Married       |                100 |
|  9 | Hritik     | Roshan   | 1985-07-17 | Male   | Single        |                 50 |  4 | Johnny     | Depp     | 1963-06-09 | Male   | Married       |                100 |
|  8 | Rishi      | Kapoor   | 1950-02-22 | Male   | Married       |                 70 |  4 | Johnny     | Depp     | 1963-06-09 | Male   | Married       |                100 |
|  7 | Rajnikanth | Murugan  | 1950-12-12 | Male   | Married       |                125 |  4 | Johnny     | Depp     | 1963-06-09 | Male   | Married       |                100 |
|  6 | Reclusive  | Martin   | 1980-01-01 | Male   | Divorced      |                100 |  4 | Johnny     | Depp     | 1963-06-09 | Male   | Married       |                100 |
|  5 | Dream      | smith    | 9999-01-01 | Female | Single        |                200 |  4 | Johnny     | Depp     | 1963-06-09 | Male   | Married       |                100 |
|  4 | Johnny     | Depp     | 1963-06-09 | Male   | Married       |                100 |  4 | Johnny     | Depp     | 1963-06-09 | Male   | Married       |                100 |
|  3 | Angelina   | Jolly    | 1975-06-04 | Female | Single        |                130 |  4 | Johnny     | Depp     | 1963-06-09 | Male   | Married       |                100 |
|  2 | Jennifer   | Lopez    | 1969-11-02 | Female | Single        |                200 |  4 | Johnny     | Depp     | 1963-06-09 | Male   | Married       |                100 |
|  1 | Brad       | pitt     | 1963-12-18 | Male   | Married       |                150 |  4 | Johnny     | Depp     | 1963-06-09 | Male   | Married       |                100 |
| 10 | Madhuri    | Dixit    | 1958-06-11 | Female | Married       |                110 |  5 | Dream      | smith    | 9999-01-01 | Female | Single        |                200 |
|  9 | Hritik     | Roshan   | 1985-07-17 | Male   | Single        |                 50 |  5 | Dream      | smith    | 9999-01-01 | Female | Single        |                200 |
|  8 | Rishi      | Kapoor   | 1950-02-22 | Male   | Married       |                 70 |  5 | Dream      | smith    | 9999-01-01 | Female | Single        |                200 |
|  7 | Rajnikanth | Murugan  | 1950-12-12 | Male   | Married       |                125 |  5 | Dream      | smith    | 9999-01-01 | Female | Single        |                200 |
|  6 | Reclusive  | Martin   | 1980-01-01 | Male   | Divorced      |                100 |  5 | Dream      | smith    | 9999-01-01 | Female | Single        |                200 |
|  5 | Dream      | smith    | 9999-01-01 | Female | Single        |                200 |  5 | Dream      | smith    | 9999-01-01 | Female | Single        |                200 |
|  4 | Johnny     | Depp     | 1963-06-09 | Male   | Married       |                100 |  5 | Dream      | smith    | 9999-01-01 | Female | Single        |                200 |
|  3 | Angelina   | Jolly    | 1975-06-04 | Female | Single        |                130 |  5 | Dream      | smith    | 9999-01-01 | Female | Single        |                200 |
|  2 | Jennifer   | Lopez    | 1969-11-02 | Female | Single        |                200 |  5 | Dream      | smith    | 9999-01-01 | Female | Single        |                200 |
|  1 | Brad       | pitt     | 1963-12-18 | Male   | Married       |                150 |  5 | Dream      | smith    | 9999-01-01 | Female | Single        |                200 |
| 10 | Madhuri    | Dixit    | 1958-06-11 | Female | Married       |                110 |  6 | Reclusive  | Martin   | 1980-01-01 | Male   | Divorced      |                100 |
|  9 | Hritik     | Roshan   | 1985-07-17 | Male   | Single        |                 50 |  6 | Reclusive  | Martin   | 1980-01-01 | Male   | Divorced      |                100 |
|  8 | Rishi      | Kapoor   | 1950-02-22 | Male   | Married       |                 70 |  6 | Reclusive  | Martin   | 1980-01-01 | Male   | Divorced      |                100 |
|  7 | Rajnikanth | Murugan  | 1950-12-12 | Male   | Married       |                125 |  6 | Reclusive  | Martin   | 1980-01-01 | Male   | Divorced      |                100 |
|  6 | Reclusive  | Martin   | 1980-01-01 | Male   | Divorced      |                100 |  6 | Reclusive  | Martin   | 1980-01-01 | Male   | Divorced      |                100 |
|  5 | Dream      | smith    | 9999-01-01 | Female | Single        |                200 |  6 | Reclusive  | Martin   | 1980-01-01 | Male   | Divorced      |                100 |
|  4 | Johnny     | Depp     | 1963-06-09 | Male   | Married       |                100 |  6 | Reclusive  | Martin   | 1980-01-01 | Male   | Divorced      |                100 |
|  3 | Angelina   | Jolly    | 1975-06-04 | Female | Single        |                130 |  6 | Reclusive  | Martin   | 1980-01-01 | Male   | Divorced      |                100 |
|  2 | Jennifer   | Lopez    | 1969-11-02 | Female | Single        |                200 |  6 | Reclusive  | Martin   | 1980-01-01 | Male   | Divorced      |                100 |
|  1 | Brad       | pitt     | 1963-12-18 | Male   | Married       |                150 |  6 | Reclusive  | Martin   | 1980-01-01 | Male   | Divorced      |                100 |
| 10 | Madhuri    | Dixit    | 1958-06-11 | Female | Married       |                110 |  7 | Rajnikanth | Murugan  | 1950-12-12 | Male   | Married       |                125 |
|  9 | Hritik     | Roshan   | 1985-07-17 | Male   | Single        |                 50 |  7 | Rajnikanth | Murugan  | 1950-12-12 | Male   | Married       |                125 |
|  8 | Rishi      | Kapoor   | 1950-02-22 | Male   | Married       |                 70 |  7 | Rajnikanth | Murugan  | 1950-12-12 | Male   | Married       |                125 |
|  7 | Rajnikanth | Murugan  | 1950-12-12 | Male   | Married       |                125 |  7 | Rajnikanth | Murugan  | 1950-12-12 | Male   | Married       |                125 |
|  6 | Reclusive  | Martin   | 1980-01-01 | Male   | Divorced      |                100 |  7 | Rajnikanth | Murugan  | 1950-12-12 | Male   | Married       |                125 |
|  5 | Dream      | smith    | 9999-01-01 | Female | Single        |                200 |  7 | Rajnikanth | Murugan  | 1950-12-12 | Male   | Married       |                125 |
|  4 | Johnny     | Depp     | 1963-06-09 | Male   | Married       |                100 |  7 | Rajnikanth | Murugan  | 1950-12-12 | Male   | Married       |                125 |
|  3 | Angelina   | Jolly    | 1975-06-04 | Female | Single        |                130 |  7 | Rajnikanth | Murugan  | 1950-12-12 | Male   | Married       |                125 |
|  2 | Jennifer   | Lopez    | 1969-11-02 | Female | Single        |                200 |  7 | Rajnikanth | Murugan  | 1950-12-12 | Male   | Married       |                125 |
|  1 | Brad       | pitt     | 1963-12-18 | Male   | Married       |                150 |  7 | Rajnikanth | Murugan  | 1950-12-12 | Male   | Married       |                125 |
| 10 | Madhuri    | Dixit    | 1958-06-11 | Female | Married       |                110 |  8 | Rishi      | Kapoor   | 1950-02-22 | Male   | Married       |                 70 |
|  9 | Hritik     | Roshan   | 1985-07-17 | Male   | Single        |                 50 |  8 | Rishi      | Kapoor   | 1950-02-22 | Male   | Married       |                 70 |
|  8 | Rishi      | Kapoor   | 1950-02-22 | Male   | Married       |                 70 |  8 | Rishi      | Kapoor   | 1950-02-22 | Male   | Married       |                 70 |
|  7 | Rajnikanth | Murugan  | 1950-12-12 | Male   | Married       |                125 |  8 | Rishi      | Kapoor   | 1950-02-22 | Male   | Married       |                 70 |
|  6 | Reclusive  | Martin   | 1980-01-01 | Male   | Divorced      |                100 |  8 | Rishi      | Kapoor   | 1950-02-22 | Male   | Married       |                 70 |
|  5 | Dream      | smith    | 9999-01-01 | Female | Single        |                200 |  8 | Rishi      | Kapoor   | 1950-02-22 | Male   | Married       |                 70 |
|  4 | Johnny     | Depp     | 1963-06-09 | Male   | Married       |                100 |  8 | Rishi      | Kapoor   | 1950-02-22 | Male   | Married       |                 70 |
|  3 | Angelina   | Jolly    | 1975-06-04 | Female | Single        |                130 |  8 | Rishi      | Kapoor   | 1950-02-22 | Male   | Married       |                 70 |
|  2 | Jennifer   | Lopez    | 1969-11-02 | Female | Single        |                200 |  8 | Rishi      | Kapoor   | 1950-02-22 | Male   | Married       |                 70 |
|  1 | Brad       | pitt     | 1963-12-18 | Male   | Married       |                150 |  8 | Rishi      | Kapoor   | 1950-02-22 | Male   | Married       |                 70 |
| 10 | Madhuri    | Dixit    | 1958-06-11 | Female | Married       |                110 |  9 | Hritik     | Roshan   | 1985-07-17 | Male   | Single        |                 50 |
|  9 | Hritik     | Roshan   | 1985-07-17 | Male   | Single        |                 50 |  9 | Hritik     | Roshan   | 1985-07-17 | Male   | Single        |                 50 |
|  8 | Rishi      | Kapoor   | 1950-02-22 | Male   | Married       |                 70 |  9 | Hritik     | Roshan   | 1985-07-17 | Male   | Single        |                 50 |
|  7 | Rajnikanth | Murugan  | 1950-12-12 | Male   | Married       |                125 |  9 | Hritik     | Roshan   | 1985-07-17 | Male   | Single        |                 50 |
|  6 | Reclusive  | Martin   | 1980-01-01 | Male   | Divorced      |                100 |  9 | Hritik     | Roshan   | 1985-07-17 | Male   | Single        |                 50 |
|  5 | Dream      | smith    | 9999-01-01 | Female | Single        |                200 |  9 | Hritik     | Roshan   | 1985-07-17 | Male   | Single        |                 50 |
|  4 | Johnny     | Depp     | 1963-06-09 | Male   | Married       |                100 |  9 | Hritik     | Roshan   | 1985-07-17 | Male   | Single        |                 50 |
|  3 | Angelina   | Jolly    | 1975-06-04 | Female | Single        |                130 |  9 | Hritik     | Roshan   | 1985-07-17 | Male   | Single        |                 50 |
|  2 | Jennifer   | Lopez    | 1969-11-02 | Female | Single        |                200 |  9 | Hritik     | Roshan   | 1985-07-17 | Male   | Single        |                 50 |
|  1 | Brad       | pitt     | 1963-12-18 | Male   | Married       |                150 |  9 | Hritik     | Roshan   | 1985-07-17 | Male   | Single        |                 50 |
| 10 | Madhuri    | Dixit    | 1958-06-11 | Female | Married       |                110 | 10 | Madhuri    | Dixit    | 1958-06-11 | Female | Married       |                110 |
|  9 | Hritik     | Roshan   | 1985-07-17 | Male   | Single        |                 50 | 10 | Madhuri    | Dixit    | 1958-06-11 | Female | Married       |                110 |
|  8 | Rishi      | Kapoor   | 1950-02-22 | Male   | Married       |                 70 | 10 | Madhuri    | Dixit    | 1958-06-11 | Female | Married       |                110 |
|  7 | Rajnikanth | Murugan  | 1950-12-12 | Male   | Married       |                125 | 10 | Madhuri    | Dixit    | 1958-06-11 | Female | Married       |                110 |
|  6 | Reclusive  | Martin   | 1980-01-01 | Male   | Divorced      |                100 | 10 | Madhuri    | Dixit    | 1958-06-11 | Female | Married       |                110 |
|  5 | Dream      | smith    | 9999-01-01 | Female | Single        |                200 | 10 | Madhuri    | Dixit    | 1958-06-11 | Female | Married       |                110 |
|  4 | Johnny     | Depp     | 1963-06-09 | Male   | Married       |                100 | 10 | Madhuri    | Dixit    | 1958-06-11 | Female | Married       |                110 |
|  3 | Angelina   | Jolly    | 1975-06-04 | Female | Single        |                130 | 10 | Madhuri    | Dixit    | 1958-06-11 | Female | Married       |                110 |
|  2 | Jennifer   | Lopez    | 1969-11-02 | Female | Single        |                200 | 10 | Madhuri    | Dixit    | 1958-06-11 | Female | Married       |                110 |
|  1 | Brad       | pitt     | 1963-12-18 | Male   | Married       |                150 | 10 | Madhuri    | Dixit    | 1958-06-11 | Female | Married       |                110 |
+----+------------+----------+------------+--------+---------------+--------------------+----+------------+----------+------------+--------+---------------+--------------------+
100 rows in set (0.01 sec)

mysql> SELECT * FROM Actors a INNER JOIN Actors b USING(FirstName);
+------------+----+----------+------------+--------+---------------+--------------------+----+----------+------------+--------+---------------+--------------------+
| FirstName  | Id | LastName | DoB        | Gender | MaritalStatus | NetWorthInMillions | Id | LastName | DoB        | Gender | MaritalStatus | NetWorthInMillions |
+------------+----+----------+------------+--------+---------------+--------------------+----+----------+------------+--------+---------------+--------------------+
| Brad       |  1 | pitt     | 1963-12-18 | Male   | Married       |                150 |  1 | pitt     | 1963-12-18 | Male   | Married       |                150 |
| Jennifer   |  2 | Lopez    | 1969-11-02 | Female | Single        |                200 |  2 | Lopez    | 1969-11-02 | Female | Single        |                200 |
| Angelina   |  3 | Jolly    | 1975-06-04 | Female | Single        |                130 |  3 | Jolly    | 1975-06-04 | Female | Single        |                130 |
| Johnny     |  4 | Depp     | 1963-06-09 | Male   | Married       |                100 |  4 | Depp     | 1963-06-09 | Male   | Married       |                100 |
| Dream      |  5 | smith    | 9999-01-01 | Female | Single        |                200 |  5 | smith    | 9999-01-01 | Female | Single        |                200 |
| Reclusive  |  6 | Martin   | 1980-01-01 | Male   | Divorced      |                100 |  6 | Martin   | 1980-01-01 | Male   | Divorced      |                100 |
| Rajnikanth |  7 | Murugan  | 1950-12-12 | Male   | Married       |                125 |  7 | Murugan  | 1950-12-12 | Male   | Married       |                125 |
| Rishi      |  8 | Kapoor   | 1950-02-22 | Male   | Married       |                 70 |  8 | Kapoor   | 1950-02-22 | Male   | Married       |                 70 |
| Hritik     |  9 | Roshan   | 1985-07-17 | Male   | Single        |                 50 |  9 | Roshan   | 1985-07-17 | Male   | Single        |                 50 |
| Madhuri    | 10 | Dixit    | 1958-06-11 | Female | Married       |                110 | 10 | Dixit    | 1958-06-11 | Female | Married       |                110 |
+------------+----+----------+------------+--------+---------------+--------------------+----+----------+------------+--------+---------------+--------------------+
10 rows in set (0.00 sec)

mysql> SELECT * FROM Actors a INNER JOIN Actors b USING(NetWorthInMillions);
+--------------------+----+------------+----------+------------+--------+---------------+----+------------+----------+------------+--------+---------------+
| NetWorthInMillions | Id | FirstName  | LastName | DoB        | Gender | MaritalStatus | Id | FirstName  | LastName | DoB        | Gender | MaritalStatus |
+--------------------+----+------------+----------+------------+--------+---------------+----+------------+----------+------------+--------+---------------+
|                150 |  1 | Brad       | pitt     | 1963-12-18 | Male   | Married       |  1 | Brad       | pitt     | 1963-12-18 | Male   | Married       |
|                200 |  5 | Dream      | smith    | 9999-01-01 | Female | Single        |  2 | Jennifer   | Lopez    | 1969-11-02 | Female | Single        |
|                200 |  2 | Jennifer   | Lopez    | 1969-11-02 | Female | Single        |  2 | Jennifer   | Lopez    | 1969-11-02 | Female | Single        |
|                130 |  3 | Angelina   | Jolly    | 1975-06-04 | Female | Single        |  3 | Angelina   | Jolly    | 1975-06-04 | Female | Single        |
|                100 |  6 | Reclusive  | Martin   | 1980-01-01 | Male   | Divorced      |  4 | Johnny     | Depp     | 1963-06-09 | Male   | Married       |
|                100 |  4 | Johnny     | Depp     | 1963-06-09 | Male   | Married       |  4 | Johnny     | Depp     | 1963-06-09 | Male   | Married       |
|                200 |  5 | Dream      | smith    | 9999-01-01 | Female | Single        |  5 | Dream      | smith    | 9999-01-01 | Female | Single        |
|                200 |  2 | Jennifer   | Lopez    | 1969-11-02 | Female | Single        |  5 | Dream      | smith    | 9999-01-01 | Female | Single        |
|                100 |  6 | Reclusive  | Martin   | 1980-01-01 | Male   | Divorced      |  6 | Reclusive  | Martin   | 1980-01-01 | Male   | Divorced      |
|                100 |  4 | Johnny     | Depp     | 1963-06-09 | Male   | Married       |  6 | Reclusive  | Martin   | 1980-01-01 | Male   | Divorced      |
|                125 |  7 | Rajnikanth | Murugan  | 1950-12-12 | Male   | Married       |  7 | Rajnikanth | Murugan  | 1950-12-12 | Male   | Married       |
|                 70 |  8 | Rishi      | Kapoor   | 1950-02-22 | Male   | Married       |  8 | Rishi      | Kapoor   | 1950-02-22 | Male   | Married       |
|                 50 |  9 | Hritik     | Roshan   | 1985-07-17 | Male   | Single        |  9 | Hritik     | Roshan   | 1985-07-17 | Male   | Single        |
|                110 | 10 | Madhuri    | Dixit    | 1958-06-11 | Female | Married       | 10 | Madhuri    | Dixit    | 1958-06-11 | Female | Married       |
+--------------------+----+------------+----------+------------+--------+---------------+----+------------+----------+------------+--------+---------------+
14 rows in set (0.00 sec)

mysql> select count(*) from Actors a Join Actors b;
+----------+
| count(*) |
+----------+
|      100 |
+----------+
1 row in set (0.00 sec)

mysql> select count(*) from Actors a inner Join Actors b using (FirstName);
+----------+
| count(*) |
+----------+
|       10 |
+----------+
1 row in set (0.00 sec)

mysql> select count(*) from Actors a inner Join Actors b using (NetWorthInMillions);
+----------+
| count(*) |
+----------+
|       14 |
+----------+
1 row in set (0.00 sec)

mysql> select * from Actors;
+----+------------+----------+------------+--------+---------------+--------------------+
| Id | FirstName  | LastName | DoB        | Gender | MaritalStatus | NetWorthInMillions |
+----+------------+----------+------------+--------+---------------+--------------------+
|  1 | Brad       | pitt     | 1963-12-18 | Male   | Married       |                150 |
|  2 | Jennifer   | Lopez    | 1969-11-02 | Female | Single        |                200 |
|  3 | Angelina   | Jolly    | 1975-06-04 | Female | Single        |                130 |
|  4 | Johnny     | Depp     | 1963-06-09 | Male   | Married       |                100 |
|  5 | Dream      | smith    | 9999-01-01 | Female | Single        |                200 |
|  6 | Reclusive  | Martin   | 1980-01-01 | Male   | Divorced      |                100 |
|  7 | Rajnikanth | Murugan  | 1950-12-12 | Male   | Married       |                125 |
|  8 | Rishi      | Kapoor   | 1950-02-22 | Male   | Married       |                 70 |
|  9 | Hritik     | Roshan   | 1985-07-17 | Male   | Single        |                 50 |
| 10 | Madhuri    | Dixit    | 1958-06-11 | Female | Married       |                110 |
+----+------------+----------+------------+--------+---------------+--------------------+
10 rows in set (0.00 sec)

mysql> select count(*) from Actors a inner Join Actors b using (NetWorthInMillions);
+----------+
| count(*) |
+----------+
|       14 |
+----------+
1 row in set (0.00 sec)

mysql> SELECT * FROM Actors a INNER JOIN Actors b USING(NetWorthInMillions);
+--------------------+----+------------+----------+------------+--------+---------------+----+------------+----------+------------+--------+---------------+
| NetWorthInMillions | Id | FirstName  | LastName | DoB        | Gender | MaritalStatus | Id | FirstName  | LastName | DoB        | Gender | MaritalStatus |
+--------------------+----+------------+----------+------------+--------+---------------+----+------------+----------+------------+--------+---------------+
|                150 |  1 | Brad       | pitt     | 1963-12-18 | Male   | Married       |  1 | Brad       | pitt     | 1963-12-18 | Male   | Married       |
|                200 |  5 | Dream      | smith    | 9999-01-01 | Female | Single        |  2 | Jennifer   | Lopez    | 1969-11-02 | Female | Single        |
|                200 |  2 | Jennifer   | Lopez    | 1969-11-02 | Female | Single        |  2 | Jennifer   | Lopez    | 1969-11-02 | Female | Single        |
|                130 |  3 | Angelina   | Jolly    | 1975-06-04 | Female | Single        |  3 | Angelina   | Jolly    | 1975-06-04 | Female | Single        |
|                100 |  6 | Reclusive  | Martin   | 1980-01-01 | Male   | Divorced      |  4 | Johnny     | Depp     | 1963-06-09 | Male   | Married       |
|                100 |  4 | Johnny     | Depp     | 1963-06-09 | Male   | Married       |  4 | Johnny     | Depp     | 1963-06-09 | Male   | Married       |
|                200 |  5 | Dream      | smith    | 9999-01-01 | Female | Single        |  5 | Dream      | smith    | 9999-01-01 | Female | Single        |
|                200 |  2 | Jennifer   | Lopez    | 1969-11-02 | Female | Single        |  5 | Dream      | smith    | 9999-01-01 | Female | Single        |
|                100 |  6 | Reclusive  | Martin   | 1980-01-01 | Male   | Divorced      |  6 | Reclusive  | Martin   | 1980-01-01 | Male   | Divorced      |
|                100 |  4 | Johnny     | Depp     | 1963-06-09 | Male   | Married       |  6 | Reclusive  | Martin   | 1980-01-01 | Male   | Divorced      |
|                125 |  7 | Rajnikanth | Murugan  | 1950-12-12 | Male   | Married       |  7 | Rajnikanth | Murugan  | 1950-12-12 | Male   | Married       |
|                 70 |  8 | Rishi      | Kapoor   | 1950-02-22 | Male   | Married       |  8 | Rishi      | Kapoor   | 1950-02-22 | Male   | Married       |
|                 50 |  9 | Hritik     | Roshan   | 1985-07-17 | Male   | Single        |  9 | Hritik     | Roshan   | 1985-07-17 | Male   | Single        |
|                110 | 10 | Madhuri    | Dixit    | 1958-06-11 | Female | Married       | 10 | Madhuri    | Dixit    | 1958-06-11 | Female | Married       |
+--------------------+----+------------+----------+------------+--------+---------------+----+------------+----------+------------+--------+---------------+
14 rows in set (0.00 sec)

mysql> SELECT * FROM Actors a INNER JOIN Actors b on a.NetWorthInMillions==b.NetWorthInMillions;
ERROR 1064 (42000): You have an error in your SQL syntax; check the manual that corresponds to your MySQL server version for the right syntax to use near '==b.NetWorthInMillions' at line 1
mysql> SELECT * FROM Actors a INNER JOIN Actors b on a.NetWorthInMillions=b.NetWorthInMillions;
+----+------------+----------+------------+--------+---------------+--------------------+----+------------+----------+------------+--------+---------------+--------------------+
| Id | FirstName  | LastName | DoB        | Gender | MaritalStatus | NetWorthInMillions | Id | FirstName  | LastName | DoB        | Gender | MaritalStatus | NetWorthInMillions |
+----+------------+----------+------------+--------+---------------+--------------------+----+------------+----------+------------+--------+---------------+--------------------+
|  1 | Brad       | pitt     | 1963-12-18 | Male   | Married       |                150 |  1 | Brad       | pitt     | 1963-12-18 | Male   | Married       |                150 |
|  5 | Dream      | smith    | 9999-01-01 | Female | Single        |                200 |  2 | Jennifer   | Lopez    | 1969-11-02 | Female | Single        |                200 |
|  2 | Jennifer   | Lopez    | 1969-11-02 | Female | Single        |                200 |  2 | Jennifer   | Lopez    | 1969-11-02 | Female | Single        |                200 |
|  3 | Angelina   | Jolly    | 1975-06-04 | Female | Single        |                130 |  3 | Angelina   | Jolly    | 1975-06-04 | Female | Single        |                130 |
|  6 | Reclusive  | Martin   | 1980-01-01 | Male   | Divorced      |                100 |  4 | Johnny     | Depp     | 1963-06-09 | Male   | Married       |                100 |
|  4 | Johnny     | Depp     | 1963-06-09 | Male   | Married       |                100 |  4 | Johnny     | Depp     | 1963-06-09 | Male   | Married       |                100 |
|  5 | Dream      | smith    | 9999-01-01 | Female | Single        |                200 |  5 | Dream      | smith    | 9999-01-01 | Female | Single        |                200 |
|  2 | Jennifer   | Lopez    | 1969-11-02 | Female | Single        |                200 |  5 | Dream      | smith    | 9999-01-01 | Female | Single        |                200 |
|  6 | Reclusive  | Martin   | 1980-01-01 | Male   | Divorced      |                100 |  6 | Reclusive  | Martin   | 1980-01-01 | Male   | Divorced      |                100 |
|  4 | Johnny     | Depp     | 1963-06-09 | Male   | Married       |                100 |  6 | Reclusive  | Martin   | 1980-01-01 | Male   | Divorced      |                100 |
|  7 | Rajnikanth | Murugan  | 1950-12-12 | Male   | Married       |                125 |  7 | Rajnikanth | Murugan  | 1950-12-12 | Male   | Married       |                125 |
|  8 | Rishi      | Kapoor   | 1950-02-22 | Male   | Married       |                 70 |  8 | Rishi      | Kapoor   | 1950-02-22 | Male   | Married       |                 70 |
|  9 | Hritik     | Roshan   | 1985-07-17 | Male   | Single        |                 50 |  9 | Hritik     | Roshan   | 1985-07-17 | Male   | Single        |                 50 |
| 10 | Madhuri    | Dixit    | 1958-06-11 | Female | Married       |                110 | 10 | Madhuri    | Dixit    | 1958-06-11 | Female | Married       |                110 |
+----+------------+----------+------------+--------+---------------+--------------------+----+------------+----------+------------+--------+---------------+--------------------+
14 rows in set (0.00 sec)

mysql> select * from Actors;
+----+------------+----------+------------+--------+---------------+--------------------+
| Id | FirstName  | LastName | DoB        | Gender | MaritalStatus | NetWorthInMillions |
+----+------------+----------+------------+--------+---------------+--------------------+
|  1 | Brad       | pitt     | 1963-12-18 | Male   | Married       |                150 |
|  2 | Jennifer   | Lopez    | 1969-11-02 | Female | Single        |                200 |
|  3 | Angelina   | Jolly    | 1975-06-04 | Female | Single        |                130 |
|  4 | Johnny     | Depp     | 1963-06-09 | Male   | Married       |                100 |
|  5 | Dream      | smith    | 9999-01-01 | Female | Single        |                200 |
|  6 | Reclusive  | Martin   | 1980-01-01 | Male   | Divorced      |                100 |
|  7 | Rajnikanth | Murugan  | 1950-12-12 | Male   | Married       |                125 |
|  8 | Rishi      | Kapoor   | 1950-02-22 | Male   | Married       |                 70 |
|  9 | Hritik     | Roshan   | 1985-07-17 | Male   | Single        |                 50 |
| 10 | Madhuri    | Dixit    | 1958-06-11 | Female | Married       |                110 |
+----+------------+----------+------------+--------+---------------+--------------------+
10 rows in set (0.00 sec)

mysql> select * from Actors;
+----+------------+----------+------------+--------+---------------+--------------------+
| Id | FirstName  | LastName | DoB        | Gender | MaritalStatus | NetWorthInMillions |
+----+------------+----------+------------+--------+---------------+--------------------+
|  1 | Brad       | pitt     | 1963-12-18 | Male   | Married       |                150 |
|  2 | Jennifer   | Lopez    | 1969-11-02 | Female | Single        |                200 |
|  3 | Angelina   | Jolly    | 1975-06-04 | Female | Single        |                130 |
|  4 | Johnny     | Depp     | 1963-06-09 | Male   | Married       |                100 |
|  5 | Dream      | smith    | 9999-01-01 | Female | Single        |                200 |
|  6 | Reclusive  | Martin   | 1980-01-01 | Male   | Divorced      |                100 |
|  7 | Rajnikanth | Murugan  | 1950-12-12 | Male   | Married       |                125 |
|  8 | Rishi      | Kapoor   | 1950-02-22 | Male   | Married       |                 70 |
|  9 | Hritik     | Roshan   | 1985-07-17 | Male   | Single        |                 50 |
| 10 | Madhuri    | Dixit    | 1958-06-11 | Female | Married       |                110 |
+----+------------+----------+------------+--------+---------------+--------------------+
10 rows in set (0.00 sec)

mysql> SELECT * FROM Actors a INNER JOIN Actors b on a.NetWorthInMillions=b.NetWorthInMillions;
+----+------------+----------+------------+--------+---------------+--------------------+----+------------+----------+------------+--------+---------------+--------------------+
| Id | FirstName  | LastName | DoB        | Gender | MaritalStatus | NetWorthInMillions | Id | FirstName  | LastName | DoB        | Gender | MaritalStatus | NetWorthInMillions |
+----+------------+----------+------------+--------+---------------+--------------------+----+------------+----------+------------+--------+---------------+--------------------+
|  1 | Brad       | pitt     | 1963-12-18 | Male   | Married       |                150 |  1 | Brad       | pitt     | 1963-12-18 | Male   | Married       |                150 |
|  5 | Dream      | smith    | 9999-01-01 | Female | Single        |                200 |  2 | Jennifer   | Lopez    | 1969-11-02 | Female | Single        |                200 |
|  2 | Jennifer   | Lopez    | 1969-11-02 | Female | Single        |                200 |  2 | Jennifer   | Lopez    | 1969-11-02 | Female | Single        |                200 |
|  3 | Angelina   | Jolly    | 1975-06-04 | Female | Single        |                130 |  3 | Angelina   | Jolly    | 1975-06-04 | Female | Single        |                130 |
|  6 | Reclusive  | Martin   | 1980-01-01 | Male   | Divorced      |                100 |  4 | Johnny     | Depp     | 1963-06-09 | Male   | Married       |                100 |
|  4 | Johnny     | Depp     | 1963-06-09 | Male   | Married       |                100 |  4 | Johnny     | Depp     | 1963-06-09 | Male   | Married       |                100 |
|  5 | Dream      | smith    | 9999-01-01 | Female | Single        |                200 |  5 | Dream      | smith    | 9999-01-01 | Female | Single        |                200 |
|  2 | Jennifer   | Lopez    | 1969-11-02 | Female | Single        |                200 |  5 | Dream      | smith    | 9999-01-01 | Female | Single        |                200 |
|  6 | Reclusive  | Martin   | 1980-01-01 | Male   | Divorced      |                100 |  6 | Reclusive  | Martin   | 1980-01-01 | Male   | Divorced      |                100 |
|  4 | Johnny     | Depp     | 1963-06-09 | Male   | Married       |                100 |  6 | Reclusive  | Martin   | 1980-01-01 | Male   | Divorced      |                100 |
|  7 | Rajnikanth | Murugan  | 1950-12-12 | Male   | Married       |                125 |  7 | Rajnikanth | Murugan  | 1950-12-12 | Male   | Married       |                125 |
|  8 | Rishi      | Kapoor   | 1950-02-22 | Male   | Married       |                 70 |  8 | Rishi      | Kapoor   | 1950-02-22 | Male   | Married       |                 70 |
|  9 | Hritik     | Roshan   | 1985-07-17 | Male   | Single        |                 50 |  9 | Hritik     | Roshan   | 1985-07-17 | Male   | Single        |                 50 |
| 10 | Madhuri    | Dixit    | 1958-06-11 | Female | Married       |                110 | 10 | Madhuri    | Dixit    | 1958-06-11 | Female | Married       |                110 |
+----+------------+----------+------------+--------+---------------+--------------------+----+------------+----------+------------+--------+---------------+--------------------+
14 rows in set (0.00 sec)

mysql> select * from Actors ORDER BY NetWorthInMillions;
+----+------------+----------+------------+--------+---------------+--------------------+
| Id | FirstName  | LastName | DoB        | Gender | MaritalStatus | NetWorthInMillions |
+----+------------+----------+------------+--------+---------------+--------------------+
|  9 | Hritik     | Roshan   | 1985-07-17 | Male   | Single        |                 50 |
|  8 | Rishi      | Kapoor   | 1950-02-22 | Male   | Married       |                 70 |
|  4 | Johnny     | Depp     | 1963-06-09 | Male   | Married       |                100 |
|  6 | Reclusive  | Martin   | 1980-01-01 | Male   | Divorced      |                100 |
| 10 | Madhuri    | Dixit    | 1958-06-11 | Female | Married       |                110 |
|  7 | Rajnikanth | Murugan  | 1950-12-12 | Male   | Married       |                125 |
|  3 | Angelina   | Jolly    | 1975-06-04 | Female | Single        |                130 |
|  1 | Brad       | pitt     | 1963-12-18 | Male   | Married       |                150 |
|  2 | Jennifer   | Lopez    | 1969-11-02 | Female | Single        |                200 |
|  5 | Dream      | smith    | 9999-01-01 | Female | Single        |                200 |
+----+------------+----------+------------+--------+---------------+--------------------+
10 rows in set (0.00 sec)

mysql> select count(*) from Actors a inner Join Actors b using (NetWorthInMillions);
+----------+
| count(*) |
+----------+
|       14 |
+----------+
1 row in set (0.00 sec)

mysql> select * from Actors ORDER BY NetWorthInMillions;
+----+------------+----------+------------+--------+---------------+--------------------+
| Id | FirstName  | LastName | DoB        | Gender | MaritalStatus | NetWorthInMillions |
+----+------------+----------+------------+--------+---------------+--------------------+
|  9 | Hritik     | Roshan   | 1985-07-17 | Male   | Single        |                 50 |
|  8 | Rishi      | Kapoor   | 1950-02-22 | Male   | Married       |                 70 |
|  4 | Johnny     | Depp     | 1963-06-09 | Male   | Married       |                100 |
|  6 | Reclusive  | Martin   | 1980-01-01 | Male   | Divorced      |                100 |
| 10 | Madhuri    | Dixit    | 1958-06-11 | Female | Married       |                110 |
|  7 | Rajnikanth | Murugan  | 1950-12-12 | Male   | Married       |                125 |
|  3 | Angelina   | Jolly    | 1975-06-04 | Female | Single        |                130 |
|  1 | Brad       | pitt     | 1963-12-18 | Male   | Married       |                150 |
|  2 | Jennifer   | Lopez    | 1969-11-02 | Female | Single        |                200 |
|  5 | Dream      | smith    | 9999-01-01 | Female | Single        |                200 |
+----+------------+----------+------------+--------+---------------+--------------------+
10 rows in set (0.00 sec)

mysql> SELECT * FROM Actors a INNER JOIN Actors b USING(NetWorthInMillions);
+--------------------+----+------------+----------+------------+--------+---------------+----+------------+----------+------------+--------+---------------+
| NetWorthInMillions | Id | FirstName  | LastName | DoB        | Gender | MaritalStatus | Id | FirstName  | LastName | DoB        | Gender | MaritalStatus |
+--------------------+----+------------+----------+------------+--------+---------------+----+------------+----------+------------+--------+---------------+
|                150 |  1 | Brad       | pitt     | 1963-12-18 | Male   | Married       |  1 | Brad       | pitt     | 1963-12-18 | Male   | Married       |
|                200 |  5 | Dream      | smith    | 9999-01-01 | Female | Single        |  2 | Jennifer   | Lopez    | 1969-11-02 | Female | Single        |
|                200 |  2 | Jennifer   | Lopez    | 1969-11-02 | Female | Single        |  2 | Jennifer   | Lopez    | 1969-11-02 | Female | Single        |
|                130 |  3 | Angelina   | Jolly    | 1975-06-04 | Female | Single        |  3 | Angelina   | Jolly    | 1975-06-04 | Female | Single        |
|                100 |  6 | Reclusive  | Martin   | 1980-01-01 | Male   | Divorced      |  4 | Johnny     | Depp     | 1963-06-09 | Male   | Married       |
|                100 |  4 | Johnny     | Depp     | 1963-06-09 | Male   | Married       |  4 | Johnny     | Depp     | 1963-06-09 | Male   | Married       |
|                200 |  5 | Dream      | smith    | 9999-01-01 | Female | Single        |  5 | Dream      | smith    | 9999-01-01 | Female | Single        |
|                200 |  2 | Jennifer   | Lopez    | 1969-11-02 | Female | Single        |  5 | Dream      | smith    | 9999-01-01 | Female | Single        |
|                100 |  6 | Reclusive  | Martin   | 1980-01-01 | Male   | Divorced      |  6 | Reclusive  | Martin   | 1980-01-01 | Male   | Divorced      |
|                100 |  4 | Johnny     | Depp     | 1963-06-09 | Male   | Married       |  6 | Reclusive  | Martin   | 1980-01-01 | Male   | Divorced      |
|                125 |  7 | Rajnikanth | Murugan  | 1950-12-12 | Male   | Married       |  7 | Rajnikanth | Murugan  | 1950-12-12 | Male   | Married       |
|                 70 |  8 | Rishi      | Kapoor   | 1950-02-22 | Male   | Married       |  8 | Rishi      | Kapoor   | 1950-02-22 | Male   | Married       |
|                 50 |  9 | Hritik     | Roshan   | 1985-07-17 | Male   | Single        |  9 | Hritik     | Roshan   | 1985-07-17 | Male   | Single        |
|                110 | 10 | Madhuri    | Dixit    | 1958-06-11 | Female | Married       | 10 | Madhuri    | Dixit    | 1958-06-11 | Female | Married       |
+--------------------+----+------------+----------+------------+--------+---------------+----+------------+----------+------------+--------+---------------+
14 rows in set (0.00 sec)

mysql> SELECT * FROM Actors a INNER JOIN Actors b on a.NetWorthInMillions=b.NetWorthInMillions;
+----+------------+----------+------------+--------+---------------+--------------------+----+------------+----------+------------+--------+---------------+--------------------+
| Id | FirstName  | LastName | DoB        | Gender | MaritalStatus | NetWorthInMillions | Id | FirstName  | LastName | DoB        | Gender | MaritalStatus | NetWorthInMillions |
+----+------------+----------+------------+--------+---------------+--------------------+----+------------+----------+------------+--------+---------------+--------------------+
|  1 | Brad       | pitt     | 1963-12-18 | Male   | Married       |                150 |  1 | Brad       | pitt     | 1963-12-18 | Male   | Married       |                150 |
|  5 | Dream      | smith    | 9999-01-01 | Female | Single        |                200 |  2 | Jennifer   | Lopez    | 1969-11-02 | Female | Single        |                200 |
|  2 | Jennifer   | Lopez    | 1969-11-02 | Female | Single        |                200 |  2 | Jennifer   | Lopez    | 1969-11-02 | Female | Single        |                200 |
|  3 | Angelina   | Jolly    | 1975-06-04 | Female | Single        |                130 |  3 | Angelina   | Jolly    | 1975-06-04 | Female | Single        |                130 |
|  6 | Reclusive  | Martin   | 1980-01-01 | Male   | Divorced      |                100 |  4 | Johnny     | Depp     | 1963-06-09 | Male   | Married       |                100 |
|  4 | Johnny     | Depp     | 1963-06-09 | Male   | Married       |                100 |  4 | Johnny     | Depp     | 1963-06-09 | Male   | Married       |                100 |
|  5 | Dream      | smith    | 9999-01-01 | Female | Single        |                200 |  5 | Dream      | smith    | 9999-01-01 | Female | Single        |                200 |
|  2 | Jennifer   | Lopez    | 1969-11-02 | Female | Single        |                200 |  5 | Dream      | smith    | 9999-01-01 | Female | Single        |                200 |
|  6 | Reclusive  | Martin   | 1980-01-01 | Male   | Divorced      |                100 |  6 | Reclusive  | Martin   | 1980-01-01 | Male   | Divorced      |                100 |
|  4 | Johnny     | Depp     | 1963-06-09 | Male   | Married       |                100 |  6 | Reclusive  | Martin   | 1980-01-01 | Male   | Divorced      |                100 |
|  7 | Rajnikanth | Murugan  | 1950-12-12 | Male   | Married       |                125 |  7 | Rajnikanth | Murugan  | 1950-12-12 | Male   | Married       |                125 |
|  8 | Rishi      | Kapoor   | 1950-02-22 | Male   | Married       |                 70 |  8 | Rishi      | Kapoor   | 1950-02-22 | Male   | Married       |                 70 |
|  9 | Hritik     | Roshan   | 1985-07-17 | Male   | Single        |                 50 |  9 | Hritik     | Roshan   | 1985-07-17 | Male   | Single        |                 50 |
| 10 | Madhuri    | Dixit    | 1958-06-11 | Female | Married       |                110 | 10 | Madhuri    | Dixit    | 1958-06-11 | Female | Married       |                110 |
+----+------------+----------+------------+--------+---------------+--------------------+----+------------+----------+------------+--------+---------------+--------------------+
14 rows in set (0.00 sec)

mysql> select * from Actors ORDER BY NetWorthInMillions;
+----+------------+----------+------------+--------+---------------+--------------------+
| Id | FirstName  | LastName | DoB        | Gender | MaritalStatus | NetWorthInMillions |
+----+------------+----------+------------+--------+---------------+--------------------+
|  9 | Hritik     | Roshan   | 1985-07-17 | Male   | Single        |                 50 |
|  8 | Rishi      | Kapoor   | 1950-02-22 | Male   | Married       |                 70 |
|  4 | Johnny     | Depp     | 1963-06-09 | Male   | Married       |                100 |
|  6 | Reclusive  | Martin   | 1980-01-01 | Male   | Divorced      |                100 |
| 10 | Madhuri    | Dixit    | 1958-06-11 | Female | Married       |                110 |
|  7 | Rajnikanth | Murugan  | 1950-12-12 | Male   | Married       |                125 |
|  3 | Angelina   | Jolly    | 1975-06-04 | Female | Single        |                130 |
|  1 | Brad       | pitt     | 1963-12-18 | Male   | Married       |                150 |
|  2 | Jennifer   | Lopez    | 1969-11-02 | Female | Single        |                200 |
|  5 | Dream      | smith    | 9999-01-01 | Female | Single        |                200 |
+----+------------+----------+------------+--------+---------------+--------------------+
10 rows in set (0.00 sec)

mysql> SELECT * FROM Actors a INNER JOIN Actors b USING(NetWorthInMillions) ORDER BY NetWorthInMillions;
+--------------------+----+------------+----------+------------+--------+---------------+----+------------+----------+------------+--------+---------------+
| NetWorthInMillions | Id | FirstName  | LastName | DoB        | Gender | MaritalStatus | Id | FirstName  | LastName | DoB        | Gender | MaritalStatus |
+--------------------+----+------------+----------+------------+--------+---------------+----+------------+----------+------------+--------+---------------+
|                 50 |  9 | Hritik     | Roshan   | 1985-07-17 | Male   | Single        |  9 | Hritik     | Roshan   | 1985-07-17 | Male   | Single        |
|                 70 |  8 | Rishi      | Kapoor   | 1950-02-22 | Male   | Married       |  8 | Rishi      | Kapoor   | 1950-02-22 | Male   | Married       |
|                100 |  6 | Reclusive  | Martin   | 1980-01-01 | Male   | Divorced      |  4 | Johnny     | Depp     | 1963-06-09 | Male   | Married       |
|                100 |  4 | Johnny     | Depp     | 1963-06-09 | Male   | Married       |  4 | Johnny     | Depp     | 1963-06-09 | Male   | Married       |
|                100 |  6 | Reclusive  | Martin   | 1980-01-01 | Male   | Divorced      |  6 | Reclusive  | Martin   | 1980-01-01 | Male   | Divorced      |
|                100 |  4 | Johnny     | Depp     | 1963-06-09 | Male   | Married       |  6 | Reclusive  | Martin   | 1980-01-01 | Male   | Divorced      |
|                110 | 10 | Madhuri    | Dixit    | 1958-06-11 | Female | Married       | 10 | Madhuri    | Dixit    | 1958-06-11 | Female | Married       |
|                125 |  7 | Rajnikanth | Murugan  | 1950-12-12 | Male   | Married       |  7 | Rajnikanth | Murugan  | 1950-12-12 | Male   | Married       |
|                130 |  3 | Angelina   | Jolly    | 1975-06-04 | Female | Single        |  3 | Angelina   | Jolly    | 1975-06-04 | Female | Single        |
|                150 |  1 | Brad       | pitt     | 1963-12-18 | Male   | Married       |  1 | Brad       | pitt     | 1963-12-18 | Male   | Married       |
|                200 |  5 | Dream      | smith    | 9999-01-01 | Female | Single        |  2 | Jennifer   | Lopez    | 1969-11-02 | Female | Single        |
|                200 |  2 | Jennifer   | Lopez    | 1969-11-02 | Female | Single        |  2 | Jennifer   | Lopez    | 1969-11-02 | Female | Single        |
|                200 |  5 | Dream      | smith    | 9999-01-01 | Female | Single        |  5 | Dream      | smith    | 9999-01-01 | Female | Single        |
|                200 |  2 | Jennifer   | Lopez    | 1969-11-02 | Female | Single        |  5 | Dream      | smith    | 9999-01-01 | Female | Single        |
+--------------------+----+------------+----------+------------+--------+---------------+----+------------+----------+------------+--------+---------------+
14 rows in set (0.00 sec)

mysql> SELECT * FROM Actors a INNER JOIN Actors b on a.NetWorthInMillions=b.NetWorthInMillions ORDER BY NetWorthInMillions;
ERROR 1052 (23000): Column 'NetWorthInMillions' in order clause is ambiguous
mysql> SELECT * FROM Actors a INNER JOIN Actors b on a.NetWorthInMillions=b.NetWorthInMillions;
+----+------------+----------+------------+--------+---------------+--------------------+----+------------+----------+------------+--------+---------------+--------------------+
| Id | FirstName  | LastName | DoB        | Gender | MaritalStatus | NetWorthInMillions | Id | FirstName  | LastName | DoB        | Gender | MaritalStatus | NetWorthInMillions |
+----+------------+----------+------------+--------+---------------+--------------------+----+------------+----------+------------+--------+---------------+--------------------+
|  1 | Brad       | pitt     | 1963-12-18 | Male   | Married       |                150 |  1 | Brad       | pitt     | 1963-12-18 | Male   | Married       |                150 |
|  5 | Dream      | smith    | 9999-01-01 | Female | Single        |                200 |  2 | Jennifer   | Lopez    | 1969-11-02 | Female | Single        |                200 |
|  2 | Jennifer   | Lopez    | 1969-11-02 | Female | Single        |                200 |  2 | Jennifer   | Lopez    | 1969-11-02 | Female | Single        |                200 |
|  3 | Angelina   | Jolly    | 1975-06-04 | Female | Single        |                130 |  3 | Angelina   | Jolly    | 1975-06-04 | Female | Single        |                130 |
|  6 | Reclusive  | Martin   | 1980-01-01 | Male   | Divorced      |                100 |  4 | Johnny     | Depp     | 1963-06-09 | Male   | Married       |                100 |
|  4 | Johnny     | Depp     | 1963-06-09 | Male   | Married       |                100 |  4 | Johnny     | Depp     | 1963-06-09 | Male   | Married       |                100 |
|  5 | Dream      | smith    | 9999-01-01 | Female | Single        |                200 |  5 | Dream      | smith    | 9999-01-01 | Female | Single        |                200 |
|  2 | Jennifer   | Lopez    | 1969-11-02 | Female | Single        |                200 |  5 | Dream      | smith    | 9999-01-01 | Female | Single        |                200 |
|  6 | Reclusive  | Martin   | 1980-01-01 | Male   | Divorced      |                100 |  6 | Reclusive  | Martin   | 1980-01-01 | Male   | Divorced      |                100 |
|  4 | Johnny     | Depp     | 1963-06-09 | Male   | Married       |                100 |  6 | Reclusive  | Martin   | 1980-01-01 | Male   | Divorced      |                100 |
|  7 | Rajnikanth | Murugan  | 1950-12-12 | Male   | Married       |                125 |  7 | Rajnikanth | Murugan  | 1950-12-12 | Male   | Married       |                125 |
|  8 | Rishi      | Kapoor   | 1950-02-22 | Male   | Married       |                 70 |  8 | Rishi      | Kapoor   | 1950-02-22 | Male   | Married       |                 70 |
|  9 | Hritik     | Roshan   | 1985-07-17 | Male   | Single        |                 50 |  9 | Hritik     | Roshan   | 1985-07-17 | Male   | Single        |                 50 |
| 10 | Madhuri    | Dixit    | 1958-06-11 | Female | Married       |                110 | 10 | Madhuri    | Dixit    | 1958-06-11 | Female | Married       |                110 |
+----+------------+----------+------------+--------+---------------+--------------------+----+------------+----------+------------+--------+---------------+--------------------+
14 rows in set (0.00 sec)

mysql> SELECT * FROM Actors a INNER JOIN Actors b on a.NetWorthInMillions=b.NetWorthInMillions ORDER BY FirstName;
ERROR 1052 (23000): Column 'FirstName' in order clause is ambiguous
mysql> SELECT * FROM Actors;
+----+------------+----------+------------+--------+---------------+--------------------+
| Id | FirstName  | LastName | DoB        | Gender | MaritalStatus | NetWorthInMillions |
+----+------------+----------+------------+--------+---------------+--------------------+
|  1 | Brad       | pitt     | 1963-12-18 | Male   | Married       |                150 |
|  2 | Jennifer   | Lopez    | 1969-11-02 | Female | Single        |                200 |
|  3 | Angelina   | Jolly    | 1975-06-04 | Female | Single        |                130 |
|  4 | Johnny     | Depp     | 1963-06-09 | Male   | Married       |                100 |
|  5 | Dream      | smith    | 9999-01-01 | Female | Single        |                200 |
|  6 | Reclusive  | Martin   | 1980-01-01 | Male   | Divorced      |                100 |
|  7 | Rajnikanth | Murugan  | 1950-12-12 | Male   | Married       |                125 |
|  8 | Rishi      | Kapoor   | 1950-02-22 | Male   | Married       |                 70 |
|  9 | Hritik     | Roshan   | 1985-07-17 | Male   | Single        |                 50 |
| 10 | Madhuri    | Dixit    | 1958-06-11 | Female | Married       |                110 |
+----+------------+----------+------------+--------+---------------+--------------------+
10 rows in set (0.00 sec)

mysql> Create Table Movies ("MovieName" varchar(120), "MovieGenera" enum("Action","Adventure","Romantic","Horror","Sci-Fi","Thriller"), "MovieLanguage" varchar(20), "WorldWideCollectionInMillions" decimal(10,0), "ReleaseYear" date);
ERROR 1064 (42000): You have an error in your SQL syntax; check the manual that corresponds to your MySQL server version for the right syntax to use near '"MovieName" varchar(120), "MovieGenera" enum("Action","Adventure","Romantic","Ho' at line 1
mysql> Create Table Movies ("MovieName" varchar(120), "MovieGenera" enum("Action", "Adventure", "Romantic", "Horror", "Sci-Fi", "Thriller"), "MovieLanguage" varchar(20), "WorldWideCollectionInMillions" decimal(10,0), "ReleaseYear" date);
ERROR 1064 (42000): You have an error in your SQL syntax; check the manual that corresponds to your MySQL server version for the right syntax to use near '"MovieName" varchar(120), "MovieGenera" enum("Action", "Adventure", "Romantic", ' at line 1
mysql> SHOW CREATE TABLE Actors;
+--------+-------------------------------------------------------------------------------------------------------------------------------------------------------------------------------------------------------------------------------------------------------------------------------------------------------------------------------------------------------------------------------------------------------------------------------------------------------------+
| Table  | Create Table                                                                                                                                                                                                                                                                                                                                                                                                                                                |
+--------+-------------------------------------------------------------------------------------------------------------------------------------------------------------------------------------------------------------------------------------------------------------------------------------------------------------------------------------------------------------------------------------------------------------------------------------------------------------+
| Actors | CREATE TABLE `Actors` (
  `Id` int NOT NULL AUTO_INCREMENT,
  `FirstName` varchar(30) DEFAULT NULL,
  `LastName` varchar(20) DEFAULT NULL,
  `DoB` date NOT NULL,
  `Gender` enum('Male','Female','Other') NOT NULL,
  `MaritalStatus` enum('Married','Divorced','Single','Unknown') DEFAULT NULL,
  `NetWorthInMillions` decimal(10,0) NOT NULL,
  PRIMARY KEY (`Id`)
) ENGINE=InnoDB AUTO_INCREMENT=16 DEFAULT CHARSET=utf8mb4 COLLATE=utf8mb4_0900_ai_ci |
+--------+-------------------------------------------------------------------------------------------------------------------------------------------------------------------------------------------------------------------------------------------------------------------------------------------------------------------------------------------------------------------------------------------------------------------------------------------------------------+
1 row in set (0.01 sec)

mysql> Create Table Movies ("MovieName" varchar(120), "MovieGenera" ENUM('Action','Adventure','Romantic','Horror','Sci-Fi','Thriller'), "MovieLanguage" varchar(20), "WorldWideCollectionInMillions" decimal(10,0),
 "ReleaseYear" date);
ERROR 1064 (42000): You have an error in your SQL syntax; check the manual that corresponds to your MySQL server version for the right syntax to use near '"MovieName" varchar(120), "MovieGenera" ENUM('Action','Adventure','Romantic','Ho' at line 1
mysql> Create Table Movies("MovieName" varchar(120), "MovieGenera" ENUM('Action','Adventure','Romantic','Horror','Sci-Fi','Thriller'), "MovieLanguage" varchar(20), "WorldWideCollectionInMillions" decimal(10,0),
"ReleaseYear" date);
ERROR 1064 (42000): You have an error in your SQL syntax; check the manual that corresponds to your MySQL server version for the right syntax to use near '"MovieName" varchar(120), "MovieGenera" ENUM('Action','Adventure','Romantic','Ho' at line 1
mysql> Create Table Movies("MovieName" VARCHAR(120), "MovieGenera" ENUM('Action','Adventure','Romantic','Horror','Sci-Fi','Thriller'), "MovieLanguage" varchar(20), "WorldWideCollectionInMillions" decimal(10,0),
"ReleaseYear" date);
ERROR 1064 (42000): You have an error in your SQL syntax; check the manual that corresponds to your MySQL server version for the right syntax to use near '"MovieName" VARCHAR(120), "MovieGenera" ENUM('Action','Adventure','Romantic','Ho' at line 1
mysql> Create Table 'Movies' ("MovieName" varchar(120), "MovieGenera" ENUM('Action','Adventure','Romantic','Horror','Sci-Fi','Thriller'), "MovieLanguage" varchar(20), "WorldWideCollectionInMillions" decimal(10,0), "ReleaseYear" date);
ERROR 1064 (42000): You have an error in your SQL syntax; check the manual that corresponds to your MySQL server version for the right syntax to use near ''Movies' ("MovieName" varchar(120), "MovieGenera" ENUM('Action','Adventure','Rom' at line 1
mysql> Create Table Movies("MovieName" VARCHAR(120), "MovieGenera" ENUM('Action','Adventure','Romantic','Horror','Sci-Fi','Thriller'), "MovieLanguage" varchar(20), "WorldWideCollectionInMillions" decimal(10,0),
"ReleaseYear" date);
ERROR 1064 (42000): You have an error in your SQL syntax; check the manual that corresponds to your MySQL server version for the right syntax to use near '"MovieName" VARCHAR(120), "MovieGenera" ENUM('Action','Adventure','Romantic','Ho' at line 1
mysql> Create Table Movies;
ERROR 4028 (HY000): A table must have at least one visible column.
mysql> Create Table Movies("MovieName" VARCHAR(120));
ERROR 1064 (42000): You have an error in your SQL syntax; check the manual that corresponds to your MySQL server version for the right syntax to use near '"MovieName" VARCHAR(120))' at line 1
mysql> Create Table Movies( "MovieName" VARCHAR(120));
ERROR 1064 (42000): You have an error in your SQL syntax; check the manual that corresponds to your MySQL server version for the right syntax to use near '"MovieName" VARCHAR(120))' at line 1
mysql> Create Table Movies( "MovieName" VARCHAR(50));
ERROR 1064 (42000): You have an error in your SQL syntax; check the manual that corresponds to your MySQL server version for the right syntax to use near '"MovieName" VARCHAR(50))' at line 1
mysql> CREATE TABLE Movies ( "Movie_Name" varchar(50) );
ERROR 1064 (42000): You have an error in your SQL syntax; check the manual that corresponds to your MySQL server version for the right syntax to use near '"Movie_Name" varchar(50) )' at line 1
mysql> CREATE TABLE Actors (
    -> Create Table Movies;
ERROR 1064 (42000): You have an error in your SQL syntax; check the manual that corresponds to your MySQL server version for the right syntax to use near 'Create Table Movies' at line 2
mysql> Create Table CREATE TABLE Actors (Movies;
ERROR 1064 (42000): You have an error in your SQL syntax; check the manual that corresponds to your MySQL server version for the right syntax to use near 'CREATE TABLE Actors (Movies' at line 1
mysql> Create Table Movies;
ERROR 4028 (HY000): A table must have at least one visible column.
mysql> Create Table Movies (Movie_Name varchar(120), Movie_Genera ENUM('Action','Adventure','Romantic','Horror','Sci-Fi','Thriller'), Movie_Language varchar(20), WorldWide_Collection_In_Millions decimal(10,0), Release_Year date);
Query OK, 0 rows affected (0.03 sec)

mysql> show tables;
+-------------------------+
| Tables_in_MovieIndustry |
+-------------------------+
| Actors                  |
| Movies                  |
+-------------------------+
2 rows in set (0.03 sec)

mysql> desc Movies;
+----------------------------------+--------------------------------------------------------------------+------+-----+---------+-------+
| Field                            | Type                                                               | Null | Key | Default | Extra |
+----------------------------------+--------------------------------------------------------------------+------+-----+---------+-------+
| Movie_Name                       | varchar(120)                                                       | YES  |     | NULL    |       |
| Movie_Genera                     | enum('Action','Adventure','Romantic','Horror','Sci-Fi','Thriller') | YES  |     | NULL    |       |
| Movie_Language                   | varchar(20)                                                        | YES  |     | NULL    |       |
| WorldWide_Collection_In_Millions | decimal(10,0)                                                      | YES  |     | NULL    |       |
| Release_Year                     | date                                                               | YES  |     | NULL    |       |
+----------------------------------+--------------------------------------------------------------------+------+-----+---------+-------+
5 rows in set (0.01 sec)

mysql> insert into Movies values ( "Avenger:EndGame","Sci-Fi","Multiple",1500,2016-06-05),( "Avenger:EndGame","Sci-Fi","Multiple",1500,2016-06-05),
    -> Create Table Movies("MovieName" VARCHAR(120), "MovieGenera" ENUM('Action','Adventure','Romantic','Horror','Sci-Fi','Thriller'), "MovieLanguage" varchar(20), "WorldWideCollectionInMillions" decimal(10,0),
"ReleaseYear" date);
ERROR 1064 (42000): You have an error in your SQL syntax; check the manual that corresponds to your MySQL server version for the right syntax to use near 'Create Table Movies("MovieName" VARCHAR(120), "MovieGenera" ENUM('Action','Adven' at line 2
mysql> INSERT into Movies values ( "Avenger:EndGame","Sci-Fi","Multiple",1500,2016-06-05),
    -> ("Krishh3","Sci-Fi","Hindi",700,2018-04-22),( "Avenger:EndGame","Sci-Fi","Multiple",1500,2016-06-05),
    -> Create Table Movies("MovieName" VARCHAR(120), "MovieGenera" ENUM('Action','Adventure','Romantic','Horror','Sci-Fi','Thriller'), "MovieLanguage" varchar(20), "WorldWideCollectionInMillions" decimal(10,0),
"ReleaseYear" date);
ERROR 1064 (42000): You have an error in your SQL syntax; check the manual that corresponds to your MySQL server version for the right syntax to use near 'Create Table Movies("MovieName" VARCHAR(120), "MovieGenera" ENUM('Action','Adven' at line 3
mysql> INSERT into Movies values ( "Avenger:EndGame","Sci-Fi","Multiple",1500,2016-06-05),
    ->     -> ("Krishh3","Sci-Fi","Hindi",700,2018-04-22));
ERROR 1064 (42000): You have an error in your SQL syntax; check the manual that corresponds to your MySQL server version for the right syntax to use near '-> ("Krishh3","Sci-Fi","Hindi",700,2018-04-22))' at line 2
mysql> INSERT into Movies value("Avenger:EndGame","Sci-Fi","Multiple",1500,2016-06-05);
ERROR 1292 (22007): Incorrect date value: '2005' for column 'Release_Year' at row 1
mysql> INSERT into Movies value("Avenger:EndGame","Sci-Fi","Multiple",1500,"2016-06-05");
Query OK, 1 row affected (0.01 sec)

mysql> select *  from Movies;
+-----------------+--------------+----------------+----------------------------------+--------------+
| Movie_Name      | Movie_Genera | Movie_Language | WorldWide_Collection_In_Millions | Release_Year |
+-----------------+--------------+----------------+----------------------------------+--------------+
| Avenger:EndGame | Sci-Fi       | Multiple       |                             1500 | 2016-06-05   |
+-----------------+--------------+----------------+----------------------------------+--------------+
1 row in set (0.00 sec)

mysql> updata Movies change WorldWide_Collection_In_Millions=18000 where Release_Year="2016-06-05"
    -> ;
ERROR 1064 (42000): You have an error in your SQL syntax; check the manual that corresponds to your MySQL server version for the right syntax to use near 'updata Movies change WorldWide_Collection_In_Millions=18000 where Release_Year="' at line 1
mysql> updata Movies Set WorldWide_Collection_In_Millions=18000 where Release_Year="2016-06-05"
    -> ;
ERROR 1064 (42000): You have an error in your SQL syntax; check the manual that corresponds to your MySQL server version for the right syntax to use near 'updata Movies Set WorldWide_Collection_In_Millions=18000 where Release_Year="201' at line 1
mysql> updata Movies Set WorldWide_Collection_In_Millions=18000 where Release_Year="2016-06-05";
ERROR 1064 (42000): You have an error in your SQL syntax; check the manual that corresponds to your MySQL server version for the right syntax to use near 'updata Movies Set WorldWide_Collection_In_Millions=18000 where Release_Year="201' at line 1
mysql> updata Movies Set WorldWide_Collection_In_Millions=18000 where Movie_Name="Avenger:EndGame";
ERROR 1064 (42000): You have an error in your SQL syntax; check the manual that corresponds to your MySQL server version for the right syntax to use near 'updata Movies Set WorldWide_Collection_In_Millions=18000 where Movie_Name="Aveng' at line 1
mysql> update Movies Set WorldWide_Collection_In_Millions=18000 where Movie_Name="Avenger:EndGame";
Query OK, 1 row affected (0.02 sec)
Rows matched: 1  Changed: 1  Warnings: 0

mysql> select *  from Movies;
+-----------------+--------------+----------------+----------------------------------+--------------+
| Movie_Name      | Movie_Genera | Movie_Language | WorldWide_Collection_In_Millions | Release_Year |
+-----------------+--------------+----------------+----------------------------------+--------------+
| Avenger:EndGame | Sci-Fi       | Multiple       |                            18000 | 2016-06-05   |
+-----------------+--------------+----------------+----------------------------------+--------------+
1 row in set (0.00 sec)

mysql> INSERT into Movies values(("RRR","Action","Tamil",15000,2019-12-12),("Sholay","Thriller","Hindi",2000,1979-08-12));
ERROR 1136 (21S01): Column count doesn't match value count at row 1
mysql> INSERT into Movies values(("RRR","Action","Tamil",15000,"2019-12-12"),("Sholay","Thriller","Hindi",2000,"1979-08-12"));
ERROR 1136 (21S01): Column count doesn't match value count at row 1
mysql> INSERT into Movies values("RRR","Action","Tamil",15000,"2019-12-12");
Query OK, 1 row affected (0.01 sec)

mysql> INSERT into Movies values("Sholay","Thriller","Hindi",2000,"1979-08-12");
Query OK, 1 row affected (0.02 sec)

mysql> select *  from Movies;
+-----------------+--------------+----------------+----------------------------------+--------------+
| Movie_Name      | Movie_Genera | Movie_Language | WorldWide_Collection_In_Millions | Release_Year |
+-----------------+--------------+----------------+----------------------------------+--------------+
| Avenger:EndGame | Sci-Fi       | Multiple       |                            18000 | 2016-06-05   |
| RRR             | Action       | Tamil          |                            15000 | 2019-12-12   |
| Sholay          | Thriller     | Hindi          |                             2000 | 1979-08-12   |
+-----------------+--------------+----------------+----------------------------------+--------------+
3 rows in set (0.00 sec)

mysql> INSERT into Movies values("1920","Horror","Hindi",900,"2021-23-08");
ERROR 1292 (22007): Incorrect date value: '2021-23-08' for column 'Release_Year' at row 1
mysql> INSERT into Movies values("1920","Horror","Hindi",900,"2021-08-23");
Query OK, 1 row affected (0.00 sec)

mysql> INSERT into Movies values("Bajrangi Bhaijaan","Adventure","Hindi",1200,"2020-11-16"),("Aashiqui 2","Romantic","Hindi",800,"2014-06-10");
Query OK, 2 rows affected (0.02 sec)
Records: 2  Duplicates: 0  Warnings: 0

mysql> select *  from Movies;
+-------------------+--------------+----------------+----------------------------------+--------------+
| Movie_Name        | Movie_Genera | Movie_Language | WorldWide_Collection_In_Millions | Release_Year |
+-------------------+--------------+----------------+----------------------------------+--------------+
| Avenger:EndGame   | Sci-Fi       | Multiple       |                            18000 | 2016-06-05   |
| RRR               | Action       | Tamil          |                            15000 | 2019-12-12   |
| Sholay            | Thriller     | Hindi          |                             2000 | 1979-08-12   |
| 1920              | Horror       | Hindi          |                              900 | 2021-08-23   |
| Bajrangi Bhaijaan | Adventure    | Hindi          |                             1200 | 2020-11-16   |
| Aashiqui 2        | Romantic     | Hindi          |                              800 | 2014-06-10   |
+-------------------+--------------+----------------+----------------------------------+--------------+
6 rows in set (0.00 sec)

mysql> INSERT into Movies values("BaahuBali","Action","Multiple",12000,"2019-04-06"),("Transformers","Sci-Fi","English",1000,"2018-10-15");
Query OK, 2 rows affected (0.02 sec)
Records: 2  Duplicates: 0  Warnings: 0

mysql> select *  from Movies;
+-------------------+--------------+----------------+----------------------------------+--------------+
| Movie_Name        | Movie_Genera | Movie_Language | WorldWide_Collection_In_Millions | Release_Year |
+-------------------+--------------+----------------+----------------------------------+--------------+
| Avenger:EndGame   | Sci-Fi       | Multiple       |                            18000 | 2016-06-05   |
| RRR               | Action       | Tamil          |                            15000 | 2019-12-12   |
| Sholay            | Thriller     | Hindi          |                             2000 | 1979-08-12   |
| 1920              | Horror       | Hindi          |                              900 | 2021-08-23   |
| Bajrangi Bhaijaan | Adventure    | Hindi          |                             1200 | 2020-11-16   |
| Aashiqui 2        | Romantic     | Hindi          |                              800 | 2014-06-10   |
| BaahuBali         | Action       | Multiple       |                            12000 | 2019-04-06   |
| Transformers      | Sci-Fi       | English        |                             1000 | 2018-10-15   |
+-------------------+--------------+----------------+----------------------------------+--------------+
8 rows in set (0.00 sec)

mysql> desc Actors;
+--------------------+-----------------------------------------------+------+-----+---------+----------------+
| Field              | Type                                          | Null | Key | Default | Extra          |
+--------------------+-----------------------------------------------+------+-----+---------+----------------+
| Id                 | int                                           | NO   | PRI | NULL    | auto_increment |
| FirstName          | varchar(30)                                   | YES  |     | NULL    |                |
| LastName           | varchar(20)                                   | YES  |     | NULL    |                |
| DoB                | date                                          | NO   |     | NULL    |                |
| Gender             | enum('Male','Female','Other')                 | NO   |     | NULL    |                |
| MaritalStatus      | enum('Married','Divorced','Single','Unknown') | YES  |     | NULL    |                |
| NetWorthInMillions | decimal(10,0)                                 | NO   |     | NULL    |                |
+--------------------+-----------------------------------------------+------+-----+---------+----------------+
7 rows in set (0.00 sec)

mysql> desc Movies;
+----------------------------------+--------------------------------------------------------------------+------+-----+---------+-------+
| Field                            | Type                                                               | Null | Key | Default | Extra |
+----------------------------------+--------------------------------------------------------------------+------+-----+---------+-------+
| Movie_Name                       | varchar(120)                                                       | YES  |     | NULL    |       |
| Movie_Genera                     | enum('Action','Adventure','Romantic','Horror','Sci-Fi','Thriller') | YES  |     | NULL    |       |
| Movie_Language                   | varchar(20)                                                        | YES  |     | NULL    |       |
| WorldWide_Collection_In_Millions | decimal(10,0)                                                      | YES  |     | NULL    |       |
| Release_Year                     | date                                                               | YES  |     | NULL    |       |
+----------------------------------+--------------------------------------------------------------------+------+-----+---------+-------+
5 rows in set (0.00 sec)

mysql> ALTER TABLE Movies ADD Id int AFTER Release_Year;
Query OK, 0 rows affected (0.02 sec)
Records: 0  Duplicates: 0  Warnings: 0

mysql> desc Movies;
+----------------------------------+--------------------------------------------------------------------+------+-----+---------+-------+
| Field                            | Type                                                               | Null | Key | Default | Extra |
+----------------------------------+--------------------------------------------------------------------+------+-----+---------+-------+
| Movie_Name                       | varchar(120)                                                       | YES  |     | NULL    |       |
| Movie_Genera                     | enum('Action','Adventure','Romantic','Horror','Sci-Fi','Thriller') | YES  |     | NULL    |       |
| Movie_Language                   | varchar(20)                                                        | YES  |     | NULL    |       |
| WorldWide_Collection_In_Millions | decimal(10,0)                                                      | YES  |     | NULL    |       |
| Release_Year                     | date                                                               | YES  |     | NULL    |       |
| Id                               | int                                                                | YES  |     | NULL    |       |
+----------------------------------+--------------------------------------------------------------------+------+-----+---------+-------+
6 rows in set (0.01 sec)

mysql> select *  from Movies;
+-------------------+--------------+----------------+----------------------------------+--------------+------+
| Movie_Name        | Movie_Genera | Movie_Language | WorldWide_Collection_In_Millions | Release_Year | Id   |
+-------------------+--------------+----------------+----------------------------------+--------------+------+
| Avenger:EndGame   | Sci-Fi       | Multiple       |                            18000 | 2016-06-05   | NULL |
| RRR               | Action       | Tamil          |                            15000 | 2019-12-12   | NULL |
| Sholay            | Thriller     | Hindi          |                             2000 | 1979-08-12   | NULL |
| 1920              | Horror       | Hindi          |                              900 | 2021-08-23   | NULL |
| Bajrangi Bhaijaan | Adventure    | Hindi          |                             1200 | 2020-11-16   | NULL |
| Aashiqui 2        | Romantic     | Hindi          |                              800 | 2014-06-10   | NULL |
| BaahuBali         | Action       | Multiple       |                            12000 | 2019-04-06   | NULL |
| Transformers      | Sci-Fi       | English        |                             1000 | 2018-10-15   | NULL |
+-------------------+--------------+----------------+----------------------------------+--------------+------+
8 rows in set (0.00 sec)

mysql> select *  from Actors;
+----+------------+----------+------------+--------+---------------+--------------------+
| Id | FirstName  | LastName | DoB        | Gender | MaritalStatus | NetWorthInMillions |
+----+------------+----------+------------+--------+---------------+--------------------+
|  1 | Brad       | pitt     | 1963-12-18 | Male   | Married       |                150 |
|  2 | Jennifer   | Lopez    | 1969-11-02 | Female | Single        |                200 |
|  3 | Angelina   | Jolly    | 1975-06-04 | Female | Single        |                130 |
|  4 | Johnny     | Depp     | 1963-06-09 | Male   | Married       |                100 |
|  5 | Dream      | smith    | 9999-01-01 | Female | Single        |                200 |
|  6 | Reclusive  | Martin   | 1980-01-01 | Male   | Divorced      |                100 |
|  7 | Rajnikanth | Murugan  | 1950-12-12 | Male   | Married       |                125 |
|  8 | Rishi      | Kapoor   | 1950-02-22 | Male   | Married       |                 70 |
|  9 | Hritik     | Roshan   | 1985-07-17 | Male   | Single        |                 50 |
| 10 | Madhuri    | Dixit    | 1958-06-11 | Female | Married       |                110 |
+----+------------+----------+------------+--------+---------------+--------------------+
10 rows in set (0.00 sec)

mysql> update Movies set Id=2 where Movie_Name="Avenger:Endgame";
Query OK, 1 row affected (0.02 sec)
Rows matched: 1  Changed: 1  Warnings: 0

mysql> select *  from Actors;
+----+------------+----------+------------+--------+---------------+--------------------+
| Id | FirstName  | LastName | DoB        | Gender | MaritalStatus | NetWorthInMillions |
+----+------------+----------+------------+--------+---------------+--------------------+
|  1 | Brad       | pitt     | 1963-12-18 | Male   | Married       |                150 |
|  2 | Jennifer   | Lopez    | 1969-11-02 | Female | Single        |                200 |
|  3 | Angelina   | Jolly    | 1975-06-04 | Female | Single        |                130 |
|  4 | Johnny     | Depp     | 1963-06-09 | Male   | Married       |                100 |
|  5 | Dream      | smith    | 9999-01-01 | Female | Single        |                200 |
|  6 | Reclusive  | Martin   | 1980-01-01 | Male   | Divorced      |                100 |
|  7 | Rajnikanth | Murugan  | 1950-12-12 | Male   | Married       |                125 |
|  8 | Rishi      | Kapoor   | 1950-02-22 | Male   | Married       |                 70 |
|  9 | Hritik     | Roshan   | 1985-07-17 | Male   | Single        |                 50 |
| 10 | Madhuri    | Dixit    | 1958-06-11 | Female | Married       |                110 |
+----+------------+----------+------------+--------+---------------+--------------------+
10 rows in set (0.00 sec)

mysql> select *  from Movies;
+-------------------+--------------+----------------+----------------------------------+--------------+------+
| Movie_Name        | Movie_Genera | Movie_Language | WorldWide_Collection_In_Millions | Release_Year | Id   |
+-------------------+--------------+----------------+----------------------------------+--------------+------+
| Avenger:EndGame   | Sci-Fi       | Multiple       |                            18000 | 2016-06-05   |    2 |
| RRR               | Action       | Tamil          |                            15000 | 2019-12-12   | NULL |
| Sholay            | Thriller     | Hindi          |                             2000 | 1979-08-12   | NULL |
| 1920              | Horror       | Hindi          |                              900 | 2021-08-23   | NULL |
| Bajrangi Bhaijaan | Adventure    | Hindi          |                             1200 | 2020-11-16   | NULL |
| Aashiqui 2        | Romantic     | Hindi          |                              800 | 2014-06-10   | NULL |
| BaahuBali         | Action       | Multiple       |                            12000 | 2019-04-06   | NULL |
| Transformers      | Sci-Fi       | English        |                             1000 | 2018-10-15   | NULL |
+-------------------+--------------+----------------+----------------------------------+--------------+------+
8 rows in set (0.00 sec)

mysql> update Movies set Id=9 where Movie_Name="Aashiqui 2";
Query OK, 1 row affected (0.01 sec)
Rows matched: 1  Changed: 1  Warnings: 0

mysql> update Movies set Id=7 where Movie_Name="RRR";
Query OK, 1 row affected (0.02 sec)
Rows matched: 1  Changed: 1  Warnings: 0

mysql> update Movies set Id=10 where Movie_Name="Sholay";
Query OK, 1 row affected (0.01 sec)
Rows matched: 1  Changed: 1  Warnings: 0

mysql> update Movies set Id=4 where Movie_Name="1920";
Query OK, 1 row affected (0.02 sec)
Rows matched: 1  Changed: 1  Warnings: 0

mysql> select *  from Movies;
+-------------------+--------------+----------------+----------------------------------+--------------+------+
| Movie_Name        | Movie_Genera | Movie_Language | WorldWide_Collection_In_Millions | Release_Year | Id   |
+-------------------+--------------+----------------+----------------------------------+--------------+------+
| Avenger:EndGame   | Sci-Fi       | Multiple       |                            18000 | 2016-06-05   |    2 |
| RRR               | Action       | Tamil          |                            15000 | 2019-12-12   |    7 |
| Sholay            | Thriller     | Hindi          |                             2000 | 1979-08-12   |   10 |
| 1920              | Horror       | Hindi          |                              900 | 2021-08-23   |    4 |
| Bajrangi Bhaijaan | Adventure    | Hindi          |                             1200 | 2020-11-16   | NULL |
| Aashiqui 2        | Romantic     | Hindi          |                              800 | 2014-06-10   |    9 |
| BaahuBali         | Action       | Multiple       |                            12000 | 2019-04-06   | NULL |
| Transformers      | Sci-Fi       | English        |                             1000 | 2018-10-15   | NULL |
+-------------------+--------------+----------------+----------------------------------+--------------+------+
8 rows in set (0.00 sec)

mysql> select *  from Actors;
+----+------------+----------+------------+--------+---------------+--------------------+
| Id | FirstName  | LastName | DoB        | Gender | MaritalStatus | NetWorthInMillions |
+----+------------+----------+------------+--------+---------------+--------------------+
|  1 | Brad       | pitt     | 1963-12-18 | Male   | Married       |                150 |
|  2 | Jennifer   | Lopez    | 1969-11-02 | Female | Single        |                200 |
|  3 | Angelina   | Jolly    | 1975-06-04 | Female | Single        |                130 |
|  4 | Johnny     | Depp     | 1963-06-09 | Male   | Married       |                100 |
|  5 | Dream      | smith    | 9999-01-01 | Female | Single        |                200 |
|  6 | Reclusive  | Martin   | 1980-01-01 | Male   | Divorced      |                100 |
|  7 | Rajnikanth | Murugan  | 1950-12-12 | Male   | Married       |                125 |
|  8 | Rishi      | Kapoor   | 1950-02-22 | Male   | Married       |                 70 |
|  9 | Hritik     | Roshan   | 1985-07-17 | Male   | Single        |                 50 |
| 10 | Madhuri    | Dixit    | 1958-06-11 | Female | Married       |                110 |
+----+------------+----------+------------+--------+---------------+--------------------+
10 rows in set (0.00 sec)

mysql> update Movies set Id=1 where Movie_Name="Transformers";
Query OK, 1 row affected (0.00 sec)
Rows matched: 1  Changed: 1  Warnings: 0

mysql> update Movies set Id=7 where Movie_Name="Bahubali";
Query OK, 0 rows affected (0.00 sec)
Rows matched: 0  Changed: 0  Warnings: 0

mysql> select *  from Actors;
+----+------------+----------+------------+--------+---------------+--------------------+
| Id | FirstName  | LastName | DoB        | Gender | MaritalStatus | NetWorthInMillions |
+----+------------+----------+------------+--------+---------------+--------------------+
|  1 | Brad       | pitt     | 1963-12-18 | Male   | Married       |                150 |
|  2 | Jennifer   | Lopez    | 1969-11-02 | Female | Single        |                200 |
|  3 | Angelina   | Jolly    | 1975-06-04 | Female | Single        |                130 |
|  4 | Johnny     | Depp     | 1963-06-09 | Male   | Married       |                100 |
|  5 | Dream      | smith    | 9999-01-01 | Female | Single        |                200 |
|  6 | Reclusive  | Martin   | 1980-01-01 | Male   | Divorced      |                100 |
|  7 | Rajnikanth | Murugan  | 1950-12-12 | Male   | Married       |                125 |
|  8 | Rishi      | Kapoor   | 1950-02-22 | Male   | Married       |                 70 |
|  9 | Hritik     | Roshan   | 1985-07-17 | Male   | Single        |                 50 |
| 10 | Madhuri    | Dixit    | 1958-06-11 | Female | Married       |                110 |
+----+------------+----------+------------+--------+---------------+--------------------+
10 rows in set (0.00 sec)

mysql> select *  from Movies;
+-------------------+--------------+----------------+----------------------------------+--------------+------+
| Movie_Name        | Movie_Genera | Movie_Language | WorldWide_Collection_In_Millions | Release_Year | Id   |
+-------------------+--------------+----------------+----------------------------------+--------------+------+
| Avenger:EndGame   | Sci-Fi       | Multiple       |                            18000 | 2016-06-05   |    2 |
| RRR               | Action       | Tamil          |                            15000 | 2019-12-12   |    7 |
| Sholay            | Thriller     | Hindi          |                             2000 | 1979-08-12   |   10 |
| 1920              | Horror       | Hindi          |                              900 | 2021-08-23   |    4 |
| Bajrangi Bhaijaan | Adventure    | Hindi          |                             1200 | 2020-11-16   | NULL |
| Aashiqui 2        | Romantic     | Hindi          |                              800 | 2014-06-10   |    9 |
| BaahuBali         | Action       | Multiple       |                            12000 | 2019-04-06   | NULL |
| Transformers      | Sci-Fi       | English        |                             1000 | 2018-10-15   |    1 |
+-------------------+--------------+----------------+----------------------------------+--------------+------+
8 rows in set (0.00 sec)

mysql> update Movies set Id=1 where Movie_Name="BaahuBali";
Query OK, 1 row affected (0.01 sec)
Rows matched: 1  Changed: 1  Warnings: 0

mysql> select *  from Movies;
+-------------------+--------------+----------------+----------------------------------+--------------+------+
| Movie_Name        | Movie_Genera | Movie_Language | WorldWide_Collection_In_Millions | Release_Year | Id   |
+-------------------+--------------+----------------+----------------------------------+--------------+------+
| Avenger:EndGame   | Sci-Fi       | Multiple       |                            18000 | 2016-06-05   |    2 |
| RRR               | Action       | Tamil          |                            15000 | 2019-12-12   |    7 |
| Sholay            | Thriller     | Hindi          |                             2000 | 1979-08-12   |   10 |
| 1920              | Horror       | Hindi          |                              900 | 2021-08-23   |    4 |
| Bajrangi Bhaijaan | Adventure    | Hindi          |                             1200 | 2020-11-16   | NULL |
| Aashiqui 2        | Romantic     | Hindi          |                              800 | 2014-06-10   |    9 |
| BaahuBali         | Action       | Multiple       |                            12000 | 2019-04-06   |    1 |
| Transformers      | Sci-Fi       | English        |                             1000 | 2018-10-15   |    1 |
+-------------------+--------------+----------------+----------------------------------+--------------+------+
8 rows in set (0.00 sec)

mysql> update Movies set Id=3 where Movie_Name="Bajrangi Bhaijaan";
Query OK, 1 row affected (0.00 sec)
Rows matched: 1  Changed: 1  Warnings: 0

mysql> select *  from Movies;
+-------------------+--------------+----------------+----------------------------------+--------------+------+
| Movie_Name        | Movie_Genera | Movie_Language | WorldWide_Collection_In_Millions | Release_Year | Id   |
+-------------------+--------------+----------------+----------------------------------+--------------+------+
| Avenger:EndGame   | Sci-Fi       | Multiple       |                            18000 | 2016-06-05   |    2 |
| RRR               | Action       | Tamil          |                            15000 | 2019-12-12   |    7 |
| Sholay            | Thriller     | Hindi          |                             2000 | 1979-08-12   |   10 |
| 1920              | Horror       | Hindi          |                              900 | 2021-08-23   |    4 |
| Bajrangi Bhaijaan | Adventure    | Hindi          |                             1200 | 2020-11-16   |    3 |
| Aashiqui 2        | Romantic     | Hindi          |                              800 | 2014-06-10   |    9 |
| BaahuBali         | Action       | Multiple       |                            12000 | 2019-04-06   |    1 |
| Transformers      | Sci-Fi       | English        |                             1000 | 2018-10-15   |    1 |
+-------------------+--------------+----------------+----------------------------------+--------------+------+
8 rows in set (0.00 sec)

mysql> --------------------------------------------------------------------------------------------------------------------------------------;
ERROR 1064 (42000): You have an error in your SQL syntax; check the manual that corresponds to your MySQL server version for the right syntax to use near '--------------------------------------------------------------------------------' at line 1
mysql> 
mysql> 
mysql> SELECT FirstName, SecondName, AssetType, URL
    -> FROM Actors 
    -> INNER JOIN DigitalAssets  
    -> 
    -> ;
ERROR 1146 (42S02): Table 'MovieIndustry.DigitalAssets' doesn't exist
mysql> 
mysql> 
mysql> 
mysql> select Movie_Name,First_Name,LastName,NetWorthInMillions from Movies m Inner join Actors a on m.id=a.id;
ERROR 1054 (42S22): Unknown column 'First_Name' in 'field list'
mysql> select Movie_Name,FirstName,LastName,NetWorthInMillions from Movies m Inner join Actors a on m.id=a.id;
+-------------------+------------+----------+--------------------+
| Movie_Name        | FirstName  | LastName | NetWorthInMillions |
+-------------------+------------+----------+--------------------+
| Avenger:EndGame   | Jennifer   | Lopez    |                200 |
| RRR               | Rajnikanth | Murugan  |                125 |
| Sholay            | Madhuri    | Dixit    |                110 |
| 1920              | Johnny     | Depp     |                100 |
| Bajrangi Bhaijaan | Angelina   | Jolly    |                130 |
| Aashiqui 2        | Hritik     | Roshan   |                 50 |
| BaahuBali         | Brad       | pitt     |                150 |
| Transformers      | Brad       | pitt     |                150 |
+-------------------+------------+----------+--------------------+
8 rows in set (0.00 sec)

mysql> select Movie_Name,FirstName,LastName,WorldWide_Collection_In_Millions from Movies m Inner join Actors a on m.id=a.id;
+-------------------+------------+----------+----------------------------------+
| Movie_Name        | FirstName  | LastName | WorldWide_Collection_In_Millions |
+-------------------+------------+----------+----------------------------------+
| Avenger:EndGame   | Jennifer   | Lopez    |                            18000 |
| RRR               | Rajnikanth | Murugan  |                            15000 |
| Sholay            | Madhuri    | Dixit    |                             2000 |
| 1920              | Johnny     | Depp     |                              900 |
| Bajrangi Bhaijaan | Angelina   | Jolly    |                             1200 |
| Aashiqui 2        | Hritik     | Roshan   |                              800 |
| BaahuBali         | Brad       | pitt     |                            12000 |
| Transformers      | Brad       | pitt     |                             1000 |
+-------------------+------------+----------+----------------------------------+
8 rows in set (0.00 sec)

mysql> select Movie_Name,FirstName cancat(" ",LastName) as Actor,WorldWide_Collection_In_Millions from Movies m Inner join Actors a on m.id=a.id;
ERROR 1064 (42000): You have an error in your SQL syntax; check the manual that corresponds to your MySQL server version for the right syntax to use near '(" ",LastName) as Actor,WorldWide_Collection_In_Millions from Movies m Inner joi' at line 1
mysql> select Movie_Name,concat(FirstName," ",LastName) as Actor,WorldWide_Collection_In_Millions from Movies m Inner join Actors a on m.id=a.id;
+-------------------+--------------------+----------------------------------+
| Movie_Name        | Actor              | WorldWide_Collection_In_Millions |
+-------------------+--------------------+----------------------------------+
| Avenger:EndGame   | Jennifer Lopez     |                            18000 |
| RRR               | Rajnikanth Murugan |                            15000 |
| Sholay            | Madhuri Dixit      |                             2000 |
| 1920              | Johnny Depp        |                              900 |
| Bajrangi Bhaijaan | Angelina Jolly     |                             1200 |
| Aashiqui 2        | Hritik Roshan      |                              800 |
| BaahuBali         | Brad pitt          |                            12000 |
| Transformers      | Brad pitt          |                             1000 |
+-------------------+--------------------+----------------------------------+
8 rows in set (0.00 sec)

mysql> select Movie_Name,concat(FirstName," ",LastName) as Actor,WorldWide_Collection_In_Millions from Movies m Inner join Actors a on m.id=a.id Order by WorldWide_Collection_In_Millions;;
+-------------------+--------------------+----------------------------------+
| Movie_Name        | Actor              | WorldWide_Collection_In_Millions |
+-------------------+--------------------+----------------------------------+
| Aashiqui 2        | Hritik Roshan      |                              800 |
| 1920              | Johnny Depp        |                              900 |
| Transformers      | Brad pitt          |                             1000 |
| Bajrangi Bhaijaan | Angelina Jolly     |                             1200 |
| Sholay            | Madhuri Dixit      |                             2000 |
| BaahuBali         | Brad pitt          |                            12000 |
| RRR               | Rajnikanth Murugan |                            15000 |
| Avenger:EndGame   | Jennifer Lopez     |                            18000 |
+-------------------+--------------------+----------------------------------+
8 rows in set (0.00 sec)

ERROR: 
No query specified

mysql> select Movie_Name,concat(FirstName," ",LastName) as Actor,WorldWide_Collection_In_Millions from Movies m Inner join Actors a on m.id=a.id Order by WorldWide_Collection_In_Millions;
+-------------------+--------------------+----------------------------------+
| Movie_Name        | Actor              | WorldWide_Collection_In_Millions |
+-------------------+--------------------+----------------------------------+
| Aashiqui 2        | Hritik Roshan      |                              800 |
| 1920              | Johnny Depp        |                              900 |
| Transformers      | Brad pitt          |                             1000 |
| Bajrangi Bhaijaan | Angelina Jolly     |                             1200 |
| Sholay            | Madhuri Dixit      |                             2000 |
| BaahuBali         | Brad pitt          |                            12000 |
| RRR               | Rajnikanth Murugan |                            15000 |
| Avenger:EndGame   | Jennifer Lopez     |                            18000 |
+-------------------+--------------------+----------------------------------+
8 rows in set (0.00 sec)

mysql> select Movie_Name,concat(FirstName," ",LastName) as Actor,WorldWide_Collection_In_Millions from Movies m Inner join Actors a on m.id=a.id Order by WorldWide_Collection_In_Millions Desc;
+-------------------+--------------------+----------------------------------+
| Movie_Name        | Actor              | WorldWide_Collection_In_Millions |
+-------------------+--------------------+----------------------------------+
| Avenger:EndGame   | Jennifer Lopez     |                            18000 |
| RRR               | Rajnikanth Murugan |                            15000 |
| BaahuBali         | Brad pitt          |                            12000 |
| Sholay            | Madhuri Dixit      |                             2000 |
| Bajrangi Bhaijaan | Angelina Jolly     |                             1200 |
| Transformers      | Brad pitt          |                             1000 |
| 1920              | Johnny Depp        |                              900 |
| Aashiqui 2        | Hritik Roshan      |                              800 |
+-------------------+--------------------+----------------------------------+
8 rows in set (0.00 sec)

mysql> select Movie_Name,concat(FirstName," ",LastName) as Actor,WorldWide_Collection_In_Millions from Movies m Inner join Actors a using(id) Order by WorldWide_Collection_In_Millions Desc;
+-------------------+--------------------+----------------------------------+
| Movie_Name        | Actor              | WorldWide_Collection_In_Millions |
+-------------------+--------------------+----------------------------------+
| Avenger:EndGame   | Jennifer Lopez     |                            18000 |
| RRR               | Rajnikanth Murugan |                            15000 |
| BaahuBali         | Brad pitt          |                            12000 |
| Sholay            | Madhuri Dixit      |                             2000 |
| Bajrangi Bhaijaan | Angelina Jolly     |                             1200 |
| Transformers      | Brad pitt          |                             1000 |
| 1920              | Johnny Depp        |                              900 |
| Aashiqui 2        | Hritik Roshan      |                              800 |
+-------------------+--------------------+----------------------------------+
8 rows in set (0.00 sec)

mysql> select Movie_Name,concat(FirstName," ",LastName) as Actor,WorldWide_Collection_In_Millions from Movies m, Actors a where m.id=a.id  Order by WorldWide_Collection_In_Millions Desc;
+-------------------+--------------------+----------------------------------+
| Movie_Name        | Actor              | WorldWide_Collection_In_Millions |
+-------------------+--------------------+----------------------------------+
| Avenger:EndGame   | Jennifer Lopez     |                            18000 |
| RRR               | Rajnikanth Murugan |                            15000 |
| BaahuBali         | Brad pitt          |                            12000 |
| Sholay            | Madhuri Dixit      |                             2000 |
| Bajrangi Bhaijaan | Angelina Jolly     |                             1200 |
| Transformers      | Brad pitt          |                             1000 |
| 1920              | Johnny Depp        |                              900 |
| Aashiqui 2        | Hritik Roshan      |                              800 |
+-------------------+--------------------+----------------------------------+
8 rows in set (0.00 sec)

mysql> select Movie_Name,concat(FirstName," ",LastName) as Actor,WorldWide_Collection_In_Millions from Movies, Actors Order by WorldWide_Collection_In_Millions Desc;
+-------------------+--------------------+----------------------------------+
| Movie_Name        | Actor              | WorldWide_Collection_In_Millions |
+-------------------+--------------------+----------------------------------+
| Avenger:EndGame   | Madhuri Dixit      |                            18000 |
| Avenger:EndGame   | Johnny Depp        |                            18000 |
| Avenger:EndGame   | Angelina Jolly     |                            18000 |
| Avenger:EndGame   | Hritik Roshan      |                            18000 |
| Avenger:EndGame   | Brad pitt          |                            18000 |
| Avenger:EndGame   | Dream smith        |                            18000 |
| Avenger:EndGame   | Rishi Kapoor       |                            18000 |
| Avenger:EndGame   | Reclusive Martin   |                            18000 |
| Avenger:EndGame   | Rajnikanth Murugan |                            18000 |
| Avenger:EndGame   | Jennifer Lopez     |                            18000 |
| RRR               | Johnny Depp        |                            15000 |
| RRR               | Angelina Jolly     |                            15000 |
| RRR               | Dream smith        |                            15000 |
| RRR               | Reclusive Martin   |                            15000 |
| RRR               | Jennifer Lopez     |                            15000 |
| RRR               | Rajnikanth Murugan |                            15000 |
| RRR               | Rishi Kapoor       |                            15000 |
| RRR               | Brad pitt          |                            15000 |
| RRR               | Hritik Roshan      |                            15000 |
| RRR               | Madhuri Dixit      |                            15000 |
| BaahuBali         | Rajnikanth Murugan |                            12000 |
| BaahuBali         | Rishi Kapoor       |                            12000 |
| BaahuBali         | Reclusive Martin   |                            12000 |
| BaahuBali         | Hritik Roshan      |                            12000 |
| BaahuBali         | Madhuri Dixit      |                            12000 |
| BaahuBali         | Dream smith        |                            12000 |
| BaahuBali         | Brad pitt          |                            12000 |
| BaahuBali         | Jennifer Lopez     |                            12000 |
| BaahuBali         | Angelina Jolly     |                            12000 |
| BaahuBali         | Johnny Depp        |                            12000 |
| Sholay            | Jennifer Lopez     |                             2000 |
| Sholay            | Reclusive Martin   |                             2000 |
| Sholay            | Rishi Kapoor       |                             2000 |
| Sholay            | Hritik Roshan      |                             2000 |
| Sholay            | Angelina Jolly     |                             2000 |
| Sholay            | Dream smith        |                             2000 |
| Sholay            | Brad pitt          |                             2000 |
| Sholay            | Rajnikanth Murugan |                             2000 |
| Sholay            | Madhuri Dixit      |                             2000 |
| Sholay            | Johnny Depp        |                             2000 |
| Bajrangi Bhaijaan | Rishi Kapoor       |                             1200 |
| Bajrangi Bhaijaan | Jennifer Lopez     |                             1200 |
| Bajrangi Bhaijaan | Rajnikanth Murugan |                             1200 |
| Bajrangi Bhaijaan | Angelina Jolly     |                             1200 |
| Bajrangi Bhaijaan | Reclusive Martin   |                             1200 |
| Bajrangi Bhaijaan | Hritik Roshan      |                             1200 |
| Bajrangi Bhaijaan | Dream smith        |                             1200 |
| Bajrangi Bhaijaan | Brad pitt          |                             1200 |
| Bajrangi Bhaijaan | Madhuri Dixit      |                             1200 |
| Bajrangi Bhaijaan | Johnny Depp        |                             1200 |
| Transformers      | Hritik Roshan      |                             1000 |
| Transformers      | Jennifer Lopez     |                             1000 |
| Transformers      | Brad pitt          |                             1000 |
| Transformers      | Madhuri Dixit      |                             1000 |
| Transformers      | Rishi Kapoor       |                             1000 |
| Transformers      | Dream smith        |                             1000 |
| Transformers      | Angelina Jolly     |                             1000 |
| Transformers      | Johnny Depp        |                             1000 |
| Transformers      | Rajnikanth Murugan |                             1000 |
| Transformers      | Reclusive Martin   |                             1000 |
| 1920              | Johnny Depp        |                              900 |
| 1920              | Jennifer Lopez     |                              900 |
| 1920              | Madhuri Dixit      |                              900 |
| 1920              | Brad pitt          |                              900 |
| 1920              | Dream smith        |                              900 |
| 1920              | Angelina Jolly     |                              900 |
| 1920              | Hritik Roshan      |                              900 |
| 1920              | Reclusive Martin   |                              900 |
| 1920              | Rishi Kapoor       |                              900 |
| 1920              | Rajnikanth Murugan |                              900 |
| Aashiqui 2        | Hritik Roshan      |                              800 |
| Aashiqui 2        | Reclusive Martin   |                              800 |
| Aashiqui 2        | Angelina Jolly     |                              800 |
| Aashiqui 2        | Jennifer Lopez     |                              800 |
| Aashiqui 2        | Dream smith        |                              800 |
| Aashiqui 2        | Madhuri Dixit      |                              800 |
| Aashiqui 2        | Rishi Kapoor       |                              800 |
| Aashiqui 2        | Rajnikanth Murugan |                              800 |
| Aashiqui 2        | Johnny Depp        |                              800 |
| Aashiqui 2        | Brad pitt          |                              800 |
+-------------------+--------------------+----------------------------------+
80 rows in set (0.00 sec)

mysql> select Movie_Name,concat(FirstName," ",LastName) as Actor,WorldWide_Collection_In_Millions from Movies Inner join Actors Order by WorldWide_Collection_In_Millions Desc;
+-------------------+--------------------+----------------------------------+
| Movie_Name        | Actor              | WorldWide_Collection_In_Millions |
+-------------------+--------------------+----------------------------------+
| Avenger:EndGame   | Madhuri Dixit      |                            18000 |
| Avenger:EndGame   | Johnny Depp        |                            18000 |
| Avenger:EndGame   | Angelina Jolly     |                            18000 |
| Avenger:EndGame   | Hritik Roshan      |                            18000 |
| Avenger:EndGame   | Brad pitt          |                            18000 |
| Avenger:EndGame   | Dream smith        |                            18000 |
| Avenger:EndGame   | Rishi Kapoor       |                            18000 |
| Avenger:EndGame   | Reclusive Martin   |                            18000 |
| Avenger:EndGame   | Rajnikanth Murugan |                            18000 |
| Avenger:EndGame   | Jennifer Lopez     |                            18000 |
| RRR               | Johnny Depp        |                            15000 |
| RRR               | Angelina Jolly     |                            15000 |
| RRR               | Dream smith        |                            15000 |
| RRR               | Reclusive Martin   |                            15000 |
| RRR               | Jennifer Lopez     |                            15000 |
| RRR               | Rajnikanth Murugan |                            15000 |
| RRR               | Rishi Kapoor       |                            15000 |
| RRR               | Brad pitt          |                            15000 |
| RRR               | Hritik Roshan      |                            15000 |
| RRR               | Madhuri Dixit      |                            15000 |
| BaahuBali         | Rajnikanth Murugan |                            12000 |
| BaahuBali         | Rishi Kapoor       |                            12000 |
| BaahuBali         | Reclusive Martin   |                            12000 |
| BaahuBali         | Hritik Roshan      |                            12000 |
| BaahuBali         | Madhuri Dixit      |                            12000 |
| BaahuBali         | Dream smith        |                            12000 |
| BaahuBali         | Brad pitt          |                            12000 |
| BaahuBali         | Jennifer Lopez     |                            12000 |
| BaahuBali         | Angelina Jolly     |                            12000 |
| BaahuBali         | Johnny Depp        |                            12000 |
| Sholay            | Jennifer Lopez     |                             2000 |
| Sholay            | Reclusive Martin   |                             2000 |
| Sholay            | Rishi Kapoor       |                             2000 |
| Sholay            | Hritik Roshan      |                             2000 |
| Sholay            | Angelina Jolly     |                             2000 |
| Sholay            | Dream smith        |                             2000 |
| Sholay            | Brad pitt          |                             2000 |
| Sholay            | Rajnikanth Murugan |                             2000 |
| Sholay            | Madhuri Dixit      |                             2000 |
| Sholay            | Johnny Depp        |                             2000 |
| Bajrangi Bhaijaan | Rishi Kapoor       |                             1200 |
| Bajrangi Bhaijaan | Jennifer Lopez     |                             1200 |
| Bajrangi Bhaijaan | Rajnikanth Murugan |                             1200 |
| Bajrangi Bhaijaan | Angelina Jolly     |                             1200 |
| Bajrangi Bhaijaan | Reclusive Martin   |                             1200 |
| Bajrangi Bhaijaan | Hritik Roshan      |                             1200 |
| Bajrangi Bhaijaan | Dream smith        |                             1200 |
| Bajrangi Bhaijaan | Brad pitt          |                             1200 |
| Bajrangi Bhaijaan | Madhuri Dixit      |                             1200 |
| Bajrangi Bhaijaan | Johnny Depp        |                             1200 |
| Transformers      | Hritik Roshan      |                             1000 |
| Transformers      | Jennifer Lopez     |                             1000 |
| Transformers      | Brad pitt          |                             1000 |
| Transformers      | Madhuri Dixit      |                             1000 |
| Transformers      | Rishi Kapoor       |                             1000 |
| Transformers      | Dream smith        |                             1000 |
| Transformers      | Angelina Jolly     |                             1000 |
| Transformers      | Johnny Depp        |                             1000 |
| Transformers      | Rajnikanth Murugan |                             1000 |
| Transformers      | Reclusive Martin   |                             1000 |
| 1920              | Johnny Depp        |                              900 |
| 1920              | Jennifer Lopez     |                              900 |
| 1920              | Madhuri Dixit      |                              900 |
| 1920              | Brad pitt          |                              900 |
| 1920              | Dream smith        |                              900 |
| 1920              | Angelina Jolly     |                              900 |
| 1920              | Hritik Roshan      |                              900 |
| 1920              | Reclusive Martin   |                              900 |
| 1920              | Rishi Kapoor       |                              900 |
| 1920              | Rajnikanth Murugan |                              900 |
| Aashiqui 2        | Hritik Roshan      |                              800 |
| Aashiqui 2        | Reclusive Martin   |                              800 |
| Aashiqui 2        | Angelina Jolly     |                              800 |
| Aashiqui 2        | Jennifer Lopez     |                              800 |
| Aashiqui 2        | Dream smith        |                              800 |
| Aashiqui 2        | Madhuri Dixit      |                              800 |
| Aashiqui 2        | Rishi Kapoor       |                              800 |
| Aashiqui 2        | Rajnikanth Murugan |                              800 |
| Aashiqui 2        | Johnny Depp        |                              800 |
| Aashiqui 2        | Brad pitt          |                              800 |
+-------------------+--------------------+----------------------------------+
80 rows in set (0.00 sec)

mysql> select * from Actors;
+----+------------+----------+------------+--------+---------------+--------------------+
| Id | FirstName  | LastName | DoB        | Gender | MaritalStatus | NetWorthInMillions |
+----+------------+----------+------------+--------+---------------+--------------------+
|  1 | Brad       | pitt     | 1963-12-18 | Male   | Married       |                150 |
|  2 | Jennifer   | Lopez    | 1969-11-02 | Female | Single        |                200 |
|  3 | Angelina   | Jolly    | 1975-06-04 | Female | Single        |                130 |
|  4 | Johnny     | Depp     | 1963-06-09 | Male   | Married       |                100 |
|  5 | Dream      | smith    | 9999-01-01 | Female | Single        |                200 |
|  6 | Reclusive  | Martin   | 1980-01-01 | Male   | Divorced      |                100 |
|  7 | Rajnikanth | Murugan  | 1950-12-12 | Male   | Married       |                125 |
|  8 | Rishi      | Kapoor   | 1950-02-22 | Male   | Married       |                 70 |
|  9 | Hritik     | Roshan   | 1985-07-17 | Male   | Single        |                 50 |
| 10 | Madhuri    | Dixit    | 1958-06-11 | Female | Married       |                110 |
+----+------------+----------+------------+--------+---------------+--------------------+
10 rows in set (0.01 sec)

mysql> select * from Movies;
+-------------------+--------------+----------------+----------------------------------+--------------+------+
| Movie_Name        | Movie_Genera | Movie_Language | WorldWide_Collection_In_Millions | Release_Year | Id   |
+-------------------+--------------+----------------+----------------------------------+--------------+------+
| Avenger:EndGame   | Sci-Fi       | Multiple       |                            18000 | 2016-06-05   |    2 |
| RRR               | Action       | Tamil          |                            15000 | 2019-12-12   |    7 |
| Sholay            | Thriller     | Hindi          |                             2000 | 1979-08-12   |   10 |
| 1920              | Horror       | Hindi          |                              900 | 2021-08-23   |    4 |
| Bajrangi Bhaijaan | Adventure    | Hindi          |                             1200 | 2020-11-16   |    3 |
| Aashiqui 2        | Romantic     | Hindi          |                              800 | 2014-06-10   |    9 |
| BaahuBali         | Action       | Multiple       |                            12000 | 2019-04-06   |    1 |
| Transformers      | Sci-Fi       | English        |                             1000 | 2018-10-15   |    1 |
+-------------------+--------------+----------------+----------------------------------+--------------+------+
8 rows in set (0.00 sec)

mysql> select Movie_Name from Movies Union Select Concat(FirstName," ",LastName) as "Actor Name";
ERROR 1054 (42S22): Unknown column 'FirstName' in 'field list'
mysql> select Movie_Name from Movies Union Select Concat(FirstName," ",LastName) as "Actor Name" from Actors;
+--------------------+
| Movie_Name         |
+--------------------+
| Avenger:EndGame    |
| RRR                |
| Sholay             |
| 1920               |
| Bajrangi Bhaijaan  |
| Aashiqui 2         |
| BaahuBali          |
| Transformers       |
| Brad pitt          |
| Jennifer Lopez     |
| Angelina Jolly     |
| Johnny Depp        |
| Dream smith        |
| Reclusive Martin   |
| Rajnikanth Murugan |
| Rishi Kapoor       |
| Hritik Roshan      |
| Madhuri Dixit      |
+--------------------+
18 rows in set (0.01 sec)

mysql> select Movie_Name from Movies Union Select Concat(FirstName," ",LastName) as "Actor Name" from Actors ORDER BY NetWorthInMillions Desc Limit 2;
ERROR 1054 (42S22): Unknown column 'NetWorthInMillions' in 'order clause'
mysql> select Movie_Name from Movies Union Select Concat(FirstName," ",LastName) as "Actor Name" from Actors Desc Limit 2;
ERROR 1064 (42000): You have an error in your SQL syntax; check the manual that corresponds to your MySQL server version for the right syntax to use near 'Desc Limit 2' at line 1
mysql> select Movie_Name from Movies Union Select Concat(FirstName," ",LastName) as "Actor Name" from Actors Limit 2;
+-----------------+
| Movie_Name      |
+-----------------+
| Avenger:EndGame |
| RRR             |
+-----------------+
2 rows in set (0.00 sec)

mysql> select Movie_Name from Movies Limit 2 Union Select Concat(FirstName," ",LastName) as "Actor Name" from Actors Limit 2;
ERROR 1064 (42000): You have an error in your SQL syntax; check the manual that corresponds to your MySQL server version for the right syntax to use near 'Union Select Concat(FirstName," ",LastName) as "Actor Name" from Actors Limit 2' at line 1
mysql> (select Movie_Name from Movies order by Release_Year DESC Limit 3) Union (Select Concat(FirstName," ",LastName) as "Actor Name" from Actors order by NetWorthInMillions DESC Limit 3);
+-------------------+
| Movie_Name        |
+-------------------+
| 1920              |
| Bajrangi Bhaijaan |
| RRR               |
| Jennifer Lopez    |
| Dream smith       |
| Brad pitt         |
+-------------------+
6 rows in set (0.00 sec)

mysql> select Movie_Name,concat(FirstName," ",LastName) as Actor,WorldWide_Collection_In_Millions from Movies m Left  join Actors a on m.id=a.id Order by WorldWide_Collection_In_Millions;;
+-------------------+--------------------+----------------------------------+
| Movie_Name        | Actor              | WorldWide_Collection_In_Millions |
+-------------------+--------------------+----------------------------------+
| Aashiqui 2        | Hritik Roshan      |                              800 |
| 1920              | Johnny Depp        |                              900 |
| Transformers      | Brad pitt          |                             1000 |
| Bajrangi Bhaijaan | Angelina Jolly     |                             1200 |
| Sholay            | Madhuri Dixit      |                             2000 |
| BaahuBali         | Brad pitt          |                            12000 |
| RRR               | Rajnikanth Murugan |                            15000 |
| Avenger:EndGame   | Jennifer Lopez     |                            18000 |
+-------------------+--------------------+----------------------------------+
8 rows in set (0.00 sec)

ERROR: 
No query specified

mysql> select Movie_Name,concat(FirstName," ",LastName) as Actor,WorldWide_Collection_In_Millions from Actors a Left join Movies m on m.id=a.id Order by WorldWide_Collection_In_Millions;;
+-------------------+--------------------+----------------------------------+
| Movie_Name        | Actor              | WorldWide_Collection_In_Millions |
+-------------------+--------------------+----------------------------------+
| NULL              | Dream smith        |                             NULL |
| NULL              | Reclusive Martin   |                             NULL |
| NULL              | Rishi Kapoor       |                             NULL |
| Aashiqui 2        | Hritik Roshan      |                              800 |
| 1920              | Johnny Depp        |                              900 |
| Transformers      | Brad pitt          |                             1000 |
| Bajrangi Bhaijaan | Angelina Jolly     |                             1200 |
| Sholay            | Madhuri Dixit      |                             2000 |
| BaahuBali         | Brad pitt          |                            12000 |
| RRR               | Rajnikanth Murugan |                            15000 |
| Avenger:EndGame   | Jennifer Lopez     |                            18000 |
+-------------------+--------------------+----------------------------------+
11 rows in set (0.00 sec)

ERROR: 
No query specified

mysql> select Movie_Name,concat(FirstName," ",LastName) as Actor,WorldWide_Collection_In_Millions from Movies m Right join Actors a on m.id=a.id Order by WorldWide_Collection_In_Millions;;
+-------------------+--------------------+----------------------------------+
| Movie_Name        | Actor              | WorldWide_Collection_In_Millions |
+-------------------+--------------------+----------------------------------+
| NULL              | Dream smith        |                             NULL |
| NULL              | Reclusive Martin   |                             NULL |
| NULL              | Rishi Kapoor       |                             NULL |
| Aashiqui 2        | Hritik Roshan      |                              800 |
| 1920              | Johnny Depp        |                              900 |
| Transformers      | Brad pitt          |                             1000 |
| Bajrangi Bhaijaan | Angelina Jolly     |                             1200 |
| Sholay            | Madhuri Dixit      |                             2000 |
| BaahuBali         | Brad pitt          |                            12000 |
| RRR               | Rajnikanth Murugan |                            15000 |
| Avenger:EndGame   | Jennifer Lopez     |                            18000 |
+-------------------+--------------------+----------------------------------+
11 rows in set (0.00 sec)

ERROR: 
No query specified

mysql> select Movie_Name,concat(FirstName," ",LastName) as Actor,WorldWide_Collection_In_Millions from Movies m Right join Actors a on m.id=a.id Order by WorldWide_Collection_In_Millions;
+-------------------+--------------------+----------------------------------+
| Movie_Name        | Actor              | WorldWide_Collection_In_Millions |
+-------------------+--------------------+----------------------------------+
| NULL              | Dream smith        |                             NULL |
| NULL              | Reclusive Martin   |                             NULL |
| NULL              | Rishi Kapoor       |                             NULL |
| Aashiqui 2        | Hritik Roshan      |                              800 |
| 1920              | Johnny Depp        |                              900 |
| Transformers      | Brad pitt          |                             1000 |
| Bajrangi Bhaijaan | Angelina Jolly     |                             1200 |
| Sholay            | Madhuri Dixit      |                             2000 |
| BaahuBali         | Brad pitt          |                            12000 |
| RRR               | Rajnikanth Murugan |                            15000 |
| Avenger:EndGame   | Jennifer Lopez     |                            18000 |
+-------------------+--------------------+----------------------------------+
11 rows in set (0.00 sec)

mysql> select Movie_Name,concat(FirstName," ",LastName) as Actor,WorldWide_Collection_In_Millions from Movies m Right join Actors a on m.id=a.id Order by WorldWide_Collection_In_Millions;;
+-------------------+--------------------+----------------------------------+
| Movie_Name        | Actor              | WorldWide_Collection_In_Millions |
+-------------------+--------------------+----------------------------------+
| NULL              | Dream smith        |                             NULL |
| NULL              | Reclusive Martin   |                             NULL |
| NULL              | Rishi Kapoor       |                             NULL |
| Aashiqui 2        | Hritik Roshan      |                              800 |
| 1920              | Johnny Depp        |                              900 |
| Transformers      | Brad pitt          |                             1000 |
| Bajrangi Bhaijaan | Angelina Jolly     |                             1200 |
| Sholay            | Madhuri Dixit      |                             2000 |
| BaahuBali         | Brad pitt          |                            12000 |
| RRR               | Rajnikanth Murugan |                            15000 |
| Avenger:EndGame   | Jennifer Lopez     |                            18000 |
+-------------------+--------------------+----------------------------------+
11 rows in set (0.00 sec)

ERROR: 
No query specified

mysql> select Movie_Name,concat(FirstName," ",LastName) as Actor,WorldWide_Collection_In_Millions from Actors a Right join Movies m on m.id=a.id Order by WorldWide_Collection_In_Millions;;
+-------------------+--------------------+----------------------------------+
| Movie_Name        | Actor              | WorldWide_Collection_In_Millions |
+-------------------+--------------------+----------------------------------+
| Aashiqui 2        | Hritik Roshan      |                              800 |
| 1920              | Johnny Depp        |                              900 |
| Transformers      | Brad pitt          |                             1000 |
| Bajrangi Bhaijaan | Angelina Jolly     |                             1200 |
| Sholay            | Madhuri Dixit      |                             2000 |
| BaahuBali         | Brad pitt          |                            12000 |
| RRR               | Rajnikanth Murugan |                            15000 |
| Avenger:EndGame   | Jennifer Lopez     |                            18000 |
+-------------------+--------------------+----------------------------------+
8 rows in set (0.00 sec)

ERROR: 
No query specified

mysql> select Movie_Name,concat(FirstName," ",LastName) as Actor,WorldWide_Collection_In_Millions from Movies m Right join Actors a on m.id=a.id Order by WorldWide_Collection_In_Millions limit 3;
+------------+------------------+----------------------------------+
| Movie_Name | Actor            | WorldWide_Collection_In_Millions |
+------------+------------------+----------------------------------+
| NULL       | Rishi Kapoor     |                             NULL |
| NULL       | Dream smith      |                             NULL |
| NULL       | Reclusive Martin |                             NULL |
+------------+------------------+----------------------------------+
3 rows in set (0.00 sec)

mysql> select Movie_Name,concat(FirstName," ",LastName) as Actor,WorldWide_Collection_In_Millions from Movies m Natual join Actors;
ERROR 1064 (42000): You have an error in your SQL syntax; check the manual that corresponds to your MySQL server version for the right syntax to use near 'Natual join Actors' at line 1
mysql> select Movie_Name,concat(FirstName," ",LastName) as Actor,WorldWide_Collection_In_Millions from Movies Natual join Actors;
+-------------------+--------------------+----------------------------------+
| Movie_Name        | Actor              | WorldWide_Collection_In_Millions |
+-------------------+--------------------+----------------------------------+
| Transformers      | Brad pitt          |                             1000 |
| BaahuBali         | Brad pitt          |                            12000 |
| Aashiqui 2        | Brad pitt          |                              800 |
| Bajrangi Bhaijaan | Brad pitt          |                             1200 |
| 1920              | Brad pitt          |                              900 |
| Sholay            | Brad pitt          |                             2000 |
| RRR               | Brad pitt          |                            15000 |
| Avenger:EndGame   | Brad pitt          |                            18000 |
| Transformers      | Jennifer Lopez     |                             1000 |
| BaahuBali         | Jennifer Lopez     |                            12000 |
| Aashiqui 2        | Jennifer Lopez     |                              800 |
| Bajrangi Bhaijaan | Jennifer Lopez     |                             1200 |
| 1920              | Jennifer Lopez     |                              900 |
| Sholay            | Jennifer Lopez     |                             2000 |
| RRR               | Jennifer Lopez     |                            15000 |
| Avenger:EndGame   | Jennifer Lopez     |                            18000 |
| Transformers      | Angelina Jolly     |                             1000 |
| BaahuBali         | Angelina Jolly     |                            12000 |
| Aashiqui 2        | Angelina Jolly     |                              800 |
| Bajrangi Bhaijaan | Angelina Jolly     |                             1200 |
| 1920              | Angelina Jolly     |                              900 |
| Sholay            | Angelina Jolly     |                             2000 |
| RRR               | Angelina Jolly     |                            15000 |
| Avenger:EndGame   | Angelina Jolly     |                            18000 |
| Transformers      | Johnny Depp        |                             1000 |
| BaahuBali         | Johnny Depp        |                            12000 |
| Aashiqui 2        | Johnny Depp        |                              800 |
| Bajrangi Bhaijaan | Johnny Depp        |                             1200 |
| 1920              | Johnny Depp        |                              900 |
| Sholay            | Johnny Depp        |                             2000 |
| RRR               | Johnny Depp        |                            15000 |
| Avenger:EndGame   | Johnny Depp        |                            18000 |
| Transformers      | Dream smith        |                             1000 |
| BaahuBali         | Dream smith        |                            12000 |
| Aashiqui 2        | Dream smith        |                              800 |
| Bajrangi Bhaijaan | Dream smith        |                             1200 |
| 1920              | Dream smith        |                              900 |
| Sholay            | Dream smith        |                             2000 |
| RRR               | Dream smith        |                            15000 |
| Avenger:EndGame   | Dream smith        |                            18000 |
| Transformers      | Reclusive Martin   |                             1000 |
| BaahuBali         | Reclusive Martin   |                            12000 |
| Aashiqui 2        | Reclusive Martin   |                              800 |
| Bajrangi Bhaijaan | Reclusive Martin   |                             1200 |
| 1920              | Reclusive Martin   |                              900 |
| Sholay            | Reclusive Martin   |                             2000 |
| RRR               | Reclusive Martin   |                            15000 |
| Avenger:EndGame   | Reclusive Martin   |                            18000 |
| Transformers      | Rajnikanth Murugan |                             1000 |
| BaahuBali         | Rajnikanth Murugan |                            12000 |
| Aashiqui 2        | Rajnikanth Murugan |                              800 |
| Bajrangi Bhaijaan | Rajnikanth Murugan |                             1200 |
| 1920              | Rajnikanth Murugan |                              900 |
| Sholay            | Rajnikanth Murugan |                             2000 |
| RRR               | Rajnikanth Murugan |                            15000 |
| Avenger:EndGame   | Rajnikanth Murugan |                            18000 |
| Transformers      | Rishi Kapoor       |                             1000 |
| BaahuBali         | Rishi Kapoor       |                            12000 |
| Aashiqui 2        | Rishi Kapoor       |                              800 |
| Bajrangi Bhaijaan | Rishi Kapoor       |                             1200 |
| 1920              | Rishi Kapoor       |                              900 |
| Sholay            | Rishi Kapoor       |                             2000 |
| RRR               | Rishi Kapoor       |                            15000 |
| Avenger:EndGame   | Rishi Kapoor       |                            18000 |
| Transformers      | Hritik Roshan      |                             1000 |
| BaahuBali         | Hritik Roshan      |                            12000 |
| Aashiqui 2        | Hritik Roshan      |                              800 |
| Bajrangi Bhaijaan | Hritik Roshan      |                             1200 |
| 1920              | Hritik Roshan      |                              900 |
| Sholay            | Hritik Roshan      |                             2000 |
| RRR               | Hritik Roshan      |                            15000 |
| Avenger:EndGame   | Hritik Roshan      |                            18000 |
| Transformers      | Madhuri Dixit      |                             1000 |
| BaahuBali         | Madhuri Dixit      |                            12000 |
| Aashiqui 2        | Madhuri Dixit      |                              800 |
| Bajrangi Bhaijaan | Madhuri Dixit      |                             1200 |
| 1920              | Madhuri Dixit      |                              900 |
| Sholay            | Madhuri Dixit      |                             2000 |
| RRR               | Madhuri Dixit      |                            15000 |
| Avenger:EndGame   | Madhuri Dixit      |                            18000 |
+-------------------+--------------------+----------------------------------+
80 rows in set (0.00 sec)

mysql> select Movie_Name,concat(FirstName," ",LastName) as Actor,WorldWide_Collection_In_Millions from Movies Natural join Actors;
+-------------------+--------------------+----------------------------------+
| Movie_Name        | Actor              | WorldWide_Collection_In_Millions |
+-------------------+--------------------+----------------------------------+
| Avenger:EndGame   | Jennifer Lopez     |                            18000 |
| RRR               | Rajnikanth Murugan |                            15000 |
| Sholay            | Madhuri Dixit      |                             2000 |
| 1920              | Johnny Depp        |                              900 |
| Bajrangi Bhaijaan | Angelina Jolly     |                             1200 |
| Aashiqui 2        | Hritik Roshan      |                              800 |
| BaahuBali         | Brad pitt          |                            12000 |
| Transformers      | Brad pitt          |                             1000 |
+-------------------+--------------------+----------------------------------+
8 rows in set (0.00 sec)

mysql> select Movie_Name,concat(FirstName," ",LastName) as "Actor/Actress" ,WorldWide_Collection_In_Millions from Movies Natural join Actors;
+-------------------+--------------------+----------------------------------+
| Movie_Name        | Actor/Actress      | WorldWide_Collection_In_Millions |
+-------------------+--------------------+----------------------------------+
| Avenger:EndGame   | Jennifer Lopez     |                            18000 |
| RRR               | Rajnikanth Murugan |                            15000 |
| Sholay            | Madhuri Dixit      |                             2000 |
| 1920              | Johnny Depp        |                              900 |
| Bajrangi Bhaijaan | Angelina Jolly     |                             1200 |
| Aashiqui 2        | Hritik Roshan      |                              800 |
| BaahuBali         | Brad pitt          |                            12000 |
| Transformers      | Brad pitt          |                             1000 |
+-------------------+--------------------+----------------------------------+
8 rows in set (0.00 sec)

mysql> select Movie_Name,concat(FirstName," ",LastName) as "Actor/Actress" ,WorldWide_Collection_In_Millions from Movies Inner join Actors;
+-------------------+--------------------+----------------------------------+
| Movie_Name        | Actor/Actress      | WorldWide_Collection_In_Millions |
+-------------------+--------------------+----------------------------------+
| Transformers      | Brad pitt          |                             1000 |
| BaahuBali         | Brad pitt          |                            12000 |
| Aashiqui 2        | Brad pitt          |                              800 |
| Bajrangi Bhaijaan | Brad pitt          |                             1200 |
| 1920              | Brad pitt          |                              900 |
| Sholay            | Brad pitt          |                             2000 |
| RRR               | Brad pitt          |                            15000 |
| Avenger:EndGame   | Brad pitt          |                            18000 |
| Transformers      | Jennifer Lopez     |                             1000 |
| BaahuBali         | Jennifer Lopez     |                            12000 |
| Aashiqui 2        | Jennifer Lopez     |                              800 |
| Bajrangi Bhaijaan | Jennifer Lopez     |                             1200 |
| 1920              | Jennifer Lopez     |                              900 |
| Sholay            | Jennifer Lopez     |                             2000 |
| RRR               | Jennifer Lopez     |                            15000 |
| Avenger:EndGame   | Jennifer Lopez     |                            18000 |
| Transformers      | Angelina Jolly     |                             1000 |
| BaahuBali         | Angelina Jolly     |                            12000 |
| Aashiqui 2        | Angelina Jolly     |                              800 |
| Bajrangi Bhaijaan | Angelina Jolly     |                             1200 |
| 1920              | Angelina Jolly     |                              900 |
| Sholay            | Angelina Jolly     |                             2000 |
| RRR               | Angelina Jolly     |                            15000 |
| Avenger:EndGame   | Angelina Jolly     |                            18000 |
| Transformers      | Johnny Depp        |                             1000 |
| BaahuBali         | Johnny Depp        |                            12000 |
| Aashiqui 2        | Johnny Depp        |                              800 |
| Bajrangi Bhaijaan | Johnny Depp        |                             1200 |
| 1920              | Johnny Depp        |                              900 |
| Sholay            | Johnny Depp        |                             2000 |
| RRR               | Johnny Depp        |                            15000 |
| Avenger:EndGame   | Johnny Depp        |                            18000 |
| Transformers      | Dream smith        |                             1000 |
| BaahuBali         | Dream smith        |                            12000 |
| Aashiqui 2        | Dream smith        |                              800 |
| Bajrangi Bhaijaan | Dream smith        |                             1200 |
| 1920              | Dream smith        |                              900 |
| Sholay            | Dream smith        |                             2000 |
| RRR               | Dream smith        |                            15000 |
| Avenger:EndGame   | Dream smith        |                            18000 |
| Transformers      | Reclusive Martin   |                             1000 |
| BaahuBali         | Reclusive Martin   |                            12000 |
| Aashiqui 2        | Reclusive Martin   |                              800 |
| Bajrangi Bhaijaan | Reclusive Martin   |                             1200 |
| 1920              | Reclusive Martin   |                              900 |
| Sholay            | Reclusive Martin   |                             2000 |
| RRR               | Reclusive Martin   |                            15000 |
| Avenger:EndGame   | Reclusive Martin   |                            18000 |
| Transformers      | Rajnikanth Murugan |                             1000 |
| BaahuBali         | Rajnikanth Murugan |                            12000 |
| Aashiqui 2        | Rajnikanth Murugan |                              800 |
| Bajrangi Bhaijaan | Rajnikanth Murugan |                             1200 |
| 1920              | Rajnikanth Murugan |                              900 |
| Sholay            | Rajnikanth Murugan |                             2000 |
| RRR               | Rajnikanth Murugan |                            15000 |
| Avenger:EndGame   | Rajnikanth Murugan |                            18000 |
| Transformers      | Rishi Kapoor       |                             1000 |
| BaahuBali         | Rishi Kapoor       |                            12000 |
| Aashiqui 2        | Rishi Kapoor       |                              800 |
| Bajrangi Bhaijaan | Rishi Kapoor       |                             1200 |
| 1920              | Rishi Kapoor       |                              900 |
| Sholay            | Rishi Kapoor       |                             2000 |
| RRR               | Rishi Kapoor       |                            15000 |
| Avenger:EndGame   | Rishi Kapoor       |                            18000 |
| Transformers      | Hritik Roshan      |                             1000 |
| BaahuBali         | Hritik Roshan      |                            12000 |
| Aashiqui 2        | Hritik Roshan      |                              800 |
| Bajrangi Bhaijaan | Hritik Roshan      |                             1200 |
| 1920              | Hritik Roshan      |                              900 |
| Sholay            | Hritik Roshan      |                             2000 |
| RRR               | Hritik Roshan      |                            15000 |
| Avenger:EndGame   | Hritik Roshan      |                            18000 |
| Transformers      | Madhuri Dixit      |                             1000 |
| BaahuBali         | Madhuri Dixit      |                            12000 |
| Aashiqui 2        | Madhuri Dixit      |                              800 |
| Bajrangi Bhaijaan | Madhuri Dixit      |                             1200 |
| 1920              | Madhuri Dixit      |                              900 |
| Sholay            | Madhuri Dixit      |                             2000 |
| RRR               | Madhuri Dixit      |                            15000 |
| Avenger:EndGame   | Madhuri Dixit      |                            18000 |
+-------------------+--------------------+----------------------------------+
80 rows in set (0.00 sec)

mysql> select Movie_Name,concat(FirstName," ",LastName) as "Actor/Actress" ,WorldWide_Collection_In_Millions from Movies Natural join Actors;
+-------------------+--------------------+----------------------------------+
| Movie_Name        | Actor/Actress      | WorldWide_Collection_In_Millions |
+-------------------+--------------------+----------------------------------+
| Avenger:EndGame   | Jennifer Lopez     |                            18000 |
| RRR               | Rajnikanth Murugan |                            15000 |
| Sholay            | Madhuri Dixit      |                             2000 |
| 1920              | Johnny Depp        |                              900 |
| Bajrangi Bhaijaan | Angelina Jolly     |                             1200 |
| Aashiqui 2        | Hritik Roshan      |                              800 |
| BaahuBali         | Brad pitt          |                            12000 |
| Transformers      | Brad pitt          |                             1000 |
+-------------------+--------------------+----------------------------------+
8 rows in set (0.01 sec)

mysql> select Movie_Name,concat(FirstName," ",LastName) as "Actor/Actress" ,WorldWide_Collection_In_Millions from Movies Inner join Actors;
+-------------------+--------------------+----------------------------------+
| Movie_Name        | Actor/Actress      | WorldWide_Collection_In_Millions |
+-------------------+--------------------+----------------------------------+
| Transformers      | Brad pitt          |                             1000 |
| BaahuBali         | Brad pitt          |                            12000 |
| Aashiqui 2        | Brad pitt          |                              800 |
| Bajrangi Bhaijaan | Brad pitt          |                             1200 |
| 1920              | Brad pitt          |                              900 |
| Sholay            | Brad pitt          |                             2000 |
| RRR               | Brad pitt          |                            15000 |
| Avenger:EndGame   | Brad pitt          |                            18000 |
| Transformers      | Jennifer Lopez     |                             1000 |
| BaahuBali         | Jennifer Lopez     |                            12000 |
| Aashiqui 2        | Jennifer Lopez     |                              800 |
| Bajrangi Bhaijaan | Jennifer Lopez     |                             1200 |
| 1920              | Jennifer Lopez     |                              900 |
| Sholay            | Jennifer Lopez     |                             2000 |
| RRR               | Jennifer Lopez     |                            15000 |
| Avenger:EndGame   | Jennifer Lopez     |                            18000 |
| Transformers      | Angelina Jolly     |                             1000 |
| BaahuBali         | Angelina Jolly     |                            12000 |
| Aashiqui 2        | Angelina Jolly     |                              800 |
| Bajrangi Bhaijaan | Angelina Jolly     |                             1200 |
| 1920              | Angelina Jolly     |                              900 |
| Sholay            | Angelina Jolly     |                             2000 |
| RRR               | Angelina Jolly     |                            15000 |
| Avenger:EndGame   | Angelina Jolly     |                            18000 |
| Transformers      | Johnny Depp        |                             1000 |
| BaahuBali         | Johnny Depp        |                            12000 |
| Aashiqui 2        | Johnny Depp        |                              800 |
| Bajrangi Bhaijaan | Johnny Depp        |                             1200 |
| 1920              | Johnny Depp        |                              900 |
| Sholay            | Johnny Depp        |                             2000 |
| RRR               | Johnny Depp        |                            15000 |
| Avenger:EndGame   | Johnny Depp        |                            18000 |
| Transformers      | Dream smith        |                             1000 |
| BaahuBali         | Dream smith        |                            12000 |
| Aashiqui 2        | Dream smith        |                              800 |
| Bajrangi Bhaijaan | Dream smith        |                             1200 |
| 1920              | Dream smith        |                              900 |
| Sholay            | Dream smith        |                             2000 |
| RRR               | Dream smith        |                            15000 |
| Avenger:EndGame   | Dream smith        |                            18000 |
| Transformers      | Reclusive Martin   |                             1000 |
| BaahuBali         | Reclusive Martin   |                            12000 |
| Aashiqui 2        | Reclusive Martin   |                              800 |
| Bajrangi Bhaijaan | Reclusive Martin   |                             1200 |
| 1920              | Reclusive Martin   |                              900 |
| Sholay            | Reclusive Martin   |                             2000 |
| RRR               | Reclusive Martin   |                            15000 |
| Avenger:EndGame   | Reclusive Martin   |                            18000 |
| Transformers      | Rajnikanth Murugan |                             1000 |
| BaahuBali         | Rajnikanth Murugan |                            12000 |
| Aashiqui 2        | Rajnikanth Murugan |                              800 |
| Bajrangi Bhaijaan | Rajnikanth Murugan |                             1200 |
| 1920              | Rajnikanth Murugan |                              900 |
| Sholay            | Rajnikanth Murugan |                             2000 |
| RRR               | Rajnikanth Murugan |                            15000 |
| Avenger:EndGame   | Rajnikanth Murugan |                            18000 |
| Transformers      | Rishi Kapoor       |                             1000 |
| BaahuBali         | Rishi Kapoor       |                            12000 |
| Aashiqui 2        | Rishi Kapoor       |                              800 |
| Bajrangi Bhaijaan | Rishi Kapoor       |                             1200 |
| 1920              | Rishi Kapoor       |                              900 |
| Sholay            | Rishi Kapoor       |                             2000 |
| RRR               | Rishi Kapoor       |                            15000 |
| Avenger:EndGame   | Rishi Kapoor       |                            18000 |
| Transformers      | Hritik Roshan      |                             1000 |
| BaahuBali         | Hritik Roshan      |                            12000 |
| Aashiqui 2        | Hritik Roshan      |                              800 |
| Bajrangi Bhaijaan | Hritik Roshan      |                             1200 |
| 1920              | Hritik Roshan      |                              900 |
| Sholay            | Hritik Roshan      |                             2000 |
| RRR               | Hritik Roshan      |                            15000 |
| Avenger:EndGame   | Hritik Roshan      |                            18000 |
| Transformers      | Madhuri Dixit      |                             1000 |
| BaahuBali         | Madhuri Dixit      |                            12000 |
| Aashiqui 2        | Madhuri Dixit      |                              800 |
| Bajrangi Bhaijaan | Madhuri Dixit      |                             1200 |
| 1920              | Madhuri Dixit      |                              900 |
| Sholay            | Madhuri Dixit      |                             2000 |
| RRR               | Madhuri Dixit      |                            15000 |
| Avenger:EndGame   | Madhuri Dixit      |                            18000 |
+-------------------+--------------------+----------------------------------+
80 rows in set (0.00 sec)

mysql> select Movie_Name,concat(FirstName," ",LastName) as "Actor/Actress" ,WorldWide_Collection_In_Millions from Movies Inner join Actors using(Id);
+-------------------+--------------------+----------------------------------+
| Movie_Name        | Actor/Actress      | WorldWide_Collection_In_Millions |
+-------------------+--------------------+----------------------------------+
| Avenger:EndGame   | Jennifer Lopez     |                            18000 |
| RRR               | Rajnikanth Murugan |                            15000 |
| Sholay            | Madhuri Dixit      |                             2000 |
| 1920              | Johnny Depp        |                              900 |
| Bajrangi Bhaijaan | Angelina Jolly     |                             1200 |
| Aashiqui 2        | Hritik Roshan      |                              800 |
| BaahuBali         | Brad pitt          |                            12000 |
| Transformers      | Brad pitt          |                             1000 |
+-------------------+--------------------+----------------------------------+
8 rows in set (0.00 sec)

mysql> select Movie_Name,concat(FirstName," ",LastName) as "Actor/Actress" ,WorldWide_Collection_In_Millions from Movies Inner join Actors using(Id);
+-------------------+--------------------+----------------------------------+
| Movie_Name        | Actor/Actress      | WorldWide_Collection_In_Millions |
+-------------------+--------------------+----------------------------------+
| Avenger:EndGame   | Jennifer Lopez     |                            18000 |
| RRR               | Rajnikanth Murugan |                            15000 |
| Sholay            | Madhuri Dixit      |                             2000 |
| 1920              | Johnny Depp        |                              900 |
| Bajrangi Bhaijaan | Angelina Jolly     |                             1200 |
| Aashiqui 2        | Hritik Roshan      |                              800 |
| BaahuBali         | Brad pitt          |                            12000 |
| Transformers      | Brad pitt          |                             1000 |
+-------------------+--------------------+----------------------------------+
8 rows in set (0.00 sec)

mysql> select Movie_Name,concat(FirstName," ",LastName) as "Actor/Actress" ,WorldWide_Collection_In_Millions from Movies Natural join Actors;
+-------------------+--------------------+----------------------------------+
| Movie_Name        | Actor/Actress      | WorldWide_Collection_In_Millions |
+-------------------+--------------------+----------------------------------+
| Avenger:EndGame   | Jennifer Lopez     |                            18000 |
| RRR               | Rajnikanth Murugan |                            15000 |
| Sholay            | Madhuri Dixit      |                             2000 |
| 1920              | Johnny Depp        |                              900 |
| Bajrangi Bhaijaan | Angelina Jolly     |                             1200 |
| Aashiqui 2        | Hritik Roshan      |                              800 |
| BaahuBali         | Brad pitt          |                            12000 |
| Transformers      | Brad pitt          |                             1000 |
+-------------------+--------------------+----------------------------------+
8 rows in set (0.00 sec)

mysql> select Movie_Name,concat(FirstName," ",LastName) as "Actor/Actress" ,WorldWide_Collection_In_Millions from Movies Natural join Actors using(Id);
ERROR 1064 (42000): You have an error in your SQL syntax; check the manual that corresponds to your MySQL server version for the right syntax to use near 'using(Id)' at line 1
mysql> select Movie_Name,concat(FirstName," ",LastName) as "Actor/Actress" ,WorldWide_Collection_In_Millions from Movies Natural left outer join Actors;
+-------------------+--------------------+----------------------------------+
| Movie_Name        | Actor/Actress      | WorldWide_Collection_In_Millions |
+-------------------+--------------------+----------------------------------+
| Avenger:EndGame   | Jennifer Lopez     |                            18000 |
| RRR               | Rajnikanth Murugan |                            15000 |
| Sholay            | Madhuri Dixit      |                             2000 |
| 1920              | Johnny Depp        |                              900 |
| Bajrangi Bhaijaan | Angelina Jolly     |                             1200 |
| Aashiqui 2        | Hritik Roshan      |                              800 |
| BaahuBali         | Brad pitt          |                            12000 |
| Transformers      | Brad pitt          |                             1000 |
+-------------------+--------------------+----------------------------------+
8 rows in set (0.01 sec)

mysql> select Movie_Name,concat(FirstName," ",LastName) as "Actor/Actress" ,WorldWide_Collection_In_Millions from Movies Natural right outer join Actors;
+-------------------+--------------------+----------------------------------+
| Movie_Name        | Actor/Actress      | WorldWide_Collection_In_Millions |
+-------------------+--------------------+----------------------------------+
| Transformers      | Brad pitt          |                             1000 |
| BaahuBali         | Brad pitt          |                            12000 |
| Avenger:EndGame   | Jennifer Lopez     |                            18000 |
| Bajrangi Bhaijaan | Angelina Jolly     |                             1200 |
| 1920              | Johnny Depp        |                              900 |
| NULL              | Dream smith        |                             NULL |
| NULL              | Reclusive Martin   |                             NULL |
| RRR               | Rajnikanth Murugan |                            15000 |
| NULL              | Rishi Kapoor       |                             NULL |
| Aashiqui 2        | Hritik Roshan      |                              800 |
| Sholay            | Madhuri Dixit      |                             2000 |
+-------------------+--------------------+----------------------------------+
11 rows in set (0.00 sec)

mysql> SELECT URL AS "Brad's Insta Page" 
    -> FROM Actors 
    -> INNER JOIN DigitalAssets 
    -> ;
ERROR 1146 (42S02): Table 'MovieIndustry.DigitalAssets' doesn't exist
mysql> select * from Actors;
+----+------------+----------+------------+--------+---------------+--------------------+
| Id | FirstName  | LastName | DoB        | Gender | MaritalStatus | NetWorthInMillions |
+----+------------+----------+------------+--------+---------------+--------------------+
|  1 | Brad       | pitt     | 1963-12-18 | Male   | Married       |                150 |
|  2 | Jennifer   | Lopez    | 1969-11-02 | Female | Single        |                200 |
|  3 | Angelina   | Jolly    | 1975-06-04 | Female | Single        |                130 |
|  4 | Johnny     | Depp     | 1963-06-09 | Male   | Married       |                100 |
|  5 | Dream      | smith    | 9999-01-01 | Female | Single        |                200 |
|  6 | Reclusive  | Martin   | 1980-01-01 | Male   | Divorced      |                100 |
|  7 | Rajnikanth | Murugan  | 1950-12-12 | Male   | Married       |                125 |
|  8 | Rishi      | Kapoor   | 1950-02-22 | Male   | Married       |                 70 |
|  9 | Hritik     | Roshan   | 1985-07-17 | Male   | Single        |                 50 |
| 10 | Madhuri    | Dixit    | 1958-06-11 | Female | Married       |                110 |
+----+------------+----------+------------+--------+---------------+--------------------+
10 rows in set (0.00 sec)

mysql> Select * from Movies;
+-------------------+--------------+----------------+----------------------------------+--------------+------+
| Movie_Name        | Movie_Genera | Movie_Language | WorldWide_Collection_In_Millions | Release_Year | Id   |
+-------------------+--------------+----------------+----------------------------------+--------------+------+
| Avenger:EndGame   | Sci-Fi       | Multiple       |                            18000 | 2016-06-05   |    2 |
| RRR               | Action       | Tamil          |                            15000 | 2019-12-12   |    7 |
| Sholay            | Thriller     | Hindi          |                             2000 | 1979-08-12   |   10 |
| 1920              | Horror       | Hindi          |                              900 | 2021-08-23   |    4 |
| Bajrangi Bhaijaan | Adventure    | Hindi          |                             1200 | 2020-11-16   |    3 |
| Aashiqui 2        | Romantic     | Hindi          |                              800 | 2014-06-10   |    9 |
| BaahuBali         | Action       | Multiple       |                            12000 | 2019-04-06   |    1 |
| Transformers      | Sci-Fi       | English        |                             1000 | 2018-10-15   |    1 |
+-------------------+--------------+----------------+----------------------------------+--------------+------+
8 rows in set (0.00 sec)

mysql> select Movie_Name from Movies m Inner Join Actors a where a.FirstName="Johnny";
+-------------------+
| Movie_Name        |
+-------------------+
| Avenger:EndGame   |
| RRR               |
| Sholay            |
| 1920              |
| Bajrangi Bhaijaan |
| Aashiqui 2        |
| BaahuBali         |
| Transformers      |
+-------------------+
8 rows in set (0.00 sec)

mysql> select Movie_Name from Movies 
    -> Inner Join Actors
    -> ;
+-------------------+
| Movie_Name        |
+-------------------+
| Transformers      |
| BaahuBali         |
| Aashiqui 2        |
| Bajrangi Bhaijaan |
| 1920              |
| Sholay            |
| RRR               |
| Avenger:EndGame   |
| Transformers      |
| BaahuBali         |
| Aashiqui 2        |
| Bajrangi Bhaijaan |
| 1920              |
| Sholay            |
| RRR               |
| Avenger:EndGame   |
| Transformers      |
| BaahuBali         |
| Aashiqui 2        |
| Bajrangi Bhaijaan |
| 1920              |
| Sholay            |
| RRR               |
| Avenger:EndGame   |
| Transformers      |
| BaahuBali         |
| Aashiqui 2        |
| Bajrangi Bhaijaan |
| 1920              |
| Sholay            |
| RRR               |
| Avenger:EndGame   |
| Transformers      |
| BaahuBali         |
| Aashiqui 2        |
| Bajrangi Bhaijaan |
| 1920              |
| Sholay            |
| RRR               |
| Avenger:EndGame   |
| Transformers      |
| BaahuBali         |
| Aashiqui 2        |
| Bajrangi Bhaijaan |
| 1920              |
| Sholay            |
| RRR               |
| Avenger:EndGame   |
| Transformers      |
| BaahuBali         |
| Aashiqui 2        |
| Bajrangi Bhaijaan |
| 1920              |
| Sholay            |
| RRR               |
| Avenger:EndGame   |
| Transformers      |
| BaahuBali         |
| Aashiqui 2        |
| Bajrangi Bhaijaan |
| 1920              |
| Sholay            |
| RRR               |
| Avenger:EndGame   |
| Transformers      |
| BaahuBali         |
| Aashiqui 2        |
| Bajrangi Bhaijaan |
| 1920              |
| Sholay            |
| RRR               |
| Avenger:EndGame   |
| Transformers      |
| BaahuBali         |
| Aashiqui 2        |
| Bajrangi Bhaijaan |
| 1920              |
| Sholay            |
| RRR               |
| Avenger:EndGame   |
+-------------------+
80 rows in set (0.00 sec)

mysql> select Movie_Name from Movies Inner Join Actors;
+-------------------+
| Movie_Name        |
+-------------------+
| Transformers      |
| BaahuBali         |
| Aashiqui 2        |
| Bajrangi Bhaijaan |
| 1920              |
| Sholay            |
| RRR               |
| Avenger:EndGame   |
| Transformers      |
| BaahuBali         |
| Aashiqui 2        |
| Bajrangi Bhaijaan |
| 1920              |
| Sholay            |
| RRR               |
| Avenger:EndGame   |
| Transformers      |
| BaahuBali         |
| Aashiqui 2        |
| Bajrangi Bhaijaan |
| 1920              |
| Sholay            |
| RRR               |
| Avenger:EndGame   |
| Transformers      |
| BaahuBali         |
| Aashiqui 2        |
| Bajrangi Bhaijaan |
| 1920              |
| Sholay            |
| RRR               |
| Avenger:EndGame   |
| Transformers      |
| BaahuBali         |
| Aashiqui 2        |
| Bajrangi Bhaijaan |
| 1920              |
| Sholay            |
| RRR               |
| Avenger:EndGame   |
| Transformers      |
| BaahuBali         |
| Aashiqui 2        |
| Bajrangi Bhaijaan |
| 1920              |
| Sholay            |
| RRR               |
| Avenger:EndGame   |
| Transformers      |
| BaahuBali         |
| Aashiqui 2        |
| Bajrangi Bhaijaan |
| 1920              |
| Sholay            |
| RRR               |
| Avenger:EndGame   |
| Transformers      |
| BaahuBali         |
| Aashiqui 2        |
| Bajrangi Bhaijaan |
| 1920              |
| Sholay            |
| RRR               |
| Avenger:EndGame   |
| Transformers      |
| BaahuBali         |
| Aashiqui 2        |
| Bajrangi Bhaijaan |
| 1920              |
| Sholay            |
| RRR               |
| Avenger:EndGame   |
| Transformers      |
| BaahuBali         |
| Aashiqui 2        |
| Bajrangi Bhaijaan |
| 1920              |
| Sholay            |
| RRR               |
| Avenger:EndGame   |
+-------------------+
80 rows in set (0.00 sec)

mysql> select Movie_Name from Movies m Inner Join Actors a where a.FirstName="Johnny";
+-------------------+
| Movie_Name        |
+-------------------+
| Avenger:EndGame   |
| RRR               |
| Sholay            |
| 1920              |
| Bajrangi Bhaijaan |
| Aashiqui 2        |
| BaahuBali         |
| Transformers      |
+-------------------+
8 rows in set (0.00 sec)

mysql> clear
mysql> clean
    -> ;
ERROR 1064 (42000): You have an error in your SQL syntax; check the manual that corresponds to your MySQL server version for the right syntax to use near 'clean' at line 1
mysql> 
mysql> 
mysql> 
mysql> select * from Actors;
+----+------------+----------+------------+--------+---------------+--------------------+
| Id | FirstName  | LastName | DoB        | Gender | MaritalStatus | NetWorthInMillions |
+----+------------+----------+------------+--------+---------------+--------------------+
|  1 | Brad       | pitt     | 1963-12-18 | Male   | Married       |                150 |
|  2 | Jennifer   | Lopez    | 1969-11-02 | Female | Single        |                200 |
|  3 | Angelina   | Jolly    | 1975-06-04 | Female | Single        |                130 |
|  4 | Johnny     | Depp     | 1963-06-09 | Male   | Married       |                100 |
|  5 | Dream      | smith    | 9999-01-01 | Female | Single        |                200 |
|  6 | Reclusive  | Martin   | 1980-01-01 | Male   | Divorced      |                100 |
|  7 | Rajnikanth | Murugan  | 1950-12-12 | Male   | Married       |                125 |
|  8 | Rishi      | Kapoor   | 1950-02-22 | Male   | Married       |                 70 |
|  9 | Hritik     | Roshan   | 1985-07-17 | Male   | Single        |                 50 |
| 10 | Madhuri    | Dixit    | 1958-06-11 | Female | Married       |                110 |
+----+------------+----------+------------+--------+---------------+--------------------+
10 rows in set (0.00 sec)

mysql> select * from Movies;
+-------------------+--------------+----------------+----------------------------------+--------------+------+
| Movie_Name        | Movie_Genera | Movie_Language | WorldWide_Collection_In_Millions | Release_Year | Id   |
+-------------------+--------------+----------------+----------------------------------+--------------+------+
| Avenger:EndGame   | Sci-Fi       | Multiple       |                            18000 | 2016-06-05   |    2 |
| RRR               | Action       | Tamil          |                            15000 | 2019-12-12   |    7 |
| Sholay            | Thriller     | Hindi          |                             2000 | 1979-08-12   |   10 |
| 1920              | Horror       | Hindi          |                              900 | 2021-08-23   |    4 |
| Bajrangi Bhaijaan | Adventure    | Hindi          |                             1200 | 2020-11-16   |    3 |
| Aashiqui 2        | Romantic     | Hindi          |                              800 | 2014-06-10   |    9 |
| BaahuBali         | Action       | Multiple       |                            12000 | 2019-04-06   |    1 |
| Transformers      | Sci-Fi       | English        |                             1000 | 2018-10-15   |    1 |
+-------------------+--------------+----------------+----------------------------------+--------------+------+
8 rows in set (0.00 sec)

mysql> select Movie_Name 
    -> from Movies
    -> Join Actors
    -> where FirstName="Brad";
+-------------------+
| Movie_Name        |
+-------------------+
| Avenger:EndGame   |
| RRR               |
| Sholay            |
| 1920              |
| Bajrangi Bhaijaan |
| Aashiqui 2        |
| BaahuBali         |
| Transformers      |
+-------------------+
8 rows in set (0.00 sec)

mysql> ------------------------------------------------------------------------------------------------------ DAY 3 ----------------------------------------------------------------------------------------
    -> ;
ERROR 1064 (42000): You have an error in your SQL syntax; check the manual that corresponds to your MySQL server version for the right syntax to use near '--------------------------------------------------------------------------------' at line 1
mysql> 
mysql> 
mysql> select * from Actors;
+----+------------+----------+------------+--------+---------------+--------------------+
| Id | FirstName  | LastName | DoB        | Gender | MaritalStatus | NetWorthInMillions |
+----+------------+----------+------------+--------+---------------+--------------------+
|  1 | Brad       | pitt     | 1963-12-18 | Male   | Married       |                150 |
|  2 | Jennifer   | Lopez    | 1969-11-02 | Female | Single        |                200 |
|  3 | Angelina   | Jolly    | 1975-06-04 | Female | Single        |                130 |
|  4 | Johnny     | Depp     | 1963-06-09 | Male   | Married       |                100 |
|  5 | Dream      | smith    | 9999-01-01 | Female | Single        |                200 |
|  6 | Reclusive  | Martin   | 1980-01-01 | Male   | Divorced      |                100 |
|  7 | Rajnikanth | Murugan  | 1950-12-12 | Male   | Married       |                125 |
|  8 | Rishi      | Kapoor   | 1950-02-22 | Male   | Married       |                 70 |
|  9 | Hritik     | Roshan   | 1985-07-17 | Male   | Single        |                 50 |
| 10 | Madhuri    | Dixit    | 1958-06-11 | Female | Married       |                110 |
+----+------------+----------+------------+--------+---------------+--------------------+
10 rows in set (0.00 sec)

mysql> select * from Movies;
+-------------------+--------------+----------------+----------------------------------+--------------+------+
| Movie_Name        | Movie_Genera | Movie_Language | WorldWide_Collection_In_Millions | Release_Year | Id   |
+-------------------+--------------+----------------+----------------------------------+--------------+------+
| Avenger:EndGame   | Sci-Fi       | Multiple       |                            18000 | 2016-06-05   |    2 |
| RRR               | Action       | Tamil          |                            15000 | 2019-12-12   |    7 |
| Sholay            | Thriller     | Hindi          |                             2000 | 1979-08-12   |   10 |
| 1920              | Horror       | Hindi          |                              900 | 2021-08-23   |    4 |
| Bajrangi Bhaijaan | Adventure    | Hindi          |                             1200 | 2020-11-16   |    3 |
| Aashiqui 2        | Romantic     | Hindi          |                              800 | 2014-06-10   |    9 |
| BaahuBali         | Action       | Multiple       |                            12000 | 2019-04-06   |    1 |
| Transformers      | Sci-Fi       | English        |                             1000 | 2018-10-15   |    1 |
+-------------------+--------------+----------------+----------------------------------+--------------+------+
8 rows in set (0.00 sec)

mysql> select Movie_Name
    -> from Actors
    -> insser join Movies
    -> where Movie_Name="RRR";
+------------+
| Movie_Name |
+------------+
| RRR        |
| RRR        |
| RRR        |
| RRR        |
| RRR        |
| RRR        |
| RRR        |
| RRR        |
| RRR        |
| RRR        |
+------------+
10 rows in set (0.00 sec)

mysql> select Movie_Name from Actors insser join Movies where Movie_Name="RRR"and Movie_Language="Tamil";
+------------+
| Movie_Name |
+------------+
| RRR        |
| RRR        |
| RRR        |
| RRR        |
| RRR        |
| RRR        |
| RRR        |
| RRR        |
| RRR        |
| RRR        |
+------------+
10 rows in set (0.00 sec)

mysql> select * from Actors;
+----+------------+----------+------------+--------+---------------+--------------------+
| Id | FirstName  | LastName | DoB        | Gender | MaritalStatus | NetWorthInMillions |
+----+------------+----------+------------+--------+---------------+--------------------+
|  1 | Brad       | pitt     | 1963-12-18 | Male   | Married       |                150 |
|  2 | Jennifer   | Lopez    | 1969-11-02 | Female | Single        |                200 |
|  3 | Angelina   | Jolly    | 1975-06-04 | Female | Single        |                130 |
|  4 | Johnny     | Depp     | 1963-06-09 | Male   | Married       |                100 |
|  5 | Dream      | smith    | 9999-01-01 | Female | Single        |                200 |
|  6 | Reclusive  | Martin   | 1980-01-01 | Male   | Divorced      |                100 |
|  7 | Rajnikanth | Murugan  | 1950-12-12 | Male   | Married       |                125 |
|  8 | Rishi      | Kapoor   | 1950-02-22 | Male   | Married       |                 70 |
|  9 | Hritik     | Roshan   | 1985-07-17 | Male   | Single        |                 50 |
| 10 | Madhuri    | Dixit    | 1958-06-11 | Female | Married       |                110 |
+----+------------+----------+------------+--------+---------------+--------------------+
10 rows in set (0.00 sec)

mysql> select * from Movies;
+-------------------+--------------+----------------+----------------------------------+--------------+------+
| Movie_Name        | Movie_Genera | Movie_Language | WorldWide_Collection_In_Millions | Release_Year | Id   |
+-------------------+--------------+----------------+----------------------------------+--------------+------+
| Avenger:EndGame   | Sci-Fi       | Multiple       |                            18000 | 2016-06-05   |    2 |
| RRR               | Action       | Tamil          |                            15000 | 2019-12-12   |    7 |
| Sholay            | Thriller     | Hindi          |                             2000 | 1979-08-12   |   10 |
| 1920              | Horror       | Hindi          |                              900 | 2021-08-23   |    4 |
| Bajrangi Bhaijaan | Adventure    | Hindi          |                             1200 | 2020-11-16   |    3 |
| Aashiqui 2        | Romantic     | Hindi          |                              800 | 2014-06-10   |    9 |
| BaahuBali         | Action       | Multiple       |                            12000 | 2019-04-06   |    1 |
| Transformers      | Sci-Fi       | English        |                             1000 | 2018-10-15   |    1 |
+-------------------+--------------+----------------+----------------------------------+--------------+------+
8 rows in set (0.00 sec)

mysql> select Movie_Name from Actors inner join Movies where Movie_Name="RRR"and Movie_Language="Tamil";
+------------+
| Movie_Name |
+------------+
| RRR        |
| RRR        |
| RRR        |
| RRR        |
| RRR        |
| RRR        |
| RRR        |
| RRR        |
| RRR        |
| RRR        |
+------------+
10 rows in set (0.00 sec)

mysql> select Movie_Name, concat(FirstName," ",LastName) as "Actor/Actress"  from Actors inner join Movies where Movie_Name="RRR"and Movie_Language="Tamil";
+------------+--------------------+
| Movie_Name | Actor/Actress      |
+------------+--------------------+
| RRR        | Brad pitt          |
| RRR        | Jennifer Lopez     |
| RRR        | Angelina Jolly     |
| RRR        | Johnny Depp        |
| RRR        | Dream smith        |
| RRR        | Reclusive Martin   |
| RRR        | Rajnikanth Murugan |
| RRR        | Rishi Kapoor       |
| RRR        | Hritik Roshan      |
| RRR        | Madhuri Dixit      |
+------------+--------------------+
10 rows in set (0.00 sec)

mysql> select Movie_Name, concat(FirstName," ",LastName) as "Actor/Actress"  from Actors inner join Movies using(Id);
+-------------------+--------------------+
| Movie_Name        | Actor/Actress      |
+-------------------+--------------------+
| Avenger:EndGame   | Jennifer Lopez     |
| RRR               | Rajnikanth Murugan |
| Sholay            | Madhuri Dixit      |
| 1920              | Johnny Depp        |
| Bajrangi Bhaijaan | Angelina Jolly     |
| Aashiqui 2        | Hritik Roshan      |
| BaahuBali         | Brad pitt          |
| Transformers      | Brad pitt          |
+-------------------+--------------------+
8 rows in set (0.00 sec)

mysql> select Movie_Name, concat(FirstName," ",LastName) as "Actor/Actress"  from Actors inner join Movies using(Id) where FirstName="Brad";
+--------------+---------------+
| Movie_Name   | Actor/Actress |
+--------------+---------------+
| BaahuBali    | Brad pitt     |
| Transformers | Brad pitt     |
+--------------+---------------+
2 rows in set (0.00 sec)

mysql> select Movie_Name, concat(FirstName," ",LastName) as "Actor/Actress"  from Actors inner join Movies using(Id) where Movie_Name="RRR";
+------------+--------------------+
| Movie_Name | Actor/Actress      |
+------------+--------------------+
| RRR        | Rajnikanth Murugan |
+------------+--------------------+
1 row in set (0.00 sec)

mysql> select Movie_Name, concat(FirstName," ",LastName) as "Actor/Actress"  from Actors inner join Movies where Movie_Name="RRR" and ActorId = (select id from Actors where FirstName="Brad");
ERROR 1054 (42S22): Unknown column 'ActorId' in 'where clause'
mysql> select Movie_Name, concat(FirstName," ",LastName) as "Actor/Actress"  from Actors inner join Movies where Movie_Name="RRR" and Id = (select id from Actors where FirstName="Brad");
ERROR 1052 (23000): Column 'Id' in where clause is ambiguous
mysql> select Movie_Name, concat(FirstName," ",LastName) as "Actor/Actress"  from Actors inner join Movies where Movie_Name="RRR" and Actors.Id as ActorID = (select id from Actors where FirstName="Brad");
ERROR 1064 (42000): You have an error in your SQL syntax; check the manual that corresponds to your MySQL server version for the right syntax to use near 'as ActorID = (select id from Actors where FirstName="Brad")' at line 1
mysql> select Movie_Name, concat(FirstName," ",LastName) as "Actor/Actress"  from Actors inner join Movies where Movie_Name="RRR" and Actors.Id as "ActorID" = (select id from Actors where FirstName="Brad");
ERROR 1064 (42000): You have an error in your SQL syntax; check the manual that corresponds to your MySQL server version for the right syntax to use near 'as "ActorID" = (select id from Actors where FirstName="Brad")' at line 1
mysql> select id from Actors where FirstName="Brad";
+----+
| id |
+----+
|  1 |
+----+
1 row in set (0.00 sec)

mysql> select Movie_Name, concat(FirstName," ",LastName) as "Actor/Actress"  from Actors inner join Movies where Movie_Name="RRR" and Actors.Id=1;
+------------+---------------+
| Movie_Name | Actor/Actress |
+------------+---------------+
| RRR        | Brad pitt     |
+------------+---------------+
1 row in set (0.00 sec)

mysql> select Movie_Name, concat(FirstName," ",LastName) as "Actor/Actress"  from Actors inner join Movies where Movie_Name="RRR" and Actors.Id=(select id from Actors where FirstName="Rajnikanth");
+------------+--------------------+
| Movie_Name | Actor/Actress      |
+------------+--------------------+
| RRR        | Rajnikanth Murugan |
+------------+--------------------+
1 row in set (0.02 sec)

mysql> select Movie_Name, concat(FirstName," ",LastName) as "Actor/Actress" ActorId  from Actors inner join Movies where Movie_Name="RRR" and Actors.Id as ActorId=(select id from Actors where FirstName="Rajnikanth");
ERROR 1064 (42000): You have an error in your SQL syntax; check the manual that corresponds to your MySQL server version for the right syntax to use near 'ActorId  from Actors inner join Movies where Movie_Name="RRR" and Actors.Id as A' at line 1
mysql> select Movie_Name, concat(FirstName," ",LastName) as "Actor/Actress" Actors.Id as ActorId  from Actors inner join Movies where Movie_Name="RRR" and Actors.Id=(select id from Actors where FirstName="Rajnik
anth");
ERROR 1064 (42000): You have an error in your SQL syntax; check the manual that corresponds to your MySQL server version for the right syntax to use near 'Actors.Id as ActorId  from Actors inner join Movies where Movie_Name="RRR" and A' at line 1
mysql> select Movie_Name, concat(FirstName," ",LastName) as "Actor/Actress" Id as ActorId  from Actors inner join Movies where Movie_Name="RRR" and Actors.Id=(select id from Actors where FirstName="Rajnikanth");
ERROR 1064 (42000): You have an error in your SQL syntax; check the manual that corresponds to your MySQL server version for the right syntax to use near 'Id as ActorId  from Actors inner join Movies where Movie_Name="RRR" and Actors.I' at line 1
mysql> select Movie_Name, concat(FirstName," ",LastName) as "Actor/Actress", Id  from Actors inner join Movies where Movie_Name="RRR" and Actors.Id=(select id from Actors where FirstName="Rajnikanth");
ERROR 1052 (23000): Column 'Id' in field list is ambiguous
mysql> select Movie_Name, concat(FirstName," ",LastName) as "Actor/Actress", Actors.Id as ActorId  from Actors inner join Movies where Movie_Name="RRR" and Actors.Id=(select id from Actors where FirstName="Rajni
kanth");
+------------+--------------------+---------+
| Movie_Name | Actor/Actress      | ActorId |
+------------+--------------------+---------+
| RRR        | Rajnikanth Murugan |       7 |
+------------+--------------------+---------+
1 row in set (0.00 sec)

mysql> select Movie_Name, Concat(FirstName," ",LastName) as "Actor/Actress",WorldWide_collection_In_Millions from Actors inner join Movies where NetWorthInMillions = (Select Min(NetWorthInMillions) from Actors); 
+-------------------+---------------+----------------------------------+
| Movie_Name        | Actor/Actress | WorldWide_collection_In_Millions |
+-------------------+---------------+----------------------------------+
| Avenger:EndGame   | Hritik Roshan |                            18000 |
| RRR               | Hritik Roshan |                            15000 |
| Sholay            | Hritik Roshan |                             2000 |
| 1920              | Hritik Roshan |                              900 |
| Bajrangi Bhaijaan | Hritik Roshan |                             1200 |
| Aashiqui 2        | Hritik Roshan |                              800 |
| BaahuBali         | Hritik Roshan |                            12000 |
| Transformers      | Hritik Roshan |                             1000 |
+-------------------+---------------+----------------------------------+
8 rows in set (0.00 sec)

mysql> select Min(NetWorthInMillions) from Actors;
+-------------------------+
| Min(NetWorthInMillions) |
+-------------------------+
|                      50 |
+-------------------------+
1 row in set (0.00 sec)

mysql> select FirstName,Min(NetWorthInMillions) from Actors;
ERROR 1140 (42000): In aggregated query without GROUP BY, expression #1 of SELECT list contains nonaggregated column 'MovieIndustry.Actors.FirstName'; this is incompatible with sql_mode=only_full_group_by
mysql> select FirstName, LAstName from Actors where NetWorthInMillions=Min(NetWorthInMillions);
ERROR 1111 (HY000): Invalid use of group function
mysql> select FirstName, LastName from Actors where NetWorthInMillions=(Select Min(NetWorthInMillions) from Actors);
+-----------+----------+
| FirstName | LastName |
+-----------+----------+
| Hritik    | Roshan   |
+-----------+----------+
1 row in set (0.00 sec)

mysql> select Movie_Name, Concat(FirstName," ",LastName) as "Actor/Actress",WorldWide_collection_In_Millions from Actors inner join Movies where NetWorthInMillions = (Select Min(NetWorthInMillions) from Actors); 
+-------------------+---------------+----------------------------------+
| Movie_Name        | Actor/Actress | WorldWide_collection_In_Millions |
+-------------------+---------------+----------------------------------+
| Avenger:EndGame   | Hritik Roshan |                            18000 |
| RRR               | Hritik Roshan |                            15000 |
| Sholay            | Hritik Roshan |                             2000 |
| 1920              | Hritik Roshan |                              900 |
| Bajrangi Bhaijaan | Hritik Roshan |                             1200 |
| Aashiqui 2        | Hritik Roshan |                              800 |
| BaahuBali         | Hritik Roshan |                            12000 |
| Transformers      | Hritik Roshan |                             1000 |
+-------------------+---------------+----------------------------------+
8 rows in set (0.00 sec)

mysql> select Movie_Name, Concat(FirstName," ",LastName) as "Actor/Actress",WorldWide_collection_In_Millions from Actors inner join Movies where NetWorthInMillions = (Select Min(NetWorthInMillions) from Actors); 
+-------------------+---------------+----------------------------------+
| Movie_Name        | Actor/Actress | WorldWide_collection_In_Millions |
+-------------------+---------------+----------------------------------+
| Avenger:EndGame   | Hritik Roshan |                            18000 |
| RRR               | Hritik Roshan |                            15000 |
| Sholay            | Hritik Roshan |                             2000 |
| 1920              | Hritik Roshan |                              900 |
| Bajrangi Bhaijaan | Hritik Roshan |                             1200 |
| Aashiqui 2        | Hritik Roshan |                              800 |
| BaahuBali         | Hritik Roshan |                            12000 |
| Transformers      | Hritik Roshan |                             1000 |
+-------------------+---------------+----------------------------------+
8 rows in set (0.00 sec)

mysql> select Movie_Name, Concat(FirstName," ",LastName) as "Actor/Actress",WorldWide_collection_In_Millions from Actors inner join Movies where NetWorthInMillions =50;
+-------------------+---------------+----------------------------------+
| Movie_Name        | Actor/Actress | WorldWide_collection_In_Millions |
+-------------------+---------------+----------------------------------+
| Avenger:EndGame   | Hritik Roshan |                            18000 |
| RRR               | Hritik Roshan |                            15000 |
| Sholay            | Hritik Roshan |                             2000 |
| 1920              | Hritik Roshan |                              900 |
| Bajrangi Bhaijaan | Hritik Roshan |                             1200 |
| Aashiqui 2        | Hritik Roshan |                              800 |
| BaahuBali         | Hritik Roshan |                            12000 |
| Transformers      | Hritik Roshan |                             1000 |
+-------------------+---------------+----------------------------------+
8 rows in set (0.00 sec)

mysql> select Movie_Name, Concat(FirstName," ",LastName) as "Actor/Actress",WorldWide_collection_In_Millions from Actors inner join Movies;
+-------------------+--------------------+----------------------------------+
| Movie_Name        | Actor/Actress      | WorldWide_collection_In_Millions |
+-------------------+--------------------+----------------------------------+
| Transformers      | Brad pitt          |                             1000 |
| BaahuBali         | Brad pitt          |                            12000 |
| Aashiqui 2        | Brad pitt          |                              800 |
| Bajrangi Bhaijaan | Brad pitt          |                             1200 |
| 1920              | Brad pitt          |                              900 |
| Sholay            | Brad pitt          |                             2000 |
| RRR               | Brad pitt          |                            15000 |
| Avenger:EndGame   | Brad pitt          |                            18000 |
| Transformers      | Jennifer Lopez     |                             1000 |
| BaahuBali         | Jennifer Lopez     |                            12000 |
| Aashiqui 2        | Jennifer Lopez     |                              800 |
| Bajrangi Bhaijaan | Jennifer Lopez     |                             1200 |
| 1920              | Jennifer Lopez     |                              900 |
| Sholay            | Jennifer Lopez     |                             2000 |
| RRR               | Jennifer Lopez     |                            15000 |
| Avenger:EndGame   | Jennifer Lopez     |                            18000 |
| Transformers      | Angelina Jolly     |                             1000 |
| BaahuBali         | Angelina Jolly     |                            12000 |
| Aashiqui 2        | Angelina Jolly     |                              800 |
| Bajrangi Bhaijaan | Angelina Jolly     |                             1200 |
| 1920              | Angelina Jolly     |                              900 |
| Sholay            | Angelina Jolly     |                             2000 |
| RRR               | Angelina Jolly     |                            15000 |
| Avenger:EndGame   | Angelina Jolly     |                            18000 |
| Transformers      | Johnny Depp        |                             1000 |
| BaahuBali         | Johnny Depp        |                            12000 |
| Aashiqui 2        | Johnny Depp        |                              800 |
| Bajrangi Bhaijaan | Johnny Depp        |                             1200 |
| 1920              | Johnny Depp        |                              900 |
| Sholay            | Johnny Depp        |                             2000 |
| RRR               | Johnny Depp        |                            15000 |
| Avenger:EndGame   | Johnny Depp        |                            18000 |
| Transformers      | Dream smith        |                             1000 |
| BaahuBali         | Dream smith        |                            12000 |
| Aashiqui 2        | Dream smith        |                              800 |
| Bajrangi Bhaijaan | Dream smith        |                             1200 |
| 1920              | Dream smith        |                              900 |
| Sholay            | Dream smith        |                             2000 |
| RRR               | Dream smith        |                            15000 |
| Avenger:EndGame   | Dream smith        |                            18000 |
| Transformers      | Reclusive Martin   |                             1000 |
| BaahuBali         | Reclusive Martin   |                            12000 |
| Aashiqui 2        | Reclusive Martin   |                              800 |
| Bajrangi Bhaijaan | Reclusive Martin   |                             1200 |
| 1920              | Reclusive Martin   |                              900 |
| Sholay            | Reclusive Martin   |                             2000 |
| RRR               | Reclusive Martin   |                            15000 |
| Avenger:EndGame   | Reclusive Martin   |                            18000 |
| Transformers      | Rajnikanth Murugan |                             1000 |
| BaahuBali         | Rajnikanth Murugan |                            12000 |
| Aashiqui 2        | Rajnikanth Murugan |                              800 |
| Bajrangi Bhaijaan | Rajnikanth Murugan |                             1200 |
| 1920              | Rajnikanth Murugan |                              900 |
| Sholay            | Rajnikanth Murugan |                             2000 |
| RRR               | Rajnikanth Murugan |                            15000 |
| Avenger:EndGame   | Rajnikanth Murugan |                            18000 |
| Transformers      | Rishi Kapoor       |                             1000 |
| BaahuBali         | Rishi Kapoor       |                            12000 |
| Aashiqui 2        | Rishi Kapoor       |                              800 |
| Bajrangi Bhaijaan | Rishi Kapoor       |                             1200 |
| 1920              | Rishi Kapoor       |                              900 |
| Sholay            | Rishi Kapoor       |                             2000 |
| RRR               | Rishi Kapoor       |                            15000 |
| Avenger:EndGame   | Rishi Kapoor       |                            18000 |
| Transformers      | Hritik Roshan      |                             1000 |
| BaahuBali         | Hritik Roshan      |                            12000 |
| Aashiqui 2        | Hritik Roshan      |                              800 |
| Bajrangi Bhaijaan | Hritik Roshan      |                             1200 |
| 1920              | Hritik Roshan      |                              900 |
| Sholay            | Hritik Roshan      |                             2000 |
| RRR               | Hritik Roshan      |                            15000 |
| Avenger:EndGame   | Hritik Roshan      |                            18000 |
| Transformers      | Madhuri Dixit      |                             1000 |
| BaahuBali         | Madhuri Dixit      |                            12000 |
| Aashiqui 2        | Madhuri Dixit      |                              800 |
| Bajrangi Bhaijaan | Madhuri Dixit      |                             1200 |
| 1920              | Madhuri Dixit      |                              900 |
| Sholay            | Madhuri Dixit      |                             2000 |
| RRR               | Madhuri Dixit      |                            15000 |
| Avenger:EndGame   | Madhuri Dixit      |                            18000 |
+-------------------+--------------------+----------------------------------+
80 rows in set (0.00 sec)

mysql> select Movie_Name, Concat(FirstName," ",LastName) as "Actor/Actress",WorldWide_collection_In_Millions from Actors inner join Movies where NetWorthInMillions = (Select Min(NetWorthInMillions) from Actors); 
+-------------------+---------------+----------------------------------+
| Movie_Name        | Actor/Actress | WorldWide_collection_In_Millions |
+-------------------+---------------+----------------------------------+
| Avenger:EndGame   | Hritik Roshan |                            18000 |
| RRR               | Hritik Roshan |                            15000 |
| Sholay            | Hritik Roshan |                             2000 |
| 1920              | Hritik Roshan |                              900 |
| Bajrangi Bhaijaan | Hritik Roshan |                             1200 |
| Aashiqui 2        | Hritik Roshan |                              800 |
| BaahuBali         | Hritik Roshan |                            12000 |
| Transformers      | Hritik Roshan |                             1000 |
+-------------------+---------------+----------------------------------+
8 rows in set (0.00 sec)

mysql> sellect Min(NetWorthInMillions) from Actors;
ERROR 1064 (42000): You have an error in your SQL syntax; check the manual that corresponds to your MySQL server version for the right syntax to use near 'sellect Min(NetWorthInMillions) from Actors' at line 1
mysql> select Min(NetWorthInMillions) from Actors;
+-------------------------+
| Min(NetWorthInMillions) |
+-------------------------+
|                      50 |
+-------------------------+
1 row in set (0.00 sec)

mysql> select Movie_Name, Concat(FirstName," ",LastName) as "Actor/Actress",WorldWide_collection_In_Millions from Actors inner join Movies where Actors.NetWorthInMillions = (Select Min(NetWorthInMillions) from Actors);
+-------------------+---------------+----------------------------------+
| Movie_Name        | Actor/Actress | WorldWide_collection_In_Millions |
+-------------------+---------------+----------------------------------+
| Avenger:EndGame   | Hritik Roshan |                            18000 |
| RRR               | Hritik Roshan |                            15000 |
| Sholay            | Hritik Roshan |                             2000 |
| 1920              | Hritik Roshan |                              900 |
| Bajrangi Bhaijaan | Hritik Roshan |                             1200 |
| Aashiqui 2        | Hritik Roshan |                              800 |
| BaahuBali         | Hritik Roshan |                            12000 |
| Transformers      | Hritik Roshan |                             1000 |
+-------------------+---------------+----------------------------------+
8 rows in set (0.00 sec)

mysql> select Concat(FirstName," ",LastName) as "Actor/Actress"from Actors where NetWorthInMillions = (Select Min(NetWorthInMillions) from Actors);
+---------------+
| Actor/Actress |
+---------------+
| Hritik Roshan |
+---------------+
1 row in set (0.00 sec)

mysql> select Concat(FirstName," ",LastName) as "Actor/Actress",Movie_Name from Actors inner join Movies  where NetWorthInMillions = (Select Min(NetWorthInMillions) from Actors);
+---------------+-------------------+
| Actor/Actress | Movie_Name        |
+---------------+-------------------+
| Hritik Roshan | Avenger:EndGame   |
| Hritik Roshan | RRR               |
| Hritik Roshan | Sholay            |
| Hritik Roshan | 1920              |
| Hritik Roshan | Bajrangi Bhaijaan |
| Hritik Roshan | Aashiqui 2        |
| Hritik Roshan | BaahuBali         |
| Hritik Roshan | Transformers      |
+---------------+-------------------+
8 rows in set (0.00 sec)

mysql> select Concat(FirstName," ",LastName) as "Actor/Actress",Movie_Name from Actors outer join Movies  where NetWorthInMillions = (Select Min(NetWorthInMillions) from Actors);
ERROR 1064 (42000): You have an error in your SQL syntax; check the manual that corresponds to your MySQL server version for the right syntax to use near 'outer join Movies  where NetWorthInMillions = (Select Min(NetWorthInMillions) fr' at line 1
mysql> select Concat(FirstName," ",LastName) as "Actor/Actress",Movie_Name from Actors natural join Movies  where NetWorthInMillions = (Select Min(NetWorthInMillions) from Actors);
+---------------+------------+
| Actor/Actress | Movie_Name |
+---------------+------------+
| Hritik Roshan | Aashiqui 2 |
+---------------+------------+
1 row in set (0.00 sec)

mysql> select Movie_Name, Concat(FirstName," ",LastName) as "Actor/Actress",WorldWide_collection_In_Millions from Actors natural join Movies where NetWorthInMillions = (Select Min(NetWorthInMillions) from Actors
);
+------------+---------------+----------------------------------+
| Movie_Name | Actor/Actress | WorldWide_collection_In_Millions |
+------------+---------------+----------------------------------+
| Aashiqui 2 | Hritik Roshan |                              800 |
+------------+---------------+----------------------------------+
1 row in set (0.00 sec)

mysql> select Movie_Name, Concat(FirstName," ",LastName) as "Actor/Actress",WorldWide_collection_In_Millions from Actors natural join Movies where NetWorthInMillions = (Select Max(NetWorthInMillions) from Actors);
+-----------------+----------------+----------------------------------+
| Movie_Name      | Actor/Actress  | WorldWide_collection_In_Millions |
+-----------------+----------------+----------------------------------+
| Avenger:EndGame | Jennifer Lopez |                            18000 |
+-----------------+----------------+----------------------------------+
1 row in set (0.00 sec)

mysql> select * from Actors;
+----+------------+----------+------------+--------+---------------+--------------------+
| Id | FirstName  | LastName | DoB        | Gender | MaritalStatus | NetWorthInMillions |
+----+------------+----------+------------+--------+---------------+--------------------+
|  1 | Brad       | pitt     | 1963-12-18 | Male   | Married       |                150 |
|  2 | Jennifer   | Lopez    | 1969-11-02 | Female | Single        |                200 |
|  3 | Angelina   | Jolly    | 1975-06-04 | Female | Single        |                130 |
|  4 | Johnny     | Depp     | 1963-06-09 | Male   | Married       |                100 |
|  5 | Dream      | smith    | 9999-01-01 | Female | Single        |                200 |
|  6 | Reclusive  | Martin   | 1980-01-01 | Male   | Divorced      |                100 |
|  7 | Rajnikanth | Murugan  | 1950-12-12 | Male   | Married       |                125 |
|  8 | Rishi      | Kapoor   | 1950-02-22 | Male   | Married       |                 70 |
|  9 | Hritik     | Roshan   | 1985-07-17 | Male   | Single        |                 50 |
| 10 | Madhuri    | Dixit    | 1958-06-11 | Female | Married       |                110 |
+----+------------+----------+------------+--------+---------------+--------------------+
10 rows in set (0.00 sec)

mysql> select * from Movies;
+-------------------+--------------+----------------+----------------------------------+--------------+------+
| Movie_Name        | Movie_Genera | Movie_Language | WorldWide_Collection_In_Millions | Release_Year | Id   |
+-------------------+--------------+----------------+----------------------------------+--------------+------+
| Avenger:EndGame   | Sci-Fi       | Multiple       |                            18000 | 2016-06-05   |    2 |
| RRR               | Action       | Tamil          |                            15000 | 2019-12-12   |    7 |
| Sholay            | Thriller     | Hindi          |                             2000 | 1979-08-12   |   10 |
| 1920              | Horror       | Hindi          |                              900 | 2021-08-23   |    4 |
| Bajrangi Bhaijaan | Adventure    | Hindi          |                             1200 | 2020-11-16   |    3 |
| Aashiqui 2        | Romantic     | Hindi          |                              800 | 2014-06-10   |    9 |
| BaahuBali         | Action       | Multiple       |                            12000 | 2019-04-06   |    1 |
| Transformers      | Sci-Fi       | English        |                             1000 | 2018-10-15   |    1 |
+-------------------+--------------+----------------+----------------------------------+--------------+------+
8 rows in set (0.00 sec)

mysql> select FirstName from Actors where Gender="female";
+-----------+
| FirstName |
+-----------+
| Jennifer  |
| Angelina  |
| Dream     |
| Madhuri   |
+-----------+
4 rows in set (0.00 sec)

mysql> select Distinct FirstName from Actors where Gender="female";
+-----------+
| FirstName |
+-----------+
| Jennifer  |
| Angelina  |
| Dream     |
| Madhuri   |
+-----------+
4 rows in set (0.00 sec)

mysql> select * from Movies Inner Join Actors where FirstName=(Select Distinct FirstName from Actors where Gender="female");
ERROR 1242 (21000): Subquery returns more than 1 row
mysql> select * from Movies Inner Join Actors using(Id) where FirstName=(Select Distinct FirstName from Actors where Gender="female");
ERROR 1242 (21000): Subquery returns more than 1 row
mysql> select * from Movies Inner Join Actors Where in ( select Distinct Firstname from Actors where Gender="female");
ERROR 1064 (42000): You have an error in your SQL syntax; check the manual that corresponds to your MySQL server version for the right syntax to use near 'in ( select Distinct Firstname from Actors where Gender="female")' at line 1
mysql> select * from Movies Inner Join Actors Where FirstName in ( select Distinct Firstname from Actors where Gender="female");
+-------------------+--------------+----------------+----------------------------------+--------------+------+----+-----------+----------+------------+--------+---------------+--------------------+
| Movie_Name        | Movie_Genera | Movie_Language | WorldWide_Collection_In_Millions | Release_Year | Id   | Id | FirstName | LastName | DoB        | Gender | MaritalStatus | NetWorthInMillions |
+-------------------+--------------+----------------+----------------------------------+--------------+------+----+-----------+----------+------------+--------+---------------+--------------------+
| Avenger:EndGame   | Sci-Fi       | Multiple       |                            18000 | 2016-06-05   |    2 | 10 | Madhuri   | Dixit    | 1958-06-11 | Female | Married       |                110 |
| Avenger:EndGame   | Sci-Fi       | Multiple       |                            18000 | 2016-06-05   |    2 |  5 | Dream     | smith    | 9999-01-01 | Female | Single        |                200 |
| Avenger:EndGame   | Sci-Fi       | Multiple       |                            18000 | 2016-06-05   |    2 |  3 | Angelina  | Jolly    | 1975-06-04 | Female | Single        |                130 |
| Avenger:EndGame   | Sci-Fi       | Multiple       |                            18000 | 2016-06-05   |    2 |  2 | Jennifer  | Lopez    | 1969-11-02 | Female | Single        |                200 |
| RRR               | Action       | Tamil          |                            15000 | 2019-12-12   |    7 | 10 | Madhuri   | Dixit    | 1958-06-11 | Female | Married       |                110 |
| RRR               | Action       | Tamil          |                            15000 | 2019-12-12   |    7 |  5 | Dream     | smith    | 9999-01-01 | Female | Single        |                200 |
| RRR               | Action       | Tamil          |                            15000 | 2019-12-12   |    7 |  3 | Angelina  | Jolly    | 1975-06-04 | Female | Single        |                130 |
| RRR               | Action       | Tamil          |                            15000 | 2019-12-12   |    7 |  2 | Jennifer  | Lopez    | 1969-11-02 | Female | Single        |                200 |
| Sholay            | Thriller     | Hindi          |                             2000 | 1979-08-12   |   10 | 10 | Madhuri   | Dixit    | 1958-06-11 | Female | Married       |                110 |
| Sholay            | Thriller     | Hindi          |                             2000 | 1979-08-12   |   10 |  5 | Dream     | smith    | 9999-01-01 | Female | Single        |                200 |
| Sholay            | Thriller     | Hindi          |                             2000 | 1979-08-12   |   10 |  3 | Angelina  | Jolly    | 1975-06-04 | Female | Single        |                130 |
| Sholay            | Thriller     | Hindi          |                             2000 | 1979-08-12   |   10 |  2 | Jennifer  | Lopez    | 1969-11-02 | Female | Single        |                200 |
| 1920              | Horror       | Hindi          |                              900 | 2021-08-23   |    4 | 10 | Madhuri   | Dixit    | 1958-06-11 | Female | Married       |                110 |
| 1920              | Horror       | Hindi          |                              900 | 2021-08-23   |    4 |  5 | Dream     | smith    | 9999-01-01 | Female | Single        |                200 |
| 1920              | Horror       | Hindi          |                              900 | 2021-08-23   |    4 |  3 | Angelina  | Jolly    | 1975-06-04 | Female | Single        |                130 |
| 1920              | Horror       | Hindi          |                              900 | 2021-08-23   |    4 |  2 | Jennifer  | Lopez    | 1969-11-02 | Female | Single        |                200 |
| Bajrangi Bhaijaan | Adventure    | Hindi          |                             1200 | 2020-11-16   |    3 | 10 | Madhuri   | Dixit    | 1958-06-11 | Female | Married       |                110 |
| Bajrangi Bhaijaan | Adventure    | Hindi          |                             1200 | 2020-11-16   |    3 |  5 | Dream     | smith    | 9999-01-01 | Female | Single        |                200 |
| Bajrangi Bhaijaan | Adventure    | Hindi          |                             1200 | 2020-11-16   |    3 |  3 | Angelina  | Jolly    | 1975-06-04 | Female | Single        |                130 |
| Bajrangi Bhaijaan | Adventure    | Hindi          |                             1200 | 2020-11-16   |    3 |  2 | Jennifer  | Lopez    | 1969-11-02 | Female | Single        |                200 |
| Aashiqui 2        | Romantic     | Hindi          |                              800 | 2014-06-10   |    9 | 10 | Madhuri   | Dixit    | 1958-06-11 | Female | Married       |                110 |
| Aashiqui 2        | Romantic     | Hindi          |                              800 | 2014-06-10   |    9 |  5 | Dream     | smith    | 9999-01-01 | Female | Single        |                200 |
| Aashiqui 2        | Romantic     | Hindi          |                              800 | 2014-06-10   |    9 |  3 | Angelina  | Jolly    | 1975-06-04 | Female | Single        |                130 |
| Aashiqui 2        | Romantic     | Hindi          |                              800 | 2014-06-10   |    9 |  2 | Jennifer  | Lopez    | 1969-11-02 | Female | Single        |                200 |
| BaahuBali         | Action       | Multiple       |                            12000 | 2019-04-06   |    1 | 10 | Madhuri   | Dixit    | 1958-06-11 | Female | Married       |                110 |
| BaahuBali         | Action       | Multiple       |                            12000 | 2019-04-06   |    1 |  5 | Dream     | smith    | 9999-01-01 | Female | Single        |                200 |
| BaahuBali         | Action       | Multiple       |                            12000 | 2019-04-06   |    1 |  3 | Angelina  | Jolly    | 1975-06-04 | Female | Single        |                130 |
| BaahuBali         | Action       | Multiple       |                            12000 | 2019-04-06   |    1 |  2 | Jennifer  | Lopez    | 1969-11-02 | Female | Single        |                200 |
| Transformers      | Sci-Fi       | English        |                             1000 | 2018-10-15   |    1 | 10 | Madhuri   | Dixit    | 1958-06-11 | Female | Married       |                110 |
| Transformers      | Sci-Fi       | English        |                             1000 | 2018-10-15   |    1 |  5 | Dream     | smith    | 9999-01-01 | Female | Single        |                200 |
| Transformers      | Sci-Fi       | English        |                             1000 | 2018-10-15   |    1 |  3 | Angelina  | Jolly    | 1975-06-04 | Female | Single        |                130 |
| Transformers      | Sci-Fi       | English        |                             1000 | 2018-10-15   |    1 |  2 | Jennifer  | Lopez    | 1969-11-02 | Female | Single        |                200 |
+-------------------+--------------+----------------+----------------------------------+--------------+------+----+-----------+----------+------------+--------+---------------+--------------------+
32 rows in set (0.00 sec)

mysql> select * from Movies Natural Join Actors Where FirstName in ( select Distinct Firstname from Actors where Gender="female");
+------+-------------------+--------------+----------------+----------------------------------+--------------+-----------+----------+------------+--------+---------------+--------------------+
| Id   | Movie_Name        | Movie_Genera | Movie_Language | WorldWide_Collection_In_Millions | Release_Year | FirstName | LastName | DoB        | Gender | MaritalStatus | NetWorthInMillions |
+------+-------------------+--------------+----------------+----------------------------------+--------------+-----------+----------+------------+--------+---------------+--------------------+
|    2 | Avenger:EndGame   | Sci-Fi       | Multiple       |                            18000 | 2016-06-05   | Jennifer  | Lopez    | 1969-11-02 | Female | Single        |                200 |
|   10 | Sholay            | Thriller     | Hindi          |                             2000 | 1979-08-12   | Madhuri   | Dixit    | 1958-06-11 | Female | Married       |                110 |
|    3 | Bajrangi Bhaijaan | Adventure    | Hindi          |                             1200 | 2020-11-16   | Angelina  | Jolly    | 1975-06-04 | Female | Single        |                130 |
+------+-------------------+--------------+----------------+----------------------------------+--------------+-----------+----------+------------+--------+---------------+--------------------+
3 rows in set (0.00 sec)

mysql> select Id, Concat(Firstname," ",LastName) s "Actress", Movie_Name, Movie_Genera, Movie_Language,WorldWide_Collection_In_Millions from Movies Natural Join Actors Where FirstName in ( select Distinct Firstn
ame from Actors where Gender="female");
ERROR 1064 (42000): You have an error in your SQL syntax; check the manual that corresponds to your MySQL server version for the right syntax to use near '"Actress", Movie_Name, Movie_Genera, Movie_Language,WorldWide_Collection_In_Mill' at line 1
mysql> select Id, Concat(Firstname," ",LastName) as "Actress", Movie_Name, Movie_Genera, Movie_Language,WorldWide_Collection_In_Millions from Movies Natural Join Actors Where FirstName in ( select Distinct Firstname from Actors where Gender="female");
+------+----------------+-------------------+--------------+----------------+----------------------------------+
| Id   | Actress        | Movie_Name        | Movie_Genera | Movie_Language | WorldWide_Collection_In_Millions |
+------+----------------+-------------------+--------------+----------------+----------------------------------+
|    2 | Jennifer Lopez | Avenger:EndGame   | Sci-Fi       | Multiple       |                            18000 |
|   10 | Madhuri Dixit  | Sholay            | Thriller     | Hindi          |                             2000 |
|    3 | Angelina Jolly | Bajrangi Bhaijaan | Adventure    | Hindi          |                             1200 |
+------+----------------+-------------------+--------------+----------------+----------------------------------+
3 rows in set (0.00 sec)

mysql> select Id, Concat(Firstname," ",LastName) as "Actor", Movie_Name, Movie_Genera, Movie_Language,WorldWide_Collection_In_Millions from Movies Natural Join Actors Where FirstName in ( select Distinct Firstname from Actors where Gender="Male");
+------+--------------------+--------------+--------------+----------------+----------------------------------+
| Id   | Actor              | Movie_Name   | Movie_Genera | Movie_Language | WorldWide_Collection_In_Millions |
+------+--------------------+--------------+--------------+----------------+----------------------------------+
|    7 | Rajnikanth Murugan | RRR          | Action       | Tamil          |                            15000 |
|    4 | Johnny Depp        | 1920         | Horror       | Hindi          |                              900 |
|    9 | Hritik Roshan      | Aashiqui 2   | Romantic     | Hindi          |                              800 |
|    1 | Brad pitt          | BaahuBali    | Action       | Multiple       |                            12000 |
|    1 | Brad pitt          | Transformers | Sci-Fi       | English        |                             1000 |
+------+--------------------+--------------+--------------+----------------+----------------------------------+
5 rows in set (0.00 sec)

mysql> select Id, Concat(Firstname," ",LastName) as "Actor", Movie_Name, Movie_Genera, Movie_Language,WorldWide_Collection_In_Millions from Movies Natural Join Actors Where FirstName in ( select Distinct Firstname from Actors where Gender="Male") Order by WorldWide_Collection_In_Millions Desc;
+------+--------------------+--------------+--------------+----------------+----------------------------------+
| Id   | Actor              | Movie_Name   | Movie_Genera | Movie_Language | WorldWide_Collection_In_Millions |
+------+--------------------+--------------+--------------+----------------+----------------------------------+
|    7 | Rajnikanth Murugan | RRR          | Action       | Tamil          |                            15000 |
|    1 | Brad pitt          | BaahuBali    | Action       | Multiple       |                            12000 |
|    1 | Brad pitt          | Transformers | Sci-Fi       | English        |                             1000 |
|    4 | Johnny Depp        | 1920         | Horror       | Hindi          |                              900 |
|    9 | Hritik Roshan      | Aashiqui 2   | Romantic     | Hindi          |                              800 |
+------+--------------------+--------------+--------------+----------------+----------------------------------+
5 rows in set (0.01 sec)

mysql> select Id, Concat(Firstname," ",LastName) as "Actor", Movie_Name, Movie_Genera, Movie_Language,WorldWide_Collection_In_Millions from Movies Natural Join Actors Where FirstName in ( select Distinct Firstname from Actors where Gender="Male") Order by WorldWide_Collection_In_Millions Asc;
+------+--------------------+--------------+--------------+----------------+----------------------------------+
| Id   | Actor              | Movie_Name   | Movie_Genera | Movie_Language | WorldWide_Collection_In_Millions |
+------+--------------------+--------------+--------------+----------------+----------------------------------+
|    9 | Hritik Roshan      | Aashiqui 2   | Romantic     | Hindi          |                              800 |
|    4 | Johnny Depp        | 1920         | Horror       | Hindi          |                              900 |
|    1 | Brad pitt          | Transformers | Sci-Fi       | English        |                             1000 |
|    1 | Brad pitt          | BaahuBali    | Action       | Multiple       |                            12000 |
|    7 | Rajnikanth Murugan | RRR          | Action       | Tamil          |                            15000 |
+------+--------------------+--------------+--------------+----------------+----------------------------------+
5 rows in set (0.00 sec)

mysql> select Id, Concat(Firstname," ",LastName) as "Actress", Movie_Name, Movie_Genera, Movie_Language,WorldWide_Collection_In_Millions from Movies Natural Join Actors Where FirstName in ( select Distinct Firstname from Actors where Gender="Female") Order by WorldWide_Collection_In_Millions Asc;
+------+----------------+-------------------+--------------+----------------+----------------------------------+
| Id   | Actress        | Movie_Name        | Movie_Genera | Movie_Language | WorldWide_Collection_In_Millions |
+------+----------------+-------------------+--------------+----------------+----------------------------------+
|    3 | Angelina Jolly | Bajrangi Bhaijaan | Adventure    | Hindi          |                             1200 |
|   10 | Madhuri Dixit  | Sholay            | Thriller     | Hindi          |                             2000 |
|    2 | Jennifer Lopez | Avenger:EndGame   | Sci-Fi       | Multiple       |                            18000 |
+------+----------------+-------------------+--------------+----------------+----------------------------------+
3 rows in set (0.00 sec)

mysql> select Id, Concat(Firstname," ",LastName) as "Actress", Movie_Name, Movie_Genera, Movie_Language,WorldWide_Collection_In_Millions from Movies Natural Join Actors Where FirstName in ANY( select Distinct Firstname from Actors where Gender="Female") Order by WorldWide_Collection_In_Millions Asc;
ERROR 1064 (42000): You have an error in your SQL syntax; check the manual that corresponds to your MySQL server version for the right syntax to use near 'ANY( select Distinct Firstname from Actors where Gender="Female") Order by World' at line 1
mysql> select Movie_Name, Concat(FirstName," ",LastName) as "Actor/Actress",WorldWide_collection_In_Millions from Actors natural join Movies where NetWorthInMillions = (Select Max(NetWorthInMillions) from Actors);
+-----------------+----------------+----------------------------------+
| Movie_Name      | Actor/Actress  | WorldWide_collection_In_Millions |
+-----------------+----------------+----------------------------------+
| Avenger:EndGame | Jennifer Lopez |                            18000 |
+-----------------+----------------+----------------------------------+
1 row in set (0.01 sec)

mysql> select Id, Concat(Firstname," ",LastName) s "Actress", Movie_Name, Movie_Genera, Movie_Language,WorldWide_Collection_In_Millions from Movies Natural Join Actors Where FirstName=Any ( select Distinct Firstname from Actors where Gender="female");
ERROR 1064 (42000): You have an error in your SQL syntax; check the manual that corresponds to your MySQL server version for the right syntax to use near '"Actress", Movie_Name, Movie_Genera, Movie_Language,WorldWide_Collection_In_Mill' at line 1
mysql> select Id, Concat(Firstname," ",LastName) s "Actress", Movie_Name, Movie_Genera, Movie_Language,WorldWide_Collection_In_Millions from Movies Natural Join Actors Where FirstName= ( select Distinct Firstname from Actors where Gender="female");
ERROR 1064 (42000): You have an error in your SQL syntax; check the manual that corresponds to your MySQL server version for the right syntax to use near '"Actress", Movie_Name, Movie_Genera, Movie_Language,WorldWide_Collection_In_Mill' at line 1
mysql> select Id, Concat(Firstname," ",LastName) "Actress", Movie_Name, Movie_Genera, Movie_Language,WorldWide_Collection_In_Millions from Movies Natural Join Actors Where FirstName= ( select Distinct Firstname
from Actors where Gender="female");
ERROR 1242 (21000): Subquery returns more than 1 row
mysql> select Id, Concat(Firstname," ",LastName) "Actress", Movie_Name, Movie_Genera, Movie_Language,WorldWide_Collection_In_Millions from Movies Natural Join Actors Where FirstName= Any( select Distinct Firstna
me from Actors where Gender="female");
+------+----------------+-------------------+--------------+----------------+----------------------------------+
| Id   | Actress        | Movie_Name        | Movie_Genera | Movie_Language | WorldWide_Collection_In_Millions |
+------+----------------+-------------------+--------------+----------------+----------------------------------+
|    2 | Jennifer Lopez | Avenger:EndGame   | Sci-Fi       | Multiple       |                            18000 |
|   10 | Madhuri Dixit  | Sholay            | Thriller     | Hindi          |                             2000 |
|    3 | Angelina Jolly | Bajrangi Bhaijaan | Adventure    | Hindi          |                             1200 |
+------+----------------+-------------------+--------------+----------------+----------------------------------+
3 rows in set (0.00 sec)

mysql> select Id, Concat(Firstname," ",LastName) "Actress", Movie_Name, Movie_Genera, Movie_Language,WorldWide_Collection_In_Millions from Movies Natural Join Actors Where FirstName= Any( select Distinct Firstname from Actors where Gender="female");
+------+----------------+-------------------+--------------+----------------+----------------------------------+
| Id   | Actress        | Movie_Name        | Movie_Genera | Movie_Language | WorldWide_Collection_In_Millions |
+------+----------------+-------------------+--------------+----------------+----------------------------------+
|    2 | Jennifer Lopez | Avenger:EndGame   | Sci-Fi       | Multiple       |                            18000 |
|   10 | Madhuri Dixit  | Sholay            | Thriller     | Hindi          |                             2000 |
|    3 | Angelina Jolly | Bajrangi Bhaijaan | Adventure    | Hindi          |                             1200 |
+------+----------------+-------------------+--------------+----------------+----------------------------------+
3 rows in set (0.00 sec)

mysql> select Id, Concat(Firstname," ",LastName) "Actress", Movie_Name, Movie_Genera, Movie_Language,WorldWide_Collection_In_Millions from Movies Natural Join Actors Where FirstName= Any( select Distinct Firstname from Actors where Gender!="female");
+------+--------------------+--------------+--------------+----------------+----------------------------------+
| Id   | Actress            | Movie_Name   | Movie_Genera | Movie_Language | WorldWide_Collection_In_Millions |
+------+--------------------+--------------+--------------+----------------+----------------------------------+
|    7 | Rajnikanth Murugan | RRR          | Action       | Tamil          |                            15000 |
|    4 | Johnny Depp        | 1920         | Horror       | Hindi          |                              900 |
|    9 | Hritik Roshan      | Aashiqui 2   | Romantic     | Hindi          |                              800 |
|    1 | Brad pitt          | BaahuBali    | Action       | Multiple       |                            12000 |
|    1 | Brad pitt          | Transformers | Sci-Fi       | English        |                             1000 |
+------+--------------------+--------------+--------------+----------------+----------------------------------+
5 rows in set (0.01 sec)

mysql> select Id, Concat(Firstname," ",LastName) "Actress", Movie_Name, Movie_Genera, Movie_Language,WorldWide_Collection_In_Millions from Movies Natural Join Actors Where FirstName= Any( select Distinct Firstname from Actors where Gender!="female") order by WorldWide_Collection_In_Millions Asc;
+------+--------------------+--------------+--------------+----------------+----------------------------------+
| Id   | Actress            | Movie_Name   | Movie_Genera | Movie_Language | WorldWide_Collection_In_Millions |
+------+--------------------+--------------+--------------+----------------+----------------------------------+
|    9 | Hritik Roshan      | Aashiqui 2   | Romantic     | Hindi          |                              800 |
|    4 | Johnny Depp        | 1920         | Horror       | Hindi          |                              900 |
|    1 | Brad pitt          | Transformers | Sci-Fi       | English        |                             1000 |
|    1 | Brad pitt          | BaahuBali    | Action       | Multiple       |                            12000 |
|    7 | Rajnikanth Murugan | RRR          | Action       | Tamil          |                            15000 |
+------+--------------------+--------------+--------------+----------------+----------------------------------+
5 rows in set (0.01 sec)

mysql> select Id, Concat(Firstname," ",LastName) "Actress", Movie_Name, Movie_Genera, Movie_Language,WorldWide_Collection_In_Millions from Movies Natural Join Actors Where FirstName= Any( select Distinct Firstname from Actors where Gender="female") order by WorldWide_Collection_In_Millions Asc;
+------+----------------+-------------------+--------------+----------------+----------------------------------+
| Id   | Actress        | Movie_Name        | Movie_Genera | Movie_Language | WorldWide_Collection_In_Millions |
+------+----------------+-------------------+--------------+----------------+----------------------------------+
|    3 | Angelina Jolly | Bajrangi Bhaijaan | Adventure    | Hindi          |                             1200 |
|   10 | Madhuri Dixit  | Sholay            | Thriller     | Hindi          |                             2000 |
|    2 | Jennifer Lopez | Avenger:EndGame   | Sci-Fi       | Multiple       |                            18000 |
+------+----------------+-------------------+--------------+----------------+----------------------------------+
3 rows in set (0.00 sec)

mysql> select Id, Concat(Firstname," ",LastName) as "Actor", Movie_Name, Movie_Genera, Movie_Language,WorldWide_Collection_In_Millions from Movies Natural Join Actors Where FirstName in ( select Distinct Firstname from Actors where Gender="Male") Order by WorldWide_Collection_In_Millions Desc;
+------+--------------------+--------------+--------------+----------------+----------------------------------+
| Id   | Actor              | Movie_Name   | Movie_Genera | Movie_Language | WorldWide_Collection_In_Millions |
+------+--------------------+--------------+--------------+----------------+----------------------------------+
|    7 | Rajnikanth Murugan | RRR          | Action       | Tamil          |                            15000 |
|    1 | Brad pitt          | BaahuBali    | Action       | Multiple       |                            12000 |
|    1 | Brad pitt          | Transformers | Sci-Fi       | English        |                             1000 |
|    4 | Johnny Depp        | 1920         | Horror       | Hindi          |                              900 |
|    9 | Hritik Roshan      | Aashiqui 2   | Romantic     | Hindi          |                              800 |
+------+--------------------+--------------+--------------+----------------+----------------------------------+
5 rows in set (0.00 sec)

mysql> select Id, Concat(Firstname," ",LastName) "Actor", Movie_Name, Movie_Genera, Movie_Language,WorldWide_Collection_In_Millions from Movies Natural Join Actors Where FirstName= Any( select Distinct Firstname
 from Actors where Gender!="female") order by WorldWide_Collection_In_Millions Asc;
+------+--------------------+--------------+--------------+----------------+----------------------------------+
| Id   | Actor              | Movie_Name   | Movie_Genera | Movie_Language | WorldWide_Collection_In_Millions |
+------+--------------------+--------------+--------------+----------------+----------------------------------+
|    9 | Hritik Roshan      | Aashiqui 2   | Romantic     | Hindi          |                              800 |
|    4 | Johnny Depp        | 1920         | Horror       | Hindi          |                              900 |
|    1 | Brad pitt          | Transformers | Sci-Fi       | English        |                             1000 |
|    1 | Brad pitt          | BaahuBali    | Action       | Multiple       |                            12000 |
|    7 | Rajnikanth Murugan | RRR          | Action       | Tamil          |                            15000 |
+------+--------------------+--------------+--------------+----------------+----------------------------------+
5 rows in set (0.00 sec)

mysql> select Id, Concat(Firstname," ",LastName) as "Actor", Movie_Name, Movie_Genera, Movie_Language,WorldWide_Collection_In_Millions from Movies Natural Join Actors Where FirstName in ( select Distinct Firstname="Male") Order by WorldWide_Collection_In_Millions Asc;
+------+--------------------+-------------------+--------------+----------------+----------------------------------+
| Id   | Actor              | Movie_Name        | Movie_Genera | Movie_Language | WorldWide_Collection_In_Millions |
+------+--------------------+-------------------+--------------+----------------+----------------------------------+
|    9 | Hritik Roshan      | Aashiqui 2        | Romantic     | Hindi          |                              800 |
|    4 | Johnny Depp        | 1920              | Horror       | Hindi          |                              900 |
|    1 | Brad pitt          | Transformers      | Sci-Fi       | English        |                             1000 |
|    3 | Angelina Jolly     | Bajrangi Bhaijaan | Adventure    | Hindi          |                             1200 |
|   10 | Madhuri Dixit      | Sholay            | Thriller     | Hindi          |                             2000 |
|    1 | Brad pitt          | BaahuBali         | Action       | Multiple       |                            12000 |
|    7 | Rajnikanth Murugan | RRR               | Action       | Tamil          |                            15000 |
|    2 | Jennifer Lopez     | Avenger:EndGame   | Sci-Fi       | Multiple       |                            18000 |
+------+--------------------+-------------------+--------------+----------------+----------------------------------+
8 rows in set, 10 warnings (0.02 sec)

mysql> select Id, Concat(Firstname," ",LastName) "Actor", Movie_Name, Movie_Genera, Movie_Language,WorldWide_Collection_In_Millions from Movies Natural Join Actors Where FirstName= Any( select Distinct Firstname from Actors where Gender!="female") order by WorldWide_Collection_In_Millions Asc;
+------+--------------------+--------------+--------------+----------------+----------------------------------+
| Id   | Actor              | Movie_Name   | Movie_Genera | Movie_Language | WorldWide_Collection_In_Millions |
+------+--------------------+--------------+--------------+----------------+----------------------------------+
|    9 | Hritik Roshan      | Aashiqui 2   | Romantic     | Hindi          |                              800 |
|    4 | Johnny Depp        | 1920         | Horror       | Hindi          |                              900 |
|    1 | Brad pitt          | Transformers | Sci-Fi       | English        |                             1000 |
|    1 | Brad pitt          | BaahuBali    | Action       | Multiple       |                            12000 |
|    7 | Rajnikanth Murugan | RRR          | Action       | Tamil          |                            15000 |
+------+--------------------+--------------+--------------+----------------+----------------------------------+
5 rows in set (0.00 sec)

mysql> select Id, Concat(Firstname," ",LastName) as "Actor", Movie_Name, Movie_Genera, Movie_Language,WorldWide_Collection_In_Millions from Movies Natural Join Actors Where FirstName in ( select Distinct Firstname from Actors where Geder="Male") order by WorldWide_Collection_In_Millions Acs;
ERROR 1064 (42000): You have an error in your SQL syntax; check the manual that corresponds to your MySQL server version for the right syntax to use near 'Acs' at line 1
mysql> select Id, Concat(Firstname," ",LastName) as "Actor", Movie_Name, Movie_Genera, Movie_Language,WorldWide_Collection_In_Millions from Movies Natural Join Actors Where FirstName in ( select Distinct Firstname from Actors where Geder="Male") order by WorldWide_Collection_In_Millions Asc;
ERROR 1054 (42S22): Unknown column 'Geder' in 'where clause'
mysql> select Id, Concat(Firstname," ",LastName) as "Actor", Movie_Name, Movie_Genera, Movie_Language,WorldWide_Collection_In_Millions from Movies Natural Join Actors Where FirstName in ( select Distinct Firstname from Actors where Gender="Male") order by WorldWide_Collection_In_Millions Asc;
+------+--------------------+--------------+--------------+----------------+----------------------------------+
| Id   | Actor              | Movie_Name   | Movie_Genera | Movie_Language | WorldWide_Collection_In_Millions |
+------+--------------------+--------------+--------------+----------------+----------------------------------+
|    9 | Hritik Roshan      | Aashiqui 2   | Romantic     | Hindi          |                              800 |
|    4 | Johnny Depp        | 1920         | Horror       | Hindi          |                              900 |
|    1 | Brad pitt          | Transformers | Sci-Fi       | English        |                             1000 |
|    1 | Brad pitt          | BaahuBali    | Action       | Multiple       |                            12000 |
|    7 | Rajnikanth Murugan | RRR          | Action       | Tamil          |                            15000 |
+------+--------------------+--------------+--------------+----------------+----------------------------------+
5 rows in set (0.00 sec)

mysql> select Id, Concat(Firstname," ",LastName) "Actor", Movie_Name, Movie_Genera, Movie_Language,WorldWide_Collection_In_Millions from Movies Natural Join Actors Where FirstName= Any( select Distinct Firstname from Actors where Gender!="female") order by WorldWide_Collection_In_Millions Asc;
+------+--------------------+--------------+--------------+----------------+----------------------------------+
| Id   | Actor              | Movie_Name   | Movie_Genera | Movie_Language | WorldWide_Collection_In_Millions |
+------+--------------------+--------------+--------------+----------------+----------------------------------+
|    9 | Hritik Roshan      | Aashiqui 2   | Romantic     | Hindi          |                              800 |
|    4 | Johnny Depp        | 1920         | Horror       | Hindi          |                              900 |
|    1 | Brad pitt          | Transformers | Sci-Fi       | English        |                             1000 |
|    1 | Brad pitt          | BaahuBali    | Action       | Multiple       |                            12000 |
|    7 | Rajnikanth Murugan | RRR          | Action       | Tamil          |                            15000 |
+------+--------------------+--------------+--------------+----------------+----------------------------------+
5 rows in set (0.00 sec)

mysql> select Id, Concat(Firstname," ",LastName) "Actress", Movie_Name, Movie_Genera, Movie_Language,WorldWide_Collection_In_Millions from Movies Natural Join Actors Where FirstName= Any( select Distinct Firstna
me from Actors where Gender="female") order by WorldWide_Collection_In_Millions Asc;
+------+----------------+-------------------+--------------+----------------+----------------------------------+
| Id   | Actress        | Movie_Name        | Movie_Genera | Movie_Language | WorldWide_Collection_In_Millions |
+------+----------------+-------------------+--------------+----------------+----------------------------------+
|    3 | Angelina Jolly | Bajrangi Bhaijaan | Adventure    | Hindi          |                             1200 |
|   10 | Madhuri Dixit  | Sholay            | Thriller     | Hindi          |                             2000 |
|    2 | Jennifer Lopez | Avenger:EndGame   | Sci-Fi       | Multiple       |                            18000 |
+------+----------------+-------------------+--------------+----------------+----------------------------------+
3 rows in set (0.00 sec)

mysql> select Id, Concat(Firstname," ",LastName) "Actress", Movie_Name, Movie_Genera, Movie_Language,WorldWide_Collection_In_Millions from Movies Natural Join Actors Where FirstName in ( select Distinct Firstnam
e from Actors where Gender="female") order by WorldWide_Collection_In_Millions Asc;
+------+----------------+-------------------+--------------+----------------+----------------------------------+
| Id   | Actress        | Movie_Name        | Movie_Genera | Movie_Language | WorldWide_Collection_In_Millions |
+------+----------------+-------------------+--------------+----------------+----------------------------------+
|    3 | Angelina Jolly | Bajrangi Bhaijaan | Adventure    | Hindi          |                             1200 |
|   10 | Madhuri Dixit  | Sholay            | Thriller     | Hindi          |                             2000 |
|    2 | Jennifer Lopez | Avenger:EndGame   | Sci-Fi       | Multiple       |                            18000 |
+------+----------------+-------------------+--------------+----------------+----------------------------------+
3 rows in set (0.00 sec)

mysql> SELECT FirstName, SecondName 
    -> FROM Actors 
    -> WHERE NetworthInMillions > ALL (SELECT NetworthInMillions 
    ->                              FROM Actors
    ->                              WHERE FirstName LIKE "j%");
ERROR 1054 (42S22): Unknown column 'SecondName' in 'field list'
mysql> SELECT FirstName, LastName  FROM Actors  WHERE NetworthInMillions > ALL (SELECT NetworthInMillions                               FROM Actors                              WHERE FirstName LIKE "j%");
Empty set (0.00 sec)

mysql> SELECT FirstName, LastName  FROM Actors  WHERE NetworthInMillions > ALL (SELECT NetworthInMillions                               FROM Actors                              WHERE FirstName LIKE "H%");
+------------+----------+
| FirstName  | LastName |
+------------+----------+
| Brad       | pitt     |
| Jennifer   | Lopez    |
| Angelina   | Jolly    |
| Johnny     | Depp     |
| Dream      | smith    |
| Reclusive  | Martin   |
| Rajnikanth | Murugan  |
| Rishi      | Kapoor   |
| Madhuri    | Dixit    |
+------------+----------+
9 rows in set (0.00 sec)

mysql> SELECT FirstName, LastName  FROM Actors  WHERE NetworthInMillions > ALL (SELECT NetworthInMillions                               FROM Actors                              WHERE FirstName LIKE "j%");
Empty set (0.00 sec)

mysql> SELECT FirstName, LastName  FROM Actors  WHERE NetworthInMillions > ALL (SELECT NetworthInMillions                               FROM Actors                              WHERE FirstName LIKE "J%");
Empty set (0.00 sec)

mysql> SELECT FirstName, LastName  FROM Actors  WHERE NetworthInMillions > ALL (SELECT NetworthInMillions FROM Actors WHERE FirstName LIKE "B%");
+-----------+----------+
| FirstName | LastName |
+-----------+----------+
| Jennifer  | Lopez    |
| Dream     | smith    |
+-----------+----------+
2 rows in set (0.00 sec)

mysql> SELECT FirstName, LastName, NetWorthInMillions  FROM Actors  WHERE NetworthInMillions > ALL (SELECT NetworthInMillions FROM Actors WHERE FirstName LIKE "B%");
+-----------+----------+--------------------+
| FirstName | LastName | NetWorthInMillions |
+-----------+----------+--------------------+
| Jennifer  | Lopez    |                200 |
| Dream     | smith    |                200 |
+-----------+----------+--------------------+
2 rows in set (0.00 sec)

mysql> SELECT FirstName, LastName, NetWorthInMillions  FROM Actors  WHERE NetworthInMillions > ALL (SELECT NetworthInMillions FROM Actors WHERE FirstName LIKE "H%");
+------------+----------+--------------------+
| FirstName  | LastName | NetWorthInMillions |
+------------+----------+--------------------+
| Brad       | pitt     |                150 |
| Jennifer   | Lopez    |                200 |
| Angelina   | Jolly    |                130 |
| Johnny     | Depp     |                100 |
| Dream      | smith    |                200 |
| Reclusive  | Martin   |                100 |
| Rajnikanth | Murugan  |                125 |
| Rishi      | Kapoor   |                 70 |
| Madhuri    | Dixit    |                110 |
+------------+----------+--------------------+
9 rows in set (0.00 sec)

mysql> SELECT FirstName, LastName, NetWorthInMillions  FROM Actors  WHERE NetworthInMillions > ALL (SELECT NetworthInMillions FROM Actors WHERE FirstName LIKE "R%");
+-----------+----------+--------------------+
| FirstName | LastName | NetWorthInMillions |
+-----------+----------+--------------------+
| Brad      | pitt     |                150 |
| Jennifer  | Lopez    |                200 |
| Angelina  | Jolly    |                130 |
| Dream     | smith    |                200 |
+-----------+----------+--------------------+
4 rows in set (0.00 sec)

mysql> select * from Actors;
+----+------------+----------+------------+--------+---------------+--------------------+
| Id | FirstName  | LastName | DoB        | Gender | MaritalStatus | NetWorthInMillions |
+----+------------+----------+------------+--------+---------------+--------------------+
|  1 | Brad       | pitt     | 1963-12-18 | Male   | Married       |                150 |
|  2 | Jennifer   | Lopez    | 1969-11-02 | Female | Single        |                200 |
|  3 | Angelina   | Jolly    | 1975-06-04 | Female | Single        |                130 |
|  4 | Johnny     | Depp     | 1963-06-09 | Male   | Married       |                100 |
|  5 | Dream      | smith    | 9999-01-01 | Female | Single        |                200 |
|  6 | Reclusive  | Martin   | 1980-01-01 | Male   | Divorced      |                100 |
|  7 | Rajnikanth | Murugan  | 1950-12-12 | Male   | Married       |                125 |
|  8 | Rishi      | Kapoor   | 1950-02-22 | Male   | Married       |                 70 |
|  9 | Hritik     | Roshan   | 1985-07-17 | Male   | Single        |                 50 |
| 10 | Madhuri    | Dixit    | 1958-06-11 | Female | Married       |                110 |
+----+------------+----------+------------+--------+---------------+--------------------+
10 rows in set (0.00 sec)

mysql> select * from Actors where Month(Dob)>05;
+----+------------+----------+------------+--------+---------------+--------------------+
| Id | FirstName  | LastName | DoB        | Gender | MaritalStatus | NetWorthInMillions |
+----+------------+----------+------------+--------+---------------+--------------------+
|  1 | Brad       | pitt     | 1963-12-18 | Male   | Married       |                150 |
|  2 | Jennifer   | Lopez    | 1969-11-02 | Female | Single        |                200 |
|  3 | Angelina   | Jolly    | 1975-06-04 | Female | Single        |                130 |
|  4 | Johnny     | Depp     | 1963-06-09 | Male   | Married       |                100 |
|  7 | Rajnikanth | Murugan  | 1950-12-12 | Male   | Married       |                125 |
|  9 | Hritik     | Roshan   | 1985-07-17 | Male   | Single        |                 50 |
| 10 | Madhuri    | Dixit    | 1958-06-11 | Female | Married       |                110 |
+----+------------+----------+------------+--------+---------------+--------------------+
7 rows in set (0.00 sec)

mysql> select * from Actors where Month(Dob)<05;
+----+-----------+----------+------------+--------+---------------+--------------------+
| Id | FirstName | LastName | DoB        | Gender | MaritalStatus | NetWorthInMillions |
+----+-----------+----------+------------+--------+---------------+--------------------+
|  5 | Dream     | smith    | 9999-01-01 | Female | Single        |                200 |
|  6 | Reclusive | Martin   | 1980-01-01 | Male   | Divorced      |                100 |
|  8 | Rishi     | Kapoor   | 1950-02-22 | Male   | Married       |                 70 |
+----+-----------+----------+------------+--------+---------------+--------------------+
3 rows in set (0.00 sec)

mysql> select * from Actors where Year(Dob)<1980;
+----+------------+----------+------------+--------+---------------+--------------------+
| Id | FirstName  | LastName | DoB        | Gender | MaritalStatus | NetWorthInMillions |
+----+------------+----------+------------+--------+---------------+--------------------+
|  1 | Brad       | pitt     | 1963-12-18 | Male   | Married       |                150 |
|  2 | Jennifer   | Lopez    | 1969-11-02 | Female | Single        |                200 |
|  3 | Angelina   | Jolly    | 1975-06-04 | Female | Single        |                130 |
|  4 | Johnny     | Depp     | 1963-06-09 | Male   | Married       |                100 |
|  7 | Rajnikanth | Murugan  | 1950-12-12 | Male   | Married       |                125 |
|  8 | Rishi      | Kapoor   | 1950-02-22 | Male   | Married       |                 70 |
| 10 | Madhuri    | Dixit    | 1958-06-11 | Female | Married       |                110 |
+----+------------+----------+------------+--------+---------------+--------------------+
7 rows in set (0.00 sec)

mysql> select * from Actors where Year(Dob)>1980;
+----+-----------+----------+------------+--------+---------------+--------------------+
| Id | FirstName | LastName | DoB        | Gender | MaritalStatus | NetWorthInMillions |
+----+-----------+----------+------------+--------+---------------+--------------------+
|  5 | Dream     | smith    | 9999-01-01 | Female | Single        |                200 |
|  9 | Hritik    | Roshan   | 1985-07-17 | Male   | Single        |                 50 |
+----+-----------+----------+------------+--------+---------------+--------------------+
2 rows in set (0.00 sec)

mysql> select * from Actors where Year(Dob)>1980 and Month(Dob)<05;
+----+-----------+----------+------------+--------+---------------+--------------------+
| Id | FirstName | LastName | DoB        | Gender | MaritalStatus | NetWorthInMillions |
+----+-----------+----------+------------+--------+---------------+--------------------+
|  5 | Dream     | smith    | 9999-01-01 | Female | Single        |                200 |
+----+-----------+----------+------------+--------+---------------+--------------------+
1 row in set (0.00 sec)

mysql> select * from Actors where Dob=(Select Max(D0b) from Actors);
ERROR 1054 (42S22): Unknown column 'D0b' in 'field list'
mysql> select Max(DoB) from Actors;
+------------+
| Max(DoB)   |
+------------+
| 9999-01-01 |
+------------+
1 row in set (0.01 sec)

mysql> select * from Actors where Dob=(Select Max(D0B) from Actors);
ERROR 1054 (42S22): Unknown column 'D0B' in 'field list'
mysql> select * from Actors where DoB=(Select Max(D0B) from Actors);
ERROR 1054 (42S22): Unknown column 'D0B' in 'field list'
mysql> select * from Actors where DoB=(Select Max(DoB) from Actors);
+----+-----------+----------+------------+--------+---------------+--------------------+
| Id | FirstName | LastName | DoB        | Gender | MaritalStatus | NetWorthInMillions |
+----+-----------+----------+------------+--------+---------------+--------------------+
|  5 | Dream     | smith    | 9999-01-01 | Female | Single        |                200 |
+----+-----------+----------+------------+--------+---------------+--------------------+
1 row in set (0.00 sec)

mysql> select Movie_Name, Concat(FirstName," ",LastName) as "Actor/Actress",Release_Year,WorldWide_Collection_In_Millions from Actors Natural Join Movies where Release_Year=(Select Max(Year(Release_Year) from Movies);
ERROR 1064 (42000): You have an error in your SQL syntax; check the manual that corresponds to your MySQL server version for the right syntax to use near 'from Movies)' at line 1
mysql> select Movie_Name, Concat(FirstName," ",LastName) as "Actor/Actress",Release_Year,WorldWide_Collection_In_Millions from Actors Natural Join Movies where Release_Year=(Select Max(Year(Release_Year)) from Movies);
Empty set (0.01 sec)

mysql> Select Max(Year(Release_Year)) from Movies;
+-------------------------+
| Max(Year(Release_Year)) |
+-------------------------+
|                    2021 |
+-------------------------+
1 row in set (0.01 sec)

mysql> select Movie_Name, Concat(FirstName," ",LastName) as "Actor/Actress",Release_Year,WorldWide_Collection_In_Millions from Actors Natural Join Movies where Release_Year=2021;
Empty set, 1 warning (0.00 sec)

mysql> select * from Actors;
+----+------------+----------+------------+--------+---------------+--------------------+
| Id | FirstName  | LastName | DoB        | Gender | MaritalStatus | NetWorthInMillions |
+----+------------+----------+------------+--------+---------------+--------------------+
|  1 | Brad       | pitt     | 1963-12-18 | Male   | Married       |                150 |
|  2 | Jennifer   | Lopez    | 1969-11-02 | Female | Single        |                200 |
|  3 | Angelina   | Jolly    | 1975-06-04 | Female | Single        |                130 |
|  4 | Johnny     | Depp     | 1963-06-09 | Male   | Married       |                100 |
|  5 | Dream      | smith    | 9999-01-01 | Female | Single        |                200 |
|  6 | Reclusive  | Martin   | 1980-01-01 | Male   | Divorced      |                100 |
|  7 | Rajnikanth | Murugan  | 1950-12-12 | Male   | Married       |                125 |
|  8 | Rishi      | Kapoor   | 1950-02-22 | Male   | Married       |                 70 |
|  9 | Hritik     | Roshan   | 1985-07-17 | Male   | Single        |                 50 |
| 10 | Madhuri    | Dixit    | 1958-06-11 | Female | Married       |                110 |
+----+------------+----------+------------+--------+---------------+--------------------+
10 rows in set (0.00 sec)

mysql> select * from Moviess;
ERROR 1146 (42S02): Table 'MovieIndustry.Moviess' doesn't exist
mysql> select * from Movies;
+-------------------+--------------+----------------+----------------------------------+--------------+------+
| Movie_Name        | Movie_Genera | Movie_Language | WorldWide_Collection_In_Millions | Release_Year | Id   |
+-------------------+--------------+----------------+----------------------------------+--------------+------+
| Avenger:EndGame   | Sci-Fi       | Multiple       |                            18000 | 2016-06-05   |    2 |
| RRR               | Action       | Tamil          |                            15000 | 2019-12-12   |    7 |
| Sholay            | Thriller     | Hindi          |                             2000 | 1979-08-12   |   10 |
| 1920              | Horror       | Hindi          |                              900 | 2021-08-23   |    4 |
| Bajrangi Bhaijaan | Adventure    | Hindi          |                             1200 | 2020-11-16   |    3 |
| Aashiqui 2        | Romantic     | Hindi          |                              800 | 2014-06-10   |    9 |
| BaahuBali         | Action       | Multiple       |                            12000 | 2019-04-06   |    1 |
| Transformers      | Sci-Fi       | English        |                             1000 | 2018-10-15   |    1 |
+-------------------+--------------+----------------+----------------------------------+--------------+------+
8 rows in set (0.00 sec)

mysql> select * from Movies Left Join Actors on Movies.id=Actors.Id;
+-------------------+--------------+----------------+----------------------------------+--------------+------+------+------------+----------+------------+--------+---------------+--------------------+
| Movie_Name        | Movie_Genera | Movie_Language | WorldWide_Collection_In_Millions | Release_Year | Id   | Id   | FirstName  | LastName | DoB        | Gender | MaritalStatus | NetWorthInMillions |
+-------------------+--------------+----------------+----------------------------------+--------------+------+------+------------+----------+------------+--------+---------------+--------------------+
| Avenger:EndGame   | Sci-Fi       | Multiple       |                            18000 | 2016-06-05   |    2 |    2 | Jennifer   | Lopez    | 1969-11-02 | Female | Single        |                200 |
| RRR               | Action       | Tamil          |                            15000 | 2019-12-12   |    7 |    7 | Rajnikanth | Murugan  | 1950-12-12 | Male   | Married       |                125 |
| Sholay            | Thriller     | Hindi          |                             2000 | 1979-08-12   |   10 |   10 | Madhuri    | Dixit    | 1958-06-11 | Female | Married       |                110 |
| 1920              | Horror       | Hindi          |                              900 | 2021-08-23   |    4 |    4 | Johnny     | Depp     | 1963-06-09 | Male   | Married       |                100 |
| Bajrangi Bhaijaan | Adventure    | Hindi          |                             1200 | 2020-11-16   |    3 |    3 | Angelina   | Jolly    | 1975-06-04 | Female | Single        |                130 |
| Aashiqui 2        | Romantic     | Hindi          |                              800 | 2014-06-10   |    9 |    9 | Hritik     | Roshan   | 1985-07-17 | Male   | Single        |                 50 |
| BaahuBali         | Action       | Multiple       |                            12000 | 2019-04-06   |    1 |    1 | Brad       | pitt     | 1963-12-18 | Male   | Married       |                150 |
| Transformers      | Sci-Fi       | English        |                             1000 | 2018-10-15   |    1 |    1 | Brad       | pitt     | 1963-12-18 | Male   | Married       |                150 |
+-------------------+--------------+----------------+----------------------------------+--------------+------+------+------------+----------+------------+--------+---------------+--------------------+
8 rows in set (0.00 sec)

mysql> select * from Movies Left Join Actors on Movies.id=Actors.Id order by WorldWide_Collection_In_Millions Desc;
+-------------------+--------------+----------------+----------------------------------+--------------+------+------+------------+----------+------------+--------+---------------+--------------------+
| Movie_Name        | Movie_Genera | Movie_Language | WorldWide_Collection_In_Millions | Release_Year | Id   | Id   | FirstName  | LastName | DoB        | Gender | MaritalStatus | NetWorthInMillions |
+-------------------+--------------+----------------+----------------------------------+--------------+------+------+------------+----------+------------+--------+---------------+--------------------+
| Avenger:EndGame   | Sci-Fi       | Multiple       |                            18000 | 2016-06-05   |    2 |    2 | Jennifer   | Lopez    | 1969-11-02 | Female | Single        |                200 |
| RRR               | Action       | Tamil          |                            15000 | 2019-12-12   |    7 |    7 | Rajnikanth | Murugan  | 1950-12-12 | Male   | Married       |                125 |
| BaahuBali         | Action       | Multiple       |                            12000 | 2019-04-06   |    1 |    1 | Brad       | pitt     | 1963-12-18 | Male   | Married       |                150 |
| Sholay            | Thriller     | Hindi          |                             2000 | 1979-08-12   |   10 |   10 | Madhuri    | Dixit    | 1958-06-11 | Female | Married       |                110 |
| Bajrangi Bhaijaan | Adventure    | Hindi          |                             1200 | 2020-11-16   |    3 |    3 | Angelina   | Jolly    | 1975-06-04 | Female | Single        |                130 |
| Transformers      | Sci-Fi       | English        |                             1000 | 2018-10-15   |    1 |    1 | Brad       | pitt     | 1963-12-18 | Male   | Married       |                150 |
| 1920              | Horror       | Hindi          |                              900 | 2021-08-23   |    4 |    4 | Johnny     | Depp     | 1963-06-09 | Male   | Married       |                100 |
| Aashiqui 2        | Romantic     | Hindi          |                              800 | 2014-06-10   |    9 |    9 | Hritik     | Roshan   | 1985-07-17 | Male   | Single        |                 50 |
+-------------------+--------------+----------------+----------------------------------+--------------+------+------+------------+----------+------------+--------+---------------+--------------------+
8 rows in set (0.00 sec)

mysql> select concat(FirstName," ", LAstName) as "Actor/Actress", MaritalStatus,Movie_Name,WorldWide_Collection_In_Millions from Movies Left Join Actors on Movies.id=Actors.Id order by WorldWide_Collection_In_Milli
+----------------+---------------+-----------------+----------------------------------+
| Actor/Actress  | MaritalStatus | Movie_Name      | WorldWide_Collection_In_Millions |
+----------------+---------------+-----------------+----------------------------------+
| Jennifer Lopez | Single        | Avenger:EndGame |                            18000 |
+----------------+---------------+-----------------+----------------------------------+
1 row in set (0.00 sec)

mysql> select concat(FirstName," ", LAstName) as "Actor/Actress", MaritalStatus,Movie_Name,WorldWide_Collection_In_Millions from Movies Natural Join Actors where WorldWide_Collection_In_Millions = (Select Max(WorldWide_Collection_In_Millions) from Movies);
+----------------+---------------+-----------------+----------------------------------+
| Actor/Actress  | MaritalStatus | Movie_Name      | WorldWide_Collection_In_Millions |
+----------------+---------------+-----------------+----------------------------------+
| Jennifer Lopez | Single        | Avenger:EndGame |                            18000 |
+----------------+---------------+-----------------+----------------------------------+
1 row in set (0.00 sec)

mysql> select concat(FirstName," ", LAstName) as "Actor/Actress", MaritalStatus,Movie_Name,WorldWide_Collection_In_Millions from Movies Natural Join Actors where WorldWide_Collection_In_Millions = (Select Min(WorldWide_Collection_In_Millions) from Movies);
+---------------+---------------+------------+----------------------------------+
| Actor/Actress | MaritalStatus | Movie_Name | WorldWide_Collection_In_Millions |
+---------------+---------------+------------+----------------------------------+
| Hritik Roshan | Single        | Aashiqui 2 |                              800 |
+---------------+---------------+------------+----------------------------------+
1 row in set (0.00 sec)

mysql> select concat(FirstName," ", LAstName) as "Actor/Actress", MaritalStatus,Movie_Name,WorldWide_Collection_In_Millions from Movies Inner Join Actors where WorldWide_Collection_In_Millions = (Select Min(WorldWide_Collection_In_Millions) from Movies);
+--------------------+---------------+------------+----------------------------------+
| Actor/Actress      | MaritalStatus | Movie_Name | WorldWide_Collection_In_Millions |
+--------------------+---------------+------------+----------------------------------+
| Brad pitt          | Married       | Aashiqui 2 |                              800 |
| Jennifer Lopez     | Single        | Aashiqui 2 |                              800 |
| Angelina Jolly     | Single        | Aashiqui 2 |                              800 |
| Johnny Depp        | Married       | Aashiqui 2 |                              800 |
| Dream smith        | Single        | Aashiqui 2 |                              800 |
| Reclusive Martin   | Divorced      | Aashiqui 2 |                              800 |
| Rajnikanth Murugan | Married       | Aashiqui 2 |                              800 |
| Rishi Kapoor       | Married       | Aashiqui 2 |                              800 |
| Hritik Roshan      | Single        | Aashiqui 2 |                              800 |
| Madhuri Dixit      | Married       | Aashiqui 2 |                              800 |
+--------------------+---------------+------------+----------------------------------+
10 rows in set (0.00 sec)

mysql> select concat(FirstName," ", LAstName) as "Actor/Actress", MaritalStatus,Movie_Name,WorldWide_Collection_In_Millions from Movies Join Actors where WorldWide_Collection_In_Millions = (Select Min(WorldWide_Collection_In_Millions) from Movies);
+--------------------+---------------+------------+----------------------------------+
| Actor/Actress      | MaritalStatus | Movie_Name | WorldWide_Collection_In_Millions |
+--------------------+---------------+------------+----------------------------------+
| Brad pitt          | Married       | Aashiqui 2 |                              800 |
| Jennifer Lopez     | Single        | Aashiqui 2 |                              800 |
| Angelina Jolly     | Single        | Aashiqui 2 |                              800 |
| Johnny Depp        | Married       | Aashiqui 2 |                              800 |
| Dream smith        | Single        | Aashiqui 2 |                              800 |
| Reclusive Martin   | Divorced      | Aashiqui 2 |                              800 |
| Rajnikanth Murugan | Married       | Aashiqui 2 |                              800 |
| Rishi Kapoor       | Married       | Aashiqui 2 |                              800 |
| Hritik Roshan      | Single        | Aashiqui 2 |                              800 |
| Madhuri Dixit      | Married       | Aashiqui 2 |                              800 |
+--------------------+---------------+------------+----------------------------------+
10 rows in set (0.00 sec)

mysql> select concat(FirstName," ", LAstName) as "Actor/Actress", MaritalStatus,Movie_Name,WorldWide_Collection_In_Millions from Movies Natural Join Actors where WorldWide_Collection_In_Millions = (Select Min(WorldWide_Collection_In_Millions) from Movies);
+---------------+---------------+------------+----------------------------------+
| Actor/Actress | MaritalStatus | Movie_Name | WorldWide_Collection_In_Millions |
+---------------+---------------+------------+----------------------------------+
| Hritik Roshan | Single        | Aashiqui 2 |                              800 |
+---------------+---------------+------------+----------------------------------+
1 row in set (0.00 sec)

mysql> select concat(FirstName," ", LAstName) as "Actor/Actress", MaritalStatus,Movie_Name,WorldWide_Collection_In_Millions from Movies Join Actors using(Id) where WorldWide_Collection_In_Millions = (Select Min(WorldWide_Collection_In_Millions) from Movies);
+---------------+---------------+------------+----------------------------------+
| Actor/Actress | MaritalStatus | Movie_Name | WorldWide_Collection_In_Millions |
+---------------+---------------+------------+----------------------------------+
| Hritik Roshan | Single        | Aashiqui 2 |                              800 |
+---------------+---------------+------------+----------------------------------+
1 row in set (0.00 sec)

mysql> explain select concat(FirstName," ", LAstName) as "Actor/Actress", MaritalStatus,Movie_Name,WorldWide_Collection_In_Millions from Movies Join Actors using(Id) where WorldWide_Collection_In_Millions = (Sel
ect Min(WorldWide_Collection_In_Millions) from Movies);
+----+-------------+--------+------------+--------+---------------+---------+---------+-------------------------+------+----------+-------------+
| id | select_type | table  | partitions | type   | possible_keys | key     | key_len | ref                     | rows | filtered | Extra       |
+----+-------------+--------+------------+--------+---------------+---------+---------+-------------------------+------+----------+-------------+
|  1 | PRIMARY     | Movies | NULL       | ALL    | NULL          | NULL    | NULL    | NULL                    |    8 |    12.50 | Using where |
|  1 | PRIMARY     | Actors | NULL       | eq_ref | PRIMARY       | PRIMARY | 4       | MovieIndustry.Movies.Id |    1 |   100.00 | NULL        |
|  2 | SUBQUERY    | Movies | NULL       | ALL    | NULL          | NULL    | NULL    | NULL                    |    8 |   100.00 | NULL        |
+----+-------------+--------+------------+--------+---------------+---------+---------+-------------------------+------+----------+-------------+
3 rows in set, 1 warning (0.00 sec)

mysql> analyse select concat(FirstName," ", LAstName) as "Actor/Actress", MaritalStatus,Movie_Name,WorldWide_Collection_In_Millions from Movies Join Actors using(Id) where WorldWide_Collection_In_Millions = (Sel
ect Min(WorldWide_Collection_In_Millions) from Movies);
ERROR 1064 (42000): You have an error in your SQL syntax; check the manual that corresponds to your MySQL server version for the right syntax to use near 'analyse select concat(FirstName," ", LAstName) as "Actor/Actress", MaritalStatus' at line 1
mysql> analyze select concat(FirstName," ", LAstName) as "Actor/Actress", MaritalStatus,Movie_Name,WorldWide_Collection_In_Millions from Movies Join Actors using(Id) where WorldWide_Collection_In_Millions = (Select Min(WorldWide_Collection_In_Millions) from Movies);
ERROR 1064 (42000): You have an error in your SQL syntax; check the manual that corresponds to your MySQL server version for the right syntax to use near 'select concat(FirstName," ", LAstName) as "Actor/Actress", MaritalStatus,Movie_N' at line 1
mysql> explain analyze select concat(FirstName," ", LAstName) as "Actor/Actress", MaritalStatus,Movie_Name,WorldWide_Collection_In_Millions from Movies Join Actors using(Id) where WorldWide_Collection_In_Million
s = (Select Min(WorldWide_Collection_In_Millions) from Movies);
+------------------------------------------------------------------------------------------------------------------------------------------------------------------------------------------------------------------------------------------------------------------------------------------------------------------------------------------------------------------------------------------------------------------------------------------------------------------------------------------------------------------------------------------------------------------------------------------------------------------------------------------------------------------------------------------------------------------------------------------------------------------------------------------------------+
| EXPLAIN                                                                                                                                                                                                                                                                                                                                                                                                                                                                                                                                                                                                                                                                                                                                                                                              |
+------------------------------------------------------------------------------------------------------------------------------------------------------------------------------------------------------------------------------------------------------------------------------------------------------------------------------------------------------------------------------------------------------------------------------------------------------------------------------------------------------------------------------------------------------------------------------------------------------------------------------------------------------------------------------------------------------------------------------------------------------------------------------------------------------+
| -> Nested loop inner join  (cost=1.40 rows=1) (actual time=1.578..1.592 rows=1 loops=1)
    -> Filter: ((Movies.WorldWide_Collection_In_Millions = (select #2)) and (Movies.Id is not null))  (cost=1.05 rows=1) (actual time=0.095..0.105 rows=1 loops=1)
        -> Table scan on Movies  (cost=1.05 rows=8) (actual time=0.022..0.037 rows=8 loops=1)
        -> Select #2 (subquery in condition; run only once)
            -> Aggregate: min(Movies.WorldWide_Collection_In_Millions)  (cost=1.85 rows=1) (actual time=0.035..0.037 rows=1 loops=1)
                -> Table scan on Movies  (cost=1.05 rows=8) (actual time=0.004..0.018 rows=8 loops=1)
    -> Single-row index lookup on Actors using PRIMARY (Id=Movies.Id)  (cost=0.35 rows=1) (actual time=0.011..0.012 rows=1 loops=1)
 |
+------------------------------------------------------------------------------------------------------------------------------------------------------------------------------------------------------------------------------------------------------------------------------------------------------------------------------------------------------------------------------------------------------------------------------------------------------------------------------------------------------------------------------------------------------------------------------------------------------------------------------------------------------------------------------------------------------------------------------------------------------------------------------------------------------+
1 row in set (0.00 sec)

mysql> select concat(FirstName," ", LAstName) as "Actor/Actress", MaritalStatus,Movie_Name,WorldWide_Collection_In_Millions from Movies Join Actors using(Id) where WorldWide_Collection_In_Millions > (Select Avg(WorldWide_Collection_In_Millions) from Movies);
+--------------------+---------------+-----------------+----------------------------------+
| Actor/Actress      | MaritalStatus | Movie_Name      | WorldWide_Collection_In_Millions |
+--------------------+---------------+-----------------+----------------------------------+
| Jennifer Lopez     | Single        | Avenger:EndGame |                            18000 |
| Rajnikanth Murugan | Married       | RRR             |                            15000 |
| Brad pitt          | Married       | BaahuBali       |                            12000 |
+--------------------+---------------+-----------------+----------------------------------+
3 rows in set (0.02 sec)

mysql> Select Avg(WorldWide_Collection_In_Millions) from Movies;
+---------------------------------------+
| Avg(WorldWide_Collection_In_Millions) |
+---------------------------------------+
|                             6362.5000 |
+---------------------------------------+
1 row in set (0.00 sec)

mysql> select concat(FirstName," ", LAstName) as "Actor/Actress", MaritalStatus,Movie_Name,WorldWide_Collection_In_Millions from Movies Join Actors using(Id) where WorldWide_Collection_In_Millions < (Select Avg(WorldWide_Collection_In_Millions) from Movies);
+----------------+---------------+-------------------+----------------------------------+
| Actor/Actress  | MaritalStatus | Movie_Name        | WorldWide_Collection_In_Millions |
+----------------+---------------+-------------------+----------------------------------+
| Madhuri Dixit  | Married       | Sholay            |                             2000 |
| Johnny Depp    | Married       | 1920              |                              900 |
| Angelina Jolly | Single        | Bajrangi Bhaijaan |                             1200 |
| Hritik Roshan  | Single        | Aashiqui 2        |                              800 |
| Brad pitt      | Married       | Transformers      |                             1000 |
+----------------+---------------+-------------------+----------------------------------+
5 rows in set (0.00 sec)

mysql> Select Avg(DoB) from Actors;
+---------------+
| Avg(DoB)      |
+---------------+
| 27692649.7000 |
+---------------+
1 row in set (0.00 sec)

mysql> SELECT *, DATE_FORMAT(FROM_DAYS(DATEDIFF(NOW(), date_of_birth)), '%Y') + 0 AS age
    -> FROM employee1;
ERROR 1146 (42S02): Table 'MovieIndustry.employee1' doesn't exist
mysql> SELECT *, DATE_FORMAT(FROM_DAYS(DATEDIFF(NOW(), DoB)), '%Y') + 0 AS age FROM Actors;
+----+------------+----------+------------+--------+---------------+--------------------+------+
| Id | FirstName  | LastName | DoB        | Gender | MaritalStatus | NetWorthInMillions | age  |
+----+------------+----------+------------+--------+---------------+--------------------+------+
|  1 | Brad       | pitt     | 1963-12-18 | Male   | Married       |                150 |   58 |
|  2 | Jennifer   | Lopez    | 1969-11-02 | Female | Single        |                200 |   53 |
|  3 | Angelina   | Jolly    | 1975-06-04 | Female | Single        |                130 |   47 |
|  4 | Johnny     | Depp     | 1963-06-09 | Male   | Married       |                100 |   59 |
|  5 | Dream      | smith    | 9999-01-01 | Female | Single        |                200 |    0 |
|  6 | Reclusive  | Martin   | 1980-01-01 | Male   | Divorced      |                100 |   42 |
|  7 | Rajnikanth | Murugan  | 1950-12-12 | Male   | Married       |                125 |   72 |
|  8 | Rishi      | Kapoor   | 1950-02-22 | Male   | Married       |                 70 |   72 |
|  9 | Hritik     | Roshan   | 1985-07-17 | Male   | Single        |                 50 |   37 |
| 10 | Madhuri    | Dixit    | 1958-06-11 | Female | Married       |                110 |   64 |
+----+------------+----------+------------+--------+---------------+--------------------+------+
10 rows in set (0.00 sec)

mysql> update Actors set DoB="1999-01-01" where FirstName="Dream";
Query OK, 1 row affected (0.02 sec)
Rows matched: 1  Changed: 1  Warnings: 0

mysql> SELECT *, DATE_FORMAT(FROM_DAYS(DATEDIFF(NOW(), DoB)), '%Y') + 0 AS age FROM Actors;
+----+------------+----------+------------+--------+---------------+--------------------+------+
| Id | FirstName  | LastName | DoB        | Gender | MaritalStatus | NetWorthInMillions | age  |
+----+------------+----------+------------+--------+---------------+--------------------+------+
|  1 | Brad       | pitt     | 1963-12-18 | Male   | Married       |                150 |   58 |
|  2 | Jennifer   | Lopez    | 1969-11-02 | Female | Single        |                200 |   53 |
|  3 | Angelina   | Jolly    | 1975-06-04 | Female | Single        |                130 |   47 |
|  4 | Johnny     | Depp     | 1963-06-09 | Male   | Married       |                100 |   59 |
|  5 | Dream      | smith    | 1999-01-01 | Female | Single        |                200 |   23 |
|  6 | Reclusive  | Martin   | 1980-01-01 | Male   | Divorced      |                100 |   42 |
|  7 | Rajnikanth | Murugan  | 1950-12-12 | Male   | Married       |                125 |   72 |
|  8 | Rishi      | Kapoor   | 1950-02-22 | Male   | Married       |                 70 |   72 |
|  9 | Hritik     | Roshan   | 1985-07-17 | Male   | Single        |                 50 |   37 |
| 10 | Madhuri    | Dixit    | 1958-06-11 | Female | Married       |                110 |   64 |
+----+------------+----------+------------+--------+---------------+--------------------+------+
10 rows in set (0.00 sec)

mysql> SELECT *, DATE_FORMAT(FROM_DAYS(DATEDIFF(NOW(), DoB)), '%Y') + 0 AS age FROM Actors Order by Desc;
ERROR 1064 (42000): You have an error in your SQL syntax; check the manual that corresponds to your MySQL server version for the right syntax to use near 'Desc' at line 1
mysql> SELECT *, DATE_FORMAT(FROM_DAYS(DATEDIFF(NOW(), DoB)), '%Y') + 0 AS age FROM Actors Order by age Desc;
+----+------------+----------+------------+--------+---------------+--------------------+------+
| Id | FirstName  | LastName | DoB        | Gender | MaritalStatus | NetWorthInMillions | age  |
+----+------------+----------+------------+--------+---------------+--------------------+------+
|  7 | Rajnikanth | Murugan  | 1950-12-12 | Male   | Married       |                125 |   72 |
|  8 | Rishi      | Kapoor   | 1950-02-22 | Male   | Married       |                 70 |   72 |
| 10 | Madhuri    | Dixit    | 1958-06-11 | Female | Married       |                110 |   64 |
|  4 | Johnny     | Depp     | 1963-06-09 | Male   | Married       |                100 |   59 |
|  1 | Brad       | pitt     | 1963-12-18 | Male   | Married       |                150 |   58 |
|  2 | Jennifer   | Lopez    | 1969-11-02 | Female | Single        |                200 |   53 |
|  3 | Angelina   | Jolly    | 1975-06-04 | Female | Single        |                130 |   47 |
|  6 | Reclusive  | Martin   | 1980-01-01 | Male   | Divorced      |                100 |   42 |
|  9 | Hritik     | Roshan   | 1985-07-17 | Male   | Single        |                 50 |   37 |
|  5 | Dream      | smith    | 1999-01-01 | Female | Single        |                200 |   23 |
+----+------------+----------+------------+--------+---------------+--------------------+------+
10 rows in set (0.00 sec)

mysql> SELECT *, DATE_FORMAT(FROM_DAYS(DATEDIFF(NOW(), DoB)), '%Y') + 0 AS age FROM Actors Order by age Asc;
+----+------------+----------+------------+--------+---------------+--------------------+------+
| Id | FirstName  | LastName | DoB        | Gender | MaritalStatus | NetWorthInMillions | age  |
+----+------------+----------+------------+--------+---------------+--------------------+------+
|  5 | Dream      | smith    | 1999-01-01 | Female | Single        |                200 |   23 |
|  9 | Hritik     | Roshan   | 1985-07-17 | Male   | Single        |                 50 |   37 |
|  6 | Reclusive  | Martin   | 1980-01-01 | Male   | Divorced      |                100 |   42 |
|  3 | Angelina   | Jolly    | 1975-06-04 | Female | Single        |                130 |   47 |
|  2 | Jennifer   | Lopez    | 1969-11-02 | Female | Single        |                200 |   53 |
|  1 | Brad       | pitt     | 1963-12-18 | Male   | Married       |                150 |   58 |
|  4 | Johnny     | Depp     | 1963-06-09 | Male   | Married       |                100 |   59 |
| 10 | Madhuri    | Dixit    | 1958-06-11 | Female | Married       |                110 |   64 |
|  7 | Rajnikanth | Murugan  | 1950-12-12 | Male   | Married       |                125 |   72 |
|  8 | Rishi      | Kapoor   | 1950-02-22 | Male   | Married       |                 70 |   72 |
+----+------------+----------+------------+--------+---------------+--------------------+------+
10 rows in set (0.00 sec)

mysql> update Actors set NetWorthInMillions=45 where FirstName="Dream";
Query OK, 1 row affected (0.00 sec)
Rows matched: 1  Changed: 1  Warnings: 0

mysql> SELECT *, DATE_FORMAT(FROM_DAYS(DATEDIFF(NOW(), DoB)), '%Y') + 0 AS age FROM Actors Order by age Asc;
+----+------------+----------+------------+--------+---------------+--------------------+------+
| Id | FirstName  | LastName | DoB        | Gender | MaritalStatus | NetWorthInMillions | age  |
+----+------------+----------+------------+--------+---------------+--------------------+------+
|  5 | Dream      | smith    | 1999-01-01 | Female | Single        |                 45 |   23 |
|  9 | Hritik     | Roshan   | 1985-07-17 | Male   | Single        |                 50 |   37 |
|  6 | Reclusive  | Martin   | 1980-01-01 | Male   | Divorced      |                100 |   42 |
|  3 | Angelina   | Jolly    | 1975-06-04 | Female | Single        |                130 |   47 |
|  2 | Jennifer   | Lopez    | 1969-11-02 | Female | Single        |                200 |   53 |
|  1 | Brad       | pitt     | 1963-12-18 | Male   | Married       |                150 |   58 |
|  4 | Johnny     | Depp     | 1963-06-09 | Male   | Married       |                100 |   59 |
| 10 | Madhuri    | Dixit    | 1958-06-11 | Female | Married       |                110 |   64 |
|  7 | Rajnikanth | Murugan  | 1950-12-12 | Male   | Married       |                125 |   72 |
|  8 | Rishi      | Kapoor   | 1950-02-22 | Male   | Married       |                 70 |   72 |
+----+------------+----------+------------+--------+---------------+--------------------+------+
10 rows in set (0.00 sec)

mysql> update Actors set NetWorthInMillions=170 where FirstName="Rishi";
Query OK, 1 row affected (0.01 sec)
Rows matched: 1  Changed: 1  Warnings: 0

mysql> SELECT *, DATE_FORMAT(FROM_DAYS(DATEDIFF(NOW(), DoB)), '%Y') + 0 AS age FROM Actors Order by age Asc;
+----+------------+----------+------------+--------+---------------+--------------------+------+
| Id | FirstName  | LastName | DoB        | Gender | MaritalStatus | NetWorthInMillions | age  |
+----+------------+----------+------------+--------+---------------+--------------------+------+
|  5 | Dream      | smith    | 1999-01-01 | Female | Single        |                 45 |   23 |
|  9 | Hritik     | Roshan   | 1985-07-17 | Male   | Single        |                 50 |   37 |
|  6 | Reclusive  | Martin   | 1980-01-01 | Male   | Divorced      |                100 |   42 |
|  3 | Angelina   | Jolly    | 1975-06-04 | Female | Single        |                130 |   47 |
|  2 | Jennifer   | Lopez    | 1969-11-02 | Female | Single        |                200 |   53 |
|  1 | Brad       | pitt     | 1963-12-18 | Male   | Married       |                150 |   58 |
|  4 | Johnny     | Depp     | 1963-06-09 | Male   | Married       |                100 |   59 |
| 10 | Madhuri    | Dixit    | 1958-06-11 | Female | Married       |                110 |   64 |
|  7 | Rajnikanth | Murugan  | 1950-12-12 | Male   | Married       |                125 |   72 |
|  8 | Rishi      | Kapoor   | 1950-02-22 | Male   | Married       |                170 |   72 |
+----+------------+----------+------------+--------+---------------+--------------------+------+
10 rows in set (0.00 sec)

mysql> SELECT *, DATE_FORMAT(FROM_DAYS(DATEDIFF(NOW(), DoB))) + 0 AS age FROM Actors Order by age Asc;
ERROR 1582 (42000): Incorrect parameter count in the call to native function 'DATE_FORMAT'
mysql> SELECT *, DATE_FORMAT(FROM_DAYS(DATEDIFF(NOW(), DoB)), '%Y') AS age FROM Actors Order by age Asc;
+----+------------+----------+------------+--------+---------------+--------------------+------+
| Id | FirstName  | LastName | DoB        | Gender | MaritalStatus | NetWorthInMillions | age  |
+----+------------+----------+------------+--------+---------------+--------------------+------+
|  5 | Dream      | smith    | 1999-01-01 | Female | Single        |                 45 | 0023 |
|  9 | Hritik     | Roshan   | 1985-07-17 | Male   | Single        |                 50 | 0037 |
|  6 | Reclusive  | Martin   | 1980-01-01 | Male   | Divorced      |                100 | 0042 |
|  3 | Angelina   | Jolly    | 1975-06-04 | Female | Single        |                130 | 0047 |
|  2 | Jennifer   | Lopez    | 1969-11-02 | Female | Single        |                200 | 0053 |
|  1 | Brad       | pitt     | 1963-12-18 | Male   | Married       |                150 | 0058 |
|  4 | Johnny     | Depp     | 1963-06-09 | Male   | Married       |                100 | 0059 |
| 10 | Madhuri    | Dixit    | 1958-06-11 | Female | Married       |                110 | 0064 |
|  7 | Rajnikanth | Murugan  | 1950-12-12 | Male   | Married       |                125 | 0072 |
|  8 | Rishi      | Kapoor   | 1950-02-22 | Male   | Married       |                170 | 0072 |
+----+------------+----------+------------+--------+---------------+--------------------+------+
10 rows in set (0.00 sec)

mysql> SELECT *, DATE_FORMAT(FROM_DAYS(DATEDIFF(NOW(), DoB)), '%Y') + 0 AS age FROM Actors Order by age Asc;
+----+------------+----------+------------+--------+---------------+--------------------+------+
| Id | FirstName  | LastName | DoB        | Gender | MaritalStatus | NetWorthInMillions | age  |
+----+------------+----------+------------+--------+---------------+--------------------+------+
|  5 | Dream      | smith    | 1999-01-01 | Female | Single        |                 45 |   23 |
|  9 | Hritik     | Roshan   | 1985-07-17 | Male   | Single        |                 50 |   37 |
|  6 | Reclusive  | Martin   | 1980-01-01 | Male   | Divorced      |                100 |   42 |
|  3 | Angelina   | Jolly    | 1975-06-04 | Female | Single        |                130 |   47 |
|  2 | Jennifer   | Lopez    | 1969-11-02 | Female | Single        |                200 |   53 |
|  1 | Brad       | pitt     | 1963-12-18 | Male   | Married       |                150 |   58 |
|  4 | Johnny     | Depp     | 1963-06-09 | Male   | Married       |                100 |   59 |
| 10 | Madhuri    | Dixit    | 1958-06-11 | Female | Married       |                110 |   64 |
|  7 | Rajnikanth | Murugan  | 1950-12-12 | Male   | Married       |                125 |   72 |
|  8 | Rishi      | Kapoor   | 1950-02-22 | Male   | Married       |                170 |   72 |
+----+------------+----------+------------+--------+---------------+--------------------+------+
10 rows in set (0.00 sec)

mysql> select Concat(FirstName," ",SecondName) as "Actor/Actress", DATE_FORMAT(FROM_DAYS(DATEDIFF(NOW(),DoB)), '%Y') as Age, Movie_Name, WorldWide_Collection_In_Millions from Actors Join Movies using(Id) where WorldWide_Collection_In_Millions > (Select Max(WorldWide_Collection_In_Millions) from Movies);
ERROR 1054 (42S22): Unknown column 'SecondName' in 'field list'
mysql> select Concat(FirstName," ",LastName) as "Actor/Actress", DATE_FORMAT(FROM_DAYS(DATEDIFF(NOW(),DoB)), '%Y') as Age, Movie_Name, WorldWide_Collection_In_Millions from Actors Join Movies using(Id) where WorldWide_Collection_In_Millions > (Select Max(WorldWide_Collection_In_Millions) from Movies);
Empty set (0.00 sec)

mysql> Select Max(WorldWide_Collection_In_Millions) from Movies;
+---------------------------------------+
| Max(WorldWide_Collection_In_Millions) |
+---------------------------------------+
|                                 18000 |
+---------------------------------------+
1 row in set (0.00 sec)

mysql> select Concat(FirstName," ",LastName) as "Actor/Actress", DATE_FORMAT(FROM_DAYS(DATEDIFF(NOW(),DoB)), '%Y') as Age, Movie_Name, WorldWide_Collection_In_Millions from Actors Join Movies using(Id) where WorldWide_Collection_In_Millions > (Select Avg(WorldWide_Collection_In_Millions) from Movies);
+--------------------+------+-----------------+----------------------------------+
| Actor/Actress      | Age  | Movie_Name      | WorldWide_Collection_In_Millions |
+--------------------+------+-----------------+----------------------------------+
| Jennifer Lopez     | 0053 | Avenger:EndGame |                            18000 |
| Rajnikanth Murugan | 0072 | RRR             |                            15000 |
| Brad pitt          | 0058 | BaahuBali       |                            12000 |
+--------------------+------+-----------------+----------------------------------+
3 rows in set (0.00 sec)

mysql> select Concat(FirstName," ",LastName) as "Actor/Actress", DATE_FORMAT(FROM_DAYS(DATEDIFF(NOW(),DoB)), '%Y')+ 0 as Age, Movie_Name, WorldWide_Collection_In_Millions from Actors Join Movies using(Id) where
WorldWide_Collection_In_Millions > (Select Avg(WorldWide_Collection_In_Millions) from Movies);
+--------------------+------+-----------------+----------------------------------+
| Actor/Actress      | Age  | Movie_Name      | WorldWide_Collection_In_Millions |
+--------------------+------+-----------------+----------------------------------+
| Jennifer Lopez     |   53 | Avenger:EndGame |                            18000 |
| Rajnikanth Murugan |   72 | RRR             |                            15000 |
| Brad pitt          |   58 | BaahuBali       |                            12000 |
+--------------------+------+-----------------+----------------------------------+
3 rows in set (0.00 sec)

mysql> select Concat(FirstName," ",LastName) as "Actor/Actress", DATE_FORMAT(FROM_DAYS(DATEDIFF(NOW(),DoB)), '%Y')+ 0 as Age, Movie_Name, WorldWide_Collection_In_Millions from Actors Join Movies using(Id) where
WorldWide_Collection_In_Millions < (Select Avg(WorldWide_Collection_In_Millions) from Movies);
+----------------+------+-------------------+----------------------------------+
| Actor/Actress  | Age  | Movie_Name        | WorldWide_Collection_In_Millions |
+----------------+------+-------------------+----------------------------------+
| Madhuri Dixit  |   64 | Sholay            |                             2000 |
| Johnny Depp    |   59 | 1920              |                              900 |
| Angelina Jolly |   47 | Bajrangi Bhaijaan |                             1200 |
| Hritik Roshan  |   37 | Aashiqui 2        |                              800 |
| Brad pitt      |   58 | Transformers      |                             1000 |
+----------------+------+-------------------+----------------------------------+
5 rows in set (0.00 sec)

mysql> select Concat(FirstName," ",LastName) as "Actor/Actress", DATE_FORMAT(FROM_DAYS(DATEDIFF(NOW(),DoB)), '%Y')+ 0 as Age, Movie_Name, WorldWide_Collection_In_Millions from Actors Join Movies using(Id) in (Select Avg(WorldWide_Collection_In_Millions) from Movies);
ERROR 1064 (42000): You have an error in your SQL syntax; check the manual that corresponds to your MySQL server version for the right syntax to use near 'in (Select Avg(WorldWide_Collection_In_Millions) from Movies)' at line 1
mysql> select Concat(FirstName," ",LastName) as "Actor/Actress", from Actors Inner Join(Select Movie_Name,Release_Year) as Tbl using(Id) where FirstName="Madhuri";
ERROR 1064 (42000): You have an error in your SQL syntax; check the manual that corresponds to your MySQL server version for the right syntax to use near 'from Actors Inner Join(Select Movie_Name,Release_Year) as Tbl using(Id) where Fi' at line 1
mysql> select Concat(FirstName," ",LastName) as "Actor/Actress", from Actors Inner Join(Select Movie_Name,Release_Year) as Tbl using(Id) where Actor/Actress Like("Madhuri%");
ERROR 1064 (42000): You have an error in your SQL syntax; check the manual that corresponds to your MySQL server version for the right syntax to use near 'from Actors Inner Join(Select Movie_Name,Release_Year) as Tbl using(Id) where Ac' at line 1
mysql> select Concat(FirstName," ",LastName) as "Actor/Actress", from Actors Inner Join(Select Movie_Name,Release_Year) as Tbl using(Id);
ERROR 1064 (42000): You have an error in your SQL syntax; check the manual that corresponds to your MySQL server version for the right syntax to use near 'from Actors Inner Join(Select Movie_Name,Release_Year) as Tbl using(Id)' at line 1
mysql> select Concat(FirstName," ",LastName) as "Actor/Actress", from Actors Inner Join(Id,Select Movie_Name,Release_Year) as Tbl using(Id);
ERROR 1064 (42000): You have an error in your SQL syntax; check the manual that corresponds to your MySQL server version for the right syntax to use near 'from Actors Inner Join(Id,Select Movie_Name,Release_Year) as Tbl using(Id)' at line 1
mysql> select Id, Movies_Name from Movies;
ERROR 1054 (42S22): Unknown column 'Movies_Name' in 'field list'
mysql> select Id, Movie_Name from Movies;
+------+-------------------+
| Id   | Movie_Name        |
+------+-------------------+
|    2 | Avenger:EndGame   |
|    7 | RRR               |
|   10 | Sholay            |
|    4 | 1920              |
|    3 | Bajrangi Bhaijaan |
|    9 | Aashiqui 2        |
|    1 | BaahuBali         |
|    1 | Transformers      |
+------+-------------------+
8 rows in set (0.00 sec)

mysql> select Concat(FirstName," ",LastName) as "Actor/Actress", from Actors Inner Join(Select Id,Movie_Name,Release_Year) as Tbl using(Id) where Actor/Actress Like("Madhuri%");
ERROR 1064 (42000): You have an error in your SQL syntax; check the manual that corresponds to your MySQL server version for the right syntax to use near 'from Actors Inner Join(Select Id,Movie_Name,Release_Year) as Tbl using(Id) where' at line 1
mysql> select Concat(FirstName," ",LastName) as "Actor/Actress", from Actors Inner Join(Select Id,Movie_Name,Release_Year) as Tbl on Actors.id=Tbl.Id; 
ERROR 1064 (42000): You have an error in your SQL syntax; check the manual that corresponds to your MySQL server version for the right syntax to use near 'from Actors Inner Join(Select Id,Movie_Name,Release_Year) as Tbl on Actors.id=Tb' at line 1
mysql> select Id, Movie_Name from Movies as TBl;
+------+-------------------+
| Id   | Movie_Name        |
+------+-------------------+
|    2 | Avenger:EndGame   |
|    7 | RRR               |
|   10 | Sholay            |
|    4 | 1920              |
|    3 | Bajrangi Bhaijaan |
|    9 | Aashiqui 2        |
|    1 | BaahuBali         |
|    1 | Transformers      |
+------+-------------------+
8 rows in set (0.00 sec)

mysql> select Concat(FirstName," ",LastName) as "Actor/Actress", from Actors Inner Join (Select Id,Movie_Name,Release_Year as Tbl) using(Id) where Actor/Actress Like("Madhuri%");
ERROR 1064 (42000): You have an error in your SQL syntax; check the manual that corresponds to your MySQL server version for the right syntax to use near 'from Actors Inner Join (Select Id,Movie_Name,Release_Year as Tbl) using(Id) wher' at line 1
mysql> select Concat(FirstName," ",LastName) as "Actor/Actress",Movie_Name from Actors Inner Join (Select Id,Movie_Name,Release_Year as Tbl) using(Id);
ERROR 1248 (42000): Every derived table must have its own alias
mysql> select Concat(FirstName," ",LastName) as "Actor/Actress",Movie_Name from Actors Inner Join (Select Id,Movie_Name,Release_Year) as Tbl using(Id);
ERROR 1054 (42S22): Unknown column 'Id' in 'field list'
mysql> select Concat(FirstName," ",LastName) as "Actor/Actress",Movie_Name from Actors Inner Join (Select Id,Movie_Name,Release_Year from Movies) as Tbl using(Id);
+--------------------+-------------------+
| Actor/Actress      | Movie_Name        |
+--------------------+-------------------+
| Jennifer Lopez     | Avenger:EndGame   |
| Rajnikanth Murugan | RRR               |
| Madhuri Dixit      | Sholay            |
| Johnny Depp        | 1920              |
| Angelina Jolly     | Bajrangi Bhaijaan |
| Hritik Roshan      | Aashiqui 2        |
| Brad pitt          | BaahuBali         |
| Brad pitt          | Transformers      |
+--------------------+-------------------+
8 rows in set (0.00 sec)

mysql> select Concat(FirstName," ",LastName) as "Actor/Actress",Movie_Name from Actors Inner Join (Select Id,Movie_Name,Release_Year from Movies) as Tbl using(Id) where Actor/Actress="M%";
ERROR 1054 (42S22): Unknown column 'Actor' in 'where clause'
mysql> select Concat(FirstName," ",LastName) as "Actor/Actress",Movie_Name from Actors Inner Join (Select Id,Movie_Name,Release_Year from Movies) as Tbl using(Id) where FirstName="M%";
Empty set (0.00 sec)

mysql> select Concat(FirstName," ",LastName) as "Actor/Actress",Movie_Name from Actors Inner Join (Select Id,Movie_Name,Release_Year from Movies) as Tbl using(Id) where FirstName="B%";
Empty set (0.00 sec)

mysql> select Concat(FirstName," ",LastName) as "Actor/Actress",Movie_Name from Actors Inner Join (Select Id,Movie_Name,Release_Year from Movies) as Tbl using(Id) where Movie_Name="B%";
Empty set (0.01 sec)

mysql> select Concat(FirstName," ",LastName) as "Actor/Actress",Movie_Name from Actors Inner Join (Select Id,Movie_Name,Release_Year from Movies) as Tbl using(Id) where Movie_Name Like("B%");
+----------------+-------------------+
| Actor/Actress  | Movie_Name        |
+----------------+-------------------+
| Angelina Jolly | Bajrangi Bhaijaan |
| Brad pitt      | BaahuBali         |
+----------------+-------------------+
2 rows in set (0.00 sec)

mysql> select Concat(FirstName," ",LastName) as "Actor/Actress",Movie_Name from Actors Inner Join (Select Id,Movie_Name,Release_Year from Movies) as Tbl using(Id) where Actor/Actress Like("B%");
ERROR 1054 (42S22): Unknown column 'Actor' in 'where clause'
mysql> select Concat(FirstName," ",LastName) as "Actor/Actress",Movie_Name from Actors Inner Join (Select Id,Movie_Name,Release_Year from Movies) as Tbl using(Id) where Movie_Name Like("A%");
+----------------+-----------------+
| Actor/Actress  | Movie_Name      |
+----------------+-----------------+
| Jennifer Lopez | Avenger:EndGame |
| Hritik Roshan  | Aashiqui 2      |
+----------------+-----------------+
2 rows in set (0.00 sec)

mysql> select * from Actors;
+----+------------+----------+------------+--------+---------------+--------------------+
| Id | FirstName  | LastName | DoB        | Gender | MaritalStatus | NetWorthInMillions |
+----+------------+----------+------------+--------+---------------+--------------------+
|  1 | Brad       | pitt     | 1963-12-18 | Male   | Married       |                150 |
|  2 | Jennifer   | Lopez    | 1969-11-02 | Female | Single        |                200 |
|  3 | Angelina   | Jolly    | 1975-06-04 | Female | Single        |                130 |
|  4 | Johnny     | Depp     | 1963-06-09 | Male   | Married       |                100 |
|  5 | Dream      | smith    | 1999-01-01 | Female | Single        |                 45 |
|  6 | Reclusive  | Martin   | 1980-01-01 | Male   | Divorced      |                100 |
|  7 | Rajnikanth | Murugan  | 1950-12-12 | Male   | Married       |                125 |
|  8 | Rishi      | Kapoor   | 1950-02-22 | Male   | Married       |                170 |
|  9 | Hritik     | Roshan   | 1985-07-17 | Male   | Single        |                 50 |
| 10 | Madhuri    | Dixit    | 1958-06-11 | Female | Married       |                110 |
+----+------------+----------+------------+--------+---------------+--------------------+
10 rows in set (0.00 sec)

mysql> select * from Movies;
+-------------------+--------------+----------------+----------------------------------+--------------+------+
| Movie_Name        | Movie_Genera | Movie_Language | WorldWide_Collection_In_Millions | Release_Year | Id   |
+-------------------+--------------+----------------+----------------------------------+--------------+------+
| Avenger:EndGame   | Sci-Fi       | Multiple       |                            18000 | 2016-06-05   |    2 |
| RRR               | Action       | Tamil          |                            15000 | 2019-12-12   |    7 |
| Sholay            | Thriller     | Hindi          |                             2000 | 1979-08-12   |   10 |
| 1920              | Horror       | Hindi          |                              900 | 2021-08-23   |    4 |
| Bajrangi Bhaijaan | Adventure    | Hindi          |                             1200 | 2020-11-16   |    3 |
| Aashiqui 2        | Romantic     | Hindi          |                              800 | 2014-06-10   |    9 |
| BaahuBali         | Action       | Multiple       |                            12000 | 2019-04-06   |    1 |
| Transformers      | Sci-Fi       | English        |                             1000 | 2018-10-15   |    1 |
+-------------------+--------------+----------------+----------------------------------+--------------+------+
8 rows in set (0.00 sec)

mysql> select * from Movies where exists ( select * from Movies where Binary Movie_Name Like "%RR%");
+-------------------+--------------+----------------+----------------------------------+--------------+------+
| Movie_Name        | Movie_Genera | Movie_Language | WorldWide_Collection_In_Millions | Release_Year | Id   |
+-------------------+--------------+----------------+----------------------------------+--------------+------+
| Avenger:EndGame   | Sci-Fi       | Multiple       |                            18000 | 2016-06-05   |    2 |
| RRR               | Action       | Tamil          |                            15000 | 2019-12-12   |    7 |
| Sholay            | Thriller     | Hindi          |                             2000 | 1979-08-12   |   10 |
| 1920              | Horror       | Hindi          |                              900 | 2021-08-23   |    4 |
| Bajrangi Bhaijaan | Adventure    | Hindi          |                             1200 | 2020-11-16   |    3 |
| Aashiqui 2        | Romantic     | Hindi          |                              800 | 2014-06-10   |    9 |
| BaahuBali         | Action       | Multiple       |                            12000 | 2019-04-06   |    1 |
| Transformers      | Sci-Fi       | English        |                             1000 | 2018-10-15   |    1 |
+-------------------+--------------+----------------+----------------------------------+--------------+------+
8 rows in set, 1 warning (0.02 sec)

mysql> select * from Movies where not exists ( select * from Movies where Binary Movie_Name Like "%RR%");
Empty set, 1 warning (0.00 sec)

mysql> delete Actors, Movies from Actors inner join Movies using(Id) Where Movie_Genera="Horror";
Query OK, 2 rows affected (0.01 sec)

mysql> select * from Actors;
+----+------------+----------+------------+--------+---------------+--------------------+
| Id | FirstName  | LastName | DoB        | Gender | MaritalStatus | NetWorthInMillions |
+----+------------+----------+------------+--------+---------------+--------------------+
|  1 | Brad       | pitt     | 1963-12-18 | Male   | Married       |                150 |
|  2 | Jennifer   | Lopez    | 1969-11-02 | Female | Single        |                200 |
|  3 | Angelina   | Jolly    | 1975-06-04 | Female | Single        |                130 |
|  5 | Dream      | smith    | 1999-01-01 | Female | Single        |                 45 |
|  6 | Reclusive  | Martin   | 1980-01-01 | Male   | Divorced      |                100 |
|  7 | Rajnikanth | Murugan  | 1950-12-12 | Male   | Married       |                125 |
|  8 | Rishi      | Kapoor   | 1950-02-22 | Male   | Married       |                170 |
|  9 | Hritik     | Roshan   | 1985-07-17 | Male   | Single        |                 50 |
| 10 | Madhuri    | Dixit    | 1958-06-11 | Female | Married       |                110 |
+----+------------+----------+------------+--------+---------------+--------------------+
9 rows in set (0.00 sec)

mysql> select * from Movies;
+-------------------+--------------+----------------+----------------------------------+--------------+------+
| Movie_Name        | Movie_Genera | Movie_Language | WorldWide_Collection_In_Millions | Release_Year | Id   |
+-------------------+--------------+----------------+----------------------------------+--------------+------+
| Avenger:EndGame   | Sci-Fi       | Multiple       |                            18000 | 2016-06-05   |    2 |
| RRR               | Action       | Tamil          |                            15000 | 2019-12-12   |    7 |
| Sholay            | Thriller     | Hindi          |                             2000 | 1979-08-12   |   10 |
| Bajrangi Bhaijaan | Adventure    | Hindi          |                             1200 | 2020-11-16   |    3 |
| Aashiqui 2        | Romantic     | Hindi          |                              800 | 2014-06-10   |    9 |
| BaahuBali         | Action       | Multiple       |                            12000 | 2019-04-06   |    1 |
| Transformers      | Sci-Fi       | English        |                             1000 | 2018-10-15   |    1 |
+-------------------+--------------+----------------+----------------------------------+--------------+------+
7 rows in set (0.00 sec)

mysql> update Actors, Movies
    -> set MaritalStatus="Married", Movie_Language="Russian" 
    -> where FirstName="Angelina" or Movie_Name="Transformers";
Query OK, 12 rows affected (0.03 sec)
Rows matched: 16  Changed: 12  Warnings: 0

mysql> select * from Actors;
+----+------------+----------+------------+--------+---------------+--------------------+
| Id | FirstName  | LastName | DoB        | Gender | MaritalStatus | NetWorthInMillions |
+----+------------+----------+------------+--------+---------------+--------------------+
|  1 | Brad       | pitt     | 1963-12-18 | Male   | Married       |                150 |
|  2 | Jennifer   | Lopez    | 1969-11-02 | Female | Married       |                200 |
|  3 | Angelina   | Jolly    | 1975-06-04 | Female | Married       |                130 |
|  5 | Dream      | smith    | 1999-01-01 | Female | Married       |                 45 |
|  6 | Reclusive  | Martin   | 1980-01-01 | Male   | Married       |                100 |
|  7 | Rajnikanth | Murugan  | 1950-12-12 | Male   | Married       |                125 |
|  8 | Rishi      | Kapoor   | 1950-02-22 | Male   | Married       |                170 |
|  9 | Hritik     | Roshan   | 1985-07-17 | Male   | Married       |                 50 |
| 10 | Madhuri    | Dixit    | 1958-06-11 | Female | Married       |                110 |
+----+------------+----------+------------+--------+---------------+--------------------+
9 rows in set (0.00 sec)

mysql> select * from Movies;
+-------------------+--------------+----------------+----------------------------------+--------------+------+
| Movie_Name        | Movie_Genera | Movie_Language | WorldWide_Collection_In_Millions | Release_Year | Id   |
+-------------------+--------------+----------------+----------------------------------+--------------+------+
| Avenger:EndGame   | Sci-Fi       | Russian        |                            18000 | 2016-06-05   |    2 |
| RRR               | Action       | Russian        |                            15000 | 2019-12-12   |    7 |
| Sholay            | Thriller     | Russian        |                             2000 | 1979-08-12   |   10 |
| Bajrangi Bhaijaan | Adventure    | Russian        |                             1200 | 2020-11-16   |    3 |
| Aashiqui 2        | Romantic     | Russian        |                              800 | 2014-06-10   |    9 |
| BaahuBali         | Action       | Russian        |                            12000 | 2019-04-06   |    1 |
| Transformers      | Sci-Fi       | Russian        |                             1000 | 2018-10-15   |    1 |
+-------------------+--------------+----------------+----------------------------------+--------------+------+
7 rows in set (0.00 sec)

mysql> Rollback;
Query OK, 0 rows affected (0.00 sec)

mysql> select * from Actors;
+----+------------+----------+------------+--------+---------------+--------------------+
| Id | FirstName  | LastName | DoB        | Gender | MaritalStatus | NetWorthInMillions |
+----+------------+----------+------------+--------+---------------+--------------------+
|  1 | Brad       | pitt     | 1963-12-18 | Male   | Married       |                150 |
|  2 | Jennifer   | Lopez    | 1969-11-02 | Female | Married       |                200 |
|  3 | Angelina   | Jolly    | 1975-06-04 | Female | Married       |                130 |
|  5 | Dream      | smith    | 1999-01-01 | Female | Married       |                 45 |
|  6 | Reclusive  | Martin   | 1980-01-01 | Male   | Married       |                100 |
|  7 | Rajnikanth | Murugan  | 1950-12-12 | Male   | Married       |                125 |
|  8 | Rishi      | Kapoor   | 1950-02-22 | Male   | Married       |                170 |
|  9 | Hritik     | Roshan   | 1985-07-17 | Male   | Married       |                 50 |
| 10 | Madhuri    | Dixit    | 1958-06-11 | Female | Married       |                110 |
+----+------------+----------+------------+--------+---------------+--------------------+
9 rows in set (0.00 sec)

mysql> select * from Movies;
+-------------------+--------------+----------------+----------------------------------+--------------+------+
| Movie_Name        | Movie_Genera | Movie_Language | WorldWide_Collection_In_Millions | Release_Year | Id   |
+-------------------+--------------+----------------+----------------------------------+--------------+------+
| Avenger:EndGame   | Sci-Fi       | Russian        |                            18000 | 2016-06-05   |    2 |
| RRR               | Action       | Russian        |                            15000 | 2019-12-12   |    7 |
| Sholay            | Thriller     | Russian        |                             2000 | 1979-08-12   |   10 |
| Bajrangi Bhaijaan | Adventure    | Russian        |                             1200 | 2020-11-16   |    3 |
| Aashiqui 2        | Romantic     | Russian        |                              800 | 2014-06-10   |    9 |
| BaahuBali         | Action       | Russian        |                            12000 | 2019-04-06   |    1 |
| Transformers      | Sci-Fi       | Russian        |                             1000 | 2018-10-15   |    1 |
+-------------------+--------------+----------------+----------------------------------+--------------+------+
7 rows in set (0.00 sec)

mysql> update Actors, Movies set MaritalStatus="Married", Movie_Language="English" where FirstName="Angelina";
Query OK, 7 rows affected (0.02 sec)
Rows matched: 8  Changed: 7  Warnings: 0

mysql> select * from Movies;
+-------------------+--------------+----------------+----------------------------------+--------------+------+
| Movie_Name        | Movie_Genera | Movie_Language | WorldWide_Collection_In_Millions | Release_Year | Id   |
+-------------------+--------------+----------------+----------------------------------+--------------+------+
| Avenger:EndGame   | Sci-Fi       | English        |                            18000 | 2016-06-05   |    2 |
| RRR               | Action       | English        |                            15000 | 2019-12-12   |    7 |
| Sholay            | Thriller     | English        |                             2000 | 1979-08-12   |   10 |
| Bajrangi Bhaijaan | Adventure    | English        |                             1200 | 2020-11-16   |    3 |
| Aashiqui 2        | Romantic     | English        |                              800 | 2014-06-10   |    9 |
| BaahuBali         | Action       | English        |                            12000 | 2019-04-06   |    1 |
| Transformers      | Sci-Fi       | English        |                             1000 | 2018-10-15   |    1 |
+-------------------+--------------+----------------+----------------------------------+--------------+------+
7 rows in set (0.00 sec)

mysql> update Actors inner join Movies using(Id) set MaritalStatus="Single", Movie_Language="English" where FirstName="Angelina";
Query OK, 1 row affected (0.01 sec)
Rows matched: 2  Changed: 1  Warnings: 0

mysql> select * from Movies;
+-------------------+--------------+----------------+----------------------------------+--------------+------+
| Movie_Name        | Movie_Genera | Movie_Language | WorldWide_Collection_In_Millions | Release_Year | Id   |
+-------------------+--------------+----------------+----------------------------------+--------------+------+
| Avenger:EndGame   | Sci-Fi       | English        |                            18000 | 2016-06-05   |    2 |
| RRR               | Action       | English        |                            15000 | 2019-12-12   |    7 |
| Sholay            | Thriller     | English        |                             2000 | 1979-08-12   |   10 |
| Bajrangi Bhaijaan | Adventure    | English        |                             1200 | 2020-11-16   |    3 |
| Aashiqui 2        | Romantic     | English        |                              800 | 2014-06-10   |    9 |
| BaahuBali         | Action       | English        |                            12000 | 2019-04-06   |    1 |
| Transformers      | Sci-Fi       | English        |                             1000 | 2018-10-15   |    1 |
+-------------------+--------------+----------------+----------------------------------+--------------+------+
7 rows in set (0.00 sec)

mysql> select * from Actors;
+----+------------+----------+------------+--------+---------------+--------------------+
| Id | FirstName  | LastName | DoB        | Gender | MaritalStatus | NetWorthInMillions |
+----+------------+----------+------------+--------+---------------+--------------------+
|  1 | Brad       | pitt     | 1963-12-18 | Male   | Married       |                150 |
|  2 | Jennifer   | Lopez    | 1969-11-02 | Female | Married       |                200 |
|  3 | Angelina   | Jolly    | 1975-06-04 | Female | Single        |                130 |
|  5 | Dream      | smith    | 1999-01-01 | Female | Married       |                 45 |
|  6 | Reclusive  | Martin   | 1980-01-01 | Male   | Married       |                100 |
|  7 | Rajnikanth | Murugan  | 1950-12-12 | Male   | Married       |                125 |
|  8 | Rishi      | Kapoor   | 1950-02-22 | Male   | Married       |                170 |
|  9 | Hritik     | Roshan   | 1985-07-17 | Male   | Married       |                 50 |
| 10 | Madhuri    | Dixit    | 1958-06-11 | Female | Married       |                110 |
+----+------------+----------+------------+--------+---------------+--------------------+
9 rows in set (0.00 sec)

mysql> update Actors inner join Movies using(Id) set MaritalStatus="Single", Movie_Language="Hindi" where FirstName="Angelina";
Query OK, 1 row affected (0.02 sec)
Rows matched: 2  Changed: 1  Warnings: 0

mysql> select * from Movies;
+-------------------+--------------+----------------+----------------------------------+--------------+------+
| Movie_Name        | Movie_Genera | Movie_Language | WorldWide_Collection_In_Millions | Release_Year | Id   |
+-------------------+--------------+----------------+----------------------------------+--------------+------+
| Avenger:EndGame   | Sci-Fi       | English        |                            18000 | 2016-06-05   |    2 |
| RRR               | Action       | English        |                            15000 | 2019-12-12   |    7 |
| Sholay            | Thriller     | English        |                             2000 | 1979-08-12   |   10 |
| Bajrangi Bhaijaan | Adventure    | Hindi          |                             1200 | 2020-11-16   |    3 |
| Aashiqui 2        | Romantic     | English        |                              800 | 2014-06-10   |    9 |
| BaahuBali         | Action       | English        |                            12000 | 2019-04-06   |    1 |
| Transformers      | Sci-Fi       | English        |                             1000 | 2018-10-15   |    1 |
+-------------------+--------------+----------------+----------------------------------+--------------+------+
7 rows in set (0.00 sec)

mysql> update Actors inner join Movies using(Id) set MaritalStatus="Single", FirstName="Salman", LastName="Khan" where Movie_Language="Hindi";
Query OK, 1 row affected (0.01 sec)
Rows matched: 1  Changed: 1  Warnings: 0

mysql> select * from Actors;
+----+------------+----------+------------+--------+---------------+--------------------+
| Id | FirstName  | LastName | DoB        | Gender | MaritalStatus | NetWorthInMillions |
+----+------------+----------+------------+--------+---------------+--------------------+
|  1 | Brad       | pitt     | 1963-12-18 | Male   | Married       |                150 |
|  2 | Jennifer   | Lopez    | 1969-11-02 | Female | Married       |                200 |
|  3 | Salman     | Khan     | 1975-06-04 | Female | Single        |                130 |
|  5 | Dream      | smith    | 1999-01-01 | Female | Married       |                 45 |
|  6 | Reclusive  | Martin   | 1980-01-01 | Male   | Married       |                100 |
|  7 | Rajnikanth | Murugan  | 1950-12-12 | Male   | Married       |                125 |
|  8 | Rishi      | Kapoor   | 1950-02-22 | Male   | Married       |                170 |
|  9 | Hritik     | Roshan   | 1985-07-17 | Male   | Married       |                 50 |
| 10 | Madhuri    | Dixit    | 1958-06-11 | Female | Married       |                110 |
+----+------------+----------+------------+--------+---------------+--------------------+
9 rows in set (0.00 sec)

mysql> select * from Movies;
+-------------------+--------------+----------------+----------------------------------+--------------+------+
| Movie_Name        | Movie_Genera | Movie_Language | WorldWide_Collection_In_Millions | Release_Year | Id   |
+-------------------+--------------+----------------+----------------------------------+--------------+------+
| Avenger:EndGame   | Sci-Fi       | English        |                            18000 | 2016-06-05   |    2 |
| RRR               | Action       | English        |                            15000 | 2019-12-12   |    7 |
| Sholay            | Thriller     | English        |                             2000 | 1979-08-12   |   10 |
| Bajrangi Bhaijaan | Adventure    | Hindi          |                             1200 | 2020-11-16   |    3 |
| Aashiqui 2        | Romantic     | English        |                              800 | 2014-06-10   |    9 |
| BaahuBali         | Action       | English        |                            12000 | 2019-04-06   |    1 |
| Transformers      | Sci-Fi       | English        |                             1000 | 2018-10-15   |    1 |
+-------------------+--------------+----------------+----------------------------------+--------------+------+
7 rows in set (0.00 sec)

mysql> update Actors inner join Movies using(Id) set MaritalStatus="Single", FirstName="Mad", LastName="Titan" where Movie_Name="Avenger:EndGame";
Query OK, 1 row affected (0.01 sec)
Rows matched: 1  Changed: 1  Warnings: 0

mysql> select * from Movies;
+-------------------+--------------+----------------+----------------------------------+--------------+------+
| Movie_Name        | Movie_Genera | Movie_Language | WorldWide_Collection_In_Millions | Release_Year | Id   |
+-------------------+--------------+----------------+----------------------------------+--------------+------+
| Avenger:EndGame   | Sci-Fi       | English        |                            18000 | 2016-06-05   |    2 |
| RRR               | Action       | English        |                            15000 | 2019-12-12   |    7 |
| Sholay            | Thriller     | English        |                             2000 | 1979-08-12   |   10 |
| Bajrangi Bhaijaan | Adventure    | Hindi          |                             1200 | 2020-11-16   |    3 |
| Aashiqui 2        | Romantic     | English        |                              800 | 2014-06-10   |    9 |
| BaahuBali         | Action       | English        |                            12000 | 2019-04-06   |    1 |
| Transformers      | Sci-Fi       | English        |                             1000 | 2018-10-15   |    1 |
+-------------------+--------------+----------------+----------------------------------+--------------+------+
7 rows in set (0.00 sec)

mysql> select * from Actors;
+----+------------+----------+------------+--------+---------------+--------------------+
| Id | FirstName  | LastName | DoB        | Gender | MaritalStatus | NetWorthInMillions |
+----+------------+----------+------------+--------+---------------+--------------------+
|  1 | Brad       | pitt     | 1963-12-18 | Male   | Married       |                150 |
|  2 | Mad        | Titan    | 1969-11-02 | Female | Single        |                200 |
|  3 | Salman     | Khan     | 1975-06-04 | Female | Single        |                130 |
|  5 | Dream      | smith    | 1999-01-01 | Female | Married       |                 45 |
|  6 | Reclusive  | Martin   | 1980-01-01 | Male   | Married       |                100 |
|  7 | Rajnikanth | Murugan  | 1950-12-12 | Male   | Married       |                125 |
|  8 | Rishi      | Kapoor   | 1950-02-22 | Male   | Married       |                170 |
|  9 | Hritik     | Roshan   | 1985-07-17 | Male   | Married       |                 50 |
| 10 | Madhuri    | Dixit    | 1958-06-11 | Female | Married       |                110 |
+----+------------+----------+------------+--------+---------------+--------------------+
9 rows in set (0.00 sec)

mysql> update Actors inner join Movies using(Id) set MaritalStatus="Single", FirstName="Mad", LastName="Titan" Gender="Male" where Movie_Name="Avenger:EndGame";
ERROR 1064 (42000): You have an error in your SQL syntax; check the manual that corresponds to your MySQL server version for the right syntax to use near 'Gender="Male" where Movie_Name="Avenger:EndGame"' at line 1
mysql> update Actors inner join Movies using(Id) set Gender="Male" where Movie_Name="Avenger:EndGame";
Query OK, 1 row affected (0.02 sec)
Rows matched: 1  Changed: 1  Warnings: 0

mysql> select * from Actors;
+----+------------+----------+------------+--------+---------------+--------------------+
| Id | FirstName  | LastName | DoB        | Gender | MaritalStatus | NetWorthInMillions |
+----+------------+----------+------------+--------+---------------+--------------------+
|  1 | Brad       | pitt     | 1963-12-18 | Male   | Married       |                150 |
|  2 | Mad        | Titan    | 1969-11-02 | Male   | Single        |                200 |
|  3 | Salman     | Khan     | 1975-06-04 | Female | Single        |                130 |
|  5 | Dream      | smith    | 1999-01-01 | Female | Married       |                 45 |
|  6 | Reclusive  | Martin   | 1980-01-01 | Male   | Married       |                100 |
|  7 | Rajnikanth | Murugan  | 1950-12-12 | Male   | Married       |                125 |
|  8 | Rishi      | Kapoor   | 1950-02-22 | Male   | Married       |                170 |
|  9 | Hritik     | Roshan   | 1985-07-17 | Male   | Married       |                 50 |
| 10 | Madhuri    | Dixit    | 1958-06-11 | Female | Married       |                110 |
+----+------------+----------+------------+--------+---------------+--------------------+
9 rows in set (0.00 sec)

mysql> update Actors inner join Movies using(Id) set Gender="Female" where FirstName="Salman";
Query OK, 0 rows affected (0.00 sec)
Rows matched: 1  Changed: 0  Warnings: 0

mysql> select * from Actors;
+----+------------+----------+------------+--------+---------------+--------------------+
| Id | FirstName  | LastName | DoB        | Gender | MaritalStatus | NetWorthInMillions |
+----+------------+----------+------------+--------+---------------+--------------------+
|  1 | Brad       | pitt     | 1963-12-18 | Male   | Married       |                150 |
|  2 | Mad        | Titan    | 1969-11-02 | Male   | Single        |                200 |
|  3 | Salman     | Khan     | 1975-06-04 | Female | Single        |                130 |
|  5 | Dream      | smith    | 1999-01-01 | Female | Married       |                 45 |
|  6 | Reclusive  | Martin   | 1980-01-01 | Male   | Married       |                100 |
|  7 | Rajnikanth | Murugan  | 1950-12-12 | Male   | Married       |                125 |
|  8 | Rishi      | Kapoor   | 1950-02-22 | Male   | Married       |                170 |
|  9 | Hritik     | Roshan   | 1985-07-17 | Male   | Married       |                 50 |
| 10 | Madhuri    | Dixit    | 1958-06-11 | Female | Married       |                110 |
+----+------------+----------+------------+--------+---------------+--------------------+
9 rows in set (0.00 sec)

mysql> select * from Movies;
+-------------------+--------------+----------------+----------------------------------+--------------+------+
| Movie_Name        | Movie_Genera | Movie_Language | WorldWide_Collection_In_Millions | Release_Year | Id   |
+-------------------+--------------+----------------+----------------------------------+--------------+------+
| Avenger:EndGame   | Sci-Fi       | English        |                            18000 | 2016-06-05   |    2 |
| RRR               | Action       | English        |                            15000 | 2019-12-12   |    7 |
| Sholay            | Thriller     | English        |                             2000 | 1979-08-12   |   10 |
| Bajrangi Bhaijaan | Adventure    | Hindi          |                             1200 | 2020-11-16   |    3 |
| Aashiqui 2        | Romantic     | English        |                              800 | 2014-06-10   |    9 |
| BaahuBali         | Action       | English        |                            12000 | 2019-04-06   |    1 |
| Transformers      | Sci-Fi       | English        |                             1000 | 2018-10-15   |    1 |
+-------------------+--------------+----------------+----------------------------------+--------------+------+
7 rows in set (0.00 sec)

mysql> update Actors  set Gender="Female" where FirstName="Salman";
Query OK, 0 rows affected (0.00 sec)
Rows matched: 1  Changed: 0  Warnings: 0

mysql> select * from Actors;
+----+------------+----------+------------+--------+---------------+--------------------+
| Id | FirstName  | LastName | DoB        | Gender | MaritalStatus | NetWorthInMillions |
+----+------------+----------+------------+--------+---------------+--------------------+
|  1 | Brad       | pitt     | 1963-12-18 | Male   | Married       |                150 |
|  2 | Mad        | Titan    | 1969-11-02 | Male   | Single        |                200 |
|  3 | Salman     | Khan     | 1975-06-04 | Female | Single        |                130 |
|  5 | Dream      | smith    | 1999-01-01 | Female | Married       |                 45 |
|  6 | Reclusive  | Martin   | 1980-01-01 | Male   | Married       |                100 |
|  7 | Rajnikanth | Murugan  | 1950-12-12 | Male   | Married       |                125 |
|  8 | Rishi      | Kapoor   | 1950-02-22 | Male   | Married       |                170 |
|  9 | Hritik     | Roshan   | 1985-07-17 | Male   | Married       |                 50 |
| 10 | Madhuri    | Dixit    | 1958-06-11 | Female | Married       |                110 |
+----+------------+----------+------------+--------+---------------+--------------------+
9 rows in set (0.00 sec)

mysql> update Actors set Gender="Male" where FirstName="Salman" and LastName="Khan";
Query OK, 1 row affected (0.02 sec)
Rows matched: 1  Changed: 1  Warnings: 0

mysql> select * from Actors;
+----+------------+----------+------------+--------+---------------+--------------------+
| Id | FirstName  | LastName | DoB        | Gender | MaritalStatus | NetWorthInMillions |
+----+------------+----------+------------+--------+---------------+--------------------+
|  1 | Brad       | pitt     | 1963-12-18 | Male   | Married       |                150 |
|  2 | Mad        | Titan    | 1969-11-02 | Male   | Single        |                200 |
|  3 | Salman     | Khan     | 1975-06-04 | Male   | Single        |                130 |
|  5 | Dream      | smith    | 1999-01-01 | Female | Married       |                 45 |
|  6 | Reclusive  | Martin   | 1980-01-01 | Male   | Married       |                100 |
|  7 | Rajnikanth | Murugan  | 1950-12-12 | Male   | Married       |                125 |
|  8 | Rishi      | Kapoor   | 1950-02-22 | Male   | Married       |                170 |
|  9 | Hritik     | Roshan   | 1985-07-17 | Male   | Married       |                 50 |
| 10 | Madhuri    | Dixit    | 1958-06-11 | Female | Married       |                110 |
+----+------------+----------+------------+--------+---------------+--------------------+
9 rows in set (0.00 sec)

mysql> select * from Movies;
+-------------------+--------------+----------------+----------------------------------+--------------+------+
| Movie_Name        | Movie_Genera | Movie_Language | WorldWide_Collection_In_Millions | Release_Year | Id   |
+-------------------+--------------+----------------+----------------------------------+--------------+------+
| Avenger:EndGame   | Sci-Fi       | English        |                            18000 | 2016-06-05   |    2 |
| RRR               | Action       | English        |                            15000 | 2019-12-12   |    7 |
| Sholay            | Thriller     | English        |                             2000 | 1979-08-12   |   10 |
| Bajrangi Bhaijaan | Adventure    | Hindi          |                             1200 | 2020-11-16   |    3 |
| Aashiqui 2        | Romantic     | English        |                              800 | 2014-06-10   |    9 |
| BaahuBali         | Action       | English        |                            12000 | 2019-04-06   |    1 |
| Transformers      | Sci-Fi       | English        |                             1000 | 2018-10-15   |    1 |
+-------------------+--------------+----------------+----------------------------------+--------------+------+
7 rows in set (0.00 sec)

mysql> update Actors inner join Movies using(Id) Set Movie_Language="Telugu", FirstName="Ram", LastName="Charan" where Movie_Name="RRR";
Query OK, 2 rows affected (0.00 sec)
Rows matched: 2  Changed: 2  Warnings: 0

mysql> select * from Movies;
+-------------------+--------------+----------------+----------------------------------+--------------+------+
| Movie_Name        | Movie_Genera | Movie_Language | WorldWide_Collection_In_Millions | Release_Year | Id   |
+-------------------+--------------+----------------+----------------------------------+--------------+------+
| Avenger:EndGame   | Sci-Fi       | English        |                            18000 | 2016-06-05   |    2 |
| RRR               | Action       | Telugu         |                            15000 | 2019-12-12   |    7 |
| Sholay            | Thriller     | English        |                             2000 | 1979-08-12   |   10 |
| Bajrangi Bhaijaan | Adventure    | Hindi          |                             1200 | 2020-11-16   |    3 |
| Aashiqui 2        | Romantic     | English        |                              800 | 2014-06-10   |    9 |
| BaahuBali         | Action       | English        |                            12000 | 2019-04-06   |    1 |
| Transformers      | Sci-Fi       | English        |                             1000 | 2018-10-15   |    1 |
+-------------------+--------------+----------------+----------------------------------+--------------+------+
7 rows in set (0.00 sec)

mysql> select * from Actors;
+----+-----------+----------+------------+--------+---------------+--------------------+
| Id | FirstName | LastName | DoB        | Gender | MaritalStatus | NetWorthInMillions |
+----+-----------+----------+------------+--------+---------------+--------------------+
|  1 | Brad      | pitt     | 1963-12-18 | Male   | Married       |                150 |
|  2 | Mad       | Titan    | 1969-11-02 | Male   | Single        |                200 |
|  3 | Salman    | Khan     | 1975-06-04 | Male   | Single        |                130 |
|  5 | Dream     | smith    | 1999-01-01 | Female | Married       |                 45 |
|  6 | Reclusive | Martin   | 1980-01-01 | Male   | Married       |                100 |
|  7 | Ram       | Charan   | 1950-12-12 | Male   | Married       |                125 |
|  8 | Rishi     | Kapoor   | 1950-02-22 | Male   | Married       |                170 |
|  9 | Hritik    | Roshan   | 1985-07-17 | Male   | Married       |                 50 |
| 10 | Madhuri   | Dixit    | 1958-06-11 | Female | Married       |                110 |
+----+-----------+----------+------------+--------+---------------+--------------------+
9 rows in set (0.00 sec)

mysql> update Actors inner join Movies using(Id) Set Movie_Language="Hindi", FirstName="Jai", LastName="Veeru" where Movie_Name="Sholay";
Query OK, 2 rows affected (0.02 sec)
Rows matched: 2  Changed: 2  Warnings: 0

mysql> select * from Actors;
+----+-----------+----------+------------+--------+---------------+--------------------+
| Id | FirstName | LastName | DoB        | Gender | MaritalStatus | NetWorthInMillions |
+----+-----------+----------+------------+--------+---------------+--------------------+
|  1 | Brad      | pitt     | 1963-12-18 | Male   | Married       |                150 |
|  2 | Mad       | Titan    | 1969-11-02 | Male   | Single        |                200 |
|  3 | Salman    | Khan     | 1975-06-04 | Male   | Single        |                130 |
|  5 | Dream     | smith    | 1999-01-01 | Female | Married       |                 45 |
|  6 | Reclusive | Martin   | 1980-01-01 | Male   | Married       |                100 |
|  7 | Ram       | Charan   | 1950-12-12 | Male   | Married       |                125 |
|  8 | Rishi     | Kapoor   | 1950-02-22 | Male   | Married       |                170 |
|  9 | Hritik    | Roshan   | 1985-07-17 | Male   | Married       |                 50 |
| 10 | Jai       | Veeru    | 1958-06-11 | Female | Married       |                110 |
+----+-----------+----------+------------+--------+---------------+--------------------+
9 rows in set (0.01 sec)

mysql> select * from Movies;
+-------------------+--------------+----------------+----------------------------------+--------------+------+
| Movie_Name        | Movie_Genera | Movie_Language | WorldWide_Collection_In_Millions | Release_Year | Id   |
+-------------------+--------------+----------------+----------------------------------+--------------+------+
| Avenger:EndGame   | Sci-Fi       | English        |                            18000 | 2016-06-05   |    2 |
| RRR               | Action       | Telugu         |                            15000 | 2019-12-12   |    7 |
| Sholay            | Thriller     | Hindi          |                             2000 | 1979-08-12   |   10 |
| Bajrangi Bhaijaan | Adventure    | Hindi          |                             1200 | 2020-11-16   |    3 |
| Aashiqui 2        | Romantic     | English        |                              800 | 2014-06-10   |    9 |
| BaahuBali         | Action       | English        |                            12000 | 2019-04-06   |    1 |
| Transformers      | Sci-Fi       | English        |                             1000 | 2018-10-15   |    1 |
+-------------------+--------------+----------------+----------------------------------+--------------+------+
7 rows in set (0.00 sec)

mysql> update Actors Set Gender="Male" where FirstName="Jai";
Query OK, 1 row affected (0.00 sec)
Rows matched: 1  Changed: 1  Warnings: 0

mysql> select * from Actors;
+----+-----------+----------+------------+--------+---------------+--------------------+
| Id | FirstName | LastName | DoB        | Gender | MaritalStatus | NetWorthInMillions |
+----+-----------+----------+------------+--------+---------------+--------------------+
|  1 | Brad      | pitt     | 1963-12-18 | Male   | Married       |                150 |
|  2 | Mad       | Titan    | 1969-11-02 | Male   | Single        |                200 |
|  3 | Salman    | Khan     | 1975-06-04 | Male   | Single        |                130 |
|  5 | Dream     | smith    | 1999-01-01 | Female | Married       |                 45 |
|  6 | Reclusive | Martin   | 1980-01-01 | Male   | Married       |                100 |
|  7 | Ram       | Charan   | 1950-12-12 | Male   | Married       |                125 |
|  8 | Rishi     | Kapoor   | 1950-02-22 | Male   | Married       |                170 |
|  9 | Hritik    | Roshan   | 1985-07-17 | Male   | Married       |                 50 |
| 10 | Jai       | Veeru    | 1958-06-11 | Male   | Married       |                110 |
+----+-----------+----------+------------+--------+---------------+--------------------+
9 rows in set (0.00 sec)

mysql> select * from Movies;
+-------------------+--------------+----------------+----------------------------------+--------------+------+
| Movie_Name        | Movie_Genera | Movie_Language | WorldWide_Collection_In_Millions | Release_Year | Id   |
+-------------------+--------------+----------------+----------------------------------+--------------+------+
| Avenger:EndGame   | Sci-Fi       | English        |                            18000 | 2016-06-05   |    2 |
| RRR               | Action       | Telugu         |                            15000 | 2019-12-12   |    7 |
| Sholay            | Thriller     | Hindi          |                             2000 | 1979-08-12   |   10 |
| Bajrangi Bhaijaan | Adventure    | Hindi          |                             1200 | 2020-11-16   |    3 |
| Aashiqui 2        | Romantic     | English        |                              800 | 2014-06-10   |    9 |
| BaahuBali         | Action       | English        |                            12000 | 2019-04-06   |    1 |
| Transformers      | Sci-Fi       | English        |                             1000 | 2018-10-15   |    1 |
+-------------------+--------------+----------------+----------------------------------+--------------+------+
7 rows in set (0.00 sec)

mysql> update Actors inner join Movies using(Id) Set Movie_Language="Hindi", FirstName="Shraddha", LastName="Kapoor", Gender="Female" where Movie_Name="Aashiqui 2";
Query OK, 2 rows affected (0.02 sec)
Rows matched: 2  Changed: 2  Warnings: 0

mysql> select * from Movies;
+-------------------+--------------+----------------+----------------------------------+--------------+------+
| Movie_Name        | Movie_Genera | Movie_Language | WorldWide_Collection_In_Millions | Release_Year | Id   |
+-------------------+--------------+----------------+----------------------------------+--------------+------+
| Avenger:EndGame   | Sci-Fi       | English        |                            18000 | 2016-06-05   |    2 |
| RRR               | Action       | Telugu         |                            15000 | 2019-12-12   |    7 |
| Sholay            | Thriller     | Hindi          |                             2000 | 1979-08-12   |   10 |
| Bajrangi Bhaijaan | Adventure    | Hindi          |                             1200 | 2020-11-16   |    3 |
| Aashiqui 2        | Romantic     | Hindi          |                              800 | 2014-06-10   |    9 |
| BaahuBali         | Action       | English        |                            12000 | 2019-04-06   |    1 |
| Transformers      | Sci-Fi       | English        |                             1000 | 2018-10-15   |    1 |
+-------------------+--------------+----------------+----------------------------------+--------------+------+
7 rows in set (0.00 sec)

mysql> select * from Actors;
+----+-----------+----------+------------+--------+---------------+--------------------+
| Id | FirstName | LastName | DoB        | Gender | MaritalStatus | NetWorthInMillions |
+----+-----------+----------+------------+--------+---------------+--------------------+
|  1 | Brad      | pitt     | 1963-12-18 | Male   | Married       |                150 |
|  2 | Mad       | Titan    | 1969-11-02 | Male   | Single        |                200 |
|  3 | Salman    | Khan     | 1975-06-04 | Male   | Single        |                130 |
|  5 | Dream     | smith    | 1999-01-01 | Female | Married       |                 45 |
|  6 | Reclusive | Martin   | 1980-01-01 | Male   | Married       |                100 |
|  7 | Ram       | Charan   | 1950-12-12 | Male   | Married       |                125 |
|  8 | Rishi     | Kapoor   | 1950-02-22 | Male   | Married       |                170 |
|  9 | Shraddha  | Kapoor   | 1985-07-17 | Female | Married       |                 50 |
| 10 | Jai       | Veeru    | 1958-06-11 | Male   | Married       |                110 |
+----+-----------+----------+------------+--------+---------------+--------------------+
9 rows in set (0.00 sec)

mysql> update Actors inner join Movies using(Id) Set Movie_Language="Telugu", FirstName="Prabhas", LastName="Raju", Gender="Male" where Movie_Name="BaahuBali";
Query OK, 2 rows affected (0.00 sec)
Rows matched: 2  Changed: 2  Warnings: 0

mysql> select * from Actors;
+----+-----------+----------+------------+--------+---------------+--------------------+
| Id | FirstName | LastName | DoB        | Gender | MaritalStatus | NetWorthInMillions |
+----+-----------+----------+------------+--------+---------------+--------------------+
|  1 | Prabhas   | Raju     | 1963-12-18 | Male   | Married       |                150 |
|  2 | Mad       | Titan    | 1969-11-02 | Male   | Single        |                200 |
|  3 | Salman    | Khan     | 1975-06-04 | Male   | Single        |                130 |
|  5 | Dream     | smith    | 1999-01-01 | Female | Married       |                 45 |
|  6 | Reclusive | Martin   | 1980-01-01 | Male   | Married       |                100 |
|  7 | Ram       | Charan   | 1950-12-12 | Male   | Married       |                125 |
|  8 | Rishi     | Kapoor   | 1950-02-22 | Male   | Married       |                170 |
|  9 | Shraddha  | Kapoor   | 1985-07-17 | Female | Married       |                 50 |
| 10 | Jai       | Veeru    | 1958-06-11 | Male   | Married       |                110 |
+----+-----------+----------+------------+--------+---------------+--------------------+
9 rows in set (0.00 sec)

mysql> select * from Movies;
+-------------------+--------------+----------------+----------------------------------+--------------+------+
| Movie_Name        | Movie_Genera | Movie_Language | WorldWide_Collection_In_Millions | Release_Year | Id   |
+-------------------+--------------+----------------+----------------------------------+--------------+------+
| Avenger:EndGame   | Sci-Fi       | English        |                            18000 | 2016-06-05   |    2 |
| RRR               | Action       | Telugu         |                            15000 | 2019-12-12   |    7 |
| Sholay            | Thriller     | Hindi          |                             2000 | 1979-08-12   |   10 |
| Bajrangi Bhaijaan | Adventure    | Hindi          |                             1200 | 2020-11-16   |    3 |
| Aashiqui 2        | Romantic     | Hindi          |                              800 | 2014-06-10   |    9 |
| BaahuBali         | Action       | Telugu         |                            12000 | 2019-04-06   |    1 |
| Transformers      | Sci-Fi       | English        |                             1000 | 2018-10-15   |    1 |
+-------------------+--------------+----------------+----------------------------------+--------------+------+
7 rows in set (0.00 sec)

mysql> update Movies set Movie_Name="Prem Granth", Movie_Genera="Romantic",Movie_Lanuage="Hindi", WorldWide_Collection_In_Millions=300,Release_Year="1996-10-15",Id=8 where Movie_Name="Transformers";
ERROR 1054 (42S22): Unknown column 'Movie_Lanuage' in 'field list'
mysql> update Movies set Movie_Name="Prem Granth", Movie_Genera="Romantic",Movie_Language="Hindi", WorldWide_Collection_In_Millions=300,Release_Year="1996-10-15",Id=8 where Movie_Name="Transformers";
Query OK, 1 row affected (0.00 sec)
Rows matched: 1  Changed: 1  Warnings: 0

mysql> select * from Movies;
+-------------------+--------------+----------------+----------------------------------+--------------+------+
| Movie_Name        | Movie_Genera | Movie_Language | WorldWide_Collection_In_Millions | Release_Year | Id   |
+-------------------+--------------+----------------+----------------------------------+--------------+------+
| Avenger:EndGame   | Sci-Fi       | English        |                            18000 | 2016-06-05   |    2 |
| RRR               | Action       | Telugu         |                            15000 | 2019-12-12   |    7 |
| Sholay            | Thriller     | Hindi          |                             2000 | 1979-08-12   |   10 |
| Bajrangi Bhaijaan | Adventure    | Hindi          |                             1200 | 2020-11-16   |    3 |
| Aashiqui 2        | Romantic     | Hindi          |                              800 | 2014-06-10   |    9 |
| BaahuBali         | Action       | Telugu         |                            12000 | 2019-04-06   |    1 |
| Prem Granth       | Romantic     | Hindi          |                              300 | 1996-10-15   |    8 |
+-------------------+--------------+----------------+----------------------------------+--------------+------+
7 rows in set (0.01 sec)

mysql> update Actors set MaritalStatus="Single" where FirstName="Ram";
Query OK, 1 row affected (0.01 sec)
Rows matched: 1  Changed: 1  Warnings: 0

mysql> select * from Actors;
+----+-----------+----------+------------+--------+---------------+--------------------+
| Id | FirstName | LastName | DoB        | Gender | MaritalStatus | NetWorthInMillions |
+----+-----------+----------+------------+--------+---------------+--------------------+
|  1 | Prabhas   | Raju     | 1963-12-18 | Male   | Married       |                150 |
|  2 | Mad       | Titan    | 1969-11-02 | Male   | Single        |                200 |
|  3 | Salman    | Khan     | 1975-06-04 | Male   | Single        |                130 |
|  5 | Dream     | smith    | 1999-01-01 | Female | Married       |                 45 |
|  6 | Reclusive | Martin   | 1980-01-01 | Male   | Married       |                100 |
|  7 | Ram       | Charan   | 1950-12-12 | Male   | Single        |                125 |
|  8 | Rishi     | Kapoor   | 1950-02-22 | Male   | Married       |                170 |
|  9 | Shraddha  | Kapoor   | 1985-07-17 | Female | Married       |                 50 |
| 10 | Jai       | Veeru    | 1958-06-11 | Male   | Married       |                110 |
+----+-----------+----------+------------+--------+---------------+--------------------+
9 rows in set (0.00 sec)

mysql> insert into Movies values("Harry Potter","Adventure","English",7700,"2011-07-15"5);
ERROR 1064 (42000): You have an error in your SQL syntax; check the manual that corresponds to your MySQL server version for the right syntax to use near '5)' at line 1
mysql> insert into Movies values("Harry Potter","Adventure","English",7700,"2011-07-15",5);
Query OK, 1 row affected (0.01 sec)

mysql> select * from Movies;
+-------------------+--------------+----------------+----------------------------------+--------------+------+
| Movie_Name        | Movie_Genera | Movie_Language | WorldWide_Collection_In_Millions | Release_Year | Id   |
+-------------------+--------------+----------------+----------------------------------+--------------+------+
| Avenger:EndGame   | Sci-Fi       | English        |                            18000 | 2016-06-05   |    2 |
| RRR               | Action       | Telugu         |                            15000 | 2019-12-12   |    7 |
| Sholay            | Thriller     | Hindi          |                             2000 | 1979-08-12   |   10 |
| Bajrangi Bhaijaan | Adventure    | Hindi          |                             1200 | 2020-11-16   |    3 |
| Aashiqui 2        | Romantic     | Hindi          |                              800 | 2014-06-10   |    9 |
| BaahuBali         | Action       | Telugu         |                            12000 | 2019-04-06   |    1 |
| Prem Granth       | Romantic     | Hindi          |                              300 | 1996-10-15   |    8 |
| Harry Potter      | Adventure    | English        |                             7700 | 2011-07-15   |    5 |
+-------------------+--------------+----------------+----------------------------------+--------------+------+
8 rows in set (0.00 sec)

mysql> update Actors set FirstName="Emma", LastName="Watson",DoB="1990-04-15",MaritalStatus="Single",NetworthInMillions=90;
Query OK, 9 rows affected (0.01 sec)
Rows matched: 9  Changed: 9  Warnings: 0

mysql> select * from Actors;
+----+-----------+----------+------------+--------+---------------+--------------------+
| Id | FirstName | LastName | DoB        | Gender | MaritalStatus | NetWorthInMillions |
+----+-----------+----------+------------+--------+---------------+--------------------+
|  1 | Emma      | Watson   | 1990-04-15 | Male   | Single        |                 90 |
|  2 | Emma      | Watson   | 1990-04-15 | Male   | Single        |                 90 |
|  3 | Emma      | Watson   | 1990-04-15 | Male   | Single        |                 90 |
|  5 | Emma      | Watson   | 1990-04-15 | Female | Single        |                 90 |
|  6 | Emma      | Watson   | 1990-04-15 | Male   | Single        |                 90 |
|  7 | Emma      | Watson   | 1990-04-15 | Male   | Single        |                 90 |
|  8 | Emma      | Watson   | 1990-04-15 | Male   | Single        |                 90 |
|  9 | Emma      | Watson   | 1990-04-15 | Female | Single        |                 90 |
| 10 | Emma      | Watson   | 1990-04-15 | Male   | Single        |                 90 |
+----+-----------+----------+------------+--------+---------------+--------------------+
9 rows in set (0.00 sec)

mysql> update Actors Set FirstName="Prabhas", LastName="Raju",DoB="1979-10-23", Gender="Male",MaritalStaus="Married",NetWorthInMillions=29 where Id=1;
ERROR 1054 (42S22): Unknown column 'MaritalStaus' in 'field list'
mysql> update Actors Set FirstName="Prabhas", LastName="Raju",DoB="1979-10-23", Gender="Male",MaritalStatus="Married",NetWorthInMillions=29 where Id=1;
Query OK, 1 row affected (0.01 sec)
Rows matched: 1  Changed: 1  Warnings: 0

mysql> select * from Actors;
+----+-----------+----------+------------+--------+---------------+--------------------+
| Id | FirstName | LastName | DoB        | Gender | MaritalStatus | NetWorthInMillions |
+----+-----------+----------+------------+--------+---------------+--------------------+
|  1 | Prabhas   | Raju     | 1979-10-23 | Male   | Married       |                 29 |
|  2 | Emma      | Watson   | 1990-04-15 | Male   | Single        |                 90 |
|  3 | Emma      | Watson   | 1990-04-15 | Male   | Single        |                 90 |
|  5 | Emma      | Watson   | 1990-04-15 | Female | Single        |                 90 |
|  6 | Emma      | Watson   | 1990-04-15 | Male   | Single        |                 90 |
|  7 | Emma      | Watson   | 1990-04-15 | Male   | Single        |                 90 |
|  8 | Emma      | Watson   | 1990-04-15 | Male   | Single        |                 90 |
|  9 | Emma      | Watson   | 1990-04-15 | Female | Single        |                 90 |
| 10 | Emma      | Watson   | 1990-04-15 | Male   | Single        |                 90 |
+----+-----------+----------+------------+--------+---------------+--------------------+
9 rows in set (0.00 sec)

mysql> select * from Movies;
+-------------------+--------------+----------------+----------------------------------+--------------+------+
| Movie_Name        | Movie_Genera | Movie_Language | WorldWide_Collection_In_Millions | Release_Year | Id   |
+-------------------+--------------+----------------+----------------------------------+--------------+------+
| Avenger:EndGame   | Sci-Fi       | English        |                            18000 | 2016-06-05   |    2 |
| RRR               | Action       | Telugu         |                            15000 | 2019-12-12   |    7 |
| Sholay            | Thriller     | Hindi          |                             2000 | 1979-08-12   |   10 |
| Bajrangi Bhaijaan | Adventure    | Hindi          |                             1200 | 2020-11-16   |    3 |
| Aashiqui 2        | Romantic     | Hindi          |                              800 | 2014-06-10   |    9 |
| BaahuBali         | Action       | Telugu         |                            12000 | 2019-04-06   |    1 |
| Prem Granth       | Romantic     | Hindi          |                              300 | 1996-10-15   |    8 |
| Harry Potter      | Adventure    | English        |                             7700 | 2011-07-15   |    5 |
+-------------------+--------------+----------------+----------------------------------+--------------+------+
8 rows in set (0.00 sec)

mysql> update Actors inner join Movies using(Id) Set Movie_Language="Hindi", FirstName="Shraddha", LastName="Kapoor", Gender="Female" where Movie_Name="Aashiqui 2";
Query OK, 1 row affected (0.02 sec)
Rows matched: 2  Changed: 1  Warnings: 0

mysql> update Movies set Movie_Name="Prem Granth", Movie_Genera="Romantic",Movie_Language="Hindi", WorldWide_Collection_In_Millions=300,Release_Year="1996-10-15",Id=8 where Movie_Name="Transformers";
Query OK, 0 rows affected (0.02 sec)
Rows matched: 0  Changed: 0  Warnings: 0

mysql> select * from Actors;
+----+-----------+----------+------------+--------+---------------+--------------------+
| Id | FirstName | LastName | DoB        | Gender | MaritalStatus | NetWorthInMillions |
+----+-----------+----------+------------+--------+---------------+--------------------+
|  1 | Prabhas   | Raju     | 1979-10-23 | Male   | Married       |                 29 |
|  2 | Emma      | Watson   | 1990-04-15 | Male   | Single        |                 90 |
|  3 | Emma      | Watson   | 1990-04-15 | Male   | Single        |                 90 |
|  5 | Emma      | Watson   | 1990-04-15 | Female | Single        |                 90 |
|  6 | Emma      | Watson   | 1990-04-15 | Male   | Single        |                 90 |
|  7 | Emma      | Watson   | 1990-04-15 | Male   | Single        |                 90 |
|  8 | Emma      | Watson   | 1990-04-15 | Male   | Single        |                 90 |
|  9 | Shraddha  | Kapoor   | 1990-04-15 | Female | Single        |                 90 |
| 10 | Emma      | Watson   | 1990-04-15 | Male   | Single        |                 90 |
+----+-----------+----------+------------+--------+---------------+--------------------+
9 rows in set (0.00 sec)

mysql> update Actors set NetWorthInMillions=10 where FirstName="Shraddha";
Query OK, 1 row affected (0.00 sec)
Rows matched: 1  Changed: 1  Warnings: 0

mysql> select * from Actors;
+----+-----------+----------+------------+--------+---------------+--------------------+
| Id | FirstName | LastName | DoB        | Gender | MaritalStatus | NetWorthInMillions |
+----+-----------+----------+------------+--------+---------------+--------------------+
|  1 | Prabhas   | Raju     | 1979-10-23 | Male   | Married       |                 29 |
|  2 | Emma      | Watson   | 1990-04-15 | Male   | Single        |                 90 |
|  3 | Emma      | Watson   | 1990-04-15 | Male   | Single        |                 90 |
|  5 | Emma      | Watson   | 1990-04-15 | Female | Single        |                 90 |
|  6 | Emma      | Watson   | 1990-04-15 | Male   | Single        |                 90 |
|  7 | Emma      | Watson   | 1990-04-15 | Male   | Single        |                 90 |
|  8 | Emma      | Watson   | 1990-04-15 | Male   | Single        |                 90 |
|  9 | Shraddha  | Kapoor   | 1990-04-15 | Female | Single        |                 10 |
| 10 | Emma      | Watson   | 1990-04-15 | Male   | Single        |                 90 |
+----+-----------+----------+------------+--------+---------------+--------------------+
9 rows in set (0.00 sec)

mysql> select * from Movies;
+-------------------+--------------+----------------+----------------------------------+--------------+------+
| Movie_Name        | Movie_Genera | Movie_Language | WorldWide_Collection_In_Millions | Release_Year | Id   |
+-------------------+--------------+----------------+----------------------------------+--------------+------+
| Avenger:EndGame   | Sci-Fi       | English        |                            18000 | 2016-06-05   |    2 |
| RRR               | Action       | Telugu         |                            15000 | 2019-12-12   |    7 |
| Sholay            | Thriller     | Hindi          |                             2000 | 1979-08-12   |   10 |
| Bajrangi Bhaijaan | Adventure    | Hindi          |                             1200 | 2020-11-16   |    3 |
| Aashiqui 2        | Romantic     | Hindi          |                              800 | 2014-06-10   |    9 |
| BaahuBali         | Action       | Telugu         |                            12000 | 2019-04-06   |    1 |
| Prem Granth       | Romantic     | Hindi          |                              300 | 1996-10-15   |    8 |
| Harry Potter      | Adventure    | English        |                             7700 | 2011-07-15   |    5 |
+-------------------+--------------+----------------+----------------------------------+--------------+------+
8 rows in set (0.00 sec)

mysql> update Actors set FirstName="Mad", LastName="Titan", DoB="1968-02-12", MaritalStatus="Married", NetWorthInMillions=45 where Id=2;
Query OK, 1 row affected (0.00 sec)
Rows matched: 1  Changed: 1  Warnings: 0

mysql> select * from Actors;
+----+-----------+----------+------------+--------+---------------+--------------------+
| Id | FirstName | LastName | DoB        | Gender | MaritalStatus | NetWorthInMillions |
+----+-----------+----------+------------+--------+---------------+--------------------+
|  1 | Prabhas   | Raju     | 1979-10-23 | Male   | Married       |                 29 |
|  2 | Mad       | Titan    | 1968-02-12 | Male   | Married       |                 45 |
|  3 | Emma      | Watson   | 1990-04-15 | Male   | Single        |                 90 |
|  5 | Emma      | Watson   | 1990-04-15 | Female | Single        |                 90 |
|  6 | Emma      | Watson   | 1990-04-15 | Male   | Single        |                 90 |
|  7 | Emma      | Watson   | 1990-04-15 | Male   | Single        |                 90 |
|  8 | Emma      | Watson   | 1990-04-15 | Male   | Single        |                 90 |
|  9 | Shraddha  | Kapoor   | 1990-04-15 | Female | Single        |                 10 |
| 10 | Emma      | Watson   | 1990-04-15 | Male   | Single        |                 90 |
+----+-----------+----------+------------+--------+---------------+--------------------+
9 rows in set (0.00 sec)

mysql> update Actors set FirstName="Salman", LastName="Khan", DoB="1965-12-27", MaritalStatus="Single", NetWorthInMillions=350 where Id=3;
Query OK, 1 row affected (0.00 sec)
Rows matched: 1  Changed: 1  Warnings: 0

mysql> select * from Actors;
+----+-----------+----------+------------+--------+---------------+--------------------+
| Id | FirstName | LastName | DoB        | Gender | MaritalStatus | NetWorthInMillions |
+----+-----------+----------+------------+--------+---------------+--------------------+
|  1 | Prabhas   | Raju     | 1979-10-23 | Male   | Married       |                 29 |
|  2 | Mad       | Titan    | 1968-02-12 | Male   | Married       |                 45 |
|  3 | Salman    | Khan     | 1965-12-27 | Male   | Single        |                350 |
|  5 | Emma      | Watson   | 1990-04-15 | Female | Single        |                 90 |
|  6 | Emma      | Watson   | 1990-04-15 | Male   | Single        |                 90 |
|  7 | Emma      | Watson   | 1990-04-15 | Male   | Single        |                 90 |
|  8 | Emma      | Watson   | 1990-04-15 | Male   | Single        |                 90 |
|  9 | Shraddha  | Kapoor   | 1990-04-15 | Female | Single        |                 10 |
| 10 | Emma      | Watson   | 1990-04-15 | Male   | Single        |                 90 |
+----+-----------+----------+------------+--------+---------------+--------------------+
9 rows in set (0.00 sec)

mysql> select * from Movies;
+-------------------+--------------+----------------+----------------------------------+--------------+------+
| Movie_Name        | Movie_Genera | Movie_Language | WorldWide_Collection_In_Millions | Release_Year | Id   |
+-------------------+--------------+----------------+----------------------------------+--------------+------+
| Avenger:EndGame   | Sci-Fi       | English        |                            18000 | 2016-06-05   |    2 |
| RRR               | Action       | Telugu         |                            15000 | 2019-12-12   |    7 |
| Sholay            | Thriller     | Hindi          |                             2000 | 1979-08-12   |   10 |
| Bajrangi Bhaijaan | Adventure    | Hindi          |                             1200 | 2020-11-16   |    3 |
| Aashiqui 2        | Romantic     | Hindi          |                              800 | 2014-06-10   |    9 |
| BaahuBali         | Action       | Telugu         |                            12000 | 2019-04-06   |    1 |
| Prem Granth       | Romantic     | Hindi          |                              300 | 1996-10-15   |    8 |
| Harry Potter      | Adventure    | English        |                             7700 | 2011-07-15   |    5 |
+-------------------+--------------+----------------+----------------------------------+--------------+------+
8 rows in set (0.00 sec)

mysql> update Actors set FirstName="Ram", LastName="Charan", DoB="1985-03-27", MaritalStatus="Married", NetWorthInMillions=180 where Id=7;
Query OK, 1 row affected (0.01 sec)
Rows matched: 1  Changed: 1  Warnings: 0

mysql> select * from Actors;
+----+-----------+----------+------------+--------+---------------+--------------------+
| Id | FirstName | LastName | DoB        | Gender | MaritalStatus | NetWorthInMillions |
+----+-----------+----------+------------+--------+---------------+--------------------+
|  1 | Prabhas   | Raju     | 1979-10-23 | Male   | Married       |                 29 |
|  2 | Mad       | Titan    | 1968-02-12 | Male   | Married       |                 45 |
|  3 | Salman    | Khan     | 1965-12-27 | Male   | Single        |                350 |
|  5 | Emma      | Watson   | 1990-04-15 | Female | Single        |                 90 |
|  6 | Emma      | Watson   | 1990-04-15 | Male   | Single        |                 90 |
|  7 | Ram       | Charan   | 1985-03-27 | Male   | Married       |                180 |
|  8 | Emma      | Watson   | 1990-04-15 | Male   | Single        |                 90 |
|  9 | Shraddha  | Kapoor   | 1990-04-15 | Female | Single        |                 10 |
| 10 | Emma      | Watson   | 1990-04-15 | Male   | Single        |                 90 |
+----+-----------+----------+------------+--------+---------------+--------------------+
9 rows in set (0.00 sec)

mysql> update Actors set FirstName="Rishi", LastName="Kapoor", DoB="1952-09-04", MaritalStatus="Married", NetWorthInMillions=40 where Id=8;
Query OK, 1 row affected (0.00 sec)
Rows matched: 1  Changed: 1  Warnings: 0

mysql> select * from Actors;
+----+-----------+----------+------------+--------+---------------+--------------------+
| Id | FirstName | LastName | DoB        | Gender | MaritalStatus | NetWorthInMillions |
+----+-----------+----------+------------+--------+---------------+--------------------+
|  1 | Prabhas   | Raju     | 1979-10-23 | Male   | Married       |                 29 |
|  2 | Mad       | Titan    | 1968-02-12 | Male   | Married       |                 45 |
|  3 | Salman    | Khan     | 1965-12-27 | Male   | Single        |                350 |
|  5 | Emma      | Watson   | 1990-04-15 | Female | Single        |                 90 |
|  6 | Emma      | Watson   | 1990-04-15 | Male   | Single        |                 90 |
|  7 | Ram       | Charan   | 1985-03-27 | Male   | Married       |                180 |
|  8 | Rishi     | Kapoor   | 1952-09-04 | Male   | Married       |                 40 |
|  9 | Shraddha  | Kapoor   | 1990-04-15 | Female | Single        |                 10 |
| 10 | Emma      | Watson   | 1990-04-15 | Male   | Single        |                 90 |
+----+-----------+----------+------------+--------+---------------+--------------------+
9 rows in set (0.00 sec)

mysql> update Actors set FirstName="Amitabh", LastName="Bachchan", DoB="1942-10-11", MaritalStatus="Married", NetWorthInMillions=410 where Id=10;
Query OK, 1 row affected (0.03 sec)
Rows matched: 1  Changed: 1  Warnings: 0

mysql> select * from Actors;
+----+-----------+----------+------------+--------+---------------+--------------------+
| Id | FirstName | LastName | DoB        | Gender | MaritalStatus | NetWorthInMillions |
+----+-----------+----------+------------+--------+---------------+--------------------+
|  1 | Prabhas   | Raju     | 1979-10-23 | Male   | Married       |                 29 |
|  2 | Mad       | Titan    | 1968-02-12 | Male   | Married       |                 45 |
|  3 | Salman    | Khan     | 1965-12-27 | Male   | Single        |                350 |
|  5 | Emma      | Watson   | 1990-04-15 | Female | Single        |                 90 |
|  6 | Emma      | Watson   | 1990-04-15 | Male   | Single        |                 90 |
|  7 | Ram       | Charan   | 1985-03-27 | Male   | Married       |                180 |
|  8 | Rishi     | Kapoor   | 1952-09-04 | Male   | Married       |                 40 |
|  9 | Shraddha  | Kapoor   | 1990-04-15 | Female | Single        |                 10 |
| 10 | Amitabh   | Bachchan | 1942-10-11 | Male   | Married       |                410 |
+----+-----------+----------+------------+--------+---------------+--------------------+
9 rows in set (0.00 sec)

mysql> select * from Movies;
+-------------------+--------------+----------------+----------------------------------+--------------+------+
| Movie_Name        | Movie_Genera | Movie_Language | WorldWide_Collection_In_Millions | Release_Year | Id   |
+-------------------+--------------+----------------+----------------------------------+--------------+------+
| Avenger:EndGame   | Sci-Fi       | English        |                            18000 | 2016-06-05   |    2 |
| RRR               | Action       | Telugu         |                            15000 | 2019-12-12   |    7 |
| Sholay            | Thriller     | Hindi          |                             2000 | 1979-08-12   |   10 |
| Bajrangi Bhaijaan | Adventure    | Hindi          |                             1200 | 2020-11-16   |    3 |
| Aashiqui 2        | Romantic     | Hindi          |                              800 | 2014-06-10   |    9 |
| BaahuBali         | Action       | Telugu         |                            12000 | 2019-04-06   |    1 |
| Prem Granth       | Romantic     | Hindi          |                              300 | 1996-10-15   |    8 |
| Harry Potter      | Adventure    | English        |                             7700 | 2011-07-15   |    5 |
+-------------------+--------------+----------------+----------------------------------+--------------+------+
8 rows in set (0.00 sec)

mysql> insert into Movies values ("Annabelle","Horror","English","300,2017-10-18",6);
ERROR 1136 (21S01): Column count doesn't match value count at row 1
mysql> insert into Movies values ("Annabelle","Horror","English",300,"2017-10-18",6);
Query OK, 1 row affected (0.00 sec)

mysql> select * from Movies;
+-------------------+--------------+----------------+----------------------------------+--------------+------+
| Movie_Name        | Movie_Genera | Movie_Language | WorldWide_Collection_In_Millions | Release_Year | Id   |
+-------------------+--------------+----------------+----------------------------------+--------------+------+
| Avenger:EndGame   | Sci-Fi       | English        |                            18000 | 2016-06-05   |    2 |
| RRR               | Action       | Telugu         |                            15000 | 2019-12-12   |    7 |
| Sholay            | Thriller     | Hindi          |                             2000 | 1979-08-12   |   10 |
| Bajrangi Bhaijaan | Adventure    | Hindi          |                             1200 | 2020-11-16   |    3 |
| Aashiqui 2        | Romantic     | Hindi          |                              800 | 2014-06-10   |    9 |
| BaahuBali         | Action       | Telugu         |                            12000 | 2019-04-06   |    1 |
| Prem Granth       | Romantic     | Hindi          |                              300 | 1996-10-15   |    8 |
| Harry Potter      | Adventure    | English        |                             7700 | 2011-07-15   |    5 |
| Annabelle         | Horror       | English        |                              300 | 2017-10-18   |    6 |
+-------------------+--------------+----------------+----------------------------------+--------------+------+
9 rows in set (0.00 sec)

mysql> update Actors set FirstName="Talitha", LastName="Bateman", DoB="2001-09-04", MaritalStatus="Single", NetWorthInMillions=410 where Id=2;
Query OK, 1 row affected (0.01 sec)
Rows matched: 1  Changed: 1  Warnings: 0

mysql> select * from Actors;
+----+-----------+----------+------------+--------+---------------+--------------------+
| Id | FirstName | LastName | DoB        | Gender | MaritalStatus | NetWorthInMillions |
+----+-----------+----------+------------+--------+---------------+--------------------+
|  1 | Prabhas   | Raju     | 1979-10-23 | Male   | Married       |                 29 |
|  2 | Talitha   | Bateman  | 2001-09-04 | Male   | Single        |                410 |
|  3 | Salman    | Khan     | 1965-12-27 | Male   | Single        |                350 |
|  5 | Emma      | Watson   | 1990-04-15 | Female | Single        |                 90 |
|  6 | Emma      | Watson   | 1990-04-15 | Male   | Single        |                 90 |
|  7 | Ram       | Charan   | 1985-03-27 | Male   | Married       |                180 |
|  8 | Rishi     | Kapoor   | 1952-09-04 | Male   | Married       |                 40 |
|  9 | Shraddha  | Kapoor   | 1990-04-15 | Female | Single        |                 10 |
| 10 | Amitabh   | Bachchan | 1942-10-11 | Male   | Married       |                410 |
+----+-----------+----------+------------+--------+---------------+--------------------+
9 rows in set (0.00 sec)

mysql> update Actors set FirstName="Talitha", LastName="Bateman", DoB="2001-09-04", MaritalStatus="Single", NetWorthInMillions=410 where Id=6;
Query OK, 1 row affected (0.03 sec)
Rows matched: 1  Changed: 1  Warnings: 0

mysql> update Actors set FirstName="Mad", LastName="Titan", DoB="1968-02-12", MaritalStatus="Married", NetWorthInMillions=45 where Id=2;
Query OK, 1 row affected (0.00 sec)
Rows matched: 1  Changed: 1  Warnings: 0

mysql> select * from Actors;
+----+-----------+----------+------------+--------+---------------+--------------------+
| Id | FirstName | LastName | DoB        | Gender | MaritalStatus | NetWorthInMillions |
+----+-----------+----------+------------+--------+---------------+--------------------+
|  1 | Prabhas   | Raju     | 1979-10-23 | Male   | Married       |                 29 |
|  2 | Mad       | Titan    | 1968-02-12 | Male   | Married       |                 45 |
|  3 | Salman    | Khan     | 1965-12-27 | Male   | Single        |                350 |
|  5 | Emma      | Watson   | 1990-04-15 | Female | Single        |                 90 |
|  6 | Talitha   | Bateman  | 2001-09-04 | Male   | Single        |                410 |
|  7 | Ram       | Charan   | 1985-03-27 | Male   | Married       |                180 |
|  8 | Rishi     | Kapoor   | 1952-09-04 | Male   | Married       |                 40 |
|  9 | Shraddha  | Kapoor   | 1990-04-15 | Female | Single        |                 10 |
| 10 | Amitabh   | Bachchan | 1942-10-11 | Male   | Married       |                410 |
+----+-----------+----------+------------+--------+---------------+--------------------+
9 rows in set (0.00 sec)

mysql> update Actors set NetWorthInMillions=4 where Id=6;
Query OK, 1 row affected (0.02 sec)
Rows matched: 1  Changed: 1  Warnings: 0

mysql> select * from Actors;
+----+-----------+----------+------------+--------+---------------+--------------------+
| Id | FirstName | LastName | DoB        | Gender | MaritalStatus | NetWorthInMillions |
+----+-----------+----------+------------+--------+---------------+--------------------+
|  1 | Prabhas   | Raju     | 1979-10-23 | Male   | Married       |                 29 |
|  2 | Mad       | Titan    | 1968-02-12 | Male   | Married       |                 45 |
|  3 | Salman    | Khan     | 1965-12-27 | Male   | Single        |                350 |
|  5 | Emma      | Watson   | 1990-04-15 | Female | Single        |                 90 |
|  6 | Talitha   | Bateman  | 2001-09-04 | Male   | Single        |                  4 |
|  7 | Ram       | Charan   | 1985-03-27 | Male   | Married       |                180 |
|  8 | Rishi     | Kapoor   | 1952-09-04 | Male   | Married       |                 40 |
|  9 | Shraddha  | Kapoor   | 1990-04-15 | Female | Single        |                 10 |
| 10 | Amitabh   | Bachchan | 1942-10-11 | Male   | Married       |                410 |
+----+-----------+----------+------------+--------+---------------+--------------------+
9 rows in set (0.00 sec)

mysql> insert into Actors values (4,"Akshay","Kumar","1967-09-09","Male","Married",325);
Query OK, 1 row affected (0.00 sec)

mysql> select * from Actors;
+----+-----------+----------+------------+--------+---------------+--------------------+
| Id | FirstName | LastName | DoB        | Gender | MaritalStatus | NetWorthInMillions |
+----+-----------+----------+------------+--------+---------------+--------------------+
|  1 | Prabhas   | Raju     | 1979-10-23 | Male   | Married       |                 29 |
|  2 | Mad       | Titan    | 1968-02-12 | Male   | Married       |                 45 |
|  3 | Salman    | Khan     | 1965-12-27 | Male   | Single        |                350 |
|  4 | Akshay    | Kumar    | 1967-09-09 | Male   | Married       |                325 |
|  5 | Emma      | Watson   | 1990-04-15 | Female | Single        |                 90 |
|  6 | Talitha   | Bateman  | 2001-09-04 | Male   | Single        |                  4 |
|  7 | Ram       | Charan   | 1985-03-27 | Male   | Married       |                180 |
|  8 | Rishi     | Kapoor   | 1952-09-04 | Male   | Married       |                 40 |
|  9 | Shraddha  | Kapoor   | 1990-04-15 | Female | Single        |                 10 |
| 10 | Amitabh   | Bachchan | 1942-10-11 | Male   | Married       |                410 |
+----+-----------+----------+------------+--------+---------------+--------------------+
10 rows in set (0.00 sec)

mysql> select * from Movies;
+-------------------+--------------+----------------+----------------------------------+--------------+------+
| Movie_Name        | Movie_Genera | Movie_Language | WorldWide_Collection_In_Millions | Release_Year | Id   |
+-------------------+--------------+----------------+----------------------------------+--------------+------+
| Avenger:EndGame   | Sci-Fi       | English        |                            18000 | 2016-06-05   |    2 |
| RRR               | Action       | Telugu         |                            15000 | 2019-12-12   |    7 |
| Sholay            | Thriller     | Hindi          |                             2000 | 1979-08-12   |   10 |
| Bajrangi Bhaijaan | Adventure    | Hindi          |                             1200 | 2020-11-16   |    3 |
| Aashiqui 2        | Romantic     | Hindi          |                              800 | 2014-06-10   |    9 |
| BaahuBali         | Action       | Telugu         |                            12000 | 2019-04-06   |    1 |
| Prem Granth       | Romantic     | Hindi          |                              300 | 1996-10-15   |    8 |
| Harry Potter      | Adventure    | English        |                             7700 | 2011-07-15   |    5 |
| Annabelle         | Horror       | English        |                              300 | 2017-10-18   |    6 |
+-------------------+--------------+----------------+----------------------------------+--------------+------+
9 rows in set (0.00 sec)

mysql> insert into Movies values ("Padmavat","Action","Hindi",400,"2018-01-25",11);
Query OK, 1 row affected (0.03 sec)

mysql> insert into Actors values (11,"Deepika","Padukon","1986-01-05","Female","Single",35);
Query OK, 1 row affected (0.01 sec)

mysql> select * from Movies;
+-------------------+--------------+----------------+----------------------------------+--------------+------+
| Movie_Name        | Movie_Genera | Movie_Language | WorldWide_Collection_In_Millions | Release_Year | Id   |
+-------------------+--------------+----------------+----------------------------------+--------------+------+
| Avenger:EndGame   | Sci-Fi       | English        |                            18000 | 2016-06-05   |    2 |
| RRR               | Action       | Telugu         |                            15000 | 2019-12-12   |    7 |
| Sholay            | Thriller     | Hindi          |                             2000 | 1979-08-12   |   10 |
| Bajrangi Bhaijaan | Adventure    | Hindi          |                             1200 | 2020-11-16   |    3 |
| Aashiqui 2        | Romantic     | Hindi          |                              800 | 2014-06-10   |    9 |
| BaahuBali         | Action       | Telugu         |                            12000 | 2019-04-06   |    1 |
| Prem Granth       | Romantic     | Hindi          |                              300 | 1996-10-15   |    8 |
| Harry Potter      | Adventure    | English        |                             7700 | 2011-07-15   |    5 |
| Annabelle         | Horror       | English        |                              300 | 2017-10-18   |    6 |
| Padmavat          | Action       | Hindi          |                              400 | 2018-01-25   |   11 |
+-------------------+--------------+----------------+----------------------------------+--------------+------+
10 rows in set (0.00 sec)

mysql> select * from Actors;
+----+-----------+----------+------------+--------+---------------+--------------------+
| Id | FirstName | LastName | DoB        | Gender | MaritalStatus | NetWorthInMillions |
+----+-----------+----------+------------+--------+---------------+--------------------+
|  1 | Prabhas   | Raju     | 1979-10-23 | Male   | Married       |                 29 |
|  2 | Mad       | Titan    | 1968-02-12 | Male   | Married       |                 45 |
|  3 | Salman    | Khan     | 1965-12-27 | Male   | Single        |                350 |
|  4 | Akshay    | Kumar    | 1967-09-09 | Male   | Married       |                325 |
|  5 | Emma      | Watson   | 1990-04-15 | Female | Single        |                 90 |
|  6 | Talitha   | Bateman  | 2001-09-04 | Male   | Single        |                  4 |
|  7 | Ram       | Charan   | 1985-03-27 | Male   | Married       |                180 |
|  8 | Rishi     | Kapoor   | 1952-09-04 | Male   | Married       |                 40 |
|  9 | Shraddha  | Kapoor   | 1990-04-15 | Female | Single        |                 10 |
| 10 | Amitabh   | Bachchan | 1942-10-11 | Male   | Married       |                410 |
| 11 | Deepika   | Padukon  | 1986-01-05 | Female | Single        |                 35 |
+----+-----------+----------+------------+--------+---------------+--------------------+
11 rows in set (0.00 sec)

mysql> insert into Movies values ("Good Newws","Adventure","Hindi",350,"2019-12-27",4);
Query OK, 1 row affected (0.02 sec)

mysql> select * from Actors;
+----+-----------+----------+------------+--------+---------------+--------------------+
| Id | FirstName | LastName | DoB        | Gender | MaritalStatus | NetWorthInMillions |
+----+-----------+----------+------------+--------+---------------+--------------------+
|  1 | Prabhas   | Raju     | 1979-10-23 | Male   | Married       |                 29 |
|  2 | Mad       | Titan    | 1968-02-12 | Male   | Married       |                 45 |
|  3 | Salman    | Khan     | 1965-12-27 | Male   | Single        |                350 |
|  4 | Akshay    | Kumar    | 1967-09-09 | Male   | Married       |                325 |
|  5 | Emma      | Watson   | 1990-04-15 | Female | Single        |                 90 |
|  6 | Talitha   | Bateman  | 2001-09-04 | Male   | Single        |                  4 |
|  7 | Ram       | Charan   | 1985-03-27 | Male   | Married       |                180 |
|  8 | Rishi     | Kapoor   | 1952-09-04 | Male   | Married       |                 40 |
|  9 | Shraddha  | Kapoor   | 1990-04-15 | Female | Single        |                 10 |
| 10 | Amitabh   | Bachchan | 1942-10-11 | Male   | Married       |                410 |
| 11 | Deepika   | Padukon  | 1986-01-05 | Female | Single        |                 35 |
+----+-----------+----------+------------+--------+---------------+--------------------+
11 rows in set (0.00 sec)

mysql> select * from Movies;
+-------------------+--------------+----------------+----------------------------------+--------------+------+
| Movie_Name        | Movie_Genera | Movie_Language | WorldWide_Collection_In_Millions | Release_Year | Id   |
+-------------------+--------------+----------------+----------------------------------+--------------+------+
| Avenger:EndGame   | Sci-Fi       | English        |                            18000 | 2016-06-05   |    2 |
| RRR               | Action       | Telugu         |                            15000 | 2019-12-12   |    7 |
| Sholay            | Thriller     | Hindi          |                             2000 | 1979-08-12   |   10 |
| Bajrangi Bhaijaan | Adventure    | Hindi          |                             1200 | 2020-11-16   |    3 |
| Aashiqui 2        | Romantic     | Hindi          |                              800 | 2014-06-10   |    9 |
| BaahuBali         | Action       | Telugu         |                            12000 | 2019-04-06   |    1 |
| Prem Granth       | Romantic     | Hindi          |                              300 | 1996-10-15   |    8 |
| Harry Potter      | Adventure    | English        |                             7700 | 2011-07-15   |    5 |
| Annabelle         | Horror       | English        |                              300 | 2017-10-18   |    6 |
| Padmavat          | Action       | Hindi          |                              400 | 2018-01-25   |   11 |
| Good Newws        | Adventure    | Hindi          |                              350 | 2019-12-27   |    4 |
+-------------------+--------------+----------------+----------------------------------+--------------+------+
11 rows in set (0.00 sec)

mysql> create table Last_Names(last_name varchar(30),primary key(last_name));
Query OK, 0 rows affected (0.05 sec)

mysql> insert into Last_Names(last_name) select LastName from Actors;
ERROR 1062 (23000): Duplicate entry 'Kapoor' for key 'Last_Names.PRIMARY'
mysql> insert into Last_Names(last_name) select FirstName from Actors;
Query OK, 11 rows affected (0.01 sec)
Records: 11  Duplicates: 0  Warnings: 0

mysql> select * from Last_Names;
+-----------+
| last_name |
+-----------+
| Akshay    |
| Amitabh   |
| Deepika   |
| Emma      |
| Mad       |
| Prabhas   |
| Ram       |
| Rishi     |
| Salman    |
| Shraddha  |
| Talitha   |
+-----------+
11 rows in set (0.00 sec)

mysql> desc Last_Names;
+-----------+-------------+------+-----+---------+-------+
| Field     | Type        | Null | Key | Default | Extra |
+-----------+-------------+------+-----+---------+-------+
| last_name | varchar(30) | NO   | PRI | NULL    |       |
+-----------+-------------+------+-----+---------+-------+
1 row in set (0.00 sec)

mysql> desc Actorss;
ERROR 1146 (42S02): Table 'MovieIndustry.Actorss' doesn't exist
mysql> desc Actors;
+--------------------+-----------------------------------------------+------+-----+---------+----------------+
| Field              | Type                                          | Null | Key | Default | Extra          |
+--------------------+-----------------------------------------------+------+-----+---------+----------------+
| Id                 | int                                           | NO   | PRI | NULL    | auto_increment |
| FirstName          | varchar(30)                                   | YES  |     | NULL    |                |
| LastName           | varchar(20)                                   | YES  |     | NULL    |                |
| DoB                | date                                          | NO   |     | NULL    |                |
| Gender             | enum('Male','Female','Other')                 | NO   |     | NULL    |                |
| MaritalStatus      | enum('Married','Divorced','Single','Unknown') | YES  |     | NULL    |                |
| NetWorthInMillions | decimal(10,0)                                 | NO   |     | NULL    |                |
+--------------------+-----------------------------------------------+------+-----+---------+----------------+
7 rows in set (0.00 sec)

mysql> update Last_Names delete Primary key;
ERROR 1064 (42000): You have an error in your SQL syntax; check the manual that corresponds to your MySQL server version for the right syntax to use near 'delete Primary key' at line 1
mysql> alter Table Last_Names Drop Primary Key;
Query OK, 11 rows affected (0.05 sec)
Records: 11  Duplicates: 0  Warnings: 0

mysql> desc Last_Names;
+-----------+-------------+------+-----+---------+-------+
| Field     | Type        | Null | Key | Default | Extra |
+-----------+-------------+------+-----+---------+-------+
| last_name | varchar(30) | NO   |     | NULL    |       |
+-----------+-------------+------+-----+---------+-------+
1 row in set (0.00 sec)

mysql> insert into Last_Names(last_name) select LastName from Actors;
Query OK, 11 rows affected (0.00 sec)
Records: 11  Duplicates: 0  Warnings: 0

mysql> select * from Last_Names;
+-----------+
| last_name |
+-----------+
| Akshay    |
| Amitabh   |
| Deepika   |
| Emma      |
| Mad       |
| Prabhas   |
| Ram       |
| Rishi     |
| Salman    |
| Shraddha  |
| Talitha   |
| Raju      |
| Titan     |
| Khan      |
| Kumar     |
| Watson    |
| Bateman   |
| Charan    |
| Kapoor    |
| Kapoor    |
| Bachchan  |
| Padukon   |
+-----------+
22 rows in set (0.00 sec)

mysql> truncate Last_Names;
Query OK, 0 rows affected (0.03 sec)

mysql> select * from Last_Names;
Empty set (0.00 sec)

mysql> insert into Last_Names(last_name) select LastName from Actors;
Query OK, 11 rows affected (0.01 sec)
Records: 11  Duplicates: 0  Warnings: 0

mysql> select * from Last_Names;
+-----------+
| last_name |
+-----------+
| Raju      |
| Titan     |
| Khan      |
| Kumar     |
| Watson    |
| Bateman   |
| Charan    |
| Kapoor    |
| Kapoor    |
| Bachchan  |
| Padukon   |
+-----------+
11 rows in set (0.00 sec)

mysql> Create Table TempTable Select * from Last_Names;
Query OK, 11 rows affected (0.03 sec)
Records: 11  Duplicates: 0  Warnings: 0

mysql> select * from TempTable;
+-----------+
| last_name |
+-----------+
| Raju      |
| Titan     |
| Khan      |
| Kumar     |
| Watson    |
| Bateman   |
| Charan    |
| Kapoor    |
| Kapoor    |
| Bachchan  |
| Padukon   |
+-----------+
11 rows in set (0.00 sec)

mysql> CREATE TABLE NamesWithDoBs ( 
    -> Id INT AUTO_INCREMENT,
    -> Name VARCHAR(20) NOT NULL DEFAULT "unknown",  
    -> DoB DATE,  
    -> PRIMARY KEY(Id), KEY(Name), KEY(DoB))  SELECT FirstName, DoB FROM Actors;
Query OK, 11 rows affected (0.04 sec)
Records: 11  Duplicates: 0  Warnings: 0

mysql> select * from NamesWithDoBs;
+----+---------+-----------+------------+
| Id | Name    | FirstName | DoB        |
+----+---------+-----------+------------+
|  1 | unknown | Prabhas   | 1979-10-23 |
|  2 | unknown | Mad       | 1968-02-12 |
|  3 | unknown | Salman    | 1965-12-27 |
|  4 | unknown | Akshay    | 1967-09-09 |
|  5 | unknown | Emma      | 1990-04-15 |
|  6 | unknown | Talitha   | 2001-09-04 |
|  7 | unknown | Ram       | 1985-03-27 |
|  8 | unknown | Rishi     | 1952-09-04 |
|  9 | unknown | Shraddha  | 1990-04-15 |
| 10 | unknown | Amitabh   | 1942-10-11 |
| 11 | unknown | Deepika   | 1986-01-05 |
+----+---------+-----------+------------+
11 rows in set (0.00 sec)

mysql> create Table CopyActors like Actors;
Query OK, 0 rows affected (0.04 sec)

mysql> select * from CopyActors;
Empty set (0.00 sec)

mysql> drop CopyActors;
ERROR 1064 (42000): You have an error in your SQL syntax; check the manual that corresponds to your MySQL server version for the right syntax to use near 'CopyActors' at line 1
mysql> drop Table CopyActors;
Query OK, 0 rows affected (0.02 sec)

mysql> select * from CopyActors;
ERROR 1146 (42S02): Table 'MovieIndustry.CopyActors' doesn't exist
mysql> show tables;
+-------------------------+
| Tables_in_MovieIndustry |
+-------------------------+
| Actors                  |
| Last_Names              |
| Movies                  |
| NamesWithDoBs           |
| TempTable               |
+-------------------------+
5 rows in set (0.00 sec)

mysql> drop Table Last_Names,NamesWithDoBs,TampTable;
ERROR 1051 (42S02): Unknown table 'MovieIndustry.TampTable'
mysql> drop Table Last_Names,NamesWithDoBs;
Query OK, 0 rows affected (0.03 sec)

mysql> show tables;
+-------------------------+
| Tables_in_MovieIndustry |
+-------------------------+
| Actors                  |
| Movies                  |
| TempTable               |
+-------------------------+
3 rows in set (0.00 sec)

mysql> create Table CopyActors like Actors;
Query OK, 0 rows affected (0.03 sec)

mysql> drop Table CopyActors;
Query OK, 0 rows affected (0.03 sec)

mysql> create Table CopyActors like Actors values (Select * from Actors);
ERROR 1064 (42000): You have an error in your SQL syntax; check the manual that corresponds to your MySQL server version for the right syntax to use near 'values (Select * from Actors)' at line 1
mysql> create Table CopyActors like Actors (Select * from Actors);
ERROR 1064 (42000): You have an error in your SQL syntax; check the manual that corresponds to your MySQL server version for the right syntax to use near '(Select * from Actors)' at line 1
mysql> create Table CopyActors like Actors;
Query OK, 0 rows affected (0.03 sec)

mysql> desc CopyActors;
+--------------------+-----------------------------------------------+------+-----+---------+----------------+
| Field              | Type                                          | Null | Key | Default | Extra          |
+--------------------+-----------------------------------------------+------+-----+---------+----------------+
| Id                 | int                                           | NO   | PRI | NULL    | auto_increment |
| FirstName          | varchar(30)                                   | YES  |     | NULL    |                |
| LastName           | varchar(20)                                   | YES  |     | NULL    |                |
| DoB                | date                                          | NO   |     | NULL    |                |
| Gender             | enum('Male','Female','Other')                 | NO   |     | NULL    |                |
| MaritalStatus      | enum('Married','Divorced','Single','Unknown') | YES  |     | NULL    |                |
| NetWorthInMillions | decimal(10,0)                                 | NO   |     | NULL    |                |
+--------------------+-----------------------------------------------+------+-----+---------+----------------+
7 rows in set (0.00 sec)

mysql> select * from CopyActors;
Empty set (0.00 sec)

mysql> insert into CopyActors values (Select * from Actors);
ERROR 1064 (42000): You have an error in your SQL syntax; check the manual that corresponds to your MySQL server version for the right syntax to use near 'Select * from Actors)' at line 1
mysql> drop Table CopyActors;
Query OK, 0 rows affected (0.03 sec)

mysql> create Table CopyActors Select * from Actors;
Query OK, 11 rows affected (0.04 sec)
Records: 11  Duplicates: 0  Warnings: 0

mysql> select * from CopyActors;
+----+-----------+----------+------------+--------+---------------+--------------------+
| Id | FirstName | LastName | DoB        | Gender | MaritalStatus | NetWorthInMillions |
+----+-----------+----------+------------+--------+---------------+--------------------+
|  1 | Prabhas   | Raju     | 1979-10-23 | Male   | Married       |                 29 |
|  2 | Mad       | Titan    | 1968-02-12 | Male   | Married       |                 45 |
|  3 | Salman    | Khan     | 1965-12-27 | Male   | Single        |                350 |
|  4 | Akshay    | Kumar    | 1967-09-09 | Male   | Married       |                325 |
|  5 | Emma      | Watson   | 1990-04-15 | Female | Single        |                 90 |
|  6 | Talitha   | Bateman  | 2001-09-04 | Male   | Single        |                  4 |
|  7 | Ram       | Charan   | 1985-03-27 | Male   | Married       |                180 |
|  8 | Rishi     | Kapoor   | 1952-09-04 | Male   | Married       |                 40 |
|  9 | Shraddha  | Kapoor   | 1990-04-15 | Female | Single        |                 10 |
| 10 | Amitabh   | Bachchan | 1942-10-11 | Male   | Married       |                410 |
| 11 | Deepika   | Padukon  | 1986-01-05 | Female | Single        |                 35 |
+----+-----------+----------+------------+--------+---------------+--------------------+
11 rows in set (0.00 sec)

mysql> desc CopyActors;
+--------------------+-----------------------------------------------+------+-----+---------+-------+
| Field              | Type                                          | Null | Key | Default | Extra |
+--------------------+-----------------------------------------------+------+-----+---------+-------+
| Id                 | int                                           | NO   |     | 0       |       |
| FirstName          | varchar(30)                                   | YES  |     | NULL    |       |
| LastName           | varchar(20)                                   | YES  |     | NULL    |       |
| DoB                | date                                          | NO   |     | NULL    |       |
| Gender             | enum('Male','Female','Other')                 | NO   |     | NULL    |       |
| MaritalStatus      | enum('Married','Divorced','Single','Unknown') | YES  |     | NULL    |       |
| NetWorthInMillions | decimal(10,0)                                 | NO   |     | NULL    |       |
+--------------------+-----------------------------------------------+------+-----+---------+-------+
7 rows in set (0.00 sec)

mysql> drop table CopyActors;
Query OK, 0 rows affected (0.04 sec)

mysql> show tables;
+-------------------------+
| Tables_in_MovieIndustry |
+-------------------------+
| Actors                  |
| Movies                  |
| TempTable               |
+-------------------------+
3 rows in set (0.00 sec)

mysql> drop table TempTable;
Query OK, 0 rows affected (0.01 sec)

mysql> show Tables;
+-------------------------+
| Tables_in_MovieIndustry |
+-------------------------+
| Actors                  |
| Movies                  |
+-------------------------+
2 rows in set (0.00 sec)

mysql> select * from Actors;
+----+-----------+----------+------------+--------+---------------+--------------------+
| Id | FirstName | LastName | DoB        | Gender | MaritalStatus | NetWorthInMillions |
+----+-----------+----------+------------+--------+---------------+--------------------+
|  1 | Prabhas   | Raju     | 1979-10-23 | Male   | Married       |                 29 |
|  2 | Mad       | Titan    | 1968-02-12 | Male   | Married       |                 45 |
|  3 | Salman    | Khan     | 1965-12-27 | Male   | Single        |                350 |
|  4 | Akshay    | Kumar    | 1967-09-09 | Male   | Married       |                325 |
|  5 | Emma      | Watson   | 1990-04-15 | Female | Single        |                 90 |
|  6 | Talitha   | Bateman  | 2001-09-04 | Male   | Single        |                  4 |
|  7 | Ram       | Charan   | 1985-03-27 | Male   | Married       |                180 |
|  8 | Rishi     | Kapoor   | 1952-09-04 | Male   | Married       |                 40 |
|  9 | Shraddha  | Kapoor   | 1990-04-15 | Female | Single        |                 10 |
| 10 | Amitabh   | Bachchan | 1942-10-11 | Male   | Married       |                410 |
| 11 | Deepika   | Padukon  | 1986-01-05 | Female | Single        |                 35 |
+----+-----------+----------+------------+--------+---------------+--------------------+
11 rows in set (0.00 sec)

mysql> select * from Movies;
+-------------------+--------------+----------------+----------------------------------+--------------+------+
| Movie_Name        | Movie_Genera | Movie_Language | WorldWide_Collection_In_Millions | Release_Year | Id   |
+-------------------+--------------+----------------+----------------------------------+--------------+------+
| Avenger:EndGame   | Sci-Fi       | English        |                            18000 | 2016-06-05   |    2 |
| RRR               | Action       | Telugu         |                            15000 | 2019-12-12   |    7 |
| Sholay            | Thriller     | Hindi          |                             2000 | 1979-08-12   |   10 |
| Bajrangi Bhaijaan | Adventure    | Hindi          |                             1200 | 2020-11-16   |    3 |
| Aashiqui 2        | Romantic     | Hindi          |                              800 | 2014-06-10   |    9 |
| BaahuBali         | Action       | Telugu         |                            12000 | 2019-04-06   |    1 |
| Prem Granth       | Romantic     | Hindi          |                              300 | 1996-10-15   |    8 |
| Harry Potter      | Adventure    | English        |                             7700 | 2011-07-15   |    5 |
| Annabelle         | Horror       | English        |                              300 | 2017-10-18   |    6 |
| Padmavat          | Action       | Hindi          |                              400 | 2018-01-25   |   11 |
| Good Newws        | Adventure    | Hindi          |                              350 | 2019-12-27   |    4 |
+-------------------+--------------+----------------+----------------------------------+--------------+------+
11 rows in set (0.00 sec)

mysql> insert intpp movies values("abc","efg","ijk",413,"2020-09-08",1);
ERROR 1064 (42000): You have an error in your SQL syntax; check the manual that corresponds to your MySQL server version for the right syntax to use near 'movies values("abc","efg","ijk",413,"2020-09-08",1)' at line 1
mysql> insert int0 movies values("abc","efg","ijk",413,"2020-09-08",1);
ERROR 1064 (42000): You have an error in your SQL syntax; check the manual that corresponds to your MySQL server version for the right syntax to use near 'movies values("abc","efg","ijk",413,"2020-09-08",1)' at line 1
mysql> insert int0 Movies values("abc","efg","ijk",413,"2020-09-08",1);
ERROR 1064 (42000): You have an error in your SQL syntax; check the manual that corresponds to your MySQL server version for the right syntax to use near 'Movies values("abc","efg","ijk",413,"2020-09-08",1)' at line 1
mysql> insert into Movies values("abc","efg","ijk",413,"2020-09-08",1);
ERROR 1265 (01000): Data truncated for column 'Movie_Genera' at row 1
mysql> insert into Movies values("abc","efg","ijk",413,"2020-09-08",1);
ERROR 1265 (01000): Data truncated for column 'Movie_Genera' at row 1
mysql> select * from Movies;
+-------------------+--------------+----------------+----------------------------------+--------------+------+
| Movie_Name        | Movie_Genera | Movie_Language | WorldWide_Collection_In_Millions | Release_Year | Id   |
+-------------------+--------------+----------------+----------------------------------+--------------+------+
| Avenger:EndGame   | Sci-Fi       | English        |                            18000 | 2016-06-05   |    2 |
| RRR               | Action       | Telugu         |                            15000 | 2019-12-12   |    7 |
| Sholay            | Thriller     | Hindi          |                             2000 | 1979-08-12   |   10 |
| Bajrangi Bhaijaan | Adventure    | Hindi          |                             1200 | 2020-11-16   |    3 |
| Aashiqui 2        | Romantic     | Hindi          |                              800 | 2014-06-10   |    9 |
| BaahuBali         | Action       | Telugu         |                            12000 | 2019-04-06   |    1 |
| Prem Granth       | Romantic     | Hindi          |                              300 | 1996-10-15   |    8 |
| Harry Potter      | Adventure    | English        |                             7700 | 2011-07-15   |    5 |
| Annabelle         | Horror       | English        |                              300 | 2017-10-18   |    6 |
| Padmavat          | Action       | Hindi          |                              400 | 2018-01-25   |   11 |
| Good Newws        | Adventure    | Hindi          |                              350 | 2019-12-27   |    4 |
+-------------------+--------------+----------------+----------------------------------+--------------+------+
11 rows in set (0.00 sec)

mysql> insert into Movies values ("abc","ded","rfe",300,"2017-10-18",1);
ERROR 1265 (01000): Data truncated for column 'Movie_Genera' at row 1
mysql> insert into Movies values ("Action","gfgh","rfe",300,"2017-10-18",1);
ERROR 1265 (01000): Data truncated for column 'Movie_Genera' at row 1
mysql> insert into Movies values ("abc","Action","rfe",300,"2017-10-18",1);
Query OK, 1 row affected (0.03 sec)

mysql> select * from Movies;
+-------------------+--------------+----------------+----------------------------------+--------------+------+
| Movie_Name        | Movie_Genera | Movie_Language | WorldWide_Collection_In_Millions | Release_Year | Id   |
+-------------------+--------------+----------------+----------------------------------+--------------+------+
| Avenger:EndGame   | Sci-Fi       | English        |                            18000 | 2016-06-05   |    2 |
| RRR               | Action       | Telugu         |                            15000 | 2019-12-12   |    7 |
| Sholay            | Thriller     | Hindi          |                             2000 | 1979-08-12   |   10 |
| Bajrangi Bhaijaan | Adventure    | Hindi          |                             1200 | 2020-11-16   |    3 |
| Aashiqui 2        | Romantic     | Hindi          |                              800 | 2014-06-10   |    9 |
| BaahuBali         | Action       | Telugu         |                            12000 | 2019-04-06   |    1 |
| Prem Granth       | Romantic     | Hindi          |                              300 | 1996-10-15   |    8 |
| Harry Potter      | Adventure    | English        |                             7700 | 2011-07-15   |    5 |
| Annabelle         | Horror       | English        |                              300 | 2017-10-18   |    6 |
| Padmavat          | Action       | Hindi          |                              400 | 2018-01-25   |   11 |
| Good Newws        | Adventure    | Hindi          |                              350 | 2019-12-27   |    4 |
| abc               | Action       | rfe            |                              300 | 2017-10-18   |    1 |
+-------------------+--------------+----------------+----------------------------------+--------------+------+
12 rows in set (0.00 sec)

mysql> select * from Actorss;
ERROR 1146 (42S02): Table 'MovieIndustry.Actorss' doesn't exist
mysql> select * from Actors;
+----+-----------+----------+------------+--------+---------------+--------------------+
| Id | FirstName | LastName | DoB        | Gender | MaritalStatus | NetWorthInMillions |
+----+-----------+----------+------------+--------+---------------+--------------------+
|  1 | Prabhas   | Raju     | 1979-10-23 | Male   | Married       |                 29 |
|  2 | Mad       | Titan    | 1968-02-12 | Male   | Married       |                 45 |
|  3 | Salman    | Khan     | 1965-12-27 | Male   | Single        |                350 |
|  4 | Akshay    | Kumar    | 1967-09-09 | Male   | Married       |                325 |
|  5 | Emma      | Watson   | 1990-04-15 | Female | Single        |                 90 |
|  6 | Talitha   | Bateman  | 2001-09-04 | Male   | Single        |                  4 |
|  7 | Ram       | Charan   | 1985-03-27 | Male   | Married       |                180 |
|  8 | Rishi     | Kapoor   | 1952-09-04 | Male   | Married       |                 40 |
|  9 | Shraddha  | Kapoor   | 1990-04-15 | Female | Single        |                 10 |
| 10 | Amitabh   | Bachchan | 1942-10-11 | Male   | Married       |                410 |
| 11 | Deepika   | Padukon  | 1986-01-05 | Female | Single        |                 35 |
+----+-----------+----------+------------+--------+---------------+--------------------+
11 rows in set (0.00 sec)

mysql> replace into Movies values ("Mission Mangal","Thriller","Hindi",200,"2019-08-15",1) where Movie_Name="abc";
ERROR 1064 (42000): You have an error in your SQL syntax; check the manual that corresponds to your MySQL server version for the right syntax to use near 'where Movie_Name="abc"' at line 1
mysql> insert into Movies values ("abc","Action","rfe",300,"2017-10-18",11);
Query OK, 1 row affected (0.01 sec)

mysql> select * from Movies;
+-------------------+--------------+----------------+----------------------------------+--------------+------+
| Movie_Name        | Movie_Genera | Movie_Language | WorldWide_Collection_In_Millions | Release_Year | Id   |
+-------------------+--------------+----------------+----------------------------------+--------------+------+
| Avenger:EndGame   | Sci-Fi       | English        |                            18000 | 2016-06-05   |    2 |
| RRR               | Action       | Telugu         |                            15000 | 2019-12-12   |    7 |
| Sholay            | Thriller     | Hindi          |                             2000 | 1979-08-12   |   10 |
| Bajrangi Bhaijaan | Adventure    | Hindi          |                             1200 | 2020-11-16   |    3 |
| Aashiqui 2        | Romantic     | Hindi          |                              800 | 2014-06-10   |    9 |
| BaahuBali         | Action       | Telugu         |                            12000 | 2019-04-06   |    1 |
| Prem Granth       | Romantic     | Hindi          |                              300 | 1996-10-15   |    8 |
| Harry Potter      | Adventure    | English        |                             7700 | 2011-07-15   |    5 |
| Annabelle         | Horror       | English        |                              300 | 2017-10-18   |    6 |
| Padmavat          | Action       | Hindi          |                              400 | 2018-01-25   |   11 |
| Good Newws        | Adventure    | Hindi          |                              350 | 2019-12-27   |    4 |
| abc               | Action       | rfe            |                              300 | 2017-10-18   |    1 |
| abc               | Action       | rfe            |                              300 | 2017-10-18   |   11 |
+-------------------+--------------+----------------+----------------------------------+--------------+------+
13 rows in set (0.00 sec)

mysql> delete * from Movies Where Movie_Name="abc";
ERROR 1064 (42000): You have an error in your SQL syntax; check the manual that corresponds to your MySQL server version for the right syntax to use near '* from Movies Where Movie_Name="abc"' at line 1
mysql> delete  from Movies Where Movie_Name="abc";
Query OK, 2 rows affected (0.02 sec)

mysql> select * from Movies;
+-------------------+--------------+----------------+----------------------------------+--------------+------+
| Movie_Name        | Movie_Genera | Movie_Language | WorldWide_Collection_In_Millions | Release_Year | Id   |
+-------------------+--------------+----------------+----------------------------------+--------------+------+
| Avenger:EndGame   | Sci-Fi       | English        |                            18000 | 2016-06-05   |    2 |
| RRR               | Action       | Telugu         |                            15000 | 2019-12-12   |    7 |
| Sholay            | Thriller     | Hindi          |                             2000 | 1979-08-12   |   10 |
| Bajrangi Bhaijaan | Adventure    | Hindi          |                             1200 | 2020-11-16   |    3 |
| Aashiqui 2        | Romantic     | Hindi          |                              800 | 2014-06-10   |    9 |
| BaahuBali         | Action       | Telugu         |                            12000 | 2019-04-06   |    1 |
| Prem Granth       | Romantic     | Hindi          |                              300 | 1996-10-15   |    8 |
| Harry Potter      | Adventure    | English        |                             7700 | 2011-07-15   |    5 |
| Annabelle         | Horror       | English        |                              300 | 2017-10-18   |    6 |
| Padmavat          | Action       | Hindi          |                              400 | 2018-01-25   |   11 |
| Good Newws        | Adventure    | Hindi          |                              350 | 2019-12-27   |    4 |
+-------------------+--------------+----------------+----------------------------------+--------------+------+
11 rows in set (0.01 sec)

mysql> insert into Movies values ("abc","Action","rfe",300,"2017-10-18",12);
Query OK, 1 row affected (0.00 sec)

mysql> select * from Movies;
+-------------------+--------------+----------------+----------------------------------+--------------+------+
| Movie_Name        | Movie_Genera | Movie_Language | WorldWide_Collection_In_Millions | Release_Year | Id   |
+-------------------+--------------+----------------+----------------------------------+--------------+------+
| Avenger:EndGame   | Sci-Fi       | English        |                            18000 | 2016-06-05   |    2 |
| RRR               | Action       | Telugu         |                            15000 | 2019-12-12   |    7 |
| Sholay            | Thriller     | Hindi          |                             2000 | 1979-08-12   |   10 |
| Bajrangi Bhaijaan | Adventure    | Hindi          |                             1200 | 2020-11-16   |    3 |
| Aashiqui 2        | Romantic     | Hindi          |                              800 | 2014-06-10   |    9 |
| BaahuBali         | Action       | Telugu         |                            12000 | 2019-04-06   |    1 |
| Prem Granth       | Romantic     | Hindi          |                              300 | 1996-10-15   |    8 |
| Harry Potter      | Adventure    | English        |                             7700 | 2011-07-15   |    5 |
| Annabelle         | Horror       | English        |                              300 | 2017-10-18   |    6 |
| Padmavat          | Action       | Hindi          |                              400 | 2018-01-25   |   11 |
| Good Newws        | Adventure    | Hindi          |                              350 | 2019-12-27   |    4 |
| abc               | Action       | rfe            |                              300 | 2017-10-18   |   12 |
+-------------------+--------------+----------------+----------------------------------+--------------+------+
12 rows in set (0.00 sec)

mysql> replace into Movies values ("Mission Mangal","Thriller","Hindi",200,"2019-08-15",1) where Id=12;
ERROR 1064 (42000): You have an error in your SQL syntax; check the manual that corresponds to your MySQL server version for the right syntax to use near 'where Id=12' at line 1
mysql> replace into Movies values ("Mission Mangal","Thriller","Hindi",200,"2019-08-15",12)
    -> ;
Query OK, 1 row affected (0.01 sec)

mysql> select * from Movies;
+-------------------+--------------+----------------+----------------------------------+--------------+------+
| Movie_Name        | Movie_Genera | Movie_Language | WorldWide_Collection_In_Millions | Release_Year | Id   |
+-------------------+--------------+----------------+----------------------------------+--------------+------+
| Avenger:EndGame   | Sci-Fi       | English        |                            18000 | 2016-06-05   |    2 |
| RRR               | Action       | Telugu         |                            15000 | 2019-12-12   |    7 |
| Sholay            | Thriller     | Hindi          |                             2000 | 1979-08-12   |   10 |
| Bajrangi Bhaijaan | Adventure    | Hindi          |                             1200 | 2020-11-16   |    3 |
| Aashiqui 2        | Romantic     | Hindi          |                              800 | 2014-06-10   |    9 |
| BaahuBali         | Action       | Telugu         |                            12000 | 2019-04-06   |    1 |
| Prem Granth       | Romantic     | Hindi          |                              300 | 1996-10-15   |    8 |
| Harry Potter      | Adventure    | English        |                             7700 | 2011-07-15   |    5 |
| Annabelle         | Horror       | English        |                              300 | 2017-10-18   |    6 |
| Padmavat          | Action       | Hindi          |                              400 | 2018-01-25   |   11 |
| Good Newws        | Adventure    | Hindi          |                              350 | 2019-12-27   |    4 |
| abc               | Action       | rfe            |                              300 | 2017-10-18   |   12 |
| Mission Mangal    | Thriller     | Hindi          |                              200 | 2019-08-15   |   12 |
+-------------------+--------------+----------------+----------------------------------+--------------+------+
13 rows in set (0.00 sec)

mysql> update Movies Set Id=4 where Movie_Name="Mission Mangal";
Query OK, 1 row affected (0.02 sec)
Rows matched: 1  Changed: 1  Warnings: 0

mysql> select * from Movies;
+-------------------+--------------+----------------+----------------------------------+--------------+------+
| Movie_Name        | Movie_Genera | Movie_Language | WorldWide_Collection_In_Millions | Release_Year | Id   |
+-------------------+--------------+----------------+----------------------------------+--------------+------+
| Avenger:EndGame   | Sci-Fi       | English        |                            18000 | 2016-06-05   |    2 |
| RRR               | Action       | Telugu         |                            15000 | 2019-12-12   |    7 |
| Sholay            | Thriller     | Hindi          |                             2000 | 1979-08-12   |   10 |
| Bajrangi Bhaijaan | Adventure    | Hindi          |                             1200 | 2020-11-16   |    3 |
| Aashiqui 2        | Romantic     | Hindi          |                              800 | 2014-06-10   |    9 |
| BaahuBali         | Action       | Telugu         |                            12000 | 2019-04-06   |    1 |
| Prem Granth       | Romantic     | Hindi          |                              300 | 1996-10-15   |    8 |
| Harry Potter      | Adventure    | English        |                             7700 | 2011-07-15   |    5 |
| Annabelle         | Horror       | English        |                              300 | 2017-10-18   |    6 |
| Padmavat          | Action       | Hindi          |                              400 | 2018-01-25   |   11 |
| Good Newws        | Adventure    | Hindi          |                              350 | 2019-12-27   |    4 |
| abc               | Action       | rfe            |                              300 | 2017-10-18   |   12 |
| Mission Mangal    | Thriller     | Hindi          |                              200 | 2019-08-15   |    4 |
+-------------------+--------------+----------------+----------------------------------+--------------+------+
13 rows in set (0.00 sec)

mysql> select * from Actors;
+----+-----------+----------+------------+--------+---------------+--------------------+
| Id | FirstName | LastName | DoB        | Gender | MaritalStatus | NetWorthInMillions |
+----+-----------+----------+------------+--------+---------------+--------------------+
|  1 | Prabhas   | Raju     | 1979-10-23 | Male   | Married       |                 29 |
|  2 | Mad       | Titan    | 1968-02-12 | Male   | Married       |                 45 |
|  3 | Salman    | Khan     | 1965-12-27 | Male   | Single        |                350 |
|  4 | Akshay    | Kumar    | 1967-09-09 | Male   | Married       |                325 |
|  5 | Emma      | Watson   | 1990-04-15 | Female | Single        |                 90 |
|  6 | Talitha   | Bateman  | 2001-09-04 | Male   | Single        |                  4 |
|  7 | Ram       | Charan   | 1985-03-27 | Male   | Married       |                180 |
|  8 | Rishi     | Kapoor   | 1952-09-04 | Male   | Married       |                 40 |
|  9 | Shraddha  | Kapoor   | 1990-04-15 | Female | Single        |                 10 |
| 10 | Amitabh   | Bachchan | 1942-10-11 | Male   | Married       |                410 |
| 11 | Deepika   | Padukon  | 1986-01-05 | Female | Single        |                 35 |
+----+-----------+----------+------------+--------+---------------+--------------------+
11 rows in set (0.00 sec)

mysql> update Movies Set Id=3 where Movie_Name="abc";
Query OK, 1 row affected (0.02 sec)
Rows matched: 1  Changed: 1  Warnings: 0

mysql> select * from Movies;
+-------------------+--------------+----------------+----------------------------------+--------------+------+
| Movie_Name        | Movie_Genera | Movie_Language | WorldWide_Collection_In_Millions | Release_Year | Id   |
+-------------------+--------------+----------------+----------------------------------+--------------+------+
| Avenger:EndGame   | Sci-Fi       | English        |                            18000 | 2016-06-05   |    2 |
| RRR               | Action       | Telugu         |                            15000 | 2019-12-12   |    7 |
| Sholay            | Thriller     | Hindi          |                             2000 | 1979-08-12   |   10 |
| Bajrangi Bhaijaan | Adventure    | Hindi          |                             1200 | 2020-11-16   |    3 |
| Aashiqui 2        | Romantic     | Hindi          |                              800 | 2014-06-10   |    9 |
| BaahuBali         | Action       | Telugu         |                            12000 | 2019-04-06   |    1 |
| Prem Granth       | Romantic     | Hindi          |                              300 | 1996-10-15   |    8 |
| Harry Potter      | Adventure    | English        |                             7700 | 2011-07-15   |    5 |
| Annabelle         | Horror       | English        |                              300 | 2017-10-18   |    6 |
| Padmavat          | Action       | Hindi          |                              400 | 2018-01-25   |   11 |
| Good Newws        | Adventure    | Hindi          |                              350 | 2019-12-27   |    4 |
| abc               | Action       | rfe            |                              300 | 2017-10-18   |    3 |
| Mission Mangal    | Thriller     | Hindi          |                              200 | 2019-08-15   |    4 |
+-------------------+--------------+----------------+----------------------------------+--------------+------+
13 rows in set (0.00 sec)

mysql> update Movies set Movie_Name="Bhool Bhulaiya",Movie_Genera="Horror",WorldWide_Collection_In_Millions=250,Release_Year="2007-10-12" where Movie_Language="rfe";
Query OK, 1 row affected (0.02 sec)
Rows matched: 1  Changed: 1  Warnings: 0

mysql> select * from Movies;
+-------------------+--------------+----------------+----------------------------------+--------------+------+
| Movie_Name        | Movie_Genera | Movie_Language | WorldWide_Collection_In_Millions | Release_Year | Id   |
+-------------------+--------------+----------------+----------------------------------+--------------+------+
| Avenger:EndGame   | Sci-Fi       | English        |                            18000 | 2016-06-05   |    2 |
| RRR               | Action       | Telugu         |                            15000 | 2019-12-12   |    7 |
| Sholay            | Thriller     | Hindi          |                             2000 | 1979-08-12   |   10 |
| Bajrangi Bhaijaan | Adventure    | Hindi          |                             1200 | 2020-11-16   |    3 |
| Aashiqui 2        | Romantic     | Hindi          |                              800 | 2014-06-10   |    9 |
| BaahuBali         | Action       | Telugu         |                            12000 | 2019-04-06   |    1 |
| Prem Granth       | Romantic     | Hindi          |                              300 | 1996-10-15   |    8 |
| Harry Potter      | Adventure    | English        |                             7700 | 2011-07-15   |    5 |
| Annabelle         | Horror       | English        |                              300 | 2017-10-18   |    6 |
| Padmavat          | Action       | Hindi          |                              400 | 2018-01-25   |   11 |
| Good Newws        | Adventure    | Hindi          |                              350 | 2019-12-27   |    4 |
| Bhool Bhulaiya    | Horror       | rfe            |                              250 | 2007-10-12   |    3 |
| Mission Mangal    | Thriller     | Hindi          |                              200 | 2019-08-15   |    4 |
+-------------------+--------------+----------------+----------------------------------+--------------+------+
13 rows in set (0.00 sec)

mysql> update Movies set Id=4 where Movie_Language="rfe";
Query OK, 1 row affected (0.00 sec)
Rows matched: 1  Changed: 1  Warnings: 0

mysql> select * from Movies;
+-------------------+--------------+----------------+----------------------------------+--------------+------+
| Movie_Name        | Movie_Genera | Movie_Language | WorldWide_Collection_In_Millions | Release_Year | Id   |
+-------------------+--------------+----------------+----------------------------------+--------------+------+
| Avenger:EndGame   | Sci-Fi       | English        |                            18000 | 2016-06-05   |    2 |
| RRR               | Action       | Telugu         |                            15000 | 2019-12-12   |    7 |
| Sholay            | Thriller     | Hindi          |                             2000 | 1979-08-12   |   10 |
| Bajrangi Bhaijaan | Adventure    | Hindi          |                             1200 | 2020-11-16   |    3 |
| Aashiqui 2        | Romantic     | Hindi          |                              800 | 2014-06-10   |    9 |
| BaahuBali         | Action       | Telugu         |                            12000 | 2019-04-06   |    1 |
| Prem Granth       | Romantic     | Hindi          |                              300 | 1996-10-15   |    8 |
| Harry Potter      | Adventure    | English        |                             7700 | 2011-07-15   |    5 |
| Annabelle         | Horror       | English        |                              300 | 2017-10-18   |    6 |
| Padmavat          | Action       | Hindi          |                              400 | 2018-01-25   |   11 |
| Good Newws        | Adventure    | Hindi          |                              350 | 2019-12-27   |    4 |
| Bhool Bhulaiya    | Horror       | rfe            |                              250 | 2007-10-12   |    4 |
| Mission Mangal    | Thriller     | Hindi          |                              200 | 2019-08-15   |    4 |
+-------------------+--------------+----------------+----------------------------------+--------------+------+
13 rows in set (0.00 sec)

mysql> update Movies set Id=3 where Movie_Language="rfe";
Query OK, 1 row affected (0.02 sec)
Rows matched: 1  Changed: 1  Warnings: 0

mysql> select * from Movies;
+-------------------+--------------+----------------+----------------------------------+--------------+------+
| Movie_Name        | Movie_Genera | Movie_Language | WorldWide_Collection_In_Millions | Release_Year | Id   |
+-------------------+--------------+----------------+----------------------------------+--------------+------+
| Avenger:EndGame   | Sci-Fi       | English        |                            18000 | 2016-06-05   |    2 |
| RRR               | Action       | Telugu         |                            15000 | 2019-12-12   |    7 |
| Sholay            | Thriller     | Hindi          |                             2000 | 1979-08-12   |   10 |
| Bajrangi Bhaijaan | Adventure    | Hindi          |                             1200 | 2020-11-16   |    3 |
| Aashiqui 2        | Romantic     | Hindi          |                              800 | 2014-06-10   |    9 |
| BaahuBali         | Action       | Telugu         |                            12000 | 2019-04-06   |    1 |
| Prem Granth       | Romantic     | Hindi          |                              300 | 1996-10-15   |    8 |
| Harry Potter      | Adventure    | English        |                             7700 | 2011-07-15   |    5 |
| Annabelle         | Horror       | English        |                              300 | 2017-10-18   |    6 |
| Padmavat          | Action       | Hindi          |                              400 | 2018-01-25   |   11 |
| Good Newws        | Adventure    | Hindi          |                              350 | 2019-12-27   |    4 |
| Bhool Bhulaiya    | Horror       | rfe            |                              250 | 2007-10-12   |    3 |
| Mission Mangal    | Thriller     | Hindi          |                              200 | 2019-08-15   |    4 |
+-------------------+--------------+----------------+----------------------------------+--------------+------+
13 rows in set (0.00 sec)

mysql> update Movies set Movie_Name="Sultan",Movie_Genera="Thriller",WorldWide_Collection_In_Millions=6500,Release_Year="2016-12-23" where Movie_Language="rfe";
Query OK, 1 row affected (0.01 sec)
Rows matched: 1  Changed: 1  Warnings: 0

mysql> select * from Movies;
+-------------------+--------------+----------------+----------------------------------+--------------+------+
| Movie_Name        | Movie_Genera | Movie_Language | WorldWide_Collection_In_Millions | Release_Year | Id   |
+-------------------+--------------+----------------+----------------------------------+--------------+------+
| Avenger:EndGame   | Sci-Fi       | English        |                            18000 | 2016-06-05   |    2 |
| RRR               | Action       | Telugu         |                            15000 | 2019-12-12   |    7 |
| Sholay            | Thriller     | Hindi          |                             2000 | 1979-08-12   |   10 |
| Bajrangi Bhaijaan | Adventure    | Hindi          |                             1200 | 2020-11-16   |    3 |
| Aashiqui 2        | Romantic     | Hindi          |                              800 | 2014-06-10   |    9 |
| BaahuBali         | Action       | Telugu         |                            12000 | 2019-04-06   |    1 |
| Prem Granth       | Romantic     | Hindi          |                              300 | 1996-10-15   |    8 |
| Harry Potter      | Adventure    | English        |                             7700 | 2011-07-15   |    5 |
| Annabelle         | Horror       | English        |                              300 | 2017-10-18   |    6 |
| Padmavat          | Action       | Hindi          |                              400 | 2018-01-25   |   11 |
| Good Newws        | Adventure    | Hindi          |                              350 | 2019-12-27   |    4 |
| Sultan            | Thriller     | rfe            |                             6500 | 2016-12-23   |    3 |
| Mission Mangal    | Thriller     | Hindi          |                              200 | 2019-08-15   |    4 |
+-------------------+--------------+----------------+----------------------------------+--------------+------+
13 rows in set (0.00 sec)

mysql> update Movies set Movie_Language="Hindi" where Movie_Name="Dangal";
Query OK, 0 rows affected (0.00 sec)
Rows matched: 0  Changed: 0  Warnings: 0

mysql> update Movies set Movie_Language="Hindi" where Movie_Name="Sultan";
Query OK, 1 row affected (0.00 sec)
Rows matched: 1  Changed: 1  Warnings: 0

mysql> select * from Movies;
+-------------------+--------------+----------------+----------------------------------+--------------+------+
| Movie_Name        | Movie_Genera | Movie_Language | WorldWide_Collection_In_Millions | Release_Year | Id   |
+-------------------+--------------+----------------+----------------------------------+--------------+------+
| Avenger:EndGame   | Sci-Fi       | English        |                            18000 | 2016-06-05   |    2 |
| RRR               | Action       | Telugu         |                            15000 | 2019-12-12   |    7 |
| Sholay            | Thriller     | Hindi          |                             2000 | 1979-08-12   |   10 |
| Bajrangi Bhaijaan | Adventure    | Hindi          |                             1200 | 2020-11-16   |    3 |
| Aashiqui 2        | Romantic     | Hindi          |                              800 | 2014-06-10   |    9 |
| BaahuBali         | Action       | Telugu         |                            12000 | 2019-04-06   |    1 |
| Prem Granth       | Romantic     | Hindi          |                              300 | 1996-10-15   |    8 |
| Harry Potter      | Adventure    | English        |                             7700 | 2011-07-15   |    5 |
| Annabelle         | Horror       | English        |                              300 | 2017-10-18   |    6 |
| Padmavat          | Action       | Hindi          |                              400 | 2018-01-25   |   11 |
| Good Newws        | Adventure    | Hindi          |                              350 | 2019-12-27   |    4 |
| Sultan            | Thriller     | Hindi          |                             6500 | 2016-12-23   |    3 |
| Mission Mangal    | Thriller     | Hindi          |                              200 | 2019-08-15   |    4 |
+-------------------+--------------+----------------+----------------------------------+--------------+------+
13 rows in set (0.00 sec)

mysql> select * from Actors;
+----+-----------+----------+------------+--------+---------------+--------------------+
| Id | FirstName | LastName | DoB        | Gender | MaritalStatus | NetWorthInMillions |
+----+-----------+----------+------------+--------+---------------+--------------------+
|  1 | Prabhas   | Raju     | 1979-10-23 | Male   | Married       |                 29 |
|  2 | Mad       | Titan    | 1968-02-12 | Male   | Married       |                 45 |
|  3 | Salman    | Khan     | 1965-12-27 | Male   | Single        |                350 |
|  4 | Akshay    | Kumar    | 1967-09-09 | Male   | Married       |                325 |
|  5 | Emma      | Watson   | 1990-04-15 | Female | Single        |                 90 |
|  6 | Talitha   | Bateman  | 2001-09-04 | Male   | Single        |                  4 |
|  7 | Ram       | Charan   | 1985-03-27 | Male   | Married       |                180 |
|  8 | Rishi     | Kapoor   | 1952-09-04 | Male   | Married       |                 40 |
|  9 | Shraddha  | Kapoor   | 1990-04-15 | Female | Single        |                 10 |
| 10 | Amitabh   | Bachchan | 1942-10-11 | Male   | Married       |                410 |
| 11 | Deepika   | Padukon  | 1986-01-05 | Female | Single        |                 35 |
+----+-----------+----------+------------+--------+---------------+--------------------+
11 rows in set (0.00 sec)

mysql> 
